  28,446 wide-window rows (tau 3-200)
  index tape needed 2026-09-03T12:14Z .. 2026-09-06T08:14Z
  11 indices from 69 hourly files (1 ended early)
  features attached to 28,446 rows  ({})  23s
  P1: rows 28,446  markets 1,014  closes 132  losses 1,506  loss-markets 101  loss-closes 67
  P1_tau45+: rows 13,765  markets 1,003  closes 132  losses 901  loss-markets 92  loss-closes 61
  P1_tau30-44: rows 8,927  markets 788  closes 129  losses 408  loss-markets 54  loss-closes 41
  P2: rows 4,696  markets 438  closes 118  losses 55  loss-markets 12  loss-closes 10
  P1M: rows 1,014  markets 1,014  closes 132  losses 73  loss-markets 73  loss-closes 53
  P2M: rows 438  markets 438  closes 118  losses 12  loss-markets 12  loss-closes 10
    P1 flat10       obs   +0.16pp  p_shuf 0.9082  23s
    P1 flat30       obs   -0.18pp  p_shuf 0.9760  24s
    P1 flat60       obs   -1.30pp  p_shuf 0.8523  24s
    P1 flat300      obs   -0.47pp  p_shuf 0.9741  24s
    P1 s30_s300     obs   +3.88pp  p_shuf 0.3114  25s
    P1 s300_s900    obs   +1.37pp  p_shuf 0.7565  25s
    P1 s300_s3600   obs   +0.65pp  p_shuf 0.8882  25s
    P1 s300_sday    obs   -2.41pp  p_shuf 0.6168  26s
    P1 mx10_sig     obs   +4.20pp  p_shuf 0.1836  26s
    P1 mx30_sig     obs   +3.69pp  p_shuf 0.3413  26s
    P1 mx60_sig     obs   +4.73pp  p_shuf 0.2236  27s
    P1 req_rng30    obs  -19.92pp  p_shuf 0.0020  27s
    P1 req_rng60    obs  -21.15pp  p_shuf 0.0020  27s
    P1 req_rng300   obs  -22.31pp  p_shuf 0.0020  28s
    P1 gap          obs   -0.69pp  p_shuf 0.8204  28s
    P1 lgap         obs  -23.66pp  p_shuf 0.0020  28s
    P1 z            obs  -23.59pp  p_shuf 0.0020  29s
    P1 pmod         obs  +23.54pp  p_shuf 0.0020  29s
    P1 tau          obs   +3.82pp  p_shuf 0.1477  29s
    P1 price        obs  -22.59pp  p_shuf 0.0020  30s
    P1 spread       obs  +12.30pp  p_shuf 0.0020  30s
    P1 size         obs   +1.34pp  p_shuf 0.4990  30s
    P1 age_ms       obs   -7.47pp  p_shuf 0.0020  31s
    P1_tau45+ flat10       obs   +0.57pp  p_shuf 0.8164  31s
    P1_tau45+ flat30       obs   +0.11pp  p_shuf 0.9461  31s
    P1_tau45+ flat60       obs   -0.65pp  p_shuf 0.9062  32s
    P1_tau45+ flat300      obs   -0.64pp  p_shuf 0.9501  32s
    P1_tau45+ s30_s300     obs   +4.07pp  p_shuf 0.3154  32s
    P1_tau45+ s300_s900    obs   +2.29pp  p_shuf 0.6008  32s
    P1_tau45+ s300_s3600   obs   +1.09pp  p_shuf 0.8343  33s
    P1_tau45+ s300_sday    obs   -5.61pp  p_shuf 0.2615  33s
    P1_tau45+ mx10_sig     obs   +4.72pp  p_shuf 0.1357  33s
    P1_tau45+ mx30_sig     obs   +3.52pp  p_shuf 0.3453  34s
    P1_tau45+ mx60_sig     obs   +5.67pp  p_shuf 0.1497  34s
    P1_tau45+ req_rng30    obs  -23.33pp  p_shuf 0.0020  34s
    P1_tau45+ req_rng60    obs  -24.52pp  p_shuf 0.0020  34s
    P1_tau45+ req_rng300   obs  -26.23pp  p_shuf 0.0020  35s
    P1_tau45+ gap          obs   +0.73pp  p_shuf 0.8782  35s
    P1_tau45+ lgap         obs  -22.64pp  p_shuf 0.0020  35s
    P1_tau45+ z            obs  -26.48pp  p_shuf 0.0020  36s
    P1_tau45+ pmod         obs  +26.48pp  p_shuf 0.0020  36s
    P1_tau45+ tau          obs   +2.31pp  p_shuf 0.0259  36s
    P1_tau45+ price        obs  -25.76pp  p_shuf 0.0020  36s
    P1_tau45+ spread       obs  +16.13pp  p_shuf 0.0020  37s
    P1_tau45+ size         obs   +0.75pp  p_shuf 0.8064  37s
    P1_tau45+ age_ms       obs   -9.11pp  p_shuf 0.0020  37s
    P1_tau30-44 flat10       obs   -2.06pp  p_shuf 0.7605  38s
    P1_tau30-44 flat30       obs   -1.25pp  p_shuf 0.9062  38s
    P1_tau30-44 flat60       obs   -2.98pp  p_shuf 0.7066  38s
    P1_tau30-44 flat300      obs   -0.69pp  p_shuf 0.9920  38s
    P1_tau30-44 s30_s300     obs   +5.65pp  p_shuf 0.2455  39s
    P1_tau30-44 s300_s900    obs   +1.62pp  p_shuf 0.6986  39s
    P1_tau30-44 s300_s3600   obs   +1.34pp  p_shuf 0.7904  39s
    P1_tau30-44 s300_sday    obs   +0.00pp  p_shuf 0.9661  39s
    P1_tau30-44 mx10_sig     obs   +3.24pp  p_shuf 0.5190  39s
    P1_tau30-44 mx30_sig     obs   +5.38pp  p_shuf 0.2435  40s
    P1_tau30-44 mx60_sig     obs   +4.09pp  p_shuf 0.4212  40s
    P1_tau30-44 req_rng30    obs  -19.37pp  p_shuf 0.0020  40s
    P1_tau30-44 req_rng60    obs  -19.83pp  p_shuf 0.0020  40s
    P1_tau30-44 req_rng300   obs  -20.45pp  p_shuf 0.0020  41s
    P1_tau30-44 gap          obs   -2.34pp  p_shuf 0.5449  41s
    P1_tau30-44 lgap         obs  -23.77pp  p_shuf 0.0020  41s
    P1_tau30-44 z            obs  -21.51pp  p_shuf 0.0020  41s
    P1_tau30-44 pmod         obs  +21.46pp  p_shuf 0.0020  42s
    P1_tau30-44 tau          obs   +1.41pp  p_shuf 0.3972  42s
    P1_tau30-44 price        obs  -20.84pp  p_shuf 0.0020  42s
    P1_tau30-44 spread       obs  +11.10pp  p_shuf 0.0120  42s
    P1_tau30-44 size         obs   +0.90pp  p_shuf 0.7864  42s
    P1_tau30-44 age_ms       obs   -7.69pp  p_shuf 0.0259  43s
    P2 flat10       obs   -0.45pp  p_shuf 0.9341  43s
    P2 flat30       obs   -0.22pp  p_shuf 0.9800  43s
    P2 flat60       obs   -0.31pp  p_shuf 0.9980  43s
    P2 flat300      obs   -1.68pp  p_shuf 0.8683  43s
    P2 s30_s300     obs   -2.13pp  p_shuf 0.8064  44s
    P2 s300_s900    obs   -0.11pp  p_shuf 0.9880  44s
    P2 s300_s3600   obs   -1.81pp  p_shuf 0.8184  44s
    P2 s300_sday    obs   +0.76pp  p_shuf 0.9341  44s
    P2 mx10_sig     obs   -0.85pp  p_shuf 0.8842  44s
    P2 mx30_sig     obs   -0.96pp  p_shuf 0.9401  44s
    P2 mx60_sig     obs   -2.34pp  p_shuf 0.7745  44s
    P2 req_rng30    obs   +2.56pp  p_shuf 0.7465  45s
    P2 req_rng60    obs   +3.09pp  p_shuf 0.6886  45s
    P2 req_rng300   obs   +0.11pp  p_shuf 0.9980  45s
    P2 gap          obs   +1.60pp  p_shuf 0.7984  45s
    P2 lgap         obs   -1.00pp  p_shuf 0.8822  45s
    P2 z            obs   -2.02pp  p_shuf 0.7705  45s
    P2 pmod         obs   +2.02pp  p_shuf 0.7705  46s
    P2 tau          obs   +3.05pp  p_shuf 0.5928  46s
    P2 price        obs   -2.09pp  p_shuf 0.7166  46s
    P2 spread       obs   -1.99pp  p_shuf 0.7246  46s
    P2 size         obs   +0.56pp  p_shuf 0.9281  46s
    P2 age_ms       obs   +2.24pp  p_shuf 0.5130  46s
    P1M flat10       obs   +3.29pp  p_shuf 0.3393  47s
    P1M flat30       obs   +1.71pp  p_shuf 0.6727  47s
    P1M flat60       obs   -0.03pp  p_shuf 0.9721  47s
    P1M flat300      obs   -1.55pp  p_shuf 0.7345  47s
    P1M s30_s300     obs   +0.99pp  p_shuf 0.7864  48s
    P1M s300_s900    obs   +3.94pp  p_shuf 0.3074  48s
    P1M s300_s3600   obs   -0.49pp  p_shuf 0.9481  48s
    P1M s300_sday    obs   -6.57pp  p_shuf 0.1697  48s
    P1M mx10_sig     obs   +3.94pp  p_shuf 0.4830  49s
    P1M mx30_sig     obs   +1.48pp  p_shuf 0.7585  49s
    P1M mx60_sig     obs   +6.90pp  p_shuf 0.1138  49s
    P1M req_rng30    obs  -25.62pp  p_shuf 0.0020  49s
    P1M req_rng60    obs  -26.60pp  p_shuf 0.0020  50s
    P1M req_rng300   obs  -28.57pp  p_shuf 0.0020  50s
    P1M gap          obs   +6.40pp  p_shuf 0.1976  50s
    P1M lgap         obs  -18.71pp  p_shuf 0.0040  50s
    P1M z            obs  -28.08pp  p_shuf 0.0020  50s
    P1M pmod         obs  +28.08pp  p_shuf 0.0020  51s
    P1M tau          obs   +3.39pp  p_shuf 0.5749  51s
    P1M price        obs  -28.67pp  p_shuf 0.0020  51s
    P1M spread       obs  +15.81pp  p_shuf 0.0020  51s
    P1M size         obs   -2.49pp  p_shuf 0.6507  52s
    P1M age_ms       obs  -10.40pp  p_shuf 0.0579  52s
    P2M flat10       obs   +0.07pp  p_shuf 0.9741  52s
    P2M flat30       obs   +0.59pp  p_shuf 0.9701  52s
    P2M flat60       obs   -0.30pp  p_shuf 0.9461  52s
    P2M flat300      obs   -1.79pp  p_shuf 0.7864  52s
    P2M s30_s300     obs   -2.27pp  p_shuf 0.7864  52s
    P2M s300_s900    obs   -1.14pp  p_shuf 0.8204  53s
    P2M s300_s3600   obs   -1.14pp  p_shuf 0.8503  53s
    P2M s300_sday    obs   +2.33pp  p_shuf 0.7325  53s
    P2M mx10_sig     obs   +1.14pp  p_shuf 0.9042  53s
    P2M mx30_sig     obs   +1.14pp  p_shuf 0.8164  53s
    P2M mx60_sig     obs   -2.27pp  p_shuf 0.8403  53s
    P2M req_rng30    obs   +4.55pp  p_shuf 0.5828  53s
    P2M req_rng60    obs   +3.41pp  p_shuf 0.6487  53s
    P2M req_rng300   obs   -1.14pp  p_shuf 0.8822  54s
    P2M gap          obs   +3.41pp  p_shuf 0.6467  54s
    P2M lgap         obs   +4.65pp  p_shuf 0.5569  54s
    P2M z            obs   -1.14pp  p_shuf 0.8862  54s
    P2M pmod         obs   +1.14pp  p_shuf 0.8862  54s
    P2M tau          obs   +3.28pp  p_shuf 0.5729  54s
    P2M price        obs   -1.19pp  p_shuf 0.8303  54s
    P2M spread       obs   -4.23pp  p_shuf 0.6647  54s
    P2M size         obs   +2.27pp  p_shuf 0.7006  55s
    P2M age_ms       obs   -1.19pp  p_shuf 0.9222  55s

  reconstructing the live loss ...
    STRAT P1 req_rng60   |z            -4.30pp  p 0.1793
    STRAT P1 req_rng300  |z            -5.89pp  p 0.0717
    STRAT P1 z           |req_rng60    -9.89pp  p 0.0040
    STRAT P1 flat10      |z            -0.03pp  p 0.8765
    STRAT P1 flat30      |z            -0.78pp  p 0.9920
    STRAT P1 flat300     |z            -0.55pp  p 0.8327
    STRAT P1 mx10_sig    |z            +1.13pp  p 0.5498
    STRAT P1 mx60_sig    |z            +1.25pp  p 0.5737
    STRAT P1 s30_s300    |z            +0.57pp  p 0.7490
    STRAT P1 s300_sday   |z            -3.52pp  p 0.3586
    STRAT P1 tau         |z            +1.57pp  p 0.5020
    STRAT P1 spread      |z            -0.22pp  p 0.8008
    STRAT P1 age_ms      |z            -1.80pp  p 0.2908
    STRAT P1 price       |z            -5.87pp  p 0.0359
    STRAT P1 gap         |z            -0.27pp  p 0.8247
    STRAT P1_tau45+ req_rng60   |z            -5.25pp  p 0.1394
    STRAT P1_tau45+ req_rng300  |z            -7.04pp  p 0.0518
    STRAT P1_tau45+ z           |req_rng60   -10.63pp  p 0.0040
    STRAT P1_tau45+ flat10      |z            -0.28pp  p 0.9841
    STRAT P1_tau45+ flat30      |z            -1.28pp  p 0.7849
    STRAT P1_tau45+ flat300     |z            -0.88pp  p 0.9960
    STRAT P1_tau45+ mx10_sig    |z            +1.33pp  p 0.5418
    STRAT P1_tau45+ mx60_sig    |z            +1.84pp  p 0.3944
    STRAT P1_tau45+ s30_s300    |z            +1.52pp  p 0.5458
    STRAT P1_tau45+ s300_sday   |z            -4.95pp  p 0.1633
    STRAT P1_tau45+ tau         |z            +0.65pp  p 0.4701
    STRAT P1_tau45+ spread      |z            +0.46pp  p 0.9004
    STRAT P1_tau45+ age_ms      |z            -1.53pp  p 0.5339
    STRAT P1_tau45+ price       |z            -6.46pp  p 0.0438
    STRAT P1_tau45+ gap         |z            +0.97pp  p 0.9960
    STRAT P2 req_rng60   |z            +2.24pp  p 0.8486
    STRAT P2 req_rng300  |z            +0.77pp  p 0.8167
    STRAT P2 z           |req_rng60    -2.30pp  p 0.6255
    STRAT P2 flat10      |z            -0.65pp  p 0.9522
    STRAT P2 flat30      |z            -0.86pp  p 0.9880
    STRAT P2 flat300     |z            -0.52pp  p 0.8606
    STRAT P2 mx10_sig    |z            -0.64pp  p 0.9562
    STRAT P2 mx60_sig    |z            -1.92pp  p 0.7610
    STRAT P2 s30_s300    |z            -0.83pp  p 0.9243
    STRAT P2 s300_sday   |z            -0.91pp  p 0.8805
    STRAT P2 tau         |z            +2.03pp  p 0.7968
    STRAT P2 spread      |z            -1.23pp  p 0.8606
    STRAT P2 age_ms      |z            +1.34pp  p 0.6335
    STRAT P2 price       |z            -1.38pp  p 0.7331
    STRAT P2 gap         |z            +1.34pp  p 0.8526

  wrote C:\kals-repo\results\RESULTS_pinsignal.md  (77s)
  wrote C:\kals-repo\results\RESULTS_pinsignal.json
  wrote C:\kals-repo\results\RESULTS_pinsignal_rows.jsonl
  wrote C:\kals-repo\results\RESULTS_pinsignal_live.json
