SELF-TEST -- pinrun
  ok   all 60 prints locked at now=close (remaining 0)
  ok   locked sum excludes tick@close and includes tick@close-60 (5900.0, expected 5900.0)
  ok   decided yes on the corrected window (fair 1.0)
  ok   old and new windows genuinely differ on this fixture
  ok   eff_strike(2492.82, d=2) == 2492.815
  ok   rounding-aware fair calls the real ETH market YES (1.0)
  ok   the un-rounded model calls it NO (0.0) -- the -90.91c loss
  ok   the locked window ends at the newest print HELD, not at now (remaining 3, locked 58596.0)
  ok   with the newest print in flight on a rising index the corrected model says YES (fair 1.0000); mean-imputation said NO (fair 0.0000) -- a wrong-side buy at ~99c
  ok   an interior gap takes the nearest print (6899.0, expected 6899.0; the window-mean rule would say 6914.2)
  ok   partial refuses a window missing more than 5% of its prints
  ok   buying YES at 98.3c and NO at 90.8c on ONE market pays 189.1c for a guaranteed $1.00 -- a locked 89.1c loss carrying NO directional risk
  ok   and EVERY price the rule can pay is above 50c, so a both-sides pair is ALWAYS a locked loss -- there is no price at which it is not
  ok   the side taken is recorded PER TICKER, so a second market is unaffected -- the guard must not block ordinary diversification
  ok   three losing trades on ONE close plus one on another is TWO losing closes, not four (2) -- tonight three fills on one NEAR market spent the whole 3-loss budget on a SINGLE draw
  ok   so one bad close can no longer exhaust a 3-close brake by itself, which is what 'three losses is roughly a 1% event' actually assumed
  ok   two fills on the SAME ticker occupy TWO entries -- keyed by order id, the second cannot overwrite the first
  ok   and open exposure is the SUM of both stakes ($36.82), not just the last
  ok   releasing ONE of them leaves the ticker still referenced, so the position record must NOT be dropped yet
  ok   and only when the last one goes is the ticker free -- the null, so a release cannot fire early
  ok   and NOTHING in the loop still keys open_pos by ticker
  ok   attempts (8) are capped ABOVE fills (2) -- separate budgets, because a lost race should cost a retry but not a fill slot
  ok   and the attempt cap is small enough that a 20 Hz loop cannot spam (8)
  ok   the attempt cap is actually READ in the loop, not merely defined
  ok   and an attempt is counted BEFORE the order is sent, so a send that never returns still consumes one
  ok   a RETURNED refusal is counted as an order error -- take() does not raise, so nothing noticed 160 refusals in a row
  ok   pintake's own count rail is below its hard ceiling (10 <= 25)
  pintake rails raised: MAX_TAKE_COUNT 10 -> 15  (selftest)
  ok   set_limits RAISES the count rail so it can never be the thing that silently blocks a bigger size again
  ok   and it REFUSES to lower it
  ok   the fixture buys exactly MAX_PER_CLOSE times (2)
  ok   and every later buy is at least IMPROVE_BY cheaper -- so the marginal trade cap 3 adds is the CHEAPEST of the close, which is why it cannot degrade the average price paid
  ok   three fills commit $38.80, the sum of their stakes, not three times the first
  ok   and that is at or below the $40 worst case the deployment rail sizes the brake against -- the rail is conservative, as it must be
  ok   and releasing all three gives back EXACTLY what was committed
  ok   the forward loss bound tolerates all three open ($38.80 vs a $-90.00 brake)
  ok   --max-positions equal to the cap (2) REFUSES the last fill once a straggler is still open, which is why it must be at least MAX_PER_CLOSE + 1 (position cap: 2 open >= 2)
  ok   2 losses does NOT halt a run whose brake is 3
  ok   3 losses DOES halt it, on COUNT and not on dollars (loss COUNT brake: 3 losing trades this run >= 3; stop and re-measure the flip rate)
  ok   and max_losses=0 DISABLES it -- the null, so the brake cannot fire on a run that never asked for it
  ok   MIN_FILL_FRAC is a fraction (0.5)
  ok   a deep book fills the whole size we asked for
  ok   a 7-contract offer at size 10 is TAKEN as a partial, not thrown away -- the old dust gate refused it outright
  ok   but a 4-contract scrap at size 10 is still refused: below half, a tiny fill burns a scale-in slot and raises the improve bar, which measured WORSE than not trading
  ok   sub-contract dust is refused at every size (MIN_LEVEL)
  ok   a partial can only ever LOWER the contracts bought, never raise them, so this amendment cannot increase exposure
  ok   a filled buy books a slot and sets the improve bar
  ok   a second fill books the second slot and LOWERS the bar to the better price
  ok   and 2 FILLS still exhaust the close -- max exposure is UNCHANGED by this amendment, only wasted attempts are recovered
  ok   a market that already filled 1x is refused a repeat -- this is what turned one bad NEAR close into -$52.60
  ok   but a DIFFERENT market on the same close is still allowed, because MAX_PER_CLOSE governs that and rho ~ 0.8 is not rho = 1
  ok   and the first fill of a close is never blocked
  ok   one market can never stake more than the whole close is allowed to
  ok   A13 does not change the worst CLOSE ($2.00); it changes how much of it one market may be -- $1.00 instead of all of it
  ok   STRUCTURAL: the live slot is booked AFTER the order returns, so a zero-fill cannot burn it
  ok   and it is booked only inside the filled>0 branch
  ok   STRUCTURAL: the slot is booked only when the FILL is at least half our size; a scrap keeps its position and spends no slot
  ok   and a scrap is recorded, not silent
  ok   under CLOSE_BUDGET a scrap must book its CONTRACTS -- they are real exposure however small -- while still not raising the improve bar, which is the only thing A12's exemption was actually protecting
  ok   STRUCTURAL: scraps ACCUMULATE and spend a slot once they add up to a real fill -- without this, 8 scraps of 9.99 would double the worst-case close from $39.20 to $78.32
  ok   eight 0.02-contract crumbs spend NO slot (0.16 of 10) -- the case A12 exists for
  ok   scraps of 9.99: at most 39.96 contracts fill in one close, against the intended 40 -- bounded
  ok   scraps of 5: at most 20.00 contracts fill in one close, against the intended 40 -- bounded
  ok   scraps of 2: at most 20.00 contracts fill in one close, against the intended 40 -- bounded
  ok   scraps of 0.5: at most 20.00 contracts fill in one close, against the intended 40 -- bounded
  ok   within the 8-attempt cap, 0.02 crumbs spend no slot at all -- the case A12 exists for
  ok   while near-full scraps exhaust the slots inside the same cap
  ok   at size 20 the real-fill line is 10: the 2.0 and 0.02 fills of 2026-09-11 07:00 ET are scraps, a 10 is a fill
  ok   take() is called with take_n, the contracts actually available, not the raw SIZE
  ok   an EMPTY close reports NO depth rather than a zero -- a close where nothing was offered must not look like a close offering 0 contracts
  ok   depth percentiles come back sorted (median 30.0)
  ok   the size ladder counts moments that SURVIVE each size (4 at 5, 2 at 125)
  ok   at size 1 every offered moment survives -- the ladder's own null
  ok   a single 7-contract offer survives at size 5 but NOT at size 10, which is exactly the opportunity cost of scaling
  ok   EV is ~zero exactly at p = 1 - flip = 0.9910 (got -0.070c)
  ok   a trade at 99.6c is NEGATIVE EV (-0.53c) -- matches the 2026-09-08 live trades
  ok   a trade at 99.3c is NEGATIVE EV (-0.25c) -- matches the 2026-09-08 live trades
  ok   a trade at 99.2c is NEGATIVE EV (-0.16c) -- matches the 2026-09-08 live trades
  ok   a trade at 99.1c is NEGATIVE EV (-0.07c) -- matches the 2026-09-08 live trades
  ok   a trade at 97.9c is positive EV (+1.05c) -- matches the 2026-09-08 live trades
  ok   a trade at 94.7c is positive EV (+4.04c) -- matches the 2026-09-08 live trades
  ok   the EV floor puts the price ceiling between 98c and 99c
  ok   a higher flip rate makes even 95c negative (the gate tracks f)
  ok   net edge subtracts the taker fee (0.430c at p=0.99)
  ok   billed fee at p=0.95 is $0.0034, not the raw $0.003325 (0.0034)
  ok   the billed fee is never below the raw formula (conservative)
  ok   the billed fee on 0.01 contracts is the $0.0001 floor (0.0001)
  ok   at --size 0.01 a 0.9c gross edge is NEGATIVE once the order's own fee is charged (-0.100c), where the one-contract fee would have called it +0.83c
  ok   edge sign behaves at the boundary
  ok   NO-side edge is (1-fair) - price - fee
  ok   YES take is a bid at the seen price (bid 0.9910)
  ok   NO take at 0.989 is an ask at 0.0110 = the yes bid we hit (ask 0.0110)
  ok   a NO take at 0.989 costs $0.989, not $0.011 ($0.9890)
  ok   both bodies have post_only False -- pin must cross, never rest
  ok   tif never rests (immediate_or_cancel)
  ok   stale index reports its age (31s)
  ok   on_frame parses a real cfbenchmarks_value frame
  ok   junk and off-channel frames are counted, not fatal
  ok   pintake ledger has the key the abort reads: 'halt'
  ok   pintake ledger has the key the abort reads: 'realised'
  ok   pintake ledger has the key the abort reads: 'committed'
  ok   pintake ledger has the key the abort reads: 'positions'
  ok   every ledger key the abort reads exists (['committed', 'halt', 'losses', 'positions', 'realised'])
  ok   abort fires on realised -3.00 vs limit -2.00 (loss abort: realised $-3.00 <= $-2.00)
  ok   abort fires at the stake cap (stake cap reached: $60.00 committed)
  ok   abort fires on a pintake halt (pintake halted: unknown order state)
  ok   PAUSE (clears when positions settle): position cap: 3 open >= 3
  ok   PAUSE (clears when positions settle): loss bound: realised $+0.78 with $40.89 still 
  ok   PAUSE (clears when positions settle): stake cap reached: $60.00 committed
  ok   HALT (needs a human): already halted
  ok   HALT (needs a human): pintake halted: unknown order state
  ok   HALT (needs a human): loss abort: realised $-61.00 <= $-60.00
  ok   HALT (needs a human): loss COUNT brake: 3 losing trades this run >= 
  ok   HALT (needs a human): 2 errors on the ORDER path
  ok   HALT (needs a human): 5 consecutive errors
  ok   no halt at all is not a transient halt
  ok   the 02:00 halt that cost 23 minutes would now PAUSE
  ok   and so would the 03:29 one
  ok   the pause branch never sets state['halted'] -- that would be a terminal answer to a temporary question
  ok   and it continues the loop, so reconcile() keeps releasing the positions it is waiting on
  ok   before any hedge fill, the amount to hedge is the full original size, read from open_pos
  ok   AFTER a partial hedge fill, open_pos['orig'] is UNCHANGED -- still 11.0, the true size reconcile() must settle and feed to the loss brake, not the 10.0 the old code would have written there
  ok   the REMAINING-TO-HEDGE tracker, separately, correctly says 10 left
  ok   the second attempt reads the remaining amount (10), not the original (11) and not a re-read of a shrunk open_pos
  ok   once the remaining amount is fully filled, the tracker is cleared
  ok   and open_pos still reads 11.0 at the end -- reconcile() settles the true position size no matter how many hedge attempts it took
  ok   the live event hid $0.9646 of real loss from the ledger the loss-abort brake reads -- small tonight, same mechanism the brake depends on
  ok   belief below the 0.80 gate fires the hedge
  ok   belief at or above the gate does not
  ok   no belief at all never fires -- a missing number is not a collapse
  ok   and the threshold is a parameter, so the holdout can sweep it
  ok   the real NEAR tau16 collapse (40.6%) fires
  ok   the real BNB tau24 collapse (46.3%) fires
  ok   the real SOL-08:00 tau15 collapse (0.1%) fires
  ok   and the SOL-08:00 tau-16 reading (83.7%) does NOT fire at 0.80 -- the alarm comes one second later on that collapse, by design
  ok   and the SOL-08:00 ENTRY belief (99.76%) does not -- we hedge the collapse, not the buy
  ok   hedging 96c NO with 35c YES pays 131c for $1 -- a 31c loss that BEATS the 96c from holding: allowed
  ok   65c and 99c legs are allowed too -- any ask under $1 shrinks the loss
  ok   a $1.00 leg locks exactly the unhedged loss: REFUSED, and the fee makes it worse
  ok   zero and negative asks are not prices
  ok   garbage inputs refuse rather than pass
  ok   the EV diagnostic reads (1-belief)-ask: +5c when the market lags the collapse, -5c when we pay for variance reduction
  ok   NEAR hedged at 35c locks -$6.24 on 20 contracts instead of -$19.24
  ok   BNB hedged at 55c locks -$9.80 instead of -$18.80
  ok   at entry 0.900: a $1.00 leg locks exactly the unhedged loss and is refused; a 99c leg locks less and is allowed
  ok   at entry 0.960: a $1.00 leg locks exactly the unhedged loss and is refused; a 99c leg locks less and is allowed
  ok   at entry 0.979: a $1.00 leg locks exactly the unhedged loss and is refused; a 99c leg locks less and is allowed
  ok   the hedge pass never calls _book_slot -- so A8 still blocks any later ENTRY on the opposite side
  ok   and it calls hedge_ask_ok before every order
  ok   and places the hedge through the same take() path as every fill
  ok   every alarm, missing ask and refusal is recorded -- silence is not an outcome
  ok   retries are paced to ONE PER SECOND -- the first live alarm burned all five in ~250 ms and gave up inside the alarm second
  ok   retries are bounded (5) -- a runaway on the hedge path would be the 160-order incident again
  ok   abort fires FORWARD: $1.20 open plus one more contract would pass -$2.00 (loss bound: realised $+0.00 with $1.20 still open; one more contract could take this run past $-2.00)
  ok   $0.90 open still leaves room for one more contract (None)
  ok   abort fires on order-path errors, which the universe pass cannot reset (2 errors on the ORDER path)
  ok   a settled position releases its FULL stake at size 1 (committed 0.0000, was 0.9750)
  ok   a settled position releases its FULL stake at size 5 (committed 0.0000, was 4.8750)
  ok   a settled position releases its FULL stake at size 8 (committed 0.0000, was 7.8000)
  ok   a settled position releases its FULL stake at size 10 (committed 0.0000, was 9.7500)
  ok   a settled position releases its FULL stake at size 25 (committed 0.0000, was 24.3750)
  ok   and releasing only ONE contract at size 5 LEAKS $3.9000 -- the bug this test now catches, stated as a positive so it cannot pass vacuously
  ok   P&L is booked to realised, which the abort reads
  ok   every exit path releases the stake -- finalized, both give-ups, and the definition (4 references)
  ok   pintake ships a size-1 loss abort of $-2.00
  ok   ONE ordinary loss at size 5 is $-4.88, which is past that default -- so an unraised order path dies on the first loss
  pintake rails raised: LOSS_ABORT $-2.00 -> $-30.00  (selftest)
  ok   set_limits LOOSENS the order-path brake to match the run's own
  ok   and it REFUSES to tighten -- a hidden brake tighter than the operator's is not a brake, it is an outage
  ok   risk_abort() runs before the first `continue` in the loop
  ok   no direct send path in this file (found [])
  ok   take() is called with the market's exchange_index, not the default 0
  ok   exchange_index is read from the market record in the universe pass
  ok   zrough is ~1.0 on a feed whose roughness never changes (got 0.98)
  ok   a calm board reads X~0.92 with 0 coins moving
  ok   coin A's OWN volatility spike leaves A's cross index EXACTLY unchanged -- otherwise this is the refuted own-sigma filter under a new name
  ok   but A's OWN roughness does spike (10.9 vs 0.98)
  ok   and B DOES see it: X 0.92 -> 2.34, 1 coin(s) moving
  ok   tick retention (4000) covers the 3600s baseline the ratio is divided by
  ok   a revised print does not change how many seconds we hold, so (newest, count) alone cannot detect it
  ok   and it STILL busts the cache -- a revised print must not be served stale from a conditions read
  ok   while an identical duplicate does NOT bust it -- otherwise every repeated frame recomputes a 3600-second window on the order path
  ok   and the signal record actually carries the conditions columns
  ok   a 15c discount is >10x the 0.3c edge floor, so the honest edge can never trip it
  ok   XRP 04:59Z (fair 1.0, filled 82c, 18c disc, LOST -$16.61) refused
  ok   DOGE 22:14Z (fair 0.0, filled 10c, 90c disc, LOST -$2.12) refused
  ok   SOL 2026-09-11 12:30Z (99.508% sure, filled 59.1c, 40.4c disc, LOST -$12.16) IS refused now -- the 0.999 condition let it through
  ok   NEAR 09-09 (99.827% sure, 73c, 26.8c disc, LOST -$14.13) refused
  ok   BNB 89c (10.7c disc, WON +$2.06) is NOT refused -- the 5-15c band went 24-0 for +$32.20 and refusing it was the guard's worst error
  ok   SOL 91.9c (8.1c disc, WON) passes
  ok   a certainty at 97.8c (2.2c discount, WON) passes -- the normal edge
  ok   and a boundary fill at the ceiling passes untouched
  ok   the guard is wired into the trade loop and counted in the near-miss record, so refusals are visible rather than silent
  ok   AMENDMENT 10b: the guard is ON by operator decision (undeterminable EV, owner chose fewer losses); would-be outcomes are recorded
  ok   every refusal writes ONE `dumped` record per (close, market) with side, price, fair and tau, so the would-be P&L can be resolved later
  ok   and the record is written before the enable check, whether or not the trade is refused
  ok   and the count happens BEFORE the enable check, so the class is recorded whether or not it is refused
  ok   worst_close_cost(20) must be MAX_PER_CLOSE*20*PRICE_CEILING = 39.2, got 39.2
  ok   worst_close_cost must be EXACTLY linear in size -- that is the whole reason it replaced a sampled maximum, which was not
  ok   $192.15 / $5.88 (BANK_BRAKE 3.0 x MAX_PER_CLOSE 2 x ceiling 0.98) = 32, got 32
  ok   an empty or unreadable bank must fall to the floor, never to 0
  ok   the cap must bind, got 250
  ok   size_for_bank fell from -1 to 1 at bank $10 -- more money can never permit less
  ok   size_for_bank fell from 1 to 8 at bank $50 -- more money can never permit less
  ok   size_for_bank fell from 8 to 17 at bank $100 -- more money can never permit less
  ok   size_for_bank fell from 17 to 34 at bank $200 -- more money can never permit less
  ok   size_for_bank fell from 34 to 68 at bank $400 -- more money can never permit less
  ok   size_for_bank fell from 68 to 136 at bank $800 -- more money can never permit less
  ok   size_for_bank fell from 136 to 250 at bank $1600 -- more money can never permit less
  ok   a harsher brake must give a SMALLER size
  ok   cents and dollars agreeing must read $192.152, got 192.152
  ok   balance WITHOUT balance_dollars must be refused, not divided by 100 on faith -- the unit is read, never inferred
  ok   cents and dollars DISAGREEING must be refused; this is the 19215-read-as-dollars failure, which asks for size 6535
  ok   a non-200 must read as unknown
  ok   no credentials (paper mode) must read as unknown, never 0
  pintake rails raised: HARD_MAX 25 -> 90; MAX_TAKE_COUNT 10 -> 60; LOSS_ABORT $-2.00 -> $-240.00; MAX_RUN_STAKE $60.00 -> $370.00  (auto-size 1 -> 60: selftest)
  ok   apply_size must set SIZE, got 60.0 (size 1 -> 60 (selftest); abort $-240.00, stake cap $370.00, take count 60)
  ok   MAX_TAKE_COUNT must reach the new size or every order is refused in silence, got 60.0
  ok   MAX_RUN_STAKE must cover 3 worst closes at the new size, got 370.0
  ok   loss_abort -240.0 must land inside main()'s own [-480.0, -180.0] band, or the run halts on its first trade
  ok   a rail must NEVER move while a position is open
  pintake rails raised: HARD_MAX 25 -> 48; MAX_TAKE_COUNT 10 -> 32; LOSS_ABORT $-2.00 -> $-128.00; MAX_RUN_STAKE $60.00 -> $202.00  (auto-size 20 -> 32: bank $192.15)
  ok   with AUTO_SIZE_STEP_UP=None the bot goes STRAIGHT to the size the bank supports (32), got 32.0
  ok   a second adjustment inside AUTO_SIZE_EVERY_S must be refused
  pintake rails raised: MAX_TAKE_COUNT 32 -> 32; LOSS_ABORT $-128.00 -> $-128.00; MAX_RUN_STAKE $202.00 -> $202.00  (auto-size 20 -> 30: bank $192.15)
  ok   with damping at 1.5 the first step is 20 -> 30, got 30.0
  pintake rails raised: MAX_TAKE_COUNT 32 -> 32; LOSS_ABORT $-128.00 -> $-128.00; MAX_RUN_STAKE $202.00 -> $202.00  (auto-size 60 -> 5: bank $30.00)
  ok   a FALL is immediate and undamped -- $30 supports 5, got 5.0
  ok   an unreadable bank must leave SIZE exactly where it was
  ok   --no-auto-size must pin SIZE to --size
  ok   paper mode must never auto-size
  pintake rails raised: HARD_MAX 48 -> 180; MAX_TAKE_COUNT 32 -> 120; LOSS_ABORT $-128.00 -> $-480.00; MAX_RUN_STAKE $202.00 -> $730.00  (auto-size 1 -> 120: loosen the rails first)
  pintake rails raised: MAX_TAKE_COUNT 120 -> 120; LOSS_ABORT $-480.00 -> $-480.00; MAX_RUN_STAKE $730.00 -> $730.00  (auto-size 120 -> 10: bank $60.00)
  ok   after the rails were loosened for size 120, a $60 bank must still shrink SIZE to 10, got 10.0
  ok   and the brake must stay at its loosest high-water mark, not be tightened on the way down, got -480.0
  ok   the DECLARED default PIN is 0.995 (running now with 0.9950)
  ok   and the running PIN is never ABOVE the declared default -- a tighter gate is the change that silently halves the trade count, so it needs a code change and a version entry, not a flag (running 0.9950)
  ok   --pin moves the gate
  ok   a decision at z=2.40 clears 0.990 (0.99180) ...
  ok   ... and does NOT clear 0.995 (0.99180) -- the flag is the whole difference between a trade and no trade
  ok   the DECLARED default ruler is 'live' -- AMENDMENT 20 is a model change and may only be reached through --sigma-ruler, against the bar in results/PREREG_ruler.md (running now with 'live')
  ok   both rulers measure on the same series
  ok   after a quiet patch the HOUR reads wider than the five minutes (11.7361 vs 0.0000) -- which is the whole finding
  ok   'live' reproduces the 300s ruler exactly, bit for bit
  ok   'max3600' is never shorter than either input (11.7361)
  ok   '1800' reads wider than the live ruler here (11.1822)
  ok   'maxdown' returns a positive ruler (42.4264)
  ok   a series that only ever rises has NO down moves, so the downside estimator refuses rather than returning zero
  ok   and sigma() falls back to the two-sided ruler there -- a None would skip the market silently, indistinguishable from a thin book
  ok   and the ruler is put back to 'live'
  ok   the DECLARED default for honest confidence is OFF -- AMENDMENT 19 is a threshold change and may only be reached through --honest, against the bar in results/PREREG_honest.md (running now with False)
  ok   honest_tail reads a grid point exactly
  ok   and interpolates between two (0.0350)
  ok   and BEYOND the table it holds the last measured value rather than extrapolating to zero -- claiming a tail we never observed is the exact failure this amendment exists to fix
  ok   and below the table it holds the first
  ok   with --honest, conf_of reads the TABLE (0.95 at z=2)
  ok   which is STRICTLY LESS SURE than the Gaussian (0.9500 < 0.9772) -- this amendment can only ever tighten
  ok   and with it off, conf_of IS the Gaussian, bit for bit
  ok   fair() returns conf_of(z), not ND.cdf(z)
  ok   and in the working code ND.cdf appears ONLY inside conf_of -- no gate can read a different distribution from the one fair() uses (offenders: [])
  ok   a missing table loads as None, so main() can refuse rather than silently running a Gaussian under an honest label
  ok   the sweep limit is never BELOW the ask we saw (0.98 >= 0.952)
  ok   and never above PRICE_CEILING (0.98 <= 0.98)
  ok   at the limit the model edge still clears the floor (1.840c >= 0.300c)
  ok   and the measured-flip EV still clears its floor (0.960c >= 0.300c)
  ok   and it is the HIGHEST such price -- one tick more fails the ceiling, the edge floor or the EV floor
  ok   with no headroom the limit IS the ask -- the sweep invents none
  ok   the NO side sweeps on (1-fair), not fair (0.98)
  ok   --no-sweep makes the limit exactly the ask we saw, which is the behaviour every live fill before 2026-09-13 had
  ok   the live order path computes the sweep limit
  ok   and computes it BEFORE the order is sent
  ok   and pintake.take() is handed the LIMIT, never the ask we saw -- if this ever reverts, a lost race silently buys nothing again
  ok   and both prices are logged, so PREREG_sweep.md's bar is scorable
  ok   budget must be MAX_PER_CLOSE x SIZE = 136.0, got 136.0
  ok   budget x ceiling must equal worst_close_cost -- if these ever disagree, the --loss-abort band, pintake's stake cap and pinbank are all sized against a different bet than the one being placed
  ok   close_budget(size) must honour an explicit size
  ok   the per-close cap must read CONTRACTS, not the fill count
  ok   and `contracts` must come from the close's own record
  ok   and the old fill-count cap must survive behind CLOSE_BUDGET so the rule can be reverted without an edit
  ok   STRUCTURAL: take_n is trimmed to the remaining budget only AFTER the MIN_FILL_FRAC floor has been tested against the FULL size -- trimming first would relax the floor to the remainder
  ok   and the remainder is measured against close_budget()
  ok   the trim (line 674) must happen before the order is sent (line 803), not after
  ok   the signal record must carry the resting age of the level we hit
  ok   and it must read the OPPOSITE side -- buying YES at p hits the NO bid at 1-p, and reading our own side would measure a level we are not trading against
  ok   at the complementary price, not at the price we pay
  ok   NOTHING may branch on the quote age yet ('if _lvl_age' found). The slices in RESULTS_select.md were chosen after seeing the tape and need a pre-registered live bar first; a filter deployed from them would be tuned on its own evidence.
  ok   NOTHING may branch on the quote age yet ('_lvl_age <' found). The slices in RESULTS_select.md were chosen after seeing the tape and need a pre-registered live bar first; a filter deployed from them would be tuned on its own evidence.
  ok   NOTHING may branch on the quote age yet ('_lvl_age >' found). The slices in RESULTS_select.md were chosen after seeing the tape and need a pre-registered live bar first; a filter deployed from them would be tuned on its own evidence.
  ok   NOTHING may branch on the quote age yet ('_lvl_age is not None and' found). The slices in RESULTS_select.md were chosen after seeing the tape and need a pre-registered live bar first; a filter deployed from them would be tuned on its own evidence.
  ok   livebook must expose level_age_ms
  ok   autosize_tick must be called in the trade loop
  ok   and it must come AFTER reconcile(), which is what drains open_pos of settled positions
  ok   and BEFORE risk_abort, so the loss bound is evaluated against the size we are about to trade, not the previous one
SELF-TEST PASSED
  MODE PAPER   tau<=30s  pin 0.995  edge>=0.3c net  loss abort $-60.00  SIZE 20
  log C:\kals-repo\results\pinrun-paper-20260919T122318Z.jsonl
  index up: 11 ticks, 11 feeds
  close 12:30Z: 4698 looks, best was KXETH15M-26SEP190830-3 NO @0.9970 edge +0.28c (need +0.3c) -> no trade
  close 12:45Z: 4462 looks, best was KXDOGE15M-26SEP190845- YES @0.9870 edge +1.18c (need +0.3c) -> no trade
  SIGNAL KXNEAR15M-26SEP190900-00 tau=21s buy NO @0.9650 fair 0.0014 edge +3.13c size 88.00 taking 20
  close 13:00Z: 4042 looks, best was KXNEAR15M-26SEP190900- NO @0.9650 edge +3.13c (need +0.3c) -> FIRED
  SETTLED KXNEAR15M-26SEP190900-00 no vs no -> +65.27c (run realised $+0.6527)
  close 13:15Z: 4280 looks, best was KXDOGE15M-26SEP190915- YES @0.9940 edge +0.53c (need +0.3c) -> no trade
  SIGNAL KXZEC15M-26SEP190930-30 tau=30s buy YES @0.9700 fair 0.9989 edge +2.69c size 61.74 taking 20
  SIGNAL KXBNB15M-26SEP190930-30 tau=20s buy YES @0.9400 fair 0.9975 edge +5.36c size 48.00 taking 20
  close 13:30Z: 775 looks, best was KXBNB15M-26SEP190930-3 YES @0.9400 edge +5.36c (need +0.3c) -> FIRED
  SETTLED KXZEC15M-26SEP190930-30 yes vs yes -> +55.92c (run realised $+1.2119)
  SETTLED KXBNB15M-26SEP190930-30 yes vs yes -> +112.10c (run realised $+2.3329)
  close 13:45Z: 3578 looks, best was KXDOGE15M-26SEP190945- YES @0.9850 edge +1.33c (need +0.3c) -> no trade
  close 14:00Z: 2656 looks, best was KXZEC15M-26SEP191000-0 YES @0.9880 edge +0.87c (need +0.3c) -> no trade
  SIGNAL KXDOGE15M-26SEP191015-15 tau=12s buy YES @0.9750 fair 1.0000 edge +2.33c size 128.35 taking 20
  close 14:15Z: 2626 looks, best was KXDOGE15M-26SEP191015- YES @0.9750 edge +2.33c (need +0.3c) -> FIRED
  SETTLED KXDOGE15M-26SEP191015-15 yes vs yes -> +46.58c (run realised $+2.7987)
  close 14:30Z: 2641 looks, best was KXZEC15M-26SEP191030-3 YES @0.9990 edge +0.09c (need +0.3c) -> no trade
  close 14:45Z: 1949 looks, best was KXBTC15M-26SEP191045-4 NO @0.9890 edge +1.02c (need +0.3c) -> no trade
  SIGNAL KXBNB15M-26SEP191100-00 tau=22s buy NO @0.9070 fair 0.0033 edge +8.38c size 20.00 taking 20
  close 15:00Z: 2110 looks, best was KXBNB15M-26SEP191100-0 NO @0.9070 edge +8.38c (need +0.3c) -> FIRED
  SETTLED KXBNB15M-26SEP191100-00 no vs no -> +174.19c (run realised $+4.5406)
  close 15:15Z: 2094 looks, best was KXBNB15M-26SEP191115-1 NO @0.9950 edge +0.29c (need +0.3c) -> no trade
  close 15:30Z: 2178 looks, best was KXZEC15M-26SEP191130-3 NO @0.9980 edge +0.19c (need +0.3c) -> no trade
  close 15:45Z: 2292 looks, 2292 decided, 2292 decided-but-nothing-offered, 0 undecided
  SIGNAL KXHYPE15M-26SEP191200-00 tau=12s buy YES @0.8800 fair 0.9977 edge +11.03c size 184.53 taking 20
  close 16:00Z: 2407 looks, best was KXHYPE15M-26SEP191200- YES @0.8800 edge +11.03c (need +0.3c) -> FIRED
  SETTLED KXHYPE15M-26SEP191200-00 yes vs yes -> +225.21c (run realised $+6.7927)
  close 16:15Z: 2551 looks, best was KXHYPE15M-26SEP191215- YES @0.9810 edge +1.77c (need +0.3c) -> no trade
  SIGNAL KXBNB15M-26SEP191230-30 tau=23s buy YES @0.9010 fair 0.9986 edge +9.14c size 55.00 taking 20
  close 16:30Z: 2283 looks, best was KXBNB15M-26SEP191230-3 YES @0.9010 edge +9.14c (need +0.3c) -> FIRED
  *** A LOSS. losing trades 1, losing CLOSES 1 (the brake counts closes) ***
  SETTLED KXBNB15M-26SEP191230-30 yes vs no -> -1814.49c (run realised $-11.3522)
  SIGNAL KXSOL15M-26SEP191245-45 tau=24s buy YES @0.9800 fair 0.9967 edge +1.53c size 131.84 taking 20
  close 16:45Z: 2519 looks, best was KXXRP15M-26SEP191245-4 YES @0.9800 edge +1.53c (need +0.3c) -> FIRED
  SETTLED KXSOL15M-26SEP191245-45 yes vs yes -> +37.25c (run realised $-10.9797)
  SIGNAL KXXRP15M-26SEP191300-00 tau=26s buy YES @0.9800 fair 0.9954 edge +1.40c size 66.00 taking 20
  close 17:00Z: 2726 looks, best was KXXRP15M-26SEP191300-0 YES @0.9800 edge +1.40c (need +0.3c) -> FIRED
  SETTLED KXXRP15M-26SEP191300-00 yes vs yes -> +37.25c (run realised $-10.6072)
  close 17:15Z: 3552 looks, best was KXBNB15M-26SEP191315-1 NO @0.9980 edge +0.19c (need +0.3c) -> no trade
  close 17:30Z: 3528 looks, 3528 decided, 3528 decided-but-nothing-offered, 0 undecided
  close 17:45Z: 3283 looks, best was KXSOL15M-26SEP191345-4 YES @0.9920 edge +0.74c (need +0.3c) -> no trade
  SIGNAL KXETH15M-26SEP191400-00 tau=25s buy NO @0.9800 fair 0.0038 edge +1.48c size 124.31 taking 20
  close 18:00Z: 3377 looks, best was KXETH15M-26SEP191400-0 NO @0.9800 edge +1.48c (need +0.3c) -> FIRED
  SETTLED KXETH15M-26SEP191400-00 no vs no -> +37.25c (run realised $-10.2347)
  close 18:15Z: 3319 looks, best was KXNEAR15M-26SEP191415- NO @0.9900 edge +0.93c (need +0.3c) -> no trade
  SIGNAL KXBNB15M-26SEP191430-30 tau=5s buy YES @0.9520 fair 0.9997 edge +4.45c size 60.00 taking 20
  close 18:30Z: 3044 looks, best was KXBNB15M-26SEP191430-3 YES @0.9520 edge +4.45c (need +0.3c) -> FIRED
  SETTLED KXBNB15M-26SEP191430-30 yes vs yes -> +89.60c (run realised $-9.3387)
  close 18:45Z: 3644 looks, best was KXDOGE15M-26SEP191445- YES @0.9960 edge +0.37c (need +0.3c) -> no trade
  close 19:00Z: 3526 looks, best was KXDOGE15M-26SEP191500- NO @0.9950 edge +0.46c (need +0.3c) -> no trade
  SIGNAL KXHYPE15M-26SEP191515-15 tau=30s buy YES @0.8800 fair 1.0000 edge +11.26c size 53.77 taking 20
  close 19:15Z: 3043 looks, best was KXHYPE15M-26SEP191515- YES @0.7900 edge +19.84c (need +0.3c) -> FIRED
  SETTLED KXHYPE15M-26SEP191515-15 yes vs yes -> +225.21c (run realised $-7.0866)
  close 19:30Z: 3168 looks, best was KXBTC15M-26SEP191530-3 YES @0.9990 edge +0.09c (need +0.3c) -> no trade
  close 19:45Z: 2935 looks, best was KXNEAR15M-26SEP191545- NO @0.9860 edge +1.30c (need +0.3c) -> no trade
  SIGNAL KXBTC15M-26SEP191600-00 tau=30s buy YES @0.9110 fair 0.9974 edge +8.07c size 250.02 taking 20
  close 20:00Z: 2981 looks, best was KXBTC15M-26SEP191600-0 YES @0.9110 edge +8.07c (need +0.3c) -> FIRED
  SETTLED KXBTC15M-26SEP191600-00 yes vs yes -> +166.64c (run realised $-5.4202)
  SIGNAL KXZEC15M-26SEP191615-15 tau=26s buy NO @0.9690 fair 0.0045 edge +2.44c size 12.17 taking 12.17
  close 20:15Z: 3818 looks, best was KXZEC15M-26SEP191615-1 NO @0.9690 edge +2.44c (need +0.3c) -> FIRED
  SETTLED KXZEC15M-26SEP191615-15 no vs no -> +35.17c (run realised $-5.0685)
  close 20:30Z: 4252 looks, best was KXETH15M-26SEP191630-3 YES @0.9930 edge +0.56c (need +0.3c) -> no trade
  SIGNAL KXBTC15M-26SEP191645-45 tau=30s buy YES @0.8800 fair 0.9967 edge +10.94c size 608.04 taking 20
  close 20:45Z: 3782 looks, best was KXBTC15M-26SEP191645-4 YES @0.8800 edge +10.94c (need +0.3c) -> FIRED
  SETTLED KXBTC15M-26SEP191645-45 yes vs yes -> +225.21c (run realised $-2.8164)
  close 21:00Z: 4046 looks, best was KXZEC15M-26SEP191700-0 NO @0.9960 edge +0.37c (need +0.3c) -> no trade
  close 21:15Z: 4160 looks, best was KXNEAR15M-26SEP191715- YES @0.9960 edge +0.19c (need +0.3c) -> no trade
  close 21:30Z: 4129 looks, best was KXXRP15M-26SEP191730-3 NO @0.9940 edge +0.56c (need +0.3c) -> no trade
  close 21:45Z: 4265 looks, best was KXZEC15M-26SEP191745-4 NO @0.9990 edge +0.09c (need +0.3c) -> no trade
  close 22:00Z: 4050 looks, best was KXNEAR15M-26SEP191800- YES @0.9980 edge +0.18c (need +0.3c) -> no trade
  close 22:15Z: 4079 looks, best was KXNEAR15M-26SEP191815- YES @0.9970 edge +0.21c (need +0.3c) -> no trade
  close 22:30Z: 4251 looks, best was KXDOGE15M-26SEP191830- YES @0.9840 edge +1.13c (need +0.3c) -> no trade
  close 22:45Z: 4082 looks, best was KXZEC15M-26SEP191845-4 YES @0.9970 edge +0.28c (need +0.3c) -> no trade
  close 23:00Z: 4184 looks, best was KXBTC15M-26SEP191900-0 YES @0.9950 edge +0.46c (need +0.3c) -> no trade
  close 23:15Z: 4124 looks, best was KXBTC15M-26SEP191915-1 YES @0.9980 edge +0.19c (need +0.3c) -> no trade
  close 23:30Z: 3949 looks, best was KXBNB15M-26SEP191930-3 YES @0.9900 edge +0.85c (need +0.3c) -> no trade
  close 23:45Z: 4024 looks, best was KXBTC15M-26SEP191945-4 NO @0.9870 edge +1.21c (need +0.3c) -> no trade
  close 00:00Z: 3958 looks, best was KXXRP15M-26SEP192000-0 NO @0.9940 edge +0.56c (need +0.3c) -> no trade
  close 00:15Z: 3995 looks, best was KXZEC15M-26SEP192015-1 YES @0.9810 edge +1.39c (need +0.3c) -> no trade
  SIGNAL KXETH15M-26SEP192030-30 tau=3s buy NO @0.9600 fair 0.0000 edge +3.73c size 516.24 taking 20
  close 00:30Z: 3834 looks, best was KXETH15M-26SEP192030-3 NO @0.9600 edge +3.73c (need +0.3c) -> FIRED
  SETTLED KXETH15M-26SEP192030-30 no vs no -> +74.62c (run realised $-2.0702)
  SIGNAL KXBTC15M-26SEP192045-45 tau=30s buy YES @0.9600 fair 0.9960 edge +3.33c size 65.06 taking 20
  close 00:45Z: 3634 looks, best was KXBTC15M-26SEP192045-4 YES @0.9600 edge +3.33c (need +0.3c) -> FIRED
  SETTLED KXBTC15M-26SEP192045-45 yes vs yes -> +74.62c (run realised $-1.3240)
  SIGNAL KXNEAR15M-26SEP192100-00 tau=27s buy NO @0.9790 fair 0.0047 edge +1.48c size 59.00 taking 20
  SIGNAL KXBNB15M-26SEP192100-00 tau=16s buy YES @0.9500 fair 0.9971 edge +4.38c size 14.40 taking 14.4
  close 01:00Z: 3481 looks, best was KXBNB15M-26SEP192100-0 YES @0.9500 edge +4.38c (need +0.3c) -> FIRED
  SETTLED KXNEAR15M-26SEP192100-00 no vs no -> +39.12c (run realised $-0.9328)
  SETTLED KXBNB15M-26SEP192100-00 yes vs yes -> +67.21c (run realised $-0.2607)
  close 01:15Z: 4265 looks, best was KXETH15M-26SEP192115-1 NO @0.9990 edge +0.09c (need +0.3c) -> no trade
  SIGNAL KXBTC15M-26SEP192130-30 tau=30s buy NO @0.9370 fair 0.0001 edge +5.88c size 463.42 taking 20
  close 01:30Z: 3645 looks, best was KXBTC15M-26SEP192130-3 NO @0.9370 edge +5.88c (need +0.3c) -> FIRED
  SETTLED KXBTC15M-26SEP192130-30 no vs no -> +117.73c (run realised $+0.9166)
  close 01:45Z: 4299 looks, best was KXXRP15M-26SEP192145-4 NO @0.9960 edge +0.37c (need +0.3c) -> no trade
  SIGNAL KXETH15M-26SEP192200-00 tau=14s buy YES @0.9750 fair 1.0000 edge +2.33c size 151.89 taking 20
  close 02:00Z: 3930 looks, best was KXETH15M-26SEP192200-0 YES @0.9750 edge +2.33c (need +0.3c) -> FIRED
  SETTLED KXETH15M-26SEP192200-00 yes vs yes -> +46.58c (run realised $+1.3824)
  close 02:15Z: 4268 looks, best was KXHYPE15M-26SEP192215- YES @0.9980 edge +0.18c (need +0.3c) -> no trade
  close 02:30Z: 4293 looks, 4293 decided, 4293 decided-but-nothing-offered, 0 undecided
  close 02:45Z: 4257 looks, 4257 decided, 4257 decided-but-nothing-offered, 0 undecided
  close 03:00Z: 4284 looks, 4284 decided, 4284 decided-but-nothing-offered, 0 undecided
  SIGNAL KXDOGE15M-26SEP192315-15 tau=28s buy YES @0.9800 fair 0.9987 edge +1.73c size 130.00 taking 20
  SIGNAL KXHYPE15M-26SEP192315-15 tau=21s buy NO @0.9680 fair 0.0010 edge +2.88c size 32.00 taking 20
  close 03:15Z: 1243 looks, best was KXHYPE15M-26SEP192315- NO @0.9680 edge +2.88c (need +0.3c) -> FIRED
  SETTLED KXDOGE15M-26SEP192315-15 yes vs yes -> +37.25c (run realised $+1.7549)
  SETTLED KXHYPE15M-26SEP192315-15 no vs no -> +59.66c (run realised $+2.3515)
  close 03:30Z: 4191 looks, best was KXZEC15M-26SEP192330-3 NO @0.9990 edge +0.09c (need +0.3c) -> no trade
  SIGNAL KXBTC15M-26SEP192345-45 tau=23s buy NO @0.9800 fair 0.0000 edge +1.86c size 2050.02 taking 20
  SIGNAL KXHYPE15M-26SEP192345-45 tau=9s buy NO @0.9650 fair 0.0037 edge +2.89c size 225.00 taking 20
  close 03:45Z: 2940 looks, best was KXHYPE15M-26SEP192345- NO @0.9650 edge +2.89c (need +0.3c) -> FIRED
  SETTLED KXBTC15M-26SEP192345-45 no vs no -> +37.25c (run realised $+2.7240)
  SETTLED KXHYPE15M-26SEP192345-45 no vs no -> +65.27c (run realised $+3.3767)
  close 04:00Z: 4212 looks, 4212 decided, 4212 decided-but-nothing-offered, 0 undecided
  close 04:15Z: 4180 looks, best was KXXRP15M-26SEP200015-1 NO @0.9950 edge +0.46c (need +0.3c) -> no trade
  SIGNAL KXBTC15M-26SEP200030-30 tau=30s buy YES @0.9630 fair 0.9962 edge +3.07c size 298.93 taking 20
  close 04:30Z: 3681 looks, best was KXBTC15M-26SEP200030-3 YES @0.9630 edge +3.07c (need +0.3c) -> FIRED
  SETTLED KXBTC15M-26SEP200030-30 yes vs yes -> +69.01c (run realised $+4.0668)
  SIGNAL KXZEC15M-26SEP200045-45 tau=15s buy YES @0.9800 fair 0.9978 edge +1.64c size 272.75 taking 20
  close 04:45Z: 3943 looks, best was KXBNB15M-26SEP200045-4 NO @0.9760 edge +2.24c (need +0.3c) -> FIRED
  SETTLED KXZEC15M-26SEP200045-45 yes vs yes -> +37.25c (run realised $+4.4393)
  close 05:00Z: 4121 looks, best was KXXRP15M-26SEP200100-0 NO @0.9870 edge +1.21c (need +0.3c) -> no trade
  close 05:15Z: 4106 looks, best was KXNEAR15M-26SEP200115- NO @0.9850 edge +1.37c (need +0.3c) -> no trade
  close 05:30Z: 4258 looks, best was KXBNB15M-26SEP200130-3 NO @0.9980 edge +0.19c (need +0.3c) -> no trade
  SIGNAL KXBTC15M-26SEP200145-45 tau=30s buy NO @0.9800 fair 0.0037 edge +1.50c size 1474.24 taking 20
  close 05:45Z: 3717 looks, best was KXBTC15M-26SEP200145-4 NO @0.9800 edge +1.50c (need +0.3c) -> FIRED
  SETTLED KXBTC15M-26SEP200145-45 no vs no -> +37.25c (run realised $+4.8118)
  SIGNAL KXHYPE15M-26SEP200200-00 tau=14s buy NO @0.9800 fair 0.0000 edge +1.86c size 102.02 taking 20
  close 06:00Z: 4097 looks, best was KXHYPE15M-26SEP200200- NO @0.9800 edge +1.86c (need +0.3c) -> FIRED
  SETTLED KXHYPE15M-26SEP200200-00 no vs no -> +37.25c (run realised $+5.1843)
  SIGNAL KXBTC15M-26SEP200215-15 tau=14s buy YES @0.9800 fair 0.9980 edge +1.66c size 330.56 taking 20
  SIGNAL KXBNB15M-26SEP200215-15 tau=8s buy YES @0.8500 fair 0.9953 edge +13.64c size 25.00 taking 20
  close 06:15Z: 2985 looks, best was KXBNB15M-26SEP200215-1 YES @0.8500 edge +13.64c (need +0.3c) -> FIRED
  SETTLED KXBTC15M-26SEP200215-15 yes vs yes -> +37.25c (run realised $+5.5568)
  SETTLED KXBNB15M-26SEP200215-15 yes vs yes -> +282.14c (run realised $+8.3782)
  close 06:30Z: 4202 looks, best was KXDOGE15M-26SEP200230- YES @0.9930 edge +0.63c (need +0.3c) -> no trade
  close 06:45Z: 4284 looks, best was KXBTC15M-26SEP200245-4 NO @0.9990 edge +0.09c (need +0.3c) -> no trade
  close 07:00Z: 4175 looks, best was KXBTC15M-26SEP200300-0 NO @0.9930 edge +0.65c (need +0.3c) -> no trade
  close 07:15Z: 4266 looks, best was KXBTC15M-26SEP200315-1 YES @0.9980 edge +0.19c (need +0.3c) -> no trade
  close 07:30Z: 4289 looks, best was KXXRP15M-26SEP200330-3 YES @0.9840 edge +1.27c (need +0.3c) -> no trade
  close 07:45Z: 4038 looks, best was KXSOL15M-26SEP200345-4 NO @0.9970 edge +0.28c (need +0.3c) -> no trade
  close 08:00Z: 3897 looks, best was KXBTC15M-26SEP200400-0 NO @0.9970 edge +0.28c (need +0.3c) -> no trade
  close 08:15Z: 3623 looks, best was KXZEC15M-26SEP200415-1 YES @0.9870 edge +1.04c (need +0.3c) -> no trade
  close 08:30Z: 3207 looks, best was KXNEAR15M-26SEP200430- NO @0.9890 edge +0.87c (need +0.3c) -> no trade
  close 08:45Z: 3081 looks, best was KXBNB15M-26SEP200445-4 NO @0.9960 edge +0.37c (need +0.3c) -> no trade
  SIGNAL KXBTC15M-26SEP200500-00 tau=23s buy YES @0.9800 fair 0.9982 edge +1.69c size 130.02 taking 20
  close 09:00Z: 2296 looks, best was KXBTC15M-26SEP200500-0 YES @0.9800 edge +1.69c (need +0.3c) -> FIRED
  SETTLED KXBTC15M-26SEP200500-00 yes vs yes -> +37.25c (run realised $+8.7507)
  SIGNAL KXBTC15M-26SEP200515-15 tau=23s buy YES @0.9600 fair 0.9958 edge +3.32c size 50.00 taking 20
  close 09:15Z: 2619 looks, best was KXBTC15M-26SEP200515-1 YES @0.9600 edge +3.32c (need +0.3c) -> FIRED
  SETTLED KXBTC15M-26SEP200515-15 yes vs yes -> +74.62c (run realised $+9.4969)
  close 09:30Z: 3114 looks, best was KXZEC15M-26SEP200530-3 YES @0.9950 edge +0.46c (need +0.3c) -> no trade
  close 09:45Z: 3258 looks, best was KXBTC15M-26SEP200545-4 YES @0.9990 edge +0.09c (need +0.3c) -> no trade
  close 10:00Z: 3105 looks, best was KXBTC15M-26SEP200600-0 NO @0.9990 edge +0.09c (need +0.3c) -> no trade
  SIGNAL KXZEC15M-26SEP200615-15 tau=17s buy YES @0.9260 fair 0.9997 edge +6.89c size 12.00 taking 12
  close 10:15Z: 2328 looks, best was KXZEC15M-26SEP200615-1 YES @0.9260 edge +6.89c (need +0.3c) -> FIRED
  SETTLED KXZEC15M-26SEP200615-15 yes vs yes -> +83.04c (run realised $+10.3273)
  close 10:30Z: 2239 looks, best was KXBTC15M-26SEP200630-3 YES @0.9840 edge +1.47c (need +0.3c) -> no trade
  SIGNAL KXBTC15M-26SEP200645-45 tau=11s buy NO @0.9800 fair 0.0000 edge +1.86c size 4390.11 taking 20
  close 10:45Z: 2167 looks, best was KXBTC15M-26SEP200645-4 NO @0.9800 edge +1.86c (need +0.3c) -> FIRED
  SETTLED KXBTC15M-26SEP200645-45 no vs no -> +37.25c (run realised $+10.6998)
  close 11:00Z: 2397 looks, best was KXSOL15M-26SEP200700-0 NO @0.9840 edge +1.34c (need +0.3c) -> no trade
  SIGNAL KXHYPE15M-26SEP200715-15 tau=30s buy YES @0.9800 fair 1.0000 edge +1.86c size 288.38 taking 20
  close 11:15Z: 3387 looks, best was KXDOGE15M-26SEP200715- YES @0.9790 edge +1.96c (need +0.3c) -> FIRED
  SETTLED KXHYPE15M-26SEP200715-15 yes vs yes -> +37.25c (run realised $+11.0723)
  SIGNAL KXBTC15M-26SEP200730-30 tau=27s buy NO @0.9700 fair 0.0039 edge +2.41c size 1114.28 taking 20
  close 11:30Z: 3051 looks, best was KXBTC15M-26SEP200730-3 NO @0.9700 edge +2.41c (need +0.3c) -> FIRED
  SETTLED KXBTC15M-26SEP200730-30 no vs no -> +55.92c (run realised $+11.6315)
  SIGNAL KXBNB15M-26SEP200745-45 tau=30s buy YES @0.9760 fair 0.9974 edge +1.97c size 28.00 taking 20
  close 11:45Z: 2985 looks, best was KXBNB15M-26SEP200745-4 YES @0.9760 edge +1.97c (need +0.3c) -> FIRED
  SETTLED KXBNB15M-26SEP200745-45 yes vs yes -> +44.72c (run realised $+12.0787)
  close 12:00Z: 3366 looks, best was KXBTC15M-26SEP200800-0 YES @0.9990 edge +0.09c (need +0.3c) -> no trade
  close 12:15Z: 2621 looks, best was KXBTC15M-26SEP200815-1 NO @0.9940 edge +0.56c (need +0.3c) -> no trade
  close 12:30Z: 3168 looks, 3168 decided, 3168 decided-but-nothing-offered, 0 undecided
  SIGNAL KXSOL15M-26SEP200845-45 tau=24s buy YES @0.9790 fair 0.9982 edge +1.78c size 17.00 taking 17
  close 12:45Z: 2156 looks, best was KXSOL15M-26SEP200845-4 YES @0.9790 edge +1.78c (need +0.3c) -> FIRED
  SETTLED KXSOL15M-26SEP200845-45 yes vs yes -> +33.25c (run realised $+12.4112)
  close 13:00Z: 3118 looks, best was KXSOL15M-26SEP200900-0 YES @0.9980 edge +0.19c (need +0.3c) -> no trade
  close 13:15Z: 2871 looks, best was KXNEAR15M-26SEP200915- NO @0.9820 edge +1.19c (need +0.3c) -> no trade
  close 13:30Z: 3228 looks, best was KXHYPE15M-26SEP200930- YES @0.9940 edge +0.56c (need +0.3c) -> no trade
  close 13:45Z: 3050 looks, best was KXBTC15M-26SEP200945-4 YES @0.9830 edge +1.46c (need +0.3c) -> no trade
  close 14:00Z: 3393 looks, best was KXBTC15M-26SEP201000-0 YES @0.9980 edge +0.19c (need +0.3c) -> no trade
  close 14:15Z: 3067 looks, best was KXSOL15M-26SEP201015-1 NO @0.9870 edge +1.17c (need +0.3c) -> no trade
  SIGNAL KXZEC15M-26SEP201030-30 tau=30s buy YES @0.9790 fair 0.9953 edge +1.48c size 83.00 taking 20
  close 14:30Z: 3846 looks, best was KXZEC15M-26SEP201030-3 YES @0.9790 edge +1.48c (need +0.3c) -> FIRED
  SETTLED KXZEC15M-26SEP201030-30 yes vs yes -> +39.12c (run realised $+12.8024)
  close 14:45Z: 4154 looks, best was KXZEC15M-26SEP201045-4 YES @0.9930 edge +0.65c (need +0.3c) -> no trade
  close 15:00Z: 4294 looks, best was KXDOGE15M-26SEP201100- NO @0.9980 edge +0.19c (need +0.3c) -> no trade
  close 15:15Z: 4155 looks, best was KXSOL15M-26SEP201115-1 YES @0.9870 edge +1.19c (need +0.3c) -> no trade
  SIGNAL KXXRP15M-26SEP201130-30 tau=30s buy NO @0.9740 fair 0.0034 edge +2.08c size 87.43 taking 20
  close 15:30Z: 3898 looks, best was KXXRP15M-26SEP201130-3 NO @0.9740 edge +2.08c (need +0.3c) -> FIRED
  SETTLED KXXRP15M-26SEP201130-30 no vs no -> +48.45c (run realised $+13.2869)
  close 15:45Z: 4383 looks, 4383 decided, 4383 decided-but-nothing-offered, 0 undecided
  close 16:00Z: 4347 looks, 4347 decided, 4347 decided-but-nothing-offered, 0 undecided
  close 16:15Z: 4221 looks, 4221 decided, 4221 decided-but-nothing-offered, 0 undecided
  close 16:30Z: 3850 looks, best was KXBTC15M-26SEP201230-3 YES @0.9940 edge +0.56c (need +0.3c) -> no trade
  close 16:45Z: 3779 looks, best was KXZEC15M-26SEP201245-4 YES @0.9980 edge +0.19c (need +0.3c) -> no trade
  close 17:00Z: 3700 looks, best was KXDOGE15M-26SEP201300- NO @0.9970 edge +0.27c (need +0.3c) -> no trade
  close 17:15Z: 3783 looks, best was KXHYPE15M-26SEP201315- NO @0.9890 edge +0.63c (need +0.3c) -> no trade
  SIGNAL KXZEC15M-26SEP201330-30 tau=10s buy NO @0.9750 fair 0.0029 edge +2.04c size 17.92 taking 17.92
  close 17:30Z: 2943 looks, best was KXZEC15M-26SEP201330-3 NO @0.9750 edge +2.04c (need +0.3c) -> FIRED
  SETTLED KXZEC15M-26SEP201330-30 no vs no -> +41.74c (run realised $+13.7043)
  close 17:45Z: 3771 looks, best was KXNEAR15M-26SEP201345- NO @0.9940 edge +0.56c (need +0.3c) -> no trade
  close 18:00Z: 3762 looks, 3762 decided, 3762 decided-but-nothing-offered, 0 undecided
  close 18:15Z: 3393 looks, best was KXETH15M-26SEP201415-1 YES @0.9930 edge +0.61c (need +0.3c) -> no trade
  close 18:30Z: 3870 looks, 3870 decided, 3870 decided-but-nothing-offered, 0 undecided
  close 18:45Z: 3781 looks, best was KXHYPE15M-26SEP201445- YES @0.9960 edge +0.36c (need +0.3c) -> no trade
  SIGNAL KXNEAR15M-26SEP201500-00 tau=25s buy NO @0.9760 fair 0.0019 edge +2.05c size 22.50 taking 20
  close 19:00Z: 3711 looks, best was KXNEAR15M-26SEP201500- NO @0.9760 edge +2.05c (need +0.3c) -> FIRED
  SETTLED KXNEAR15M-26SEP201500-00 no vs no -> +44.72c (run realised $+14.1515)
  close 19:15Z: 4030 looks, best was KXBNB15M-26SEP201515-1 YES @0.9980 edge +0.19c (need +0.3c) -> no trade
  SIGNAL KXSOL15M-26SEP201530-30 tau=16s buy YES @0.9710 fair 0.9960 edge +2.30c size 70.92 taking 20
  close 19:30Z: 2925 looks, best was KXSOL15M-26SEP201530-3 YES @0.9710 edge +2.30c (need +0.3c) -> FIRED
  SETTLED KXSOL15M-26SEP201530-30 yes vs yes -> +54.05c (run realised $+14.6920)
  close 19:45Z: 3901 looks, best was KXZEC15M-26SEP201545-4 YES @0.9850 edge +1.35c (need +0.3c) -> no trade
  SIGNAL KXHYPE15M-26SEP201600-00 tau=29s buy NO @0.9800 fair 0.0046 edge +1.40c size 295.34 taking 20
  close 20:00Z: 3481 looks, best was KXDOGE15M-26SEP201600- NO @0.9800 edge +1.76c (need +0.3c) -> FIRED
  SETTLED KXHYPE15M-26SEP201600-00 no vs no -> +37.25c (run realised $+15.0645)
  close 20:15Z: 3257 looks, best was KXDOGE15M-26SEP201615- NO @0.9870 edge +1.18c (need +0.3c) -> no trade
  close 20:30Z: 3780 looks, best was KXZEC15M-26SEP201630-3 YES @0.9950 edge +0.46c (need +0.3c) -> no trade
  close 20:45Z: 3912 looks, best was KXBNB15M-26SEP201645-4 YES @0.9940 edge +0.56c (need +0.3c) -> no trade
  close 21:00Z: 3750 looks, best was KXBNB15M-26SEP201700-0 NO @0.9940 edge +0.54c (need +0.3c) -> no trade
  close 21:15Z: 3870 looks, 3870 decided, 3870 decided-but-nothing-offered, 0 undecided
  close 21:30Z: 3825 looks, best was KXDOGE15M-26SEP201730- YES @0.9990 edge +0.09c (need +0.3c) -> no trade
  close 21:45Z: 3657 looks, best was KXNEAR15M-26SEP201745- YES @0.9920 edge +0.64c (need +0.3c) -> no trade
  close 22:00Z: 3807 looks, 3807 decided, 3807 decided-but-nothing-offered, 0 undecided
  close 22:15Z: 3825 looks, 3825 decided, 3825 decided-but-nothing-offered, 0 undecided
  close 22:30Z: 3588 looks, best was KXBNB15M-26SEP201830-3 NO @0.9960 edge +0.37c (need +0.3c) -> no trade
  SIGNAL KXBTC15M-26SEP201845-45 tau=14s buy NO @0.9020 fair 0.0025 edge +8.93c size 443.70 taking 20
  close 22:45Z: 2988 looks, best was KXBTC15M-26SEP201845-4 NO @0.9020 edge +8.93c (need +0.3c) -> FIRED
  SETTLED KXBTC15M-26SEP201845-45 no vs no -> +183.62c (run realised $+16.9007)
  SIGNAL KXBNB15M-26SEP201900-00 tau=29s buy NO @0.9430 fair 0.0001 edge +5.32c size 60.00 taking 20
  close 23:00Z: 3442 looks, best was KXBNB15M-26SEP201900-0 NO @0.9430 edge +5.32c (need +0.3c) -> FIRED
  SETTLED KXBNB15M-26SEP201900-00 no vs no -> +106.47c (run realised $+17.9654)
  close 23:15Z: 3527 looks, best was KXBTC15M-26SEP201915-1 NO @0.9910 edge +0.84c (need +0.3c) -> no trade
  SIGNAL KXHYPE15M-26SEP201930-30 tau=27s buy YES @0.9800 fair 0.9961 edge +1.47c size 201.67 taking 20
  SIGNAL KXDOGE15M-26SEP201930-30 tau=24s buy NO @0.9530 fair 0.0002 edge +4.37c size 694.62 taking 20
  close 23:30Z: 698 looks, best was KXDOGE15M-26SEP201930- NO @0.9530 edge +4.37c (need +0.3c) -> FIRED
  SETTLED KXHYPE15M-26SEP201930-30 yes vs yes -> +37.25c (run realised $+18.3379)
  SETTLED KXDOGE15M-26SEP201930-30 no vs no -> +87.72c (run realised $+19.2151)
  close 23:45Z: 3783 looks, best was KXBNB15M-26SEP201945-4 YES @0.9890 edge +1.00c (need +0.3c) -> no trade
  close 00:00Z: 3604 looks, best was KXETH15M-26SEP202000-0 YES @0.9950 edge +0.46c (need +0.3c) -> no trade
  close 00:15Z: 3645 looks, 3645 decided, 3645 decided-but-nothing-offered, 0 undecided
  SIGNAL KXBNB15M-26SEP202030-30 tau=9s buy NO @0.9800 fair 0.0041 edge +1.46c size 134.00 taking 20
  close 00:30Z: 2858 looks, best was KXBNB15M-26SEP202030-3 NO @0.9800 edge +1.46c (need +0.3c) -> FIRED
  SETTLED KXBNB15M-26SEP202030-30 no vs no -> +37.25c (run realised $+19.5876)
  SIGNAL KXETH15M-26SEP202045-45 tau=11s buy YES @0.9430 fair 0.9983 edge +5.16c size 400.00 taking 20
  close 00:45Z: 2893 looks, best was KXETH15M-26SEP202045-4 NO @0.2300 edge +75.68c (need +0.3c) -> FIRED
  SETTLED KXETH15M-26SEP202045-45 yes vs yes -> +106.47c (run realised $+20.6523)
  close 01:00Z: 3186 looks, best was KXETH15M-26SEP202100-0 YES @0.9990 edge +0.09c (need +0.3c) -> no trade
  close 01:15Z: 3438 looks, best was KXDOGE15M-26SEP202115- YES @0.9970 edge +0.28c (need +0.3c) -> no trade
  close 01:30Z: 3024 looks, best was KXDOGE15M-26SEP202130- YES @0.9900 edge +0.79c (need +0.3c) -> no trade
  close 01:45Z: 3312 looks, best was KXDOGE15M-26SEP202145- NO @0.9980 edge +0.19c (need +0.3c) -> no trade
  close 02:00Z: 3447 looks, 3447 decided, 3447 decided-but-nothing-offered, 0 undecided
  close 02:15Z: 3510 looks, best was KXHYPE15M-26SEP202215- YES @0.9980 edge +0.19c (need +0.3c) -> no trade
  close 02:30Z: 3366 looks, 3366 decided, 3366 decided-but-nothing-offered, 0 undecided
  close 02:45Z: 3564 looks, best was KXNEAR15M-26SEP202245- NO @0.9980 edge +0.19c (need +0.3c) -> no trade
  close 03:00Z: 3337 looks, best was KXDOGE15M-26SEP202300- YES @0.9980 edge +0.19c (need +0.3c) -> no trade
  close 03:15Z: 2913 looks, best was KXBTC15M-26SEP202315-1 NO @0.9830 edge +1.58c (need +0.3c) -> no trade
  close 03:30Z: 3672 looks, 3672 decided, 3672 decided-but-nothing-offered, 0 undecided
  SIGNAL KXETH15M-26SEP202345-45 tau=30s buy NO @0.9580 fair 0.0000 edge +3.92c size 10.62 taking 10.62
  SIGNAL KXSOL15M-26SEP202345-45 tau=28s buy NO @0.9500 fair 0.0011 edge +4.56c size 210.00 taking 20
  close 03:45Z: 2784 looks, best was KXSOL15M-26SEP202345-4 NO @0.9500 edge +4.56c (need +0.3c) -> FIRED
  SETTLED KXETH15M-26SEP202345-45 no vs no -> +41.60c (run realised $+21.0683)
  SETTLED KXSOL15M-26SEP202345-45 no vs no -> +93.34c (run realised $+22.0017)
  SIGNAL KXHYPE15M-26SEP210000-00 tau=25s buy YES @0.9710 fair 0.9969 edge +2.39c size 29.00 taking 20
  close 04:00Z: 2738 looks, best was KXHYPE15M-26SEP210000- YES @0.9710 edge +2.39c (need +0.3c) -> FIRED
  SETTLED KXHYPE15M-26SEP210000-00 yes vs yes -> +54.05c (run realised $+22.5422)
  close 04:15Z: 3498 looks, best was KXHYPE15M-26SEP210015- YES @0.9890 edge +1.02c (need +0.3c) -> no trade
  close 04:30Z: 2805 looks, best was KXNEAR15M-26SEP210030- NO @0.9880 edge +1.11c (need +0.3c) -> no trade
  close 04:45Z: 3699 looks, best was KXBNB15M-26SEP210045-4 YES @0.9980 edge +0.19c (need +0.3c) -> no trade
  SIGNAL KXSOL15M-26SEP210100-00 tau=27s buy NO @0.9800 fair 0.0032 edge +1.54c size 17.50 taking 17.5
  close 05:00Z: 2899 looks, best was KXSOL15M-26SEP210100-0 NO @0.9800 edge +1.54c (need +0.3c) -> FIRED
  SETTLED KXSOL15M-26SEP210100-00 no vs no -> +32.59c (run realised $+22.8681)
  close 05:15Z: 3806 looks, best was KXDOGE15M-26SEP210115- NO @0.9990 edge +0.09c (need +0.3c) -> no trade
  close 05:30Z: 3456 looks, 3456 decided, 3456 decided-but-nothing-offered, 0 undecided
