SELF-TEST -- pinrun
  ok   all 60 prints locked at now=close (remaining 0)
  ok   locked sum excludes tick@close and includes tick@close-60 (5900.0, expected 5900.0)
  ok   decided yes on the corrected window (fair 1.0)
  ok   old and new windows genuinely differ on this fixture
  ok   eff_strike(2492.82, d=2) == 2492.815
  ok   rounding-aware fair calls the real ETH market YES (1.0)
  ok   the un-rounded model calls it NO (0.0) -- the -90.91c loss
  ok   the locked window ends at the newest print HELD, not at now (remaining 3, locked 58596.0)
  ok   with the newest print in flight on a rising index the corrected model says YES (fair 1.0000); mean-imputation said NO (fair 0.0000) -- a wrong-side buy at ~99c
  ok   an interior gap takes the nearest print (6899.0, expected 6899.0; the window-mean rule would say 6914.2)
  ok   partial refuses a window missing more than 5% of its prints
  ok   buying YES at 98.3c and NO at 90.8c on ONE market pays 189.1c for a guaranteed $1.00 -- a locked 89.1c loss carrying NO directional risk
  ok   and EVERY price the rule can pay is above 50c, so a both-sides pair is ALWAYS a locked loss -- there is no price at which it is not
  ok   the side taken is recorded PER TICKER, so a second market is unaffected -- the guard must not block ordinary diversification
  ok   three losing trades on ONE close plus one on another is TWO losing closes, not four (2) -- tonight three fills on one NEAR market spent the whole 3-loss budget on a SINGLE draw
  ok   so one bad close can no longer exhaust a 3-close brake by itself, which is what 'three losses is roughly a 1% event' actually assumed
  ok   two fills on the SAME ticker occupy TWO entries -- keyed by order id, the second cannot overwrite the first
  ok   and open exposure is the SUM of both stakes ($36.82), not just the last
  ok   releasing ONE of them leaves the ticker still referenced, so the position record must NOT be dropped yet
  ok   and only when the last one goes is the ticker free -- the null, so a release cannot fire early
  ok   and NOTHING in the loop still keys open_pos by ticker
  ok   attempts (24) are capped ABOVE fills (2) -- separate budgets, because a lost race should cost a retry but not a fill slot
  ok   spam into ONE market is capped at 3 orders -- this is the bar that replaced `MAX_ATTEMPTS_PER_CLOSE < 20`, and it is tighter than that one was for the runaway it was written for
  ok   and the close cap is still bounded -- every coin twice plus a little (24), not unlimited
  ok   the attempt cap is actually READ in the loop, not merely defined
  ok   and so is the per-market cap -- a safety bar that is defined but never read is the exact defect risk_abort was once caught with
  ok   and it is incremented on every send, or it can never bind
  ok   and an attempt is counted BEFORE the order is sent, so a send that never returns still consumes one
  ok   a RETURNED refusal is counted as an order error -- take() does not raise, so nothing noticed 160 refusals in a row
  ok   pintake's own count rail is below its hard ceiling (10 <= 25)
  pintake rails raised: MAX_TAKE_COUNT 10 -> 15  (selftest)
  ok   set_limits RAISES the count rail so it can never be the thing that silently blocks a bigger size again
  ok   and it REFUSES to lower it
  ok   the fixture buys exactly MAX_PER_CLOSE times (2)
  ok   and every later buy is at least IMPROVE_BY cheaper -- so the marginal trade cap 3 adds is the CHEAPEST of the close, which is why it cannot degrade the average price paid
  ok   three fills commit $38.80, the sum of their stakes, not three times the first
  ok   and that is at or below the $40 worst case the deployment rail sizes the brake against -- the rail is conservative, as it must be
  ok   and releasing all three gives back EXACTLY what was committed
  ok   the forward loss bound tolerates all three open ($38.80 vs a $-90.00 brake)
  ok   --max-positions equal to the cap (2) REFUSES the last fill once a straggler is still open, which is why it must be at least MAX_PER_CLOSE + 1 (position cap: 2 open >= 2)
  ok   2 losses does NOT halt a run whose brake is 3
  ok   3 losses DOES halt it, on COUNT and not on dollars (loss COUNT brake: 3 losing trades this run >= 3; stop and re-measure the flip rate)
  ok   and max_losses=0 DISABLES it -- the null, so the brake cannot fire on a run that never asked for it
  ok   MIN_FILL_FRAC is a fraction (0.5)
  ok   a deep book fills the whole size we asked for
  ok   a 7-contract offer at size 10 is TAKEN as a partial, not thrown away -- the old dust gate refused it outright
  ok   at the DECLARED floor of half, a 4-contract scrap at size 10 is refused -- the behaviour AMENDMENT 6 shipped
  ok   and at a floor of 0.10 the same scrap is TAKEN, which is what AMENDMENT 28 puts in a what-if: the same bet at the same gate, on fewer contracts
  ok   sub-contract dust is refused at EVERY floor -- MIN_LEVEL is the backstop and --min-fill-frac cannot get underneath it
  ok   a partial can only ever LOWER the contracts bought, never raise them, so this amendment cannot increase exposure
  ok   a filled buy books a slot and sets the improve bar
  ok   a second fill books the second slot and LOWERS the bar to the better price
  ok   and 2 FILLS still exhaust the close -- max exposure is UNCHANGED by this amendment, only wasted attempts are recovered
  ok   a market that already filled 1x is refused a repeat -- this is what turned one bad NEAR close into -$52.60
  ok   but a DIFFERENT market on the same close is still allowed, because MAX_PER_CLOSE governs that and rho ~ 0.8 is not rho = 1
  ok   and the first fill of a close is never blocked
  ok   one market can never stake more than the whole close is allowed to
  ok   A13 does not change the worst CLOSE ($2.00); it changes how much of it one market may be -- $1.00 instead of all of it
  ok   STRUCTURAL: the live slot is booked AFTER the order returns, so a zero-fill cannot burn it
  ok   and it is booked only inside the filled>0 branch
  ok   STRUCTURAL: the slot is booked only when the FILL is at least half our size; a scrap keeps its position and spends no slot
  ok   and a scrap is recorded, not silent
  ok   under CLOSE_BUDGET a scrap must book its CONTRACTS -- they are real exposure however small -- while still not raising the improve bar, which is the only thing A12's exemption was actually protecting
  ok   STRUCTURAL: scraps ACCUMULATE and spend a slot once they add up to a real fill -- without this, 8 scraps of 9.99 would double the worst-case close from $39.20 to $78.32
  ok   eight 0.02-contract crumbs spend NO slot (0.16 of 10) -- the case A12 exists for
  ok   scraps of 9.99: at most 39.96 contracts fill in one close, against the intended 40 -- bounded
  ok   scraps of 5: at most 20.00 contracts fill in one close, against the intended 40 -- bounded
  ok   scraps of 2: at most 20.00 contracts fill in one close, against the intended 40 -- bounded
  ok   scraps of 0.5: at most 20.00 contracts fill in one close, against the intended 40 -- bounded
  ok   within the 24-attempt cap, 0.02 crumbs spend no slot at all -- the case A12 exists for
  ok   while near-full scraps exhaust the slots inside the same cap
  ok   at size 20 the real-fill line is 10: the 2.0 and 0.02 fills of 2026-09-11 07:00 ET are scraps, a 10 is a fill
  ok   take() is called with take_n, the contracts actually available, not the raw SIZE
  ok   an EMPTY close reports NO depth rather than a zero -- a close where nothing was offered must not look like a close offering 0 contracts
  ok   depth percentiles come back sorted (median 30.0)
  ok   the size ladder counts moments that SURVIVE each size (4 at 5, 2 at 125)
  ok   at size 1 every offered moment survives -- the ladder's own null
  ok   a single 7-contract offer survives at size 5 but NOT at size 10, which is exactly the opportunity cost of scaling
  ok   EV is ~zero exactly at p = 1 - flip = 0.9910 (got -0.070c)
  ok   a trade at 99.6c is NEGATIVE EV (-0.53c) -- matches the 2026-09-08 live trades
  ok   a trade at 99.3c is NEGATIVE EV (-0.25c) -- matches the 2026-09-08 live trades
  ok   a trade at 99.2c is NEGATIVE EV (-0.16c) -- matches the 2026-09-08 live trades
  ok   a trade at 99.1c is NEGATIVE EV (-0.07c) -- matches the 2026-09-08 live trades
  ok   a trade at 97.9c is positive EV (+1.05c) -- matches the 2026-09-08 live trades
  ok   a trade at 94.7c is positive EV (+4.04c) -- matches the 2026-09-08 live trades
  ok   the EV floor puts the price ceiling between 98c and 99c
  ok   a higher flip rate makes even 95c negative (the gate tracks f)
  ok   net edge subtracts the taker fee (0.430c at p=0.99)
  ok   billed fee at p=0.95 is $0.0034, not the raw $0.003325 (0.0034)
  ok   the billed fee is never below the raw formula (conservative)
  ok   the billed fee on 0.01 contracts is the $0.0001 floor (0.0001)
  ok   at --size 0.01 a 0.9c gross edge is NEGATIVE once the order's own fee is charged (-0.100c), where the one-contract fee would have called it +0.83c
  ok   edge sign behaves at the boundary
  ok   NO-side edge is (1-fair) - price - fee
  ok   YES take is a bid at the seen price (bid 0.9910)
  ok   NO take at 0.989 is an ask at 0.0110 = the yes bid we hit (ask 0.0110)
  ok   a NO take at 0.989 costs $0.989, not $0.011 ($0.9890)
  ok   both bodies have post_only False -- pin must cross, never rest
  ok   tif never rests (immediate_or_cancel)
  ok   stale index reports its age (31s)
  ok   on_frame parses a real cfbenchmarks_value frame
  ok   junk and off-channel frames are counted, not fatal
  ok   pintake ledger has the key the abort reads: 'halt'
  ok   pintake ledger has the key the abort reads: 'realised'
  ok   pintake ledger has the key the abort reads: 'committed'
  ok   pintake ledger has the key the abort reads: 'positions'
  ok   every ledger key the abort reads exists (['committed', 'halt', 'losses', 'positions', 'realised'])
  ok   abort fires on realised -3.00 vs limit -2.00 (loss abort: realised $-3.00 <= $-2.00)
  ok   abort fires at the stake cap (stake cap reached: $60.00 committed)
  ok   abort fires on a pintake halt (pintake halted: unknown order state)
  ok   PAUSE (clears when positions settle): position cap: 3 open >= 3
  ok   PAUSE (clears when positions settle): loss bound: realised $+0.78 with $40.89 still 
  ok   PAUSE (clears when positions settle): stake cap reached: $60.00 committed
  ok   HALT (needs a human): already halted
  ok   HALT (needs a human): pintake halted: unknown order state
  ok   HALT (needs a human): loss abort: realised $-61.00 <= $-60.00
  ok   HALT (needs a human): loss COUNT brake: 3 losing trades this run >= 
  ok   HALT (needs a human): 2 errors on the ORDER path
  ok   HALT (needs a human): 5 consecutive errors
  ok   no halt at all is not a transient halt
  ok   the 02:00 halt that cost 23 minutes would now PAUSE
  ok   and so would the 03:29 one
  ok   the pause branch never sets state['halted'] -- that would be a terminal answer to a temporary question
  ok   and it continues the loop, so reconcile() keeps releasing the positions it is waiting on
  ok   before any hedge fill, the amount to hedge is the full original size, read from open_pos
  ok   AFTER a partial hedge fill, open_pos['orig'] is UNCHANGED -- still 11.0, the true size reconcile() must settle and feed to the loss brake, not the 10.0 the old code would have written there
  ok   the REMAINING-TO-HEDGE tracker, separately, correctly says 10 left
  ok   the second attempt reads the remaining amount (10), not the original (11) and not a re-read of a shrunk open_pos
  ok   once the remaining amount is fully filled, the tracker is cleared
  ok   and open_pos still reads 11.0 at the end -- reconcile() settles the true position size no matter how many hedge attempts it took
  ok   the live event hid $0.9646 of real loss from the ledger the loss-abort brake reads -- small tonight, same mechanism the brake depends on
  ok   belief below the 0.80 gate fires the hedge
  ok   belief at or above the gate does not
  ok   no belief at all never fires -- a missing number is not a collapse
  ok   and the threshold is a parameter, so the holdout can sweep it
  ok   the real NEAR tau16 collapse (40.6%) fires
  ok   the real BNB tau24 collapse (46.3%) fires
  ok   the real SOL-08:00 tau15 collapse (0.1%) fires
  ok   and the SOL-08:00 tau-16 reading (83.7%) does NOT fire at 0.80 -- the alarm comes one second later on that collapse, by design
  ok   and the SOL-08:00 ENTRY belief (99.76%) does not -- we hedge the collapse, not the buy
  ok   hedging 96c NO with 35c YES pays 131c for $1 -- a 31c loss that BEATS the 96c from holding: allowed
  ok   65c and 99c legs are allowed too -- any ask under $1 shrinks the loss
  ok   a $1.00 leg locks exactly the unhedged loss: REFUSED, and the fee makes it worse
  ok   zero and negative asks are not prices
  ok   garbage inputs refuse rather than pass
  ok   the EV diagnostic reads (1-belief)-ask: +5c when the market lags the collapse, -5c when we pay for variance reduction
  ok   NEAR hedged at 35c locks -$6.24 on 20 contracts instead of -$19.24
  ok   BNB hedged at 55c locks -$9.80 instead of -$18.80
  ok   at entry 0.900: a $1.00 leg locks exactly the unhedged loss and is refused; a 99c leg locks less and is allowed
  ok   at entry 0.960: a $1.00 leg locks exactly the unhedged loss and is refused; a 99c leg locks less and is allowed
  ok   at entry 0.979: a $1.00 leg locks exactly the unhedged loss and is refused; a 99c leg locks less and is allowed
  ok   the hedge pass never calls _book_slot -- so A8 still blocks any later ENTRY on the opposite side
  ok   and it calls hedge_ask_ok before every order
  ok   and places the hedge through the same take() path as every fill
  ok   every alarm, missing ask and refusal is recorded -- silence is not an outcome
  ok   retries are paced to ONE PER SECOND -- the first live alarm burned all five in ~250 ms and gave up inside the alarm second
  ok   retries are bounded (5) -- a runaway on the hedge path would be the 160-order incident again
  ok   abort fires FORWARD: $1.20 open plus one more contract would pass -$2.00 (loss bound: realised $+0.00 with $1.20 still open; one more contract could take this run past $-2.00)
  ok   $0.90 open still leaves room for one more contract (None)
  ok   abort fires on order-path errors, which the universe pass cannot reset (2 errors on the ORDER path)
  ok   a settled position releases its FULL stake at size 1 (committed 0.0000, was 0.9750)
  ok   a settled position releases its FULL stake at size 5 (committed 0.0000, was 4.8750)
  ok   a settled position releases its FULL stake at size 8 (committed 0.0000, was 7.8000)
  ok   a settled position releases its FULL stake at size 10 (committed 0.0000, was 9.7500)
  ok   a settled position releases its FULL stake at size 25 (committed 0.0000, was 24.3750)
  ok   and releasing only ONE contract at size 5 LEAKS $3.9000 -- the bug this test now catches, stated as a positive so it cannot pass vacuously
  ok   P&L is booked to realised, which the abort reads
  ok   every exit path releases the stake -- finalized, both give-ups, and the definition (4 references)
  ok   pintake ships a size-1 loss abort of $-2.00
  ok   ONE ordinary loss at size 5 is $-4.88, which is past that default -- so an unraised order path dies on the first loss
  pintake rails raised: LOSS_ABORT $-2.00 -> $-30.00  (selftest)
  ok   set_limits LOOSENS the order-path brake to match the run's own
  ok   and it REFUSES to tighten -- a hidden brake tighter than the operator's is not a brake, it is an outage
  ok   risk_abort() runs before the first `continue` in the loop
  ok   no direct send path in this file (found [])
  ok   take() is called with the market's exchange_index, not the default 0
  ok   exchange_index is read from the market record in the universe pass
  ok   zrough is ~1.0 on a feed whose roughness never changes (got 0.98)
  ok   a calm board reads X~0.92 with 0 coins moving
  ok   coin A's OWN volatility spike leaves A's cross index EXACTLY unchanged -- otherwise this is the refuted own-sigma filter under a new name
  ok   but A's OWN roughness does spike (10.9 vs 0.98)
  ok   and B DOES see it: X 0.92 -> 2.34, 1 coin(s) moving
  ok   tick retention (4000) covers the 3600s baseline the ratio is divided by
  ok   a revised print does not change how many seconds we hold, so (newest, count) alone cannot detect it
  ok   and it STILL busts the cache -- a revised print must not be served stale from a conditions read
  ok   while an identical duplicate does NOT bust it -- otherwise every repeated frame recomputes a 3600-second window on the order path
  ok   and the signal record actually carries the conditions columns
  ok   a 15c discount is >10x the 0.3c edge floor, so the honest edge can never trip it
  ok   XRP 04:59Z (fair 1.0, filled 82c, 18c disc, LOST -$16.61) refused
  ok   DOGE 22:14Z (fair 0.0, filled 10c, 90c disc, LOST -$2.12) refused
  ok   SOL 2026-09-11 12:30Z (99.508% sure, filled 59.1c, 40.4c disc, LOST -$12.16) IS refused now -- the 0.999 condition let it through
  ok   NEAR 09-09 (99.827% sure, 73c, 26.8c disc, LOST -$14.13) refused
  ok   BNB 89c (10.7c disc, WON +$2.06) is NOT refused -- the 5-15c band went 24-0 for +$32.20 and refusing it was the guard's worst error
  ok   SOL 91.9c (8.1c disc, WON) passes
  ok   a certainty at 97.8c (2.2c discount, WON) passes -- the normal edge
  ok   and a boundary fill at the ceiling passes untouched
  ok   the guard is wired into the trade loop and counted in the near-miss record, so refusals are visible rather than silent
  ok   AMENDMENT 10b: the guard is ON by operator decision (undeterminable EV, owner chose fewer losses); would-be outcomes are recorded
  ok   every refusal writes ONE `dumped` record per (close, market) with side, price, fair and tau, so the would-be P&L can be resolved later
  ok   and the record is written before the enable check, whether or not the trade is refused
  ok   and the count happens BEFORE the enable check, so the class is recorded whether or not it is refused
  ok   worst_close_cost(20) must be MAX_PER_CLOSE*20*PRICE_CEILING = 39.2, got 39.2
  ok   worst_close_cost must be EXACTLY linear in size -- that is the whole reason it replaced a sampled maximum, which was not
  ok   $192.15 / $5.88 (BANK_BRAKE 3.0 x MAX_PER_CLOSE 2 x ceiling 0.98) = 32, got 32
  ok   an empty or unreadable bank must fall to the floor, never to 0
  ok   the cap must bind, got 250
  ok   size_for_bank fell from -1 to 1 at bank $10 -- more money can never permit less
  ok   size_for_bank fell from 1 to 8 at bank $50 -- more money can never permit less
  ok   size_for_bank fell from 8 to 17 at bank $100 -- more money can never permit less
  ok   size_for_bank fell from 17 to 34 at bank $200 -- more money can never permit less
  ok   size_for_bank fell from 34 to 68 at bank $400 -- more money can never permit less
  ok   size_for_bank fell from 68 to 136 at bank $800 -- more money can never permit less
  ok   size_for_bank fell from 136 to 250 at bank $1600 -- more money can never permit less
  ok   a harsher brake must give a SMALLER size
  ok   cents and dollars agreeing must read $192.152, got 192.152
  ok   balance WITHOUT balance_dollars must be refused, not divided by 100 on faith -- the unit is read, never inferred
  ok   cents and dollars DISAGREEING must be refused; this is the 19215-read-as-dollars failure, which asks for size 6535
  ok   a non-200 must read as unknown
  ok   no credentials (paper mode) must read as unknown, never 0
  pintake rails raised: HARD_MAX 25 -> 90; MAX_TAKE_COUNT 10 -> 60; LOSS_ABORT $-2.00 -> $-240.00; MAX_RUN_STAKE $60.00 -> $370.00  (auto-size 1 -> 60: selftest)
  ok   apply_size must set SIZE, got 60.0 (size 1 -> 60 (selftest); abort $-240.00, stake cap $370.00, take count 60)
  ok   MAX_TAKE_COUNT must reach the new size or every order is refused in silence, got 60.0
  ok   MAX_RUN_STAKE must cover 3 worst closes at the new size, got 370.0
  ok   loss_abort -240.0 must land inside main()'s own [-480.0, -180.0] band, or the run halts on its first trade
  ok   a rail must NEVER move while a position is open
  pintake rails raised: HARD_MAX 25 -> 48; MAX_TAKE_COUNT 10 -> 32; LOSS_ABORT $-2.00 -> $-128.00; MAX_RUN_STAKE $60.00 -> $202.00  (auto-size 20 -> 32: bank $192.15)
  ok   with AUTO_SIZE_STEP_UP=None the bot goes STRAIGHT to the size the bank supports (32), got 32.0
  ok   a second adjustment inside AUTO_SIZE_EVERY_S must be refused
  pintake rails raised: MAX_TAKE_COUNT 32 -> 32; LOSS_ABORT $-128.00 -> $-128.00; MAX_RUN_STAKE $202.00 -> $202.00  (auto-size 20 -> 30: bank $192.15)
  ok   with damping at 1.5 the first step is 20 -> 30, got 30.0
  pintake rails raised: MAX_TAKE_COUNT 32 -> 32; LOSS_ABORT $-128.00 -> $-128.00; MAX_RUN_STAKE $202.00 -> $202.00  (auto-size 60 -> 5: bank $30.00)
  ok   a FALL is immediate and undamped -- $30 supports 5, got 5.0
  ok   an unreadable bank must leave SIZE exactly where it was
  ok   --no-auto-size must pin SIZE to --size
  pintake rails raised: HARD_MAX 48 -> 375; MAX_TAKE_COUNT 32 -> 250; LOSS_ABORT $-128.00 -> $-1000.00; MAX_RUN_STAKE $202.00 -> $1510.00  (auto-size 20 -> 250: bank $1000000.00)
  ok   a PAPER arm auto-sizes exactly as live does, or its dollars cannot be compared with live's and the arm is worthless
  ok   and --no-auto-size still pins it, in paper as in live
  pintake rails raised: MAX_TAKE_COUNT 250 -> 250; LOSS_ABORT $-1000.00 -> $-1000.00; MAX_RUN_STAKE $1510.00 -> $1510.00  (auto-size 1 -> 120: loosen the rails first)
  pintake rails raised: MAX_TAKE_COUNT 250 -> 250; LOSS_ABORT $-1000.00 -> $-1000.00; MAX_RUN_STAKE $1510.00 -> $1510.00  (auto-size 120 -> 10: bank $60.00)
  ok   after the rails were loosened for size 120, a $60 bank must still shrink SIZE to 10, got 10.0
  ok   and the brake must stay at its loosest high-water mark, not be tightened on the way down, got -1000.0
  ok   the DECLARED default improve scope is 'close' -- A22 is reached only through --improve-scope (running now with 'close')
  ok   a _DEFAULT_SIGMA_RULER exists to assert against, so its guard can never become a refusal to start
  ok   and nothing asserts `SIGMA_RULER ==` against a LITERAL -- that shape has stopped this bot from starting four times today, once per flag added ([])
  ok   a _DEFAULT_IMPROVE_SCOPE exists to assert against, so its guard can never become a refusal to start
  ok   and nothing asserts `IMPROVE_SCOPE ==` against a LITERAL -- that shape has stopped this bot from starting four times today, once per flag added ([])
  ok   a _DEFAULT_HONEST_CONF exists to assert against, so its guard can never become a refusal to start
  ok   and nothing asserts `HONEST_CONF ==` against a LITERAL -- that shape has stopped this bot from starting four times today, once per flag added ([])
  ok   a _DEFAULT_PIN exists to assert against, so its guard can never become a refusal to start
  ok   and nothing asserts `PIN ==` against a LITERAL -- that shape has stopped this bot from starting four times today, once per flag added ([])
  ok   a _DEFAULT_MAX_PER_MARKET exists to assert against, so its guard can never become a refusal to start
  ok   and nothing asserts `MAX_PER_MARKET ==` against a LITERAL -- that shape has stopped this bot from starting four times today, once per flag added ([])
  ok   a _DEFAULT_IMPROVE_MAX exists to assert against, so its guard can never become a refusal to start
  ok   and nothing asserts `IMPROVE_MAX ==` against a LITERAL -- that shape has stopped this bot from starting four times today, once per flag added ([])
  ok   a _DEFAULT_PICK exists to assert against, so its guard can never become a refusal to start
  ok   and nothing asserts `PICK ==` against a LITERAL -- that shape has stopped this bot from starting four times today, once per flag added ([])
  ok   a _DEFAULT_MIN_FILL_FRAC exists to assert against, so its guard can never become a refusal to start
  ok   and nothing asserts `MIN_FILL_FRAC ==` against a LITERAL -- that shape has stopped this bot from starting four times today, once per flag added ([])
  ok   the DECLARED default MAX_PER_MARKET is 1 (AMENDMENT 13), which is WHY the improve-by rule is obsolete: the same-market re-buy it was written to stop is already impossible by default (running now with 1)
  ok   under scope 'close' a second coin at 0.977 IS refused after a fill at 0.980, because 0.977 is not below 0.975 -- this is the live 19:15Z refusal, reproduced from the constants
  ok   the trade loop branches on IMPROVE_SCOPE, so scope 'market' really does skip the refusal rather than merely being accepted as a flag
  ok   the close budget is CONTRACTS (94), so two coins at 47 is the same worst case as one coin at 94 -- A22 changes which markets are bought, never how much can be lost
  ok   the DECLARED default IMPROVE_MAX is 1.0c (running now with 0.0100)
  ok   the band has width: at most 0.010 cheaper is above at least 0.005 cheaper, so some second buy can qualify
  ok   with nothing yet bought in the close there is no re-buy to judge
  ok   a DIFFERENT market is not a re-buy -- AMENDMENT 22 governs that, and A23 must not quietly re-impose a cross-market bar
  ok   0.2c cheaper is refused: AMENDMENT 3's floor still binds
  ok   0.5c cheaper is allowed -- exactly IMPROVE_BY, the edge of the band, which is where an off-by-one would hide
  ok   1.0c cheaper is allowed -- exactly IMPROVE_MAX, the other edge
  ok   1.1c cheaper is REFUSED. THIS IS THE WHOLE AMENDMENT: measured over 398 markets that offered a second buy, 0.5-1c cheaper lost 0.70% and paid +3.08c/contract, while 5-10c cheaper lost 26.09% and cost -11.45c. Break-even is 3.58%.
  ok   and a 66c collapse is refused rather than treated as a bargain
  ok   holding 5 of the 50 we wanted, MORE AT THE SAME PRICE is taken. A3's improve rule was written against 'doubling the risk without lowering the average paid', which describes a FULL position, not one that is 10% filled -- this is finishing the order, not scaling in
  ok   and a top-up at a slightly WORSE price is still taken, because every other gate -- ceiling, edge, expected value, dump guard -- has already passed on it at that price
  ok   but once the full 50 are held, the same price is refused again -- the band is back in force the moment the position is complete
  ok   and 'full' is measured against the size we are RUNNING, not a literal: those same 5 contracts ARE a complete position at size 5, so the band applies and the same price is refused
  ok   the loop passes the RUNNING size, or every position looks unfinished and the band never applies at all
  ok   and a fill adds its CONTRACTS to the per-market count, which is the only input that separates a top-up from a scale-in
  ok   the band is measured against the cheapest price paid in THIS market (0.950), not against the close's overall best (0.940) -- the latter would compare a BTC re-buy to a price paid on ETH
  ok   and the trade loop actually calls rebuy_ok, so the band is live logic rather than a function nothing reaches
  ok   a fill records the price paid per market, which is the input the band needs -- without it rebuy_ok silently allows everything
  ok   the DECLARED depth floor is half of SIZE (running 0.50)
  ok   and the running floor is never ABOVE the declared default -- this flag exists to LOWER it; raising it cuts trading and needs a code change and a version entry, not a flag (running 0.500)
  ok   and it is refused on --live: A6's measurement against a lower floor predates the contract budget (A17) and the scrap exemption (A12), so it has to be re-measured before it ships
  ok   taking min(SIZE, offered) on a 7-contract book buys 7, not 50 -- a smaller fill can only LOWER exposure, never raise it, which is why lowering the floor cannot raise the loss rate
  ok   the liveness test says THIS process is alive -- if it cannot see itself it can see nothing, and the guard is decorative
  ok   and asking twice more does not kill it -- os.kill(pid, 0) on Windows TERMINATES rather than tests, which is why this function uses OpenProcess(SYNCHRONIZE) there and never os.kill
  ok   and the Windows branch is taken BEFORE os.kill is ever reached
  ok   and a nonsense pid is not alive
  ok   a pid that is not running reads as dead (999999), so a stale pid file from a crashed run does not lock the bot out permanently
  ok   a pid file belonging to ANOTHER process is never deleted -- deleting it would let a third bot start behind the second
  ok   and our own is cleared on exit, so the next restart is not blocked by a file we left behind
  ok   and main() actually refuses a second LIVE start rather than merely warning -- on 2026-09-14 two live bots traded the same account for 24 minutes because a shell script's process lookup came back empty and it started a second one anyway
  ok   no CODE in this file reads a process command line to decide anything. Windows returns that field EMPTY to a caller which cannot open the process, and a guard that silently sees nothing is how two live bots ended up on one account
  ok   the DECLARED per-market attempt cap is 3 (running 3)
  ok   the per-CLOSE attempt cap is at least 24 -- twelve coins settle on the same second, so a cap of 8 could not try them all once and the bot could run out of attempts before reaching a market whose ask was still there (running 24)
  ok   and the close cap leaves room for more than two markets to be tried to their own limit, or the per-market cap is decorative
  ok   the 2026-09-08 runaway -- 160 orders into ONE market in one second -- now sends 3, not 160 and not 8. The per-market cap stops it at its actual source.
  ok   and with every one of twelve coins offering something, all twelve are reached (12) -- under the old cap of 8 the last four could never be tried, which is exactly 'if that one is sold out keep checking the others'
  ok   the scan loop contains no shallow `break`, so an order on one market is always followed by the next market in the pass -- and since AMENDMENT 24 sorted the pass, the next market is the next best one
  ok   every _gate() call is followed by a `continue` within 12 lines, so a gate can only ever record a refusal it actually made ([])
  ok   no gate name is used at two different places -- a duplicated name silently merges two unrelated refusals into one row ([])
  ok   at least fifteen decision points are instrumented, got 19: ['attempts_cap', 'book_stale', 'book_suspect', 'both_sides', 'close_budget', 'confidence', 'depth_floor', 'dump_guard', 'edge_floor', 'ev_floor', 'improve_by', 'index_stale', 'market_attempts', 'max_per_close', 'max_per_market', 'no_offer', 'no_sigma', 'price_ceiling', 'rebuy_band']
  ok   research/pinattrib.py names every instrumented gate, so none is silently missing from the report ([])
  ok   a gate is recorded ONCE per (close, market) -- the loop runs at 20Hz over every watched market and one close produced 4,446 looks on 2026-09-13, so one line per look would swamp the log the settlement reader shares
  ok   the DECLARED default scan order is 'first' -- A24 is a measured improvement that has not yet been through a what-if, so it must be opt-in (running now with 'first')
  ok   the scan visits the biggest previous-pass edge first (B 4.0c, C 2.5c, A 1.0c), got ['B', 'C', 'A', 'D', 'E']
  ok   and a market with NO edge yet (E) or an edge left over from ANOTHER close (D, whose 90c edge was measured on close 1800) sorts last rather than jumping the queue -- a stale edge from a settled close would otherwise dominate every pass
  ok   the loop records each pass's edge, which is the only input the ordering has
  ok   and it really re-orders the scan rather than accepting the flag and ignoring it
  ok   the sort happens BEFORE the scan it orders
  ok   the DECLARED default PIN is 0.995 (running now with 0.9950)
  ok   and the running PIN is never ABOVE the declared default -- a tighter gate is the change that silently halves the trade count, so it needs a code change and a version entry, not a flag (running 0.9950)
  ok   --pin moves the gate
  ok   a decision at z=2.40 clears 0.990 (0.99180) ...
  ok   ... and does NOT clear 0.995 (0.99180) -- the flag is the whole difference between a trade and no trade
  ok   the DECLARED default ruler is 'live' -- AMENDMENT 20 is a model change and may only be reached through --sigma-ruler, against the bar in results/PREREG_ruler.md (running now with 'live')
  ok   both rulers measure on the same series
  ok   after a quiet patch the HOUR reads wider than the five minutes (11.7361 vs 0.0000) -- which is the whole finding
  ok   'live' reproduces the 300s ruler exactly, bit for bit
  ok   'max3600' is never shorter than either input (11.7361)
  ok   '1800' reads wider than the live ruler here (11.1822)
  ok   'maxdown' returns a positive ruler (42.4264)
  ok   a series that only ever rises has NO down moves, so the downside estimator refuses rather than returning zero
  ok   and sigma() falls back to the two-sided ruler there -- a None would skip the market silently, indistinguishable from a thin book
  ok   and the ruler is put back to 'live'
  ok   the DECLARED default for honest confidence is OFF -- AMENDMENT 19 is a threshold change and may only be reached through --honest, against the bar in results/PREREG_honest.md (running now with False)
  ok   honest_tail reads a grid point exactly
  ok   and interpolates between two (0.0350)
  ok   and BEYOND the table it holds the last measured value rather than extrapolating to zero -- claiming a tail we never observed is the exact failure this amendment exists to fix
  ok   and below the table it holds the first
  ok   with --honest, conf_of reads the TABLE (0.95 at z=2)
  ok   which is STRICTLY LESS SURE than the Gaussian (0.9500 < 0.9772) -- this amendment can only ever tighten
  ok   and with it off, conf_of IS the Gaussian, bit for bit
  ok   fair() returns conf_of(z), not ND.cdf(z)
  ok   and in the working code ND.cdf appears ONLY inside conf_of -- no gate can read a different distribution from the one fair() uses (offenders: [])
  ok   a missing table loads as None, so main() can refuse rather than silently running a Gaussian under an honest label
  ok   the sweep limit is never BELOW the ask we saw (0.98 >= 0.952)
  ok   and never above PRICE_CEILING (0.98 <= 0.98)
  ok   at the limit the model edge still clears the floor (1.840c >= 0.300c)
  ok   and the measured-flip EV still clears its floor (0.960c >= 0.300c)
  ok   and it is the HIGHEST such price -- one tick more fails the ceiling, the edge floor or the EV floor
  ok   with no headroom the limit IS the ask -- the sweep invents none
  ok   the NO side sweeps on (1-fair), not fair (0.98)
  ok   --no-sweep makes the limit exactly the ask we saw, which is the behaviour every live fill before 2026-09-13 had
  ok   the live order path computes the sweep limit
  ok   and computes it BEFORE the order is sent
  ok   and pintake.take() is handed the LIMIT, never the ask we saw -- if this ever reverts, a lost race silently buys nothing again
  ok   and both prices are logged, so PREREG_sweep.md's bar is scorable
  ok   budget must be MAX_PER_CLOSE x SIZE = 136.0, got 136.0
  ok   budget x ceiling must equal worst_close_cost -- if these ever disagree, the --loss-abort band, pintake's stake cap and pinbank are all sized against a different bet than the one being placed
  ok   close_budget(size) must honour an explicit size
  ok   the per-close cap must read CONTRACTS, not the fill count
  ok   and `contracts` must come from the close's own record
  ok   and the old fill-count cap must survive behind CLOSE_BUDGET so the rule can be reverted without an edit
  ok   STRUCTURAL: take_n is trimmed to the remaining budget only AFTER the MIN_FILL_FRAC floor has been tested against the FULL size -- trimming first would relax the floor to the remainder
  ok   and the remainder is measured against close_budget()
  ok   the trim (line 881) must happen before the order is sent (line 1024), not after
  ok   the signal record must carry the resting age of the level we hit
  ok   and it must read the OPPOSITE side -- buying YES at p hits the NO bid at 1-p, and reading our own side would measure a level we are not trading against
  ok   at the complementary price, not at the price we pay
  ok   NOTHING may branch on the quote age yet ('if _lvl_age' found). The slices in RESULTS_select.md were chosen after seeing the tape and need a pre-registered live bar first; a filter deployed from them would be tuned on its own evidence.
  ok   NOTHING may branch on the quote age yet ('_lvl_age <' found). The slices in RESULTS_select.md were chosen after seeing the tape and need a pre-registered live bar first; a filter deployed from them would be tuned on its own evidence.
  ok   NOTHING may branch on the quote age yet ('_lvl_age >' found). The slices in RESULTS_select.md were chosen after seeing the tape and need a pre-registered live bar first; a filter deployed from them would be tuned on its own evidence.
  ok   NOTHING may branch on the quote age yet ('_lvl_age is not None and' found). The slices in RESULTS_select.md were chosen after seeing the tape and need a pre-registered live bar first; a filter deployed from them would be tuned on its own evidence.
  ok   livebook must expose level_age_ms
  ok   autosize_tick must be called in the trade loop
  ok   and it must come AFTER reconcile(), which is what drains open_pos of settled positions
  ok   and BEFORE risk_abort, so the loss bound is evaluated against the size we are about to trade, not the previous one
SELF-TEST PASSED
  MODE PAPER   tau<=30s  pin 0.995  edge>=0.3c net  loss abort $-60.00  SIZE 20
  log C:\kals-repo\results\pinrun-paper-20260919T122322Z.jsonl
  index up: 11 ticks, 11 feeds
  close 12:30Z: 4716 looks, best was KXETH15M-26SEP190830-3 NO @0.9970 edge +0.28c (need +0.3c) -> no trade
  close 12:45Z: 4526 looks, best was KXDOGE15M-26SEP190845- YES @0.9870 edge +1.18c (need +0.3c) -> no trade
  SIGNAL KXNEAR15M-26SEP190900-00 tau=21s buy NO @0.9650 fair 0.0014 edge +3.13c size 72.00 taking 20
  close 13:00Z: 3963 looks, best was KXNEAR15M-26SEP190900- NO @0.9650 edge +3.13c (need +0.3c) -> FIRED
  SETTLED KXNEAR15M-26SEP190900-00 no vs no -> +65.27c (run realised $+0.6527)
  close 13:15Z: 4290 looks, best was KXDOGE15M-26SEP190915- YES @0.9940 edge +0.53c (need +0.3c) -> no trade
  SIGNAL KXZEC15M-26SEP190930-30 tau=30s buy YES @0.9800 fair 0.9995 edge +1.81c size 393.11 taking 20
  SIGNAL KXBNB15M-26SEP190930-30 tau=20s buy YES @0.9390 fair 0.9975 edge +5.45c size 18.00 taking 18
  close 13:30Z: 2635 looks, best was KXBNB15M-26SEP190930-3 YES @0.9390 edge +5.45c (need +0.3c) -> FIRED
  SETTLED KXZEC15M-26SEP190930-30 yes vs yes -> +37.25c (run realised $+1.0252)
  SETTLED KXBNB15M-26SEP190930-30 yes vs yes -> +102.58c (run realised $+2.0510)
  close 13:45Z: 3447 looks, best was KXDOGE15M-26SEP190945- YES @0.9850 edge +1.33c (need +0.3c) -> no trade
  close 14:00Z: 2539 looks, best was KXZEC15M-26SEP191000-0 YES @0.9880 edge +0.87c (need +0.3c) -> no trade
  SIGNAL KXDOGE15M-26SEP191015-15 tau=12s buy YES @0.9750 fair 1.0000 edge +2.33c size 107.35 taking 20
  close 14:15Z: 2501 looks, best was KXDOGE15M-26SEP191015- YES @0.9750 edge +2.33c (need +0.3c) -> FIRED
  SETTLED KXDOGE15M-26SEP191015-15 yes vs yes -> +46.58c (run realised $+2.5168)
  close 14:30Z: 2506 looks, best was KXZEC15M-26SEP191030-3 YES @0.9990 edge +0.09c (need +0.3c) -> no trade
  close 14:45Z: 2012 looks, best was KXBTC15M-26SEP191045-4 NO @0.9890 edge +1.02c (need +0.3c) -> no trade
  SIGNAL KXBNB15M-26SEP191100-00 tau=22s buy NO @0.9070 fair 0.0033 edge +8.38c size 20.00 taking 20
  close 15:00Z: 2058 looks, best was KXBNB15M-26SEP191100-0 NO @0.9070 edge +8.38c (need +0.3c) -> FIRED
  SETTLED KXBNB15M-26SEP191100-00 no vs no -> +174.19c (run realised $+4.2587)
  close 15:15Z: 2149 looks, best was KXBNB15M-26SEP191115-1 NO @0.9950 edge +0.29c (need +0.3c) -> no trade
  close 15:30Z: 2286 looks, best was KXZEC15M-26SEP191130-3 NO @0.9980 edge +0.19c (need +0.3c) -> no trade
  close 15:45Z: 2381 looks, 2381 decided, 2381 decided-but-nothing-offered, 0 undecided
  SIGNAL KXHYPE15M-26SEP191200-00 tau=12s buy YES @0.8800 fair 0.9977 edge +11.03c size 184.53 taking 20
  close 16:00Z: 2494 looks, best was KXHYPE15M-26SEP191200- YES @0.8800 edge +11.03c (need +0.3c) -> FIRED
  SETTLED KXHYPE15M-26SEP191200-00 yes vs yes -> +225.21c (run realised $+6.5108)
  close 16:15Z: 2610 looks, best was KXHYPE15M-26SEP191215- YES @0.9810 edge +1.77c (need +0.3c) -> no trade
  SIGNAL KXBNB15M-26SEP191230-30 tau=23s buy YES @0.9160 fair 0.9986 edge +7.72c size 43.00 taking 20
  close 16:30Z: 2267 looks, best was KXBNB15M-26SEP191230-3 YES @0.9160 edge +7.72c (need +0.3c) -> FIRED
  *** A LOSS. losing trades 1, losing CLOSES 1 (the brake counts closes) ***
  SETTLED KXBNB15M-26SEP191230-30 yes vs no -> -1842.78c (run realised $-11.9170)
  SIGNAL KXSOL15M-26SEP191245-45 tau=24s buy YES @0.9800 fair 0.9967 edge +1.53c size 131.84 taking 20
  close 16:45Z: 2494 looks, best was KXXRP15M-26SEP191245-4 YES @0.9800 edge +1.65c (need +0.3c) -> FIRED
  SETTLED KXSOL15M-26SEP191245-45 yes vs yes -> +37.25c (run realised $-11.5445)
  SIGNAL KXXRP15M-26SEP191300-00 tau=26s buy YES @0.9800 fair 0.9954 edge +1.40c size 76.00 taking 20
  close 17:00Z: 2726 looks, best was KXXRP15M-26SEP191300-0 YES @0.9800 edge +1.40c (need +0.3c) -> FIRED
  SETTLED KXXRP15M-26SEP191300-00 yes vs yes -> +37.25c (run realised $-11.1720)
  close 17:15Z: 3544 looks, best was KXBNB15M-26SEP191315-1 NO @0.9980 edge +0.19c (need +0.3c) -> no trade
  close 17:30Z: 3501 looks, 3501 decided, 3501 decided-but-nothing-offered, 0 undecided
  close 17:45Z: 3293 looks, best was KXSOL15M-26SEP191345-4 YES @0.9920 edge +0.74c (need +0.3c) -> no trade
  SIGNAL KXETH15M-26SEP191400-00 tau=25s buy NO @0.9800 fair 0.0038 edge +1.48c size 124.31 taking 20
  close 18:00Z: 3320 looks, best was KXETH15M-26SEP191400-0 NO @0.9800 edge +1.48c (need +0.3c) -> FIRED
  SETTLED KXETH15M-26SEP191400-00 no vs no -> +37.25c (run realised $-10.7995)
  SIGNAL KXNEAR15M-26SEP191415-15 tau=14s buy NO @0.9800 fair 0.0000 edge +1.86c size 500.00 taking 20
  close 18:15Z: 3157 looks, best was KXNEAR15M-26SEP191415- NO @0.9800 edge +1.86c (need +0.3c) -> FIRED
  SETTLED KXNEAR15M-26SEP191415-15 no vs no -> +37.25c (run realised $-10.4270)
  SIGNAL KXBNB15M-26SEP191430-30 tau=5s buy YES @0.9730 fair 0.9997 edge +2.49c size 60.00 taking 20
  close 18:30Z: 2973 looks, best was KXBNB15M-26SEP191430-3 YES @0.9730 edge +2.49c (need +0.3c) -> FIRED
  SETTLED KXBNB15M-26SEP191430-30 yes vs yes -> +50.32c (run realised $-9.9238)
  close 18:45Z: 3537 looks, best was KXDOGE15M-26SEP191445- YES @0.9960 edge +0.37c (need +0.3c) -> no trade
  close 19:00Z: 3527 looks, best was KXDOGE15M-26SEP191500- NO @0.9950 edge +0.46c (need +0.3c) -> no trade
  SIGNAL KXHYPE15M-26SEP191515-15 tau=30s buy YES @0.9530 fair 1.0000 edge +4.38c size 225.00 taking 20
  close 19:15Z: 3041 looks, best was KXHYPE15M-26SEP191515- YES @0.9530 edge +4.38c (need +0.3c) -> FIRED
  SETTLED KXHYPE15M-26SEP191515-15 yes vs yes -> +87.72c (run realised $-9.0466)
  close 19:30Z: 3186 looks, best was KXBTC15M-26SEP191530-3 YES @0.9990 edge +0.09c (need +0.3c) -> no trade
  close 19:45Z: 2970 looks, best was KXNEAR15M-26SEP191545- NO @0.9860 edge +1.30c (need +0.3c) -> no trade
  SIGNAL KXBTC15M-26SEP191600-00 tau=30s buy YES @0.9130 fair 0.9974 edge +7.88c size 200.51 taking 20
  close 20:00Z: 3095 looks, best was KXBTC15M-26SEP191600-0 YES @0.9130 edge +7.88c (need +0.3c) -> FIRED
  SETTLED KXBTC15M-26SEP191600-00 yes vs yes -> +162.87c (run realised $-7.4179)
  SIGNAL KXZEC15M-26SEP191615-15 tau=26s buy NO @0.9690 fair 0.0045 edge +2.44c size 12.17 taking 12.17
  close 20:15Z: 3924 looks, best was KXZEC15M-26SEP191615-1 NO @0.9690 edge +2.44c (need +0.3c) -> FIRED
  SETTLED KXZEC15M-26SEP191615-15 no vs no -> +35.17c (run realised $-7.0662)
  close 20:30Z: 4297 looks, best was KXETH15M-26SEP191630-3 YES @0.9930 edge +0.56c (need +0.3c) -> no trade
  SIGNAL KXBTC15M-26SEP191645-45 tau=30s buy YES @0.8700 fair 0.9967 edge +11.88c size 248.33 taking 20
  close 20:45Z: 3750 looks, best was KXBTC15M-26SEP191645-4 YES @0.8700 edge +11.88c (need +0.3c) -> FIRED
  SETTLED KXBTC15M-26SEP191645-45 yes vs yes -> +244.16c (run realised $-4.6246)
  close 21:00Z: 4093 looks, best was KXZEC15M-26SEP191700-0 NO @0.9960 edge +0.37c (need +0.3c) -> no trade
  close 21:15Z: 4133 looks, best was KXNEAR15M-26SEP191715- YES @0.9960 edge +0.19c (need +0.3c) -> no trade
  close 21:30Z: 4112 looks, best was KXXRP15M-26SEP191730-3 NO @0.9930 edge +0.65c (need +0.3c) -> no trade
  close 21:45Z: 4284 looks, best was KXZEC15M-26SEP191745-4 NO @0.9990 edge +0.09c (need +0.3c) -> no trade
  close 22:00Z: 4207 looks, best was KXNEAR15M-26SEP191800- YES @0.9980 edge +0.15c (need +0.3c) -> no trade
  close 22:15Z: 4077 looks, best was KXNEAR15M-26SEP191815- YES @0.9970 edge +0.28c (need +0.3c) -> no trade
  close 22:30Z: 4128 looks, best was KXDOGE15M-26SEP191830- YES @0.9840 edge +1.23c (need +0.3c) -> no trade
  close 22:45Z: 4064 looks, best was KXZEC15M-26SEP191845-4 YES @0.9970 edge +0.28c (need +0.3c) -> no trade
  close 23:00Z: 4056 looks, best was KXBTC15M-26SEP191900-0 YES @0.9950 edge +0.46c (need +0.3c) -> no trade
  close 23:15Z: 4068 looks, best was KXBTC15M-26SEP191915-1 YES @0.9980 edge +0.19c (need +0.3c) -> no trade
  close 23:30Z: 3939 looks, best was KXBNB15M-26SEP191930-3 YES @0.9900 edge +0.85c (need +0.3c) -> no trade
  close 23:45Z: 4032 looks, best was KXBTC15M-26SEP191945-4 NO @0.9870 edge +1.21c (need +0.3c) -> no trade
  close 00:00Z: 3950 looks, best was KXXRP15M-26SEP192000-0 NO @0.9940 edge +0.56c (need +0.3c) -> no trade
  close 00:15Z: 4119 looks, best was KXZEC15M-26SEP192015-1 YES @0.9940 edge +0.56c (need +0.3c) -> no trade
  SIGNAL KXETH15M-26SEP192030-30 tau=3s buy NO @0.9540 fair 0.0000 edge +4.29c size 15.99 taking 15.99
  close 00:30Z: 3824 looks, best was KXETH15M-26SEP192030-3 NO @0.9540 edge +4.29c (need +0.3c) -> FIRED
  SETTLED KXETH15M-26SEP192030-30 no vs no -> +68.63c (run realised $-3.9383)
  SIGNAL KXBTC15M-26SEP192045-45 tau=30s buy YES @0.9600 fair 0.9960 edge +3.33c size 65.06 taking 20
  close 00:45Z: 3733 looks, best was KXBTC15M-26SEP192045-4 YES @0.9600 edge +3.33c (need +0.3c) -> FIRED
  SETTLED KXBTC15M-26SEP192045-45 yes vs yes -> +74.62c (run realised $-3.1921)
  SIGNAL KXNEAR15M-26SEP192100-00 tau=27s buy NO @0.9790 fair 0.0047 edge +1.48c size 34.00 taking 20
  SIGNAL KXBNB15M-26SEP192100-00 tau=16s buy YES @0.9500 fair 0.9971 edge +4.38c size 14.40 taking 14.4
  close 01:00Z: 3485 looks, best was KXBNB15M-26SEP192100-0 YES @0.9500 edge +4.38c (need +0.3c) -> FIRED
  SETTLED KXNEAR15M-26SEP192100-00 no vs no -> +39.12c (run realised $-2.8009)
  SETTLED KXBNB15M-26SEP192100-00 yes vs yes -> +67.21c (run realised $-2.1288)
  close 01:15Z: 4282 looks, best was KXETH15M-26SEP192115-1 NO @0.9990 edge +0.09c (need +0.3c) -> no trade
  SIGNAL KXBTC15M-26SEP192130-30 tau=30s buy NO @0.9390 fair 0.0001 edge +5.69c size 331.20 taking 20
  close 01:30Z: 3649 looks, best was KXBTC15M-26SEP192130-3 NO @0.9390 edge +5.69c (need +0.3c) -> FIRED
  SETTLED KXBTC15M-26SEP192130-30 no vs no -> +113.98c (run realised $-0.9890)
  close 01:45Z: 3933 looks, best was KXXRP15M-26SEP192145-4 NO @0.9960 edge +0.37c (need +0.3c) -> no trade
  SIGNAL KXETH15M-26SEP192200-00 tau=13s buy YES @0.9800 fair 0.9985 edge +1.72c size 194.00 taking 20
  close 02:00Z: 3937 looks, best was KXETH15M-26SEP192200-0 YES @0.9800 edge +1.72c (need +0.3c) -> FIRED
  SETTLED KXETH15M-26SEP192200-00 yes vs yes -> +37.25c (run realised $-0.6165)
  close 02:15Z: 4269 looks, best was KXHYPE15M-26SEP192215- YES @0.9980 edge +0.18c (need +0.3c) -> no trade
  close 02:30Z: 4311 looks, 4311 decided, 4311 decided-but-nothing-offered, 0 undecided
  close 02:45Z: 4266 looks, 4266 decided, 4266 decided-but-nothing-offered, 0 undecided
  close 03:00Z: 4185 looks, 4185 decided, 4185 decided-but-nothing-offered, 0 undecided
  SIGNAL KXDOGE15M-26SEP192315-15 tau=27s buy YES @0.9800 fair 0.9995 edge +1.82c size 10.00 taking 10
  SIGNAL KXHYPE15M-26SEP192315-15 tau=21s buy NO @0.9680 fair 0.0010 edge +2.88c size 32.00 taking 20
  SIGNAL KXBTC15M-26SEP192315-15 tau=17s buy NO @0.9090 fair 0.0027 edge +8.25c size 1981.00 taking 10
  close 03:15Z: 1640 looks, best was KXBTC15M-26SEP192315-1 NO @0.9090 edge +8.25c (need +0.3c) -> FIRED
  SETTLED KXDOGE15M-26SEP192315-15 yes vs yes -> +18.62c (run realised $-0.4303)
  SETTLED KXHYPE15M-26SEP192315-15 no vs no -> +59.66c (run realised $+0.1663)
  SETTLED KXBTC15M-26SEP192315-15 no vs no -> +85.20c (run realised $+1.0183)
  close 03:30Z: 4190 looks, best was KXZEC15M-26SEP192330-3 NO @0.9990 edge +0.09c (need +0.3c) -> no trade
  SIGNAL KXBTC15M-26SEP192345-45 tau=23s buy NO @0.9800 fair 0.0000 edge +1.86c size 2050.02 taking 20
  SIGNAL KXHYPE15M-26SEP192345-45 tau=9s buy NO @0.9630 fair 0.0037 edge +3.08c size 150.40 taking 20
  close 03:45Z: 2961 looks, best was KXHYPE15M-26SEP192345- NO @0.9630 edge +3.08c (need +0.3c) -> FIRED
  SETTLED KXBTC15M-26SEP192345-45 no vs no -> +37.25c (run realised $+1.3908)
  SETTLED KXHYPE15M-26SEP192345-45 no vs no -> +69.01c (run realised $+2.0809)
  close 04:00Z: 4050 looks, 4050 decided, 4050 decided-but-nothing-offered, 0 undecided
  close 04:15Z: 4199 looks, best was KXXRP15M-26SEP200015-1 NO @0.9950 edge +0.46c (need +0.3c) -> no trade
  SIGNAL KXBTC15M-26SEP200030-30 tau=30s buy YES @0.9630 fair 0.9962 edge +3.07c size 298.93 taking 20
  close 04:30Z: 3647 looks, best was KXBTC15M-26SEP200030-3 YES @0.9630 edge +3.07c (need +0.3c) -> FIRED
  SETTLED KXBTC15M-26SEP200030-30 yes vs yes -> +69.01c (run realised $+2.7710)
  SIGNAL KXZEC15M-26SEP200045-45 tau=15s buy YES @0.9800 fair 0.9978 edge +1.64c size 272.75 taking 20
  close 04:45Z: 4045 looks, best was KXBNB15M-26SEP200045-4 NO @0.9760 edge +2.24c (need +0.3c) -> FIRED
  SETTLED KXZEC15M-26SEP200045-45 yes vs yes -> +37.25c (run realised $+3.1435)
  close 05:00Z: 4271 looks, best was KXXRP15M-26SEP200100-0 NO @0.9870 edge +1.21c (need +0.3c) -> no trade
  close 05:15Z: 4178 looks, best was KXNEAR15M-26SEP200115- NO @0.9850 edge +1.37c (need +0.3c) -> no trade
  close 05:30Z: 4240 looks, best was KXBNB15M-26SEP200130-3 NO @0.9980 edge +0.19c (need +0.3c) -> no trade
  SIGNAL KXBTC15M-26SEP200145-45 tau=30s buy NO @0.9800 fair 0.0037 edge +1.50c size 474.24 taking 20
  close 05:45Z: 3717 looks, best was KXBTC15M-26SEP200145-4 NO @0.9800 edge +1.50c (need +0.3c) -> FIRED
  SETTLED KXBTC15M-26SEP200145-45 no vs no -> +37.25c (run realised $+3.5160)
  SIGNAL KXHYPE15M-26SEP200200-00 tau=14s buy NO @0.9800 fair 0.0000 edge +1.86c size 191.18 taking 20
  close 06:00Z: 4024 looks, best was KXHYPE15M-26SEP200200- NO @0.9800 edge +1.86c (need +0.3c) -> FIRED
  SETTLED KXHYPE15M-26SEP200200-00 no vs no -> +37.25c (run realised $+3.8885)
  SIGNAL KXBTC15M-26SEP200215-15 tau=15s buy YES @0.9800 fair 0.9950 edge +1.37c size 50.01 taking 20
  SIGNAL KXBNB15M-26SEP200215-15 tau=8s buy YES @0.8500 fair 0.9953 edge +13.64c size 11.00 taking 11
  close 06:15Z: 3676 looks, best was KXBNB15M-26SEP200215-1 YES @0.8500 edge +13.64c (need +0.3c) -> FIRED
  SETTLED KXBTC15M-26SEP200215-15 yes vs yes -> +37.25c (run realised $+4.2610)
  SETTLED KXBNB15M-26SEP200215-15 yes vs yes -> +155.18c (run realised $+5.8128)
  close 06:30Z: 4181 looks, best was KXXRP15M-26SEP200230-3 NO @0.9890 edge +1.02c (need +0.3c) -> no trade
  close 06:45Z: 4257 looks, best was KXBTC15M-26SEP200245-4 NO @0.9990 edge +0.09c (need +0.3c) -> no trade
  close 07:00Z: 4115 looks, best was KXBTC15M-26SEP200300-0 NO @0.9930 edge +0.65c (need +0.3c) -> no trade
  close 07:15Z: 4121 looks, best was KXBTC15M-26SEP200315-1 YES @0.9980 edge +0.19c (need +0.3c) -> no trade
  close 07:30Z: 4145 looks, best was KXXRP15M-26SEP200330-3 YES @0.9870 edge +1.21c (need +0.3c) -> no trade
  close 07:45Z: 3912 looks, best was KXSOL15M-26SEP200345-4 NO @0.9970 edge +0.28c (need +0.3c) -> no trade
  close 08:00Z: 3834 looks, best was KXBTC15M-26SEP200400-0 NO @0.9970 edge +0.28c (need +0.3c) -> no trade
  close 08:15Z: 3589 looks, best was KXZEC15M-26SEP200415-1 YES @0.9880 edge +1.06c (need +0.3c) -> no trade
  close 08:30Z: 3131 looks, best was KXNEAR15M-26SEP200430- NO @0.9890 edge +0.87c (need +0.3c) -> no trade
  close 08:45Z: 3127 looks, best was KXBNB15M-26SEP200445-4 NO @0.9960 edge +0.37c (need +0.3c) -> no trade
  SIGNAL KXBTC15M-26SEP200500-00 tau=23s buy YES @0.9800 fair 0.9982 edge +1.69c size 130.02 taking 20
  close 09:00Z: 2390 looks, best was KXBTC15M-26SEP200500-0 YES @0.9800 edge +1.69c (need +0.3c) -> FIRED
  SETTLED KXBTC15M-26SEP200500-00 yes vs yes -> +37.25c (run realised $+6.1853)
  SIGNAL KXBTC15M-26SEP200515-15 tau=23s buy YES @0.9600 fair 0.9958 edge +3.32c size 50.00 taking 20
  close 09:15Z: 2732 looks, best was KXBTC15M-26SEP200515-1 YES @0.9600 edge +3.32c (need +0.3c) -> FIRED
  SETTLED KXBTC15M-26SEP200515-15 yes vs yes -> +74.62c (run realised $+6.9315)
  close 09:30Z: 3222 looks, best was KXZEC15M-26SEP200530-3 YES @0.9960 edge +0.37c (need +0.3c) -> no trade
  close 09:45Z: 3294 looks, best was KXBTC15M-26SEP200545-4 YES @0.9990 edge +0.09c (need +0.3c) -> no trade
  close 10:00Z: 3105 looks, best was KXBTC15M-26SEP200600-0 NO @0.9990 edge +0.09c (need +0.3c) -> no trade
  SIGNAL KXZEC15M-26SEP200615-15 tau=17s buy YES @0.9080 fair 0.9997 edge +8.59c size 100.00 taking 20
  close 10:15Z: 2314 looks, best was KXZEC15M-26SEP200615-1 NO @0.2200 edge +76.79c (need +0.3c) -> FIRED
  SETTLED KXZEC15M-26SEP200615-15 yes vs yes -> +172.30c (run realised $+8.6545)
  close 10:30Z: 2243 looks, best was KXBTC15M-26SEP200630-3 YES @0.9850 edge +1.38c (need +0.3c) -> no trade
  SIGNAL KXBTC15M-26SEP200645-45 tau=11s buy NO @0.9800 fair 0.0000 edge +1.86c size 4390.11 taking 20
  close 10:45Z: 2107 looks, best was KXBTC15M-26SEP200645-4 NO @0.9800 edge +1.86c (need +0.3c) -> FIRED
  SETTLED KXBTC15M-26SEP200645-45 no vs no -> +37.25c (run realised $+9.0270)
  close 11:00Z: 2345 looks, best was KXSOL15M-26SEP200700-0 NO @0.9840 edge +1.34c (need +0.3c) -> no trade
  SIGNAL KXSOL15M-26SEP200715-15 tau=30s buy NO @0.9800 fair 0.0034 edge +1.52c size 384.46 taking 20
  close 11:15Z: 3247 looks, best was KXDOGE15M-26SEP200715- YES @0.9770 edge +2.14c (need +0.3c) -> FIRED
  SETTLED KXSOL15M-26SEP200715-15 no vs no -> +37.25c (run realised $+9.3995)
  SIGNAL KXBTC15M-26SEP200730-30 tau=27s buy NO @0.9700 fair 0.0039 edge +2.41c size 165.01 taking 20
  close 11:30Z: 2951 looks, best was KXBTC15M-26SEP200730-3 NO @0.9700 edge +2.41c (need +0.3c) -> FIRED
  SETTLED KXBTC15M-26SEP200730-30 no vs no -> +55.92c (run realised $+9.9587)
  SIGNAL KXBNB15M-26SEP200745-45 tau=30s buy YES @0.9760 fair 0.9985 edge +2.08c size 28.00 taking 20
  close 11:45Z: 2865 looks, best was KXBNB15M-26SEP200745-4 YES @0.9760 edge +2.08c (need +0.3c) -> FIRED
  SETTLED KXBNB15M-26SEP200745-45 yes vs yes -> +44.72c (run realised $+10.4059)
  close 12:00Z: 3213 looks, best was KXBTC15M-26SEP200800-0 YES @0.9990 edge +0.09c (need +0.3c) -> no trade
  close 12:15Z: 2521 looks, best was KXBTC15M-26SEP200815-1 NO @0.9940 edge +0.56c (need +0.3c) -> no trade
  close 12:30Z: 3132 looks, 3132 decided, 3132 decided-but-nothing-offered, 0 undecided
  close 12:45Z: 2209 looks, best was KXSOL15M-26SEP200845-4 YES @0.9850 edge +1.39c (need +0.3c) -> no trade
  close 13:00Z: 3163 looks, best was KXSOL15M-26SEP200900-0 YES @0.9980 edge +0.19c (need +0.3c) -> no trade
  close 13:15Z: 3053 looks, best was KXNEAR15M-26SEP200915- NO @0.9820 edge +1.19c (need +0.3c) -> no trade
  close 13:30Z: 3323 looks, best was KXHYPE15M-26SEP200930- YES @0.9950 edge +0.46c (need +0.3c) -> no trade
  close 13:45Z: 3137 looks, best was KXBTC15M-26SEP200945-4 YES @0.9820 edge +1.43c (need +0.3c) -> no trade
  close 14:00Z: 3366 looks, best was KXBTC15M-26SEP201000-0 YES @0.9980 edge +0.19c (need +0.3c) -> no trade
  SIGNAL KXSOL15M-26SEP201015-15 tau=14s buy NO @0.9780 fair 0.0004 edge +2.01c size 48.82 taking 20
  close 14:15Z: 2919 looks, best was KXSOL15M-26SEP201015-1 NO @0.9780 edge +2.01c (need +0.3c) -> FIRED
  SETTLED KXSOL15M-26SEP201015-15 no vs no -> +40.98c (run realised $+10.8157)
  SIGNAL KXZEC15M-26SEP201030-30 tau=30s buy YES @0.9790 fair 0.9953 edge +1.48c size 83.00 taking 20
  close 14:30Z: 3861 looks, best was KXZEC15M-26SEP201030-3 YES @0.9790 edge +1.48c (need +0.3c) -> FIRED
  SETTLED KXZEC15M-26SEP201030-30 yes vs yes -> +39.12c (run realised $+11.2069)
  SIGNAL KXZEC15M-26SEP201045-45 tau=15s buy YES @0.9790 fair 1.0000 edge +1.95c size 6095.00 taking 20
  close 14:45Z: 3809 looks, best was KXZEC15M-26SEP201045-4 YES @0.9790 edge +1.95c (need +0.3c) -> FIRED
  SETTLED KXZEC15M-26SEP201045-45 yes vs yes -> +39.12c (run realised $+11.5981)
  close 15:00Z: 4294 looks, best was KXDOGE15M-26SEP201100- NO @0.9980 edge +0.19c (need +0.3c) -> no trade
  close 15:15Z: 4148 looks, best was KXSOL15M-26SEP201115-1 YES @0.9870 edge +1.19c (need +0.3c) -> no trade
  SIGNAL KXXRP15M-26SEP201130-30 tau=30s buy NO @0.9750 fair 0.0013 edge +2.20c size 26.00 taking 20
  close 15:30Z: 3897 looks, best was KXXRP15M-26SEP201130-3 NO @0.9750 edge +2.20c (need +0.3c) -> FIRED
  SETTLED KXXRP15M-26SEP201130-30 no vs no -> +46.58c (run realised $+12.0639)
  close 15:45Z: 4248 looks, 4248 decided, 4248 decided-but-nothing-offered, 0 undecided
  close 16:00Z: 4194 looks, 4194 decided, 4194 decided-but-nothing-offered, 0 undecided
  close 16:15Z: 4113 looks, 4113 decided, 4113 decided-but-nothing-offered, 0 undecided
  close 16:30Z: 3761 looks, best was KXBTC15M-26SEP201230-3 YES @0.9940 edge +0.56c (need +0.3c) -> no trade
  close 16:45Z: 3845 looks, best was KXZEC15M-26SEP201245-4 YES @0.9980 edge +0.19c (need +0.3c) -> no trade
  close 17:00Z: 3708 looks, best was KXDOGE15M-26SEP201300- NO @0.9970 edge +0.27c (need +0.3c) -> no trade
  close 17:15Z: 3766 looks, best was KXHYPE15M-26SEP201315- NO @0.9890 edge +0.63c (need +0.3c) -> no trade
  SIGNAL KXZEC15M-26SEP201330-30 tau=10s buy NO @0.9750 fair 0.0029 edge +2.04c size 17.92 taking 17.92
  close 17:30Z: 3059 looks, best was KXZEC15M-26SEP201330-3 NO @0.9750 edge +2.04c (need +0.3c) -> FIRED
  SETTLED KXZEC15M-26SEP201330-30 no vs no -> +41.74c (run realised $+12.4813)
  close 17:45Z: 3860 looks, best was KXNEAR15M-26SEP201345- NO @0.9940 edge +0.56c (need +0.3c) -> no trade
  close 18:00Z: 3861 looks, 3861 decided, 3861 decided-but-nothing-offered, 0 undecided
  close 18:15Z: 3502 looks, best was KXETH15M-26SEP201415-1 YES @0.9920 edge +0.59c (need +0.3c) -> no trade
  close 18:30Z: 3906 looks, 3906 decided, 3906 decided-but-nothing-offered, 0 undecided
  close 18:45Z: 3754 looks, best was KXHYPE15M-26SEP201445- YES @0.9960 edge +0.36c (need +0.3c) -> no trade
  close 19:00Z: 3928 looks, best was KXNEAR15M-26SEP201500- NO @0.9890 edge +0.95c (need +0.3c) -> no trade
  close 19:15Z: 4030 looks, best was KXBNB15M-26SEP201515-1 YES @0.9980 edge +0.19c (need +0.3c) -> no trade
  SIGNAL KXSOL15M-26SEP201530-30 tau=16s buy YES @0.9710 fair 0.9960 edge +2.30c size 74.92 taking 20
  close 19:30Z: 2917 looks, best was KXSOL15M-26SEP201530-3 YES @0.9710 edge +2.30c (need +0.3c) -> FIRED
  SETTLED KXSOL15M-26SEP201530-30 yes vs yes -> +54.05c (run realised $+13.0218)
  close 19:45Z: 3901 looks, best was KXZEC15M-26SEP201545-4 YES @0.9850 edge +1.35c (need +0.3c) -> no trade
  SIGNAL KXHYPE15M-26SEP201600-00 tau=29s buy NO @0.9800 fair 0.0046 edge +1.40c size 295.34 taking 20
  close 20:00Z: 3436 looks, best was KXDOGE15M-26SEP201600- NO @0.9800 edge +1.76c (need +0.3c) -> FIRED
  SETTLED KXHYPE15M-26SEP201600-00 no vs no -> +37.25c (run realised $+13.3943)
  close 20:15Z: 3174 looks, best was KXDOGE15M-26SEP201615- NO @0.9870 edge +1.03c (need +0.3c) -> no trade
  close 20:30Z: 3654 looks, best was KXZEC15M-26SEP201630-3 YES @0.9970 edge +0.28c (need +0.3c) -> no trade
  close 20:45Z: 3782 looks, best was KXBNB15M-26SEP201645-4 YES @0.9940 edge +0.56c (need +0.3c) -> no trade
  close 21:00Z: 3738 looks, best was KXBNB15M-26SEP201700-0 NO @0.9940 edge +0.54c (need +0.3c) -> no trade
  close 21:15Z: 3870 looks, 3870 decided, 3870 decided-but-nothing-offered, 0 undecided
  close 21:30Z: 3807 looks, best was KXDOGE15M-26SEP201730- YES @0.9990 edge +0.09c (need +0.3c) -> no trade
  close 21:45Z: 3694 looks, best was KXNEAR15M-26SEP201745- YES @0.9930 edge +0.62c (need +0.3c) -> no trade
  close 22:00Z: 3933 looks, 3933 decided, 3933 decided-but-nothing-offered, 0 undecided
  close 22:15Z: 3933 looks, 3933 decided, 3933 decided-but-nothing-offered, 0 undecided
  close 22:30Z: 3635 looks, best was KXBNB15M-26SEP201830-3 NO @0.9960 edge +0.37c (need +0.3c) -> no trade
  SIGNAL KXBTC15M-26SEP201845-45 tau=14s buy NO @0.9120 fair 0.0025 edge +7.99c size 864.14 taking 20
  close 22:45Z: 2927 looks, best was KXBTC15M-26SEP201845-4 NO @0.9120 edge +7.99c (need +0.3c) -> FIRED
  SETTLED KXBTC15M-26SEP201845-45 no vs no -> +164.76c (run realised $+15.0419)
  SIGNAL KXBNB15M-26SEP201900-00 tau=29s buy NO @0.9500 fair 0.0001 edge +4.66c size 48.87 taking 20
  close 23:00Z: 3418 looks, best was KXBNB15M-26SEP201900-0 NO @0.9500 edge +4.66c (need +0.3c) -> FIRED
  SETTLED KXBNB15M-26SEP201900-00 no vs no -> +93.34c (run realised $+15.9753)
  close 23:15Z: 3504 looks, best was KXBTC15M-26SEP201915-1 NO @0.9910 edge +0.84c (need +0.3c) -> no trade
  SIGNAL KXHYPE15M-26SEP201930-30 tau=27s buy YES @0.9800 fair 0.9961 edge +1.47c size 201.67 taking 20
  SIGNAL KXDOGE15M-26SEP201930-30 tau=24s buy NO @0.9530 fair 0.0002 edge +4.37c size 694.62 taking 20
  close 23:30Z: 699 looks, best was KXDOGE15M-26SEP201930- NO @0.9530 edge +4.37c (need +0.3c) -> FIRED
  SETTLED KXHYPE15M-26SEP201930-30 yes vs yes -> +37.25c (run realised $+16.3478)
  SETTLED KXDOGE15M-26SEP201930-30 no vs no -> +87.72c (run realised $+17.2250)
  close 23:45Z: 3739 looks, best was KXBNB15M-26SEP201945-4 YES @0.9890 edge +1.00c (need +0.3c) -> no trade
  close 00:00Z: 3563 looks, best was KXETH15M-26SEP202000-0 YES @0.9950 edge +0.46c (need +0.3c) -> no trade
  close 00:15Z: 3627 looks, 3627 decided, 3627 decided-but-nothing-offered, 0 undecided
  SIGNAL KXBNB15M-26SEP202030-30 tau=9s buy NO @0.9800 fair 0.0041 edge +1.46c size 89.71 taking 20
  close 00:30Z: 2674 looks, best was KXBNB15M-26SEP202030-3 NO @0.9800 edge +1.46c (need +0.3c) -> FIRED
  SETTLED KXBNB15M-26SEP202030-30 no vs no -> +37.25c (run realised $+17.5975)
  SIGNAL KXETH15M-26SEP202045-45 tau=11s buy YES @0.9430 fair 0.9983 edge +5.16c size 400.00 taking 20
  close 00:45Z: 2748 looks, best was KXETH15M-26SEP202045-4 NO @0.2200 edge +76.72c (need +0.3c) -> FIRED
  SETTLED KXETH15M-26SEP202045-45 yes vs yes -> +106.47c (run realised $+18.6622)
  close 01:00Z: 3437 looks, best was KXBTC15M-26SEP202100-0 YES @0.9990 edge +0.09c (need +0.3c) -> no trade
  close 01:15Z: 3330 looks, best was KXDOGE15M-26SEP202115- YES @0.9970 edge +0.28c (need +0.3c) -> no trade
  close 01:30Z: 3029 looks, best was KXDOGE15M-26SEP202130- YES @0.9900 edge +0.79c (need +0.3c) -> no trade
  close 01:45Z: 3348 looks, best was KXDOGE15M-26SEP202145- NO @0.9980 edge +0.19c (need +0.3c) -> no trade
  close 02:00Z: 3456 looks, 3456 decided, 3456 decided-but-nothing-offered, 0 undecided
  close 02:15Z: 3573 looks, best was KXHYPE15M-26SEP202215- YES @0.9980 edge +0.19c (need +0.3c) -> no trade
  close 02:30Z: 3474 looks, 3474 decided, 3474 decided-but-nothing-offered, 0 undecided
  close 02:45Z: 3645 looks, best was KXDOGE15M-26SEP202245- NO @0.9990 edge +0.09c (need +0.3c) -> no trade
  close 03:00Z: 3400 looks, best was KXDOGE15M-26SEP202300- YES @0.9980 edge +0.19c (need +0.3c) -> no trade
  close 03:15Z: 2914 looks, best was KXBTC15M-26SEP202315-1 NO @0.9830 edge +1.58c (need +0.3c) -> no trade
  close 03:30Z: 3681 looks, 3681 decided, 3681 decided-but-nothing-offered, 0 undecided
  SIGNAL KXETH15M-26SEP202345-45 tau=30s buy NO @0.9740 fair 0.0000 edge +2.42c size 59.00 taking 20
  SIGNAL KXSOL15M-26SEP202345-45 tau=30s buy NO @0.9620 fair 0.0021 edge +3.34c size 11.00 taking 11
  close 03:45Z: 2765 looks, best was KXSOL15M-26SEP202345-4 NO @0.9620 edge +3.34c (need +0.3c) -> FIRED
  SETTLED KXETH15M-26SEP202345-45 no vs no -> +48.45c (run realised $+19.1467)
  SETTLED KXSOL15M-26SEP202345-45 no vs no -> +38.98c (run realised $+19.5365)
  SIGNAL KXHYPE15M-26SEP210000-00 tau=25s buy YES @0.9710 fair 0.9969 edge +2.39c size 29.00 taking 20
  close 04:00Z: 2731 looks, best was KXHYPE15M-26SEP210000- YES @0.9710 edge +2.39c (need +0.3c) -> FIRED
  SETTLED KXHYPE15M-26SEP210000-00 yes vs yes -> +54.05c (run realised $+20.0770)
  close 04:15Z: 3508 looks, best was KXHYPE15M-26SEP210015- YES @0.9890 edge +1.02c (need +0.3c) -> no trade
  close 04:30Z: 2786 looks, best was KXNEAR15M-26SEP210030- NO @0.9820 edge +1.24c (need +0.3c) -> no trade
  close 04:45Z: 3573 looks, best was KXBNB15M-26SEP210045-4 YES @0.9980 edge +0.19c (need +0.3c) -> no trade
  SIGNAL KXSOL15M-26SEP210100-00 tau=27s buy NO @0.9800 fair 0.0032 edge +1.54c size 17.50 taking 17.5
  close 05:00Z: 2769 looks, best was KXSOL15M-26SEP210100-0 NO @0.9800 edge +1.54c (need +0.3c) -> FIRED
  SETTLED KXSOL15M-26SEP210100-00 no vs no -> +32.59c (run realised $+20.4029)
  close 05:15Z: 3672 looks, best was KXDOGE15M-26SEP210115- NO @0.9990 edge +0.09c (need +0.3c) -> no trade
  close 05:30Z: 3357 looks, 3357 decided, 3357 decided-but-nothing-offered, 0 undecided
  close 05:45Z: 2882 looks, best was KXDOGE15M-26SEP210145- NO @0.9960 edge +0.37c (need +0.3c) -> no trade
  SIGNAL KXXRP15M-26SEP210200-00 tau=30s buy YES @0.9480 fair 0.9999 edge +4.84c size 10.40 taking 10.4
  close 06:00Z: 3025 looks, best was KXXRP15M-26SEP210200-0 YES @0.9480 edge +4.84c (need +0.3c) -> FIRED
  SETTLED KXXRP15M-26SEP210200-00 yes vs yes -> +50.49c (run realised $+20.9078)
  SIGNAL KXETH15M-26SEP210215-15 tau=13s buy YES @0.9610 fair 0.9958 edge +3.22c size 69.83 taking 20
  close 06:15Z: 2769 looks, best was KXETH15M-26SEP210215-1 YES @0.9610 edge +3.22c (need +0.3c) -> FIRED
  SETTLED KXETH15M-26SEP210215-15 yes vs yes -> +72.75c (run realised $+21.6353)
  SIGNAL KXZEC15M-26SEP210230-30 tau=13s buy YES @0.9680 fair 0.9952 edge +2.50c size 86.00 taking 20
  close 06:30Z: 3621 looks, best was KXZEC15M-26SEP210230-3 YES @0.9680 edge +2.50c (need +0.3c) -> FIRED
  SETTLED KXZEC15M-26SEP210230-30 yes vs yes -> +59.66c (run realised $+22.2319)
  close 06:45Z: 4221 looks, 4221 decided, 4221 decided-but-nothing-offered, 0 undecided
  close 07:00Z: 4005 looks, 4005 decided, 4005 decided-but-nothing-offered, 0 undecided
  close 07:15Z: 3556 looks, best was KXDOGE15M-26SEP210315- NO @0.9940 edge +0.56c (need +0.3c) -> no trade
  close 07:30Z: 3814 looks, best was KXETH15M-26SEP210330-3 YES @0.9950 edge +0.46c (need +0.3c) -> no trade
  close 07:45Z: 3976 looks, best was KXNEAR15M-26SEP210345- YES @0.9980 edge +0.19c (need +0.3c) -> no trade
  close 08:00Z: 3752 looks, best was KXZEC15M-26SEP210400-0 NO @0.9980 edge +0.19c (need +0.3c) -> no trade
  close 08:15Z: 4046 looks, best was KXHYPE15M-26SEP210415- YES @0.9990 edge +0.09c (need +0.3c) -> no trade
  close 08:30Z: 4068 looks, 4068 decided, 4068 decided-but-nothing-offered, 0 undecided
  close 08:45Z: 4135 looks, best was KXZEC15M-26SEP210445-4 YES @0.9920 edge +0.60c (need +0.3c) -> no trade
  close 09:00Z: 4095 looks, best was KXDOGE15M-26SEP210500- YES @0.9990 edge +0.09c (need +0.3c) -> no trade
  close 09:15Z: 3956 looks, best was KXETH15M-26SEP210515-1 NO @0.9820 edge +1.50c (need +0.3c) -> no trade
  close 09:30Z: 3960 looks, 3960 decided, 3960 decided-but-nothing-offered, 0 undecided
  close 09:45Z: 3907 looks, best was KXXRP15M-26SEP210545-4 YES @0.9970 edge +0.20c (need +0.3c) -> no trade
  close 10:00Z: 3996 looks, 3996 decided, 3996 decided-but-nothing-offered, 0 undecided
  close 10:15Z: 3845 looks, best was KXETH15M-26SEP210615-1 NO @0.9880 edge +1.08c (need +0.3c) -> no trade
  close 10:30Z: 3887 looks, best was KXSOL15M-26SEP210630-3 YES @0.9990 edge +0.09c (need +0.3c) -> no trade
  close 10:45Z: 3862 looks, best was KXDOGE15M-26SEP210645- YES @0.9870 edge +1.19c (need +0.3c) -> no trade
  close 11:00Z: 4005 looks, best was KXNEAR15M-26SEP210700- NO @0.9960 edge +0.37c (need +0.3c) -> no trade
  close 11:15Z: 4041 looks, 4041 decided, 4041 decided-but-nothing-offered, 0 undecided
  SIGNAL KXSOL15M-26SEP210730-30 tau=21s buy NO @0.9780 fair 0.0049 edge +1.56c size 11.00 taking 11
  close 11:30Z: 3686 looks, best was KXSOL15M-26SEP210730-3 NO @0.9780 edge +1.56c (need +0.3c) -> FIRED
  SETTLED KXSOL15M-26SEP210730-30 no vs no -> +22.54c (run realised $+22.4573)
  SIGNAL KXNEAR15M-26SEP210745-45 tau=29s buy YES @0.9780 fair 0.9951 edge +1.56c size 130.00 taking 20
  close 11:45Z: 3448 looks, best was KXNEAR15M-26SEP210745- YES @0.9780 edge +1.56c (need +0.3c) -> FIRED
  SETTLED KXNEAR15M-26SEP210745-45 yes vs yes -> +40.98c (run realised $+22.8671)
  close 12:00Z: 3576 looks, best was KXBTC15M-26SEP210800-0 NO @0.9840 edge +1.48c (need +0.3c) -> no trade
  close 12:15Z: 4039 looks, best was KXBNB15M-26SEP210815-1 YES @0.9900 edge +0.83c (need +0.3c) -> no trade
  close 12:30Z: 3562 looks, best was KXETH15M-26SEP210830-3 NO @0.9960 edge +0.35c (need +0.3c) -> no trade
  close 12:45Z: 4165 looks, best was KXBTC15M-26SEP210845-4 YES @0.9970 edge +0.28c (need +0.3c) -> no trade
  close 13:00Z: 4059 looks, best was KXDOGE15M-26SEP210900- NO @0.9960 edge +0.33c (need +0.3c) -> no trade
  SIGNAL KXBNB15M-26SEP210915-15 tau=23s buy YES @0.9800 fair 0.9997 edge +1.84c size 358.45 taking 20
  SIGNAL KXXRP15M-26SEP210915-15 tau=14s buy YES @0.9730 fair 0.9970 edge +2.22c size 61.00 taking 20
  close 13:15Z: 1978 looks, best was KXXRP15M-26SEP210915-1 YES @0.9730 edge +2.22c (need +0.3c) -> FIRED
  SETTLED KXBNB15M-26SEP210915-15 yes vs yes -> +37.25c (run realised $+23.2396)
  SETTLED KXXRP15M-26SEP210915-15 yes vs yes -> +50.32c (run realised $+23.7428)
  close 13:30Z: 3752 looks, best was KXSOL15M-26SEP210930-3 YES @0.9980 edge +0.19c (need +0.3c) -> no trade
  close 13:45Z: 3709 looks, best was KXNEAR15M-26SEP210945- YES @0.9990 edge +0.09c (need +0.3c) -> no trade
  SIGNAL KXZEC15M-26SEP211000-00 tau=8s buy NO @0.9690 fair 0.0003 edge +2.86c size 13.06 taking 13.06
  close 14:00Z: 3403 looks, best was KXZEC15M-26SEP211000-0 NO @0.9690 edge +2.86c (need +0.3c) -> FIRED
  SETTLED KXZEC15M-26SEP211000-00 no vs no -> +37.74c (run realised $+24.1202)
  close 14:15Z: 3618 looks, best was KXSOL15M-26SEP211015-1 NO @0.9940 edge +0.55c (need +0.3c) -> no trade
  close 14:30Z: 3969 looks, 3969 decided, 3969 decided-but-nothing-offered, 0 undecided
  SIGNAL KXDOGE15M-26SEP211045-45 tau=12s buy YES @0.9790 fair 0.9959 edge +1.55c size 234.41 taking 20
  close 14:45Z: 3307 looks, best was KXDOGE15M-26SEP211045- YES @0.9790 edge +1.55c (need +0.3c) -> FIRED
  SETTLED KXDOGE15M-26SEP211045-45 yes vs yes -> +39.12c (run realised $+24.5114)
  close 15:00Z: 3621 looks, best was KXZEC15M-26SEP211100-0 NO @0.9860 edge +1.07c (need +0.3c) -> no trade
  close 15:15Z: 3834 looks, 3834 decided, 3834 decided-but-nothing-offered, 0 undecided
  close 15:30Z: 3888 looks, 3888 decided, 3888 decided-but-nothing-offered, 0 undecided
  close 15:45Z: 3807 looks, 3807 decided, 3807 decided-but-nothing-offered, 0 undecided
  close 16:00Z: 3571 looks, best was KXXRP15M-26SEP211200-0 YES @0.9970 edge +0.28c (need +0.3c) -> no trade
  close 16:15Z: 3845 looks, best was KXNEAR15M-26SEP211215- NO @0.9840 edge +1.49c (need +0.3c) -> no trade
  SIGNAL KXSOL15M-26SEP211230-30 tau=30s buy YES @0.9790 fair 0.9960 edge +1.56c size 10.00 taking 10
  close 16:30Z: 3617 looks, best was KXSOL15M-26SEP211230-3 YES @0.9790 edge +1.56c (need +0.3c) -> FIRED
  SETTLED KXSOL15M-26SEP211230-30 yes vs yes -> +19.56c (run realised $+24.7070)
  SIGNAL KXNEAR15M-26SEP211245-45 tau=21s buy NO @0.9770 fair 0.0017 edge +1.97c size 510.00 taking 20
  close 16:45Z: 3443 looks, best was KXNEAR15M-26SEP211245- NO @0.9770 edge +1.97c (need +0.3c) -> FIRED
  SETTLED KXNEAR15M-26SEP211245-45 no vs no -> +42.85c (run realised $+25.1355)
  close 17:00Z: 4160 looks, best was KXBNB15M-26SEP211300-0 YES @0.9950 edge +0.38c (need +0.3c) -> no trade
  SIGNAL KXBTC15M-26SEP211315-15 tau=6s buy NO @0.8900 fair 0.0020 edge +10.11c size 1919.56 taking 20
  close 17:15Z: 3921 looks, best was KXBTC15M-26SEP211315-1 NO @0.8900 edge +10.11c (need +0.3c) -> FIRED
  SETTLED KXBTC15M-26SEP211315-15 no vs no -> +206.29c (run realised $+27.1984)
  SIGNAL KXSOL15M-26SEP211330-30 tau=30s buy YES @0.9800 fair 0.9973 edge +1.59c size 14.00 taking 14
  close 17:30Z: 3569 looks, best was KXETH15M-26SEP211330-3 NO @0.9800 edge +1.80c (need +0.3c) -> FIRED
  SETTLED KXSOL15M-26SEP211330-30 yes vs yes -> +26.07c (run realised $+27.4591)
  SIGNAL KXZEC15M-26SEP211345-45 tau=18s buy YES @0.9380 fair 0.9957 edge +5.36c size 241.13 taking 20
  close 17:45Z: 3601 looks, best was KXZEC15M-26SEP211345-4 YES @0.9380 edge +5.36c (need +0.3c) -> FIRED
  SETTLED KXZEC15M-26SEP211345-45 yes vs yes -> +115.85c (run realised $+28.6176)
  close 18:00Z: 4112 looks, best was KXBTC15M-26SEP211400-0 NO @0.9990 edge +0.09c (need +0.3c) -> no trade
  close 18:15Z: 4032 looks, 4032 decided, 4032 decided-but-nothing-offered, 0 undecided
  close 18:30Z: 3977 looks, best was KXNEAR15M-26SEP211430- NO @0.9970 edge +0.21c (need +0.3c) -> no trade
  SIGNAL KXETH15M-26SEP211445-45 tau=29s buy YES @0.9560 fair 0.9982 edge +3.92c size 322.66 taking 20
  close 18:45Z: 3416 looks, best was KXETH15M-26SEP211445-4 YES @0.9560 edge +3.92c (need +0.3c) -> FIRED
  SETTLED KXETH15M-26SEP211445-45 yes vs yes -> +82.11c (run realised $+29.4387)
  close 19:00Z: 4050 looks, 4050 decided, 4050 decided-but-nothing-offered, 0 undecided
  close 19:15Z: 3696 looks, best was KXBTC15M-26SEP211515-1 NO @0.9910 edge +0.62c (need +0.3c) -> no trade
  close 19:30Z: 4086 looks, 4086 decided, 4086 decided-but-nothing-offered, 0 undecided
  close 19:45Z: 3906 looks, best was KXBNB15M-26SEP211545-4 YES @0.9880 edge +0.86c (need +0.3c) -> no trade
  SIGNAL KXSOL15M-26SEP211600-00 tau=25s buy YES @0.9340 fair 0.9983 edge +6.00c size 148.91 taking 20
  close 20:00Z: 3689 looks, best was KXSOL15M-26SEP211600-0 YES @0.9340 edge +6.00c (need +0.3c) -> FIRED
  SETTLED KXSOL15M-26SEP211600-00 yes vs yes -> +123.36c (run realised $+30.6723)
  close 20:15Z: 4209 looks, best was KXHYPE15M-26SEP211615- NO @0.9970 edge +0.28c (need +0.3c) -> no trade
  close 20:30Z: 4302 looks, 4302 decided, 4302 decided-but-nothing-offered, 0 undecided
  close 20:45Z: 4248 looks, 4248 decided, 4248 decided-but-nothing-offered, 0 undecided
  close 21:00Z: 4131 looks, best was KXBTC15M-26SEP211700-0 YES @0.9970 edge +0.28c (need +0.3c) -> no trade
  close 21:15Z: 3911 looks, best was KXHYPE15M-26SEP211715- YES @0.9930 edge +0.39c (need +0.3c) -> no trade
  SIGNAL KXZEC15M-26SEP211730-30 tau=29s buy NO @0.9600 fair 0.0000 edge +3.73c size 71.00 taking 20
  close 21:30Z: 3251 looks, best was KXZEC15M-26SEP211730-3 NO @0.9600 edge +3.73c (need +0.3c) -> FIRED
  SETTLED KXZEC15M-26SEP211730-30 no vs no -> +74.62c (run realised $+31.4185)
  close 21:45Z: 3902 looks, best was KXHYPE15M-26SEP211745- YES @0.9990 edge +0.09c (need +0.3c) -> no trade
  close 22:00Z: 3287 looks, best was KXDOGE15M-26SEP211800- NO @0.9920 edge +0.74c (need +0.3c) -> no trade
  close 22:15Z: 3925 looks, best was KXHYPE15M-26SEP211815- NO @0.9900 edge +0.93c (need +0.3c) -> no trade
  close 22:30Z: 4203 looks, best was KXNEAR15M-26SEP211830- YES @0.9990 edge +0.03c (need +0.3c) -> no trade
  close 22:45Z: 4134 looks, best was KXSOL15M-26SEP211845-4 YES @0.9820 edge +1.50c (need +0.3c) -> no trade
  close 23:00Z: 4119 looks, best was KXBTC15M-26SEP211900-0 YES @0.9870 edge +1.19c (need +0.3c) -> no trade
  close 23:15Z: 4025 looks, best was KXZEC15M-26SEP211915-1 NO @0.9950 edge +0.37c (need +0.3c) -> no trade
  close 23:30Z: 4121 looks, best was KXZEC15M-26SEP211930-3 YES @0.9900 edge +0.87c (need +0.3c) -> no trade
  close 23:45Z: 4288 looks, best was KXBTC15M-26SEP211945-4 NO @0.9860 edge +1.14c (need +0.3c) -> no trade
  SIGNAL KXNEAR15M-26SEP212000-00 tau=7s buy YES @0.9200 fair 0.9962 edge +7.10c size 42.00 taking 20
  close 00:00Z: 4286 looks, best was KXNEAR15M-26SEP212000- YES @0.9200 edge +7.10c (need +0.3c) -> FIRED
  SETTLED KXNEAR15M-26SEP212000-00 yes vs yes -> +149.69c (run realised $+32.9154)
  close 00:15Z: 4373 looks, best was KXDOGE15M-26SEP212015- YES @0.9980 edge +0.19c (need +0.3c) -> no trade
  SIGNAL KXBNB15M-26SEP212030-30 tau=25s buy NO @0.9800 fair 0.0005 edge +1.81c size 32.00 taking 20
  close 00:30Z: 3933 looks, best was KXBNB15M-26SEP212030-3 NO @0.9800 edge +1.81c (need +0.3c) -> FIRED
  SETTLED KXBNB15M-26SEP212030-30 no vs no -> +37.25c (run realised $+33.2879)
  close 00:45Z: 4273 looks, best was KXBNB15M-26SEP212045-4 YES @0.9990 edge +0.09c (need +0.3c) -> no trade
  close 01:15Z: 0 looks, 0 decided, 0 decided-but-nothing-offered, 0 undecided
  close 01:30Z: 0 looks, 0 decided, 0 decided-but-nothing-offered, 0 undecided
  close 01:45Z: 0 looks, 0 decided, 0 decided-but-nothing-offered, 0 undecided
  close 02:15Z: 0 looks, 0 decided, 0 decided-but-nothing-offered, 0 undecided
  close 02:30Z: 9 looks, 9 decided, 9 decided-but-nothing-offered, 0 undecided
  close 02:45Z: 0 looks, 0 decided, 0 decided-but-nothing-offered, 0 undecided
  close 03:00Z: 0 looks, 0 decided, 0 decided-but-nothing-offered, 0 undecided
  close 03:15Z: 0 looks, 0 decided, 0 decided-but-nothing-offered, 0 undecided
  close 03:30Z: 8 looks, 8 decided, 8 decided-but-nothing-offered, 0 undecided
  close 03:45Z: 0 looks, 0 decided, 0 decided-but-nothing-offered, 0 undecided
  close 04:15Z: 8 looks, 7 decided, 7 decided-but-nothing-offered, 1 undecided
  close 04:30Z: 0 looks, 0 decided, 0 decided-but-nothing-offered, 0 undecided
  close 04:45Z: 0 looks, 0 decided, 0 decided-but-nothing-offered, 0 undecided
  close 05:45Z: 3966 looks, best was KXDOGE15M-26SEP220145- YES @0.9980 edge +0.19c (need +0.3c) -> no trade
  SIGNAL KXBTC15M-26SEP220200-00 tau=6s buy NO @0.8700 fair 0.0026 edge +11.95c size 2000.02 taking 20
  close 06:00Z: 3976 looks, best was KXBTC15M-26SEP220200-0 NO @0.8700 edge +11.95c (need +0.3c) -> FIRED
  SETTLED KXBTC15M-26SEP220200-00 no vs no -> +244.16c (run realised $+35.7295)
  close 06:15Z: 4132 looks, best was KXXRP15M-26SEP220215-1 YES @0.9820 edge +1.68c (need +0.3c) -> no trade
  SIGNAL KXXRP15M-26SEP220230-30 tau=30s buy YES @0.9700 fair 0.9992 edge +2.72c size 34.89 taking 20
  close 06:30Z: 3183 looks, best was KXXRP15M-26SEP220230-3 YES @0.9700 edge +2.72c (need +0.3c) -> FIRED
  SETTLED KXXRP15M-26SEP220230-30 yes vs yes -> +55.92c (run realised $+36.2887)
  close 06:45Z: 2065 looks, best was KXDOGE15M-26SEP220245- YES @0.9960 edge +0.37c (need +0.3c) -> no trade
  close 07:00Z: 1801 looks, best was KXDOGE15M-26SEP220300- NO @0.9980 edge +0.19c (need +0.3c) -> no trade
  close 07:15Z: 3113 looks, best was KXDOGE15M-26SEP220315- NO @0.9930 edge +0.64c (need +0.3c) -> no trade
  close 07:30Z: 2979 looks, 2979 decided, 2979 decided-but-nothing-offered, 0 undecided
  close 07:45Z: 2423 looks, best was KXXRP15M-26SEP220345-4 NO @0.9920 edge +0.73c (need +0.3c) -> no trade
  SIGNAL KXETH15M-26SEP220400-00 tau=7s buy YES @0.9780 fair 0.9984 edge +1.89c size 109.00 taking 20
  close 08:00Z: 2492 looks, best was KXETH15M-26SEP220400-0 YES @0.9780 edge +1.89c (need +0.3c) -> FIRED
  SETTLED KXETH15M-26SEP220400-00 yes vs yes -> +40.98c (run realised $+36.6985)
  close 08:15Z: 2963 looks, best was KXDOGE15M-26SEP220415- YES @0.9980 edge +0.19c (need +0.3c) -> no trade
  close 08:30Z: 1782 looks, 1782 decided, 1782 decided-but-nothing-offered, 0 undecided
  close 08:45Z: 1746 looks, 1746 decided, 1746 decided-but-nothing-offered, 0 undecided
  SIGNAL KXHYPE15M-26SEP220500-00 tau=13s buy NO @0.9740 fair 0.0027 edge +2.15c size 39.88 taking 20
  close 09:00Z: 2268 looks, best was KXHYPE15M-26SEP220500- NO @0.9740 edge +2.15c (need +0.3c) -> FIRED
  SETTLED KXHYPE15M-26SEP220500-00 no vs no -> +48.45c (run realised $+37.1830)
  close 09:15Z: 1485 looks, best was KXHYPE15M-26SEP220515- NO @0.9960 edge +0.37c (need +0.3c) -> no trade
  close 09:30Z: 1432 looks, best was KXETH15M-26SEP220530-3 YES @0.9890 edge +0.92c (need +0.3c) -> no trade
  close 09:45Z: 1571 looks, best was KXHYPE15M-26SEP220545- YES @0.9900 edge +0.93c (need +0.3c) -> no trade
  close 10:00Z: 2658 looks, best was KXNEAR15M-26SEP220600- NO @0.9870 edge +1.19c (need +0.3c) -> no trade
  close 10:15Z: 2270 looks, 2270 decided, 2270 decided-but-nothing-offered, 0 undecided
  close 10:30Z: 2095 looks, best was KXZEC15M-26SEP220630-3 YES @0.9950 edge +0.46c (need +0.3c) -> no trade
  close 10:45Z: 2302 looks, best was KXBTC15M-26SEP220645-4 NO @0.9890 edge +0.92c (need +0.3c) -> no trade
  close 11:00Z: 1995 looks, best was KXDOGE15M-26SEP220700- NO @0.9960 edge +0.37c (need +0.3c) -> no trade
  close 11:15Z: 2256 looks, best was KXBTC15M-26SEP220715-1 YES @0.9970 edge +0.27c (need +0.3c) -> no trade
  close 11:30Z: 2062 looks, best was KXBTC15M-26SEP220730-3 NO @0.9910 edge +0.84c (need +0.3c) -> no trade
  close 11:45Z: 2251 looks, best was KXNEAR15M-26SEP220745- YES @0.9980 edge +0.19c (need +0.3c) -> no trade
  close 12:00Z: 3987 looks, 3987 decided, 3987 decided-but-nothing-offered, 0 undecided
  SIGNAL KXBTC15M-26SEP220815-15 tau=11s buy NO @0.9560 fair 0.0037 edge +3.74c size 940.01 taking 20
  close 12:15Z: 3674 looks, best was KXBTC15M-26SEP220815-1 NO @0.9560 edge +3.74c (need +0.3c) -> FIRED
  SETTLED KXBTC15M-26SEP220815-15 no vs no -> +82.11c (run realised $+38.0041)

  81 signals, 943989 evaluations
  ledger {'committed': 0.0, 'filled_contracts': 0.0, 'filled_dollars': 0.0, 'fees': 0.0, 'realised': 38.00407000000002, 'losses': 1, 'sends': 0, 'unknown': 0, 'rested': 0, 'anomalies': [], 'halt': None, 'positions': {}, 'takes': [{'kind': 'pnl', 'delta': 0.6527000000000006, 'note': 'KXNEAR15M-26SEP190900-00 no vs no', 't': 1789822820.109586}, {'kind': 'pnl', 'delta': 0.37250000000000033, 'note': 'KXZEC15M-26SEP190930-30 yes vs yes', 't': 1789824620.099062}, {'kind': 'pnl', 'delta': 1.025800000000001, 'note': 'KXBNB15M-26SEP190930-30 yes vs yes', 't': 1789824620.2065878}, {'kind': 'pnl', 'delta': 0.46580000000000044, 'note': 'KXDOGE15M-26SEP191015-15 yes vs yes', 't': 1789827320.117474}, {'kind': 'pnl', 'delta': 1.7418999999999993, 'note': 'KXBNB15M-26SEP191100-00 no vs no', 't': 1789830020.120546}, {'kind': 'pnl', 'delta': 2.2521, 'note': 'KXHYPE15M-26SEP191200-00 yes vs yes', 't': 1789833620.1024086}, {'kind': 'pnl', 'delta': -18.4278, 'note': 'KXBNB15M-26SEP191230-30 yes vs no', 't': 1789835420.10651}, {'kind': 'pnl', 'delta': 0.37250000000000033, 'note': 'KXSOL15M-26SEP191245-45 yes vs yes', 't': 1789836320.1355321}, {'kind': 'pnl', 'delta': 0.37250000000000033, 'note': 'KXXRP15M-26SEP191300-00 yes vs yes', 't': 1789837220.1024957}, {'kind': 'pnl', 'delta': 0.37250000000000033, 'note': 'KXETH15M-26SEP191400-00 no vs no', 't': 1789840820.1037772}, {'kind': 'pnl', 'delta': 0.37250000000000033, 'note': 'KXNEAR15M-26SEP191415-15 no vs no', 't': 1789841720.146829}, {'kind': 'pnl', 'delta': 0.5032000000000005, 'note': 'KXBNB15M-26SEP191430-30 yes vs yes', 't': 1789842620.1388571}, {'kind': 'pnl', 'delta': 0.8772000000000009, 'note': 'KXHYPE15M-26SEP191515-15 yes vs yes', 't': 1789845320.1226623}, {'kind': 'pnl', 'delta': 1.6286999999999994, 'note': 'KXBTC15M-26SEP191600-00 yes vs yes', 't': 1789848020.1168773}, {'kind': 'pnl', 'delta': 0.3516700000000003, 'note': 'KXZEC15M-26SEP191615-15 no vs no', 't': 1789848920.1241474}, {'kind': 'pnl', 'delta': 2.4416, 'note': 'KXBTC15M-26SEP191645-45 yes vs yes', 't': 1789850720.10161}, {'kind': 'pnl', 'delta': 0.6863400000000006, 'note': 'KXETH15M-26SEP192030-30 no vs no', 't': 1789864220.200444}, {'kind': 'pnl', 'delta': 0.7462000000000008, 'note': 'KXBTC15M-26SEP192045-45 yes vs yes', 't': 1789865120.135477}, {'kind': 'pnl', 'delta': 0.3912000000000004, 'note': 'KXNEAR15M-26SEP192100-00 no vs no', 't': 1789866020.1011639}, {'kind': 'pnl', 'delta': 0.6721000000000006, 'note': 'KXBNB15M-26SEP192100-00 yes vs yes', 't': 1789866020.1850684}, {'kind': 'pnl', 'delta': 1.139800000000001, 'note': 'KXBTC15M-26SEP192130-30 no vs no', 't': 1789867820.1495965}, {'kind': 'pnl', 'delta': 0.37250000000000033, 'note': 'KXETH15M-26SEP192200-00 yes vs yes', 't': 1789869620.124419}, {'kind': 'pnl', 'delta': 0.18620000000000017, 'note': 'KXDOGE15M-26SEP192315-15 yes vs yes', 't': 1789874120.1283343}, {'kind': 'pnl', 'delta': 0.5966000000000006, 'note': 'KXHYPE15M-26SEP192315-15 no vs no', 't': 1789874120.211979}, {'kind': 'pnl', 'delta': 0.8519999999999996, 'note': 'KXBTC15M-26SEP192315-15 no vs no', 't': 1789874120.3068736}, {'kind': 'pnl', 'delta': 0.37250000000000033, 'note': 'KXBTC15M-26SEP192345-45 no vs no', 't': 1789875920.134833}, {'kind': 'pnl', 'delta': 0.6901000000000006, 'note': 'KXHYPE15M-26SEP192345-45 no vs no', 't': 1789875920.2128527}, {'kind': 'pnl', 'delta': 0.6901000000000006, 'note': 'KXBTC15M-26SEP200030-30 yes vs yes', 't': 1789878620.1328363}, {'kind': 'pnl', 'delta': 0.37250000000000033, 'note': 'KXZEC15M-26SEP200045-45 yes vs yes', 't': 1789879520.148979}, {'kind': 'pnl', 'delta': 0.37250000000000033, 'note': 'KXBTC15M-26SEP200145-45 no vs no', 't': 1789883120.090368}, {'kind': 'pnl', 'delta': 0.37250000000000033, 'note': 'KXHYPE15M-26SEP200200-00 no vs no', 't': 1789884020.0842657}, {'kind': 'pnl', 'delta': 0.37250000000000033, 'note': 'KXBTC15M-26SEP200215-15 yes vs yes', 't': 1789884920.1339605}, {'kind': 'pnl', 'delta': 1.5518000000000003, 'note': 'KXBNB15M-26SEP200215-15 yes vs yes', 't': 1789884920.212695}, {'kind': 'pnl', 'delta': 0.37250000000000033, 'note': 'KXBTC15M-26SEP200500-00 yes vs yes', 't': 1789894820.1011071}, {'kind': 'pnl', 'delta': 0.7462000000000008, 'note': 'KXBTC15M-26SEP200515-15 yes vs yes', 't': 1789895720.70253}, {'kind': 'pnl', 'delta': 1.7229999999999994, 'note': 'KXZEC15M-26SEP200615-15 yes vs yes', 't': 1789899320.1284475}, {'kind': 'pnl', 'delta': 0.37250000000000033, 'note': 'KXBTC15M-26SEP200645-45 no vs no', 't': 1789901120.1053562}, {'kind': 'pnl', 'delta': 0.37250000000000033, 'note': 'KXSOL15M-26SEP200715-15 no vs no', 't': 1789902920.114114}, {'kind': 'pnl', 'delta': 0.5592000000000006, 'note': 'KXBTC15M-26SEP200730-30 no vs no', 't': 1789903820.0971134}, {'kind': 'pnl', 'delta': 0.44720000000000043, 'note': 'KXBNB15M-26SEP200745-45 yes vs yes', 't': 1789904720.0990255}, {'kind': 'pnl', 'delta': 0.4098000000000004, 'note': 'KXSOL15M-26SEP201015-15 no vs no', 't': 1789913720.1460578}, {'kind': 'pnl', 'delta': 0.3912000000000004, 'note': 'KXZEC15M-26SEP201030-30 yes vs yes', 't': 1789914620.1137087}, {'kind': 'pnl', 'delta': 0.3912000000000004, 'note': 'KXZEC15M-26SEP201045-45 yes vs yes', 't': 1789915520.10887}, {'kind': 'pnl', 'delta': 0.46580000000000044, 'note': 'KXXRP15M-26SEP201130-30 no vs no', 't': 1789918220.1252754}, {'kind': 'pnl', 'delta': 0.41740000000000044, 'note': 'KXZEC15M-26SEP201330-30 no vs no', 't': 1789925420.1152675}, {'kind': 'pnl', 'delta': 0.5405000000000005, 'note': 'KXSOL15M-26SEP201530-30 yes vs yes', 't': 1789932620.130936}, {'kind': 'pnl', 'delta': 0.37250000000000033, 'note': 'KXHYPE15M-26SEP201600-00 no vs no', 't': 1789934420.0978878}, {'kind': 'pnl', 'delta': 1.6475999999999993, 'note': 'KXBTC15M-26SEP201845-45 no vs no', 't': 1789944320.1627269}, {'kind': 'pnl', 'delta': 0.9334000000000009, 'note': 'KXBNB15M-26SEP201900-00 no vs no', 't': 1789945220.1049075}, {'kind': 'pnl', 'delta': 0.37250000000000033, 'note': 'KXHYPE15M-26SEP201930-30 yes vs yes', 't': 1789947020.117952}, {'kind': 'pnl', 'delta': 0.8772000000000009, 'note': 'KXDOGE15M-26SEP201930-30 no vs no', 't': 1789947020.2059994}, {'kind': 'pnl', 'delta': 0.37250000000000033, 'note': 'KXBNB15M-26SEP202030-30 no vs no', 't': 1789950620.101554}, {'kind': 'pnl', 'delta': 1.064700000000001, 'note': 'KXETH15M-26SEP202045-45 yes vs yes', 't': 1789951520.1000187}, {'kind': 'pnl', 'delta': 0.4845000000000005, 'note': 'KXETH15M-26SEP202345-45 no vs no', 't': 1789962395.2761655}, {'kind': 'pnl', 'delta': 0.38980000000000037, 'note': 'KXSOL15M-26SEP202345-45 no vs no', 't': 1789962395.372035}, {'kind': 'pnl', 'delta': 0.5405000000000005, 'note': 'KXHYPE15M-26SEP210000-00 yes vs yes', 't': 1789963220.3664155}, {'kind': 'pnl', 'delta': 0.3259000000000003, 'note': 'KXSOL15M-26SEP210100-00 no vs no', 't': 1789966820.1100132}, {'kind': 'pnl', 'delta': 0.5049000000000005, 'note': 'KXXRP15M-26SEP210200-00 yes vs yes', 't': 1789970420.1172657}, {'kind': 'pnl', 'delta': 0.7275000000000007, 'note': 'KXETH15M-26SEP210215-15 yes vs yes', 't': 1789971320.1022716}, {'kind': 'pnl', 'delta': 0.5966000000000006, 'note': 'KXZEC15M-26SEP210230-30 yes vs yes', 't': 1789972220.0942013}, {'kind': 'pnl', 'delta': 0.2254000000000002, 'note': 'KXSOL15M-26SEP210730-30 no vs no', 't': 1789990220.153385}, {'kind': 'pnl', 'delta': 0.4098000000000004, 'note': 'KXNEAR15M-26SEP210745-45 yes vs yes', 't': 1789991120.0887322}, {'kind': 'pnl', 'delta': 0.37250000000000033, 'note': 'KXBNB15M-26SEP210915-15 yes vs yes', 't': 1789996520.1192796}, {'kind': 'pnl', 'delta': 0.5032000000000005, 'note': 'KXXRP15M-26SEP210915-15 yes vs yes', 't': 1789996520.2212443}, {'kind': 'pnl', 'delta': 0.37736000000000036, 'note': 'KXZEC15M-26SEP211000-00 no vs no', 't': 1789999220.1216617}, {'kind': 'pnl', 'delta': 0.3912000000000004, 'note': 'KXDOGE15M-26SEP211045-45 yes vs yes', 't': 1790001920.126919}, {'kind': 'pnl', 'delta': 0.1956000000000002, 'note': 'KXSOL15M-26SEP211230-30 yes vs yes', 't': 1790008220.1435575}, {'kind': 'pnl', 'delta': 0.42850000000000044, 'note': 'KXNEAR15M-26SEP211245-45 no vs no', 't': 1790009120.1326265}, {'kind': 'pnl', 'delta': 2.0629, 'note': 'KXBTC15M-26SEP211315-15 no vs no', 't': 1790010920.1979496}, {'kind': 'pnl', 'delta': 0.26070000000000026, 'note': 'KXSOL15M-26SEP211330-30 yes vs yes', 't': 1790011820.1088014}, {'kind': 'pnl', 'delta': 1.1585000000000012, 'note': 'KXZEC15M-26SEP211345-45 yes vs yes', 't': 1790012720.1193392}, {'kind': 'pnl', 'delta': 0.8211000000000008, 'note': 'KXETH15M-26SEP211445-45 yes vs yes', 't': 1790016320.133284}, {'kind': 'pnl', 'delta': 1.233599999999999, 'note': 'KXSOL15M-26SEP211600-00 yes vs yes', 't': 1790020820.1124868}, {'kind': 'pnl', 'delta': 0.7462000000000008, 'note': 'KXZEC15M-26SEP211730-30 no vs no', 't': 1790026220.104842}, {'kind': 'pnl', 'delta': 1.4968999999999992, 'note': 'KXNEAR15M-26SEP212000-00 yes vs yes', 't': 1790035220.186713}, {'kind': 'pnl', 'delta': 0.37250000000000033, 'note': 'KXBNB15M-26SEP212030-30 no vs no', 't': 1790037020.1433501}, {'kind': 'pnl', 'delta': 2.4416, 'note': 'KXBTC15M-26SEP220200-00 no vs no', 't': 1790056820.128078}, {'kind': 'pnl', 'delta': 0.5592000000000006, 'note': 'KXXRP15M-26SEP220230-30 yes vs yes', 't': 1790058620.1299286}, {'kind': 'pnl', 'delta': 0.4098000000000004, 'note': 'KXETH15M-26SEP220400-00 yes vs yes', 't': 1790064020.1568236}, {'kind': 'pnl', 'delta': 0.4845000000000005, 'note': 'KXHYPE15M-26SEP220500-00 no vs no', 't': 1790067620.11657}, {'kind': 'pnl', 'delta': 0.8211000000000008, 'note': 'KXBTC15M-26SEP220815-15 no vs no', 't': 1790079320.1464212}]}
  log C:\kals-repo\results\pinrun-paper-20260919T122322Z.jsonl
