SELF-TEST -- pinrun
  ok   all 60 prints locked at now=close (remaining 0)
  ok   locked sum excludes tick@close and includes tick@close-60 (5900.0, expected 5900.0)
  ok   decided yes on the corrected window (fair 1.0)
  ok   old and new windows genuinely differ on this fixture
  ok   eff_strike(2492.82, d=2) == 2492.815
  ok   rounding-aware fair calls the real ETH market YES (1.0)
  ok   the un-rounded model calls it NO (0.0) -- the -90.91c loss
  ok   the locked window ends at the newest print HELD, not at now (remaining 3, locked 58596.0)
  ok   with the newest print in flight on a rising index the corrected model says YES (fair 1.0000); mean-imputation said NO (fair 0.0000) -- a wrong-side buy at ~99c
  ok   an interior gap takes the nearest print (6899.0, expected 6899.0; the window-mean rule would say 6914.2)
  ok   partial refuses a window missing more than 5% of its prints
  ok   buying YES at 98.3c and NO at 90.8c on ONE market pays 189.1c for a guaranteed $1.00 -- a locked 89.1c loss carrying NO directional risk
  ok   and EVERY price the rule can pay is above 50c, so a both-sides pair is ALWAYS a locked loss -- there is no price at which it is not
  ok   the side taken is recorded PER TICKER, so a second market is unaffected -- the guard must not block ordinary diversification
  ok   three losing trades on ONE close plus one on another is TWO losing closes, not four (2) -- tonight three fills on one NEAR market spent the whole 3-loss budget on a SINGLE draw
  ok   so one bad close can no longer exhaust a 3-close brake by itself, which is what 'three losses is roughly a 1% event' actually assumed
  ok   two fills on the SAME ticker occupy TWO entries -- keyed by order id, the second cannot overwrite the first
  ok   and open exposure is the SUM of both stakes ($36.82), not just the last
  ok   releasing ONE of them leaves the ticker still referenced, so the position record must NOT be dropped yet
  ok   and only when the last one goes is the ticker free -- the null, so a release cannot fire early
  ok   and NOTHING in the loop still keys open_pos by ticker
  ok   attempts (8) are capped ABOVE fills (2) -- separate budgets, because a lost race should cost a retry but not a fill slot
  ok   and the attempt cap is small enough that a 20 Hz loop cannot spam (8)
  ok   the attempt cap is actually READ in the loop, not merely defined
  ok   and an attempt is counted BEFORE the order is sent, so a send that never returns still consumes one
  ok   a RETURNED refusal is counted as an order error -- take() does not raise, so nothing noticed 160 refusals in a row
  ok   pintake's own count rail is below its hard ceiling (10 <= 25)
  pintake rails raised: MAX_TAKE_COUNT 10 -> 15  (selftest)
  ok   set_limits RAISES the count rail so it can never be the thing that silently blocks a bigger size again
  ok   and it REFUSES to lower it
  ok   the fixture buys exactly MAX_PER_CLOSE times (2)
  ok   and every later buy is at least IMPROVE_BY cheaper -- so the marginal trade cap 3 adds is the CHEAPEST of the close, which is why it cannot degrade the average price paid
  ok   three fills commit $38.80, the sum of their stakes, not three times the first
  ok   and that is at or below the $40 worst case the deployment rail sizes the brake against -- the rail is conservative, as it must be
  ok   and releasing all three gives back EXACTLY what was committed
  ok   the forward loss bound tolerates all three open ($38.80 vs a $-90.00 brake)
  ok   --max-positions equal to the cap (2) REFUSES the last fill once a straggler is still open, which is why it must be at least MAX_PER_CLOSE + 1 (position cap: 2 open >= 2)
  ok   2 losses does NOT halt a run whose brake is 3
  ok   3 losses DOES halt it, on COUNT and not on dollars (loss COUNT brake: 3 losing trades this run >= 3; stop and re-measure the flip rate)
  ok   and max_losses=0 DISABLES it -- the null, so the brake cannot fire on a run that never asked for it
  ok   MIN_FILL_FRAC is a fraction (0.5)
  ok   a deep book fills the whole size we asked for
  ok   a 7-contract offer at size 10 is TAKEN as a partial, not thrown away -- the old dust gate refused it outright
  ok   but a 4-contract scrap at size 10 is still refused: below half, a tiny fill burns a scale-in slot and raises the improve bar, which measured WORSE than not trading
  ok   sub-contract dust is refused at every size (MIN_LEVEL)
  ok   a partial can only ever LOWER the contracts bought, never raise them, so this amendment cannot increase exposure
  ok   a filled buy books a slot and sets the improve bar
  ok   a second fill books the second slot and LOWERS the bar to the better price
  ok   and 2 FILLS still exhaust the close -- max exposure is UNCHANGED by this amendment, only wasted attempts are recovered
  ok   a market that already filled 1x is refused a repeat -- this is what turned one bad NEAR close into -$52.60
  ok   but a DIFFERENT market on the same close is still allowed, because MAX_PER_CLOSE governs that and rho ~ 0.8 is not rho = 1
  ok   and the first fill of a close is never blocked
  ok   one market can never stake more than the whole close is allowed to
  ok   A13 does not change the worst CLOSE ($2.00); it changes how much of it one market may be -- $1.00 instead of all of it
  ok   STRUCTURAL: the live slot is booked AFTER the order returns, so a zero-fill cannot burn it
  ok   and it is booked only inside the filled>0 branch
  ok   STRUCTURAL: the slot is booked only when the FILL is at least half our size; a scrap keeps its position and spends no slot
  ok   and a scrap is recorded, not silent
  ok   under CLOSE_BUDGET a scrap must book its CONTRACTS -- they are real exposure however small -- while still not raising the improve bar, which is the only thing A12's exemption was actually protecting
  ok   STRUCTURAL: scraps ACCUMULATE and spend a slot once they add up to a real fill -- without this, 8 scraps of 9.99 would double the worst-case close from $39.20 to $78.32
  ok   eight 0.02-contract crumbs spend NO slot (0.16 of 10) -- the case A12 exists for
  ok   scraps of 9.99: at most 39.96 contracts fill in one close, against the intended 40 -- bounded
  ok   scraps of 5: at most 20.00 contracts fill in one close, against the intended 40 -- bounded
  ok   scraps of 2: at most 20.00 contracts fill in one close, against the intended 40 -- bounded
  ok   scraps of 0.5: at most 20.00 contracts fill in one close, against the intended 40 -- bounded
  ok   within the 8-attempt cap, 0.02 crumbs spend no slot at all -- the case A12 exists for
  ok   while near-full scraps exhaust the slots inside the same cap
  ok   at size 20 the real-fill line is 10: the 2.0 and 0.02 fills of 2026-09-11 07:00 ET are scraps, a 10 is a fill
  ok   take() is called with take_n, the contracts actually available, not the raw SIZE
  ok   an EMPTY close reports NO depth rather than a zero -- a close where nothing was offered must not look like a close offering 0 contracts
  ok   depth percentiles come back sorted (median 30.0)
  ok   the size ladder counts moments that SURVIVE each size (4 at 5, 2 at 125)
  ok   at size 1 every offered moment survives -- the ladder's own null
  ok   a single 7-contract offer survives at size 5 but NOT at size 10, which is exactly the opportunity cost of scaling
  ok   EV is ~zero exactly at p = 1 - flip = 0.9910 (got -0.070c)
  ok   a trade at 99.6c is NEGATIVE EV (-0.53c) -- matches the 2026-09-08 live trades
  ok   a trade at 99.3c is NEGATIVE EV (-0.25c) -- matches the 2026-09-08 live trades
  ok   a trade at 99.2c is NEGATIVE EV (-0.16c) -- matches the 2026-09-08 live trades
  ok   a trade at 99.1c is NEGATIVE EV (-0.07c) -- matches the 2026-09-08 live trades
  ok   a trade at 97.9c is positive EV (+1.05c) -- matches the 2026-09-08 live trades
  ok   a trade at 94.7c is positive EV (+4.04c) -- matches the 2026-09-08 live trades
  ok   the EV floor puts the price ceiling between 98c and 99c
  ok   a higher flip rate makes even 95c negative (the gate tracks f)
  ok   net edge subtracts the taker fee (0.430c at p=0.99)
  ok   billed fee at p=0.95 is $0.0034, not the raw $0.003325 (0.0034)
  ok   the billed fee is never below the raw formula (conservative)
  ok   the billed fee on 0.01 contracts is the $0.0001 floor (0.0001)
  ok   at --size 0.01 a 0.9c gross edge is NEGATIVE once the order's own fee is charged (-0.100c), where the one-contract fee would have called it +0.83c
  ok   edge sign behaves at the boundary
  ok   NO-side edge is (1-fair) - price - fee
  ok   YES take is a bid at the seen price (bid 0.9910)
  ok   NO take at 0.989 is an ask at 0.0110 = the yes bid we hit (ask 0.0110)
  ok   a NO take at 0.989 costs $0.989, not $0.011 ($0.9890)
  ok   both bodies have post_only False -- pin must cross, never rest
  ok   tif never rests (immediate_or_cancel)
  ok   stale index reports its age (30s)
  ok   on_frame parses a real cfbenchmarks_value frame
  ok   junk and off-channel frames are counted, not fatal
  ok   pintake ledger has the key the abort reads: 'halt'
  ok   pintake ledger has the key the abort reads: 'realised'
  ok   pintake ledger has the key the abort reads: 'committed'
  ok   pintake ledger has the key the abort reads: 'positions'
  ok   every ledger key the abort reads exists (['committed', 'halt', 'losses', 'positions', 'realised'])
  ok   abort fires on realised -3.00 vs limit -2.00 (loss abort: realised $-3.00 <= $-2.00)
  ok   abort fires at the stake cap (stake cap reached: $60.00 committed)
  ok   abort fires on a pintake halt (pintake halted: unknown order state)
  ok   PAUSE (clears when positions settle): position cap: 3 open >= 3
  ok   PAUSE (clears when positions settle): loss bound: realised $+0.78 with $40.89 still 
  ok   PAUSE (clears when positions settle): stake cap reached: $60.00 committed
  ok   HALT (needs a human): already halted
  ok   HALT (needs a human): pintake halted: unknown order state
  ok   HALT (needs a human): loss abort: realised $-61.00 <= $-60.00
  ok   HALT (needs a human): loss COUNT brake: 3 losing trades this run >= 
  ok   HALT (needs a human): 2 errors on the ORDER path
  ok   HALT (needs a human): 5 consecutive errors
  ok   no halt at all is not a transient halt
  ok   the 02:00 halt that cost 23 minutes would now PAUSE
  ok   and so would the 03:29 one
  ok   the pause branch never sets state['halted'] -- that would be a terminal answer to a temporary question
  ok   and it continues the loop, so reconcile() keeps releasing the positions it is waiting on
  ok   before any hedge fill, the amount to hedge is the full original size, read from open_pos
  ok   AFTER a partial hedge fill, open_pos['orig'] is UNCHANGED -- still 11.0, the true size reconcile() must settle and feed to the loss brake, not the 10.0 the old code would have written there
  ok   the REMAINING-TO-HEDGE tracker, separately, correctly says 10 left
  ok   the second attempt reads the remaining amount (10), not the original (11) and not a re-read of a shrunk open_pos
  ok   once the remaining amount is fully filled, the tracker is cleared
  ok   and open_pos still reads 11.0 at the end -- reconcile() settles the true position size no matter how many hedge attempts it took
  ok   the live event hid $0.9646 of real loss from the ledger the loss-abort brake reads -- small tonight, same mechanism the brake depends on
  ok   belief below the 0.80 gate fires the hedge
  ok   belief at or above the gate does not
  ok   no belief at all never fires -- a missing number is not a collapse
  ok   and the threshold is a parameter, so the holdout can sweep it
  ok   the real NEAR tau16 collapse (40.6%) fires
  ok   the real BNB tau24 collapse (46.3%) fires
  ok   the real SOL-08:00 tau15 collapse (0.1%) fires
  ok   and the SOL-08:00 tau-16 reading (83.7%) does NOT fire at 0.80 -- the alarm comes one second later on that collapse, by design
  ok   and the SOL-08:00 ENTRY belief (99.76%) does not -- we hedge the collapse, not the buy
  ok   hedging 96c NO with 35c YES pays 131c for $1 -- a 31c loss that BEATS the 96c from holding: allowed
  ok   65c and 99c legs are allowed too -- any ask under $1 shrinks the loss
  ok   a $1.00 leg locks exactly the unhedged loss: REFUSED, and the fee makes it worse
  ok   zero and negative asks are not prices
  ok   garbage inputs refuse rather than pass
  ok   the EV diagnostic reads (1-belief)-ask: +5c when the market lags the collapse, -5c when we pay for variance reduction
  ok   NEAR hedged at 35c locks -$6.24 on 20 contracts instead of -$19.24
  ok   BNB hedged at 55c locks -$9.80 instead of -$18.80
  ok   at entry 0.900: a $1.00 leg locks exactly the unhedged loss and is refused; a 99c leg locks less and is allowed
  ok   at entry 0.960: a $1.00 leg locks exactly the unhedged loss and is refused; a 99c leg locks less and is allowed
  ok   at entry 0.979: a $1.00 leg locks exactly the unhedged loss and is refused; a 99c leg locks less and is allowed
  ok   the hedge pass never calls _book_slot -- so A8 still blocks any later ENTRY on the opposite side
  ok   and it calls hedge_ask_ok before every order
  ok   and places the hedge through the same take() path as every fill
  ok   every alarm, missing ask and refusal is recorded -- silence is not an outcome
  ok   retries are paced to ONE PER SECOND -- the first live alarm burned all five in ~250 ms and gave up inside the alarm second
  ok   retries are bounded (5) -- a runaway on the hedge path would be the 160-order incident again
  ok   abort fires FORWARD: $1.20 open plus one more contract would pass -$2.00 (loss bound: realised $+0.00 with $1.20 still open; one more contract could take this run past $-2.00)
  ok   $0.90 open still leaves room for one more contract (None)
  ok   abort fires on order-path errors, which the universe pass cannot reset (2 errors on the ORDER path)
  ok   a settled position releases its FULL stake at size 1 (committed 0.0000, was 0.9750)
  ok   a settled position releases its FULL stake at size 5 (committed 0.0000, was 4.8750)
  ok   a settled position releases its FULL stake at size 8 (committed 0.0000, was 7.8000)
  ok   a settled position releases its FULL stake at size 10 (committed 0.0000, was 9.7500)
  ok   a settled position releases its FULL stake at size 25 (committed 0.0000, was 24.3750)
  ok   and releasing only ONE contract at size 5 LEAKS $3.9000 -- the bug this test now catches, stated as a positive so it cannot pass vacuously
  ok   P&L is booked to realised, which the abort reads
  ok   every exit path releases the stake -- finalized, both give-ups, and the definition (4 references)
  ok   pintake ships a size-1 loss abort of $-2.00
  ok   ONE ordinary loss at size 5 is $-4.88, which is past that default -- so an unraised order path dies on the first loss
  pintake rails raised: LOSS_ABORT $-2.00 -> $-30.00  (selftest)
  ok   set_limits LOOSENS the order-path brake to match the run's own
  ok   and it REFUSES to tighten -- a hidden brake tighter than the operator's is not a brake, it is an outage
  ok   risk_abort() runs before the first `continue` in the loop
  ok   no direct send path in this file (found [])
  ok   take() is called with the market's exchange_index, not the default 0
  ok   exchange_index is read from the market record in the universe pass
  ok   zrough is ~1.0 on a feed whose roughness never changes (got 0.98)
  ok   a calm board reads X~0.92 with 0 coins moving
  ok   coin A's OWN volatility spike leaves A's cross index EXACTLY unchanged -- otherwise this is the refuted own-sigma filter under a new name
  ok   but A's OWN roughness does spike (10.9 vs 0.98)
  ok   and B DOES see it: X 0.92 -> 2.34, 1 coin(s) moving
  ok   tick retention (4000) covers the 3600s baseline the ratio is divided by
  ok   a revised print does not change how many seconds we hold, so (newest, count) alone cannot detect it
  ok   and it STILL busts the cache -- a revised print must not be served stale from a conditions read
  ok   while an identical duplicate does NOT bust it -- otherwise every repeated frame recomputes a 3600-second window on the order path
  ok   and the signal record actually carries the conditions columns
  ok   a 15c discount is >10x the 0.3c edge floor, so the honest edge can never trip it
  ok   XRP 04:59Z (fair 1.0, filled 82c, 18c disc, LOST -$16.61) refused
  ok   DOGE 22:14Z (fair 0.0, filled 10c, 90c disc, LOST -$2.12) refused
  ok   SOL 2026-09-11 12:30Z (99.508% sure, filled 59.1c, 40.4c disc, LOST -$12.16) IS refused now -- the 0.999 condition let it through
  ok   NEAR 09-09 (99.827% sure, 73c, 26.8c disc, LOST -$14.13) refused
  ok   BNB 89c (10.7c disc, WON +$2.06) is NOT refused -- the 5-15c band went 24-0 for +$32.20 and refusing it was the guard's worst error
  ok   SOL 91.9c (8.1c disc, WON) passes
  ok   a certainty at 97.8c (2.2c discount, WON) passes -- the normal edge
  ok   and a boundary fill at the ceiling passes untouched
  ok   the guard is wired into the trade loop and counted in the near-miss record, so refusals are visible rather than silent
  ok   AMENDMENT 10b: the guard is ON by operator decision (undeterminable EV, owner chose fewer losses); would-be outcomes are recorded
  ok   every refusal writes ONE `dumped` record per (close, market) with side, price, fair and tau, so the would-be P&L can be resolved later
  ok   and the record is written before the enable check, whether or not the trade is refused
  ok   and the count happens BEFORE the enable check, so the class is recorded whether or not it is refused
  ok   worst_close_cost(20) must be MAX_PER_CLOSE*20*PRICE_CEILING = 39.2, got 39.2
  ok   worst_close_cost must be EXACTLY linear in size -- that is the whole reason it replaced a sampled maximum, which was not
  ok   $192.15 / $2.94 = 65, got 65
  ok   an empty or unreadable bank must fall to the floor, never to 0
  ok   the cap must bind, got 250
  ok   size_for_bank fell from -1 to 3 at bank $10 -- more money can never permit less
  ok   size_for_bank fell from 3 to 17 at bank $50 -- more money can never permit less
  ok   size_for_bank fell from 17 to 34 at bank $100 -- more money can never permit less
  ok   size_for_bank fell from 34 to 68 at bank $200 -- more money can never permit less
  ok   size_for_bank fell from 68 to 136 at bank $400 -- more money can never permit less
  ok   size_for_bank fell from 136 to 250 at bank $800 -- more money can never permit less
  ok   size_for_bank fell from 250 to 250 at bank $1600 -- more money can never permit less
  ok   a harsher brake must give a SMALLER size
  ok   cents and dollars agreeing must read $192.152, got 192.152
  ok   balance WITHOUT balance_dollars must be refused, not divided by 100 on faith -- the unit is read, never inferred
  ok   cents and dollars DISAGREEING must be refused; this is the 19215-read-as-dollars failure, which asks for size 6535
  ok   a non-200 must read as unknown
  ok   no credentials (paper mode) must read as unknown, never 0
  pintake rails raised: HARD_MAX 25 -> 90; MAX_TAKE_COUNT 10 -> 60; LOSS_ABORT $-2.00 -> $-240.00; MAX_RUN_STAKE $60.00 -> $370.00  (auto-size 1 -> 60: selftest)
  ok   apply_size must set SIZE, got 60.0 (size 1 -> 60 (selftest); abort $-240.00, stake cap $370.00, take count 60)
  ok   MAX_TAKE_COUNT must reach the new size or every order is refused in silence, got 60.0
  ok   MAX_RUN_STAKE must cover 3 worst closes at the new size, got 370.0
  ok   loss_abort -240.0 must land inside main()'s own [-480.0, -180.0] band, or the run halts on its first trade
  ok   a rail must NEVER move while a position is open
  pintake rails raised: HARD_MAX 25 -> 97.5; MAX_TAKE_COUNT 10 -> 65; LOSS_ABORT $-2.00 -> $-260.00; MAX_RUN_STAKE $60.00 -> $400.00  (auto-size 20 -> 65: bank $192.15)
  ok   with AUTO_SIZE_STEP_UP=None the bot goes STRAIGHT to the size the bank supports (65), got 65.0
  ok   a second adjustment inside AUTO_SIZE_EVERY_S must be refused
  pintake rails raised: MAX_TAKE_COUNT 65 -> 65; LOSS_ABORT $-260.00 -> $-260.00; MAX_RUN_STAKE $400.00 -> $400.00  (auto-size 20 -> 30: bank $192.15)
  ok   with damping at 1.5 the first step is 20 -> 30, got 30.0
  pintake rails raised: MAX_TAKE_COUNT 65 -> 65; LOSS_ABORT $-260.00 -> $-260.00; MAX_RUN_STAKE $400.00 -> $400.00  (auto-size 60 -> 10: bank $30.00)
  ok   a FALL is immediate and undamped -- $30 supports 10, got 10.0
  ok   an unreadable bank must leave SIZE exactly where it was
  ok   --no-auto-size must pin SIZE to --size
  ok   paper mode must never auto-size
  pintake rails raised: HARD_MAX 97.5 -> 180; MAX_TAKE_COUNT 65 -> 120; LOSS_ABORT $-260.00 -> $-480.00; MAX_RUN_STAKE $400.00 -> $730.00  (auto-size 1 -> 120: loosen the rails first)
  pintake rails raised: MAX_TAKE_COUNT 120 -> 120; LOSS_ABORT $-480.00 -> $-480.00; MAX_RUN_STAKE $730.00 -> $730.00  (auto-size 120 -> 20: bank $60.00)
  ok   after the rails were loosened for size 120, a $60 bank must still shrink SIZE to 20, got 20.0
  ok   and the brake must stay at its loosest high-water mark, not be tightened on the way down, got -480.0
  ok   budget must be MAX_PER_CLOSE x SIZE = 136.0, got 136.0
  ok   budget x ceiling must equal worst_close_cost -- if these ever disagree, the --loss-abort band, pintake's stake cap and pinbank are all sized against a different bet than the one being placed
  ok   close_budget(size) must honour an explicit size
  ok   the per-close cap must read CONTRACTS, not the fill count
  ok   and `contracts` must come from the close's own record
  ok   and the old fill-count cap must survive behind CLOSE_BUDGET so the rule can be reverted without an edit
  ok   STRUCTURAL: take_n is trimmed to the remaining budget only AFTER the MIN_FILL_FRAC floor has been tested against the FULL size -- trimming first would relax the floor to the remainder
  ok   and the remainder is measured against close_budget()
  ok   the trim (line 674) must happen before the order is sent (line 795), not after
  ok   the signal record must carry the resting age of the level we hit
  ok   and it must read the OPPOSITE side -- buying YES at p hits the NO bid at 1-p, and reading our own side would measure a level we are not trading against
  ok   at the complementary price, not at the price we pay
  ok   NOTHING may branch on the quote age yet ('if _lvl_age' found). The slices in RESULTS_select.md were chosen after seeing the tape and need a pre-registered live bar first; a filter deployed from them would be tuned on its own evidence.
  ok   NOTHING may branch on the quote age yet ('_lvl_age <' found). The slices in RESULTS_select.md were chosen after seeing the tape and need a pre-registered live bar first; a filter deployed from them would be tuned on its own evidence.
  ok   NOTHING may branch on the quote age yet ('_lvl_age >' found). The slices in RESULTS_select.md were chosen after seeing the tape and need a pre-registered live bar first; a filter deployed from them would be tuned on its own evidence.
  ok   NOTHING may branch on the quote age yet ('_lvl_age is not None and' found). The slices in RESULTS_select.md were chosen after seeing the tape and need a pre-registered live bar first; a filter deployed from them would be tuned on its own evidence.
  ok   livebook must expose level_age_ms
  ok   autosize_tick must be called in the trade loop
  ok   and it must come AFTER reconcile(), which is what drains open_pos of settled positions
  ok   and BEFORE risk_abort, so the loss bound is evaluated against the size we are about to trade, not the previous one
SELF-TEST PASSED
  MODE PAPER   tau<=30s  pin 0.995  edge>=0.3c net  loss abort $-60.00  SIZE 20
  log C:\kals-repo\results\pinrun-paper-20260919T122314Z.jsonl
  index up: 11 ticks, 11 feeds
  close 12:30Z: 4589 looks, best was KXETH15M-26SEP190830-3 NO @0.9970 edge +0.28c (need +0.3c) -> no trade
  close 12:45Z: 4402 looks, best was KXDOGE15M-26SEP190845- YES @0.9870 edge +1.18c (need +0.3c) -> no trade
  SIGNAL KXNEAR15M-26SEP190900-00 tau=21s buy NO @0.9550 fair 0.0014 edge +4.06c size 17.00 taking 17
  close 13:00Z: 4030 looks, best was KXNEAR15M-26SEP190900- NO @0.9550 edge +4.06c (need +0.3c) -> FIRED
  SETTLED KXNEAR15M-26SEP190900-00 no vs no -> +71.38c (run realised $+0.7138)
  close 13:15Z: 4290 looks, best was KXDOGE15M-26SEP190915- YES @0.9940 edge +0.53c (need +0.3c) -> no trade
  SIGNAL KXZEC15M-26SEP190930-30 tau=30s buy YES @0.9700 fair 0.9989 edge +2.69c size 61.74 taking 20
  SIGNAL KXBNB15M-26SEP190930-30 tau=20s buy YES @0.9390 fair 0.9975 edge +5.45c size 18.00 taking 18
  close 13:30Z: 2683 looks, best was KXBNB15M-26SEP190930-3 YES @0.9390 edge +5.45c (need +0.3c) -> FIRED
  SETTLED KXZEC15M-26SEP190930-30 yes vs yes -> +55.92c (run realised $+1.2730)
  SETTLED KXBNB15M-26SEP190930-30 yes vs yes -> +102.58c (run realised $+2.2988)
  close 13:45Z: 3572 looks, best was KXDOGE15M-26SEP190945- YES @0.9850 edge +1.33c (need +0.3c) -> no trade
  close 14:00Z: 2633 looks, best was KXZEC15M-26SEP191000-0 YES @0.9870 edge +0.96c (need +0.3c) -> no trade
  SIGNAL KXDOGE15M-26SEP191015-15 tau=12s buy YES @0.9750 fair 1.0000 edge +2.33c size 164.35 taking 20
  close 14:15Z: 2686 looks, best was KXDOGE15M-26SEP191015- YES @0.9750 edge +2.33c (need +0.3c) -> FIRED
  SETTLED KXDOGE15M-26SEP191015-15 yes vs yes -> +46.58c (run realised $+2.7646)
  close 14:30Z: 2703 looks, best was KXZEC15M-26SEP191030-3 YES @0.9990 edge +0.09c (need +0.3c) -> no trade
  close 14:45Z: 2110 looks, best was KXBTC15M-26SEP191045-4 NO @0.9890 edge +1.02c (need +0.3c) -> no trade
  SIGNAL KXBNB15M-26SEP191100-00 tau=22s buy NO @0.9070 fair 0.0033 edge +8.38c size 20.00 taking 20
  close 15:00Z: 2180 looks, best was KXBNB15M-26SEP191100-0 NO @0.9070 edge +8.38c (need +0.3c) -> FIRED
  SETTLED KXBNB15M-26SEP191100-00 no vs no -> +174.19c (run realised $+4.5065)
  close 15:15Z: 2157 looks, best was KXBNB15M-26SEP191115-1 NO @0.9950 edge +0.29c (need +0.3c) -> no trade
  close 15:30Z: 2223 looks, best was KXZEC15M-26SEP191130-3 NO @0.9990 edge +0.09c (need +0.3c) -> no trade
  close 15:45Z: 2184 looks, 2184 decided, 2184 decided-but-nothing-offered, 0 undecided
  SIGNAL KXHYPE15M-26SEP191200-00 tau=12s buy YES @0.8700 fair 0.9977 edge +11.97c size 23.50 taking 20
  close 16:00Z: 2464 looks, best was KXHYPE15M-26SEP191200- YES @0.8700 edge +11.97c (need +0.3c) -> FIRED
  SETTLED KXHYPE15M-26SEP191200-00 yes vs yes -> +244.16c (run realised $+6.9481)
  close 16:15Z: 2534 looks, best was KXHYPE15M-26SEP191215- YES @0.9810 edge +1.77c (need +0.3c) -> no trade
  SIGNAL KXBNB15M-26SEP191230-30 tau=23s buy YES @0.9160 fair 0.9986 edge +7.72c size 43.00 taking 20
  close 16:30Z: 2183 looks, best was KXBNB15M-26SEP191230-3 YES @0.9160 edge +7.72c (need +0.3c) -> FIRED
  *** A LOSS. losing trades 1, losing CLOSES 1 (the brake counts closes) ***
  SETTLED KXBNB15M-26SEP191230-30 yes vs no -> -1842.78c (run realised $-11.4797)
  SIGNAL KXXRP15M-26SEP191245-45 tau=24s buy YES @0.9800 fair 0.9967 edge +1.53c size 30.10 taking 20
  close 16:45Z: 2480 looks, best was KXXRP15M-26SEP191245-4 YES @0.9800 edge +1.53c (need +0.3c) -> FIRED
  SETTLED KXXRP15M-26SEP191245-45 yes vs yes -> +37.25c (run realised $-11.1072)
  SIGNAL KXXRP15M-26SEP191300-00 tau=26s buy YES @0.9800 fair 0.9954 edge +1.40c size 76.00 taking 20
  close 17:00Z: 2629 looks, best was KXXRP15M-26SEP191300-0 YES @0.9800 edge +1.40c (need +0.3c) -> FIRED
  SETTLED KXXRP15M-26SEP191300-00 yes vs yes -> +37.25c (run realised $-10.7347)
  close 17:15Z: 3553 looks, best was KXBNB15M-26SEP191315-1 NO @0.9980 edge +0.19c (need +0.3c) -> no trade
  close 17:30Z: 3510 looks, 3510 decided, 3510 decided-but-nothing-offered, 0 undecided
  close 17:45Z: 3283 looks, best was KXSOL15M-26SEP191345-4 YES @0.9920 edge +0.74c (need +0.3c) -> no trade
  SIGNAL KXETH15M-26SEP191400-00 tau=25s buy NO @0.9800 fair 0.0038 edge +1.48c size 124.31 taking 20
  close 18:00Z: 3439 looks, best was KXETH15M-26SEP191400-0 NO @0.9800 edge +1.48c (need +0.3c) -> FIRED
  SETTLED KXETH15M-26SEP191400-00 no vs no -> +37.25c (run realised $-10.3622)
  SIGNAL KXNEAR15M-26SEP191415-15 tau=14s buy NO @0.9800 fair 0.0000 edge +1.86c size 365.08 taking 20
  close 18:15Z: 3244 looks, best was KXNEAR15M-26SEP191415- NO @0.9800 edge +1.86c (need +0.3c) -> FIRED
  SETTLED KXNEAR15M-26SEP191415-15 no vs no -> +37.25c (run realised $-9.9897)
  SIGNAL KXBNB15M-26SEP191430-30 tau=5s buy YES @0.9510 fair 0.9997 edge +4.55c size 60.00 taking 20
  close 18:30Z: 3058 looks, best was KXBNB15M-26SEP191430-3 YES @0.9510 edge +4.55c (need +0.3c) -> FIRED
  SETTLED KXBNB15M-26SEP191430-30 yes vs yes -> +91.47c (run realised $-9.0750)
  close 18:45Z: 3609 looks, best was KXDOGE15M-26SEP191445- YES @0.9960 edge +0.37c (need +0.3c) -> no trade
  close 19:00Z: 3634 looks, best was KXDOGE15M-26SEP191500- NO @0.9950 edge +0.46c (need +0.3c) -> no trade
  SIGNAL KXHYPE15M-26SEP191515-15 tau=30s buy YES @0.8500 fair 1.0000 edge +14.11c size 225.00 taking 20
  close 19:15Z: 3169 looks, best was KXHYPE15M-26SEP191515- YES @0.8500 edge +14.11c (need +0.3c) -> FIRED
  SETTLED KXHYPE15M-26SEP191515-15 yes vs yes -> +282.14c (run realised $-6.2536)
  close 19:30Z: 3222 looks, best was KXBTC15M-26SEP191530-3 YES @0.9990 edge +0.09c (need +0.3c) -> no trade
  close 19:45Z: 3027 looks, best was KXNEAR15M-26SEP191545- NO @0.9860 edge +1.30c (need +0.3c) -> no trade
  SIGNAL KXBTC15M-26SEP191600-00 tau=30s buy YES @0.9240 fair 0.9967 edge +6.78c size 246.01 taking 20
  close 20:00Z: 3014 looks, best was KXBTC15M-26SEP191600-0 YES @0.9240 edge +6.78c (need +0.3c) -> FIRED
  SETTLED KXBTC15M-26SEP191600-00 yes vs yes -> +142.16c (run realised $-4.8320)
  SIGNAL KXZEC15M-26SEP191615-15 tau=26s buy NO @0.9690 fair 0.0045 edge +2.44c size 12.17 taking 12.17
  close 20:15Z: 3787 looks, best was KXZEC15M-26SEP191615-1 NO @0.9690 edge +2.44c (need +0.3c) -> FIRED
  SETTLED KXZEC15M-26SEP191615-15 no vs no -> +35.17c (run realised $-4.4803)
  close 20:30Z: 4162 looks, best was KXETH15M-26SEP191630-3 YES @0.9930 edge +0.56c (need +0.3c) -> no trade
  SIGNAL KXBTC15M-26SEP191645-45 tau=30s buy YES @0.8700 fair 0.9967 edge +11.88c size 247.81 taking 20
  close 20:45Z: 3654 looks, best was KXBTC15M-26SEP191645-4 YES @0.8700 edge +11.88c (need +0.3c) -> FIRED
  SETTLED KXBTC15M-26SEP191645-45 yes vs yes -> +244.16c (run realised $-2.0387)
  close 21:00Z: 3929 looks, best was KXZEC15M-26SEP191700-0 NO @0.9960 edge +0.37c (need +0.3c) -> no trade
  close 21:15Z: 4065 looks, best was KXNEAR15M-26SEP191715- YES @0.9960 edge +0.19c (need +0.3c) -> no trade
  close 21:30Z: 4013 looks, best was KXXRP15M-26SEP191730-3 NO @0.9940 edge +0.56c (need +0.3c) -> no trade
  close 21:45Z: 4175 looks, best was KXZEC15M-26SEP191745-4 NO @0.9990 edge +0.09c (need +0.3c) -> no trade
  close 22:00Z: 4148 looks, best was KXNEAR15M-26SEP191800- YES @0.9980 edge +0.15c (need +0.3c) -> no trade
  close 22:15Z: 4097 looks, best was KXNEAR15M-26SEP191815- YES @0.9970 edge +0.21c (need +0.3c) -> no trade
  close 22:30Z: 4209 looks, best was KXDOGE15M-26SEP191830- YES @0.9880 edge +1.05c (need +0.3c) -> no trade
  close 22:45Z: 4187 looks, best was KXZEC15M-26SEP191845-4 YES @0.9970 edge +0.28c (need +0.3c) -> no trade
  close 23:00Z: 4203 looks, best was KXBTC15M-26SEP191900-0 YES @0.9950 edge +0.46c (need +0.3c) -> no trade
  close 23:15Z: 4211 looks, best was KXBTC15M-26SEP191915-1 YES @0.9980 edge +0.19c (need +0.3c) -> no trade
  close 23:30Z: 4057 looks, best was KXBNB15M-26SEP191930-3 YES @0.9900 edge +0.85c (need +0.3c) -> no trade
  close 23:45Z: 4166 looks, best was KXBTC15M-26SEP191945-4 NO @0.9870 edge +1.21c (need +0.3c) -> no trade
  close 00:00Z: 4083 looks, best was KXXRP15M-26SEP192000-0 NO @0.9940 edge +0.56c (need +0.3c) -> no trade
  close 00:15Z: 4085 looks, best was KXZEC15M-26SEP192015-1 YES @0.9810 edge +1.39c (need +0.3c) -> no trade
  SIGNAL KXETH15M-26SEP192030-30 tau=3s buy NO @0.9600 fair 0.0000 edge +3.73c size 516.24 taking 20
  close 00:30Z: 3821 looks, best was KXETH15M-26SEP192030-3 NO @0.9600 edge +3.73c (need +0.3c) -> FIRED
  SETTLED KXETH15M-26SEP192030-30 no vs no -> +74.62c (run realised $-1.2925)
  SIGNAL KXBTC15M-26SEP192045-45 tau=30s buy YES @0.9600 fair 0.9960 edge +3.33c size 65.06 taking 20
  close 00:45Z: 3648 looks, best was KXBTC15M-26SEP192045-4 YES @0.9600 edge +3.33c (need +0.3c) -> FIRED
  SETTLED KXBTC15M-26SEP192045-45 yes vs yes -> +74.62c (run realised $-0.5463)
  SIGNAL KXBNB15M-26SEP192100-00 tau=16s buy YES @0.9500 fair 0.9971 edge +4.38c size 14.40 taking 14.4
  close 01:00Z: 3737 looks, best was KXBNB15M-26SEP192100-0 YES @0.9500 edge +4.38c (need +0.3c) -> FIRED
  SETTLED KXBNB15M-26SEP192100-00 yes vs yes -> +67.21c (run realised $+0.1258)
  close 01:15Z: 4103 looks, best was KXBTC15M-26SEP192115-1 NO @0.9990 edge +0.09c (need +0.3c) -> no trade
  SIGNAL KXBTC15M-26SEP192130-30 tau=30s buy NO @0.9390 fair 0.0001 edge +5.69c size 331.20 taking 20
  close 01:30Z: 3548 looks, best was KXBTC15M-26SEP192130-3 NO @0.9390 edge +5.69c (need +0.3c) -> FIRED
  SETTLED KXBTC15M-26SEP192130-30 no vs no -> +113.98c (run realised $+1.2656)
  close 01:45Z: 4211 looks, best was KXXRP15M-26SEP192145-4 NO @0.9960 edge +0.37c (need +0.3c) -> no trade
  SIGNAL KXETH15M-26SEP192200-00 tau=14s buy YES @0.9750 fair 1.0000 edge +2.33c size 151.89 taking 20
  close 02:00Z: 3883 looks, best was KXETH15M-26SEP192200-0 YES @0.9750 edge +2.33c (need +0.3c) -> FIRED
  SETTLED KXETH15M-26SEP192200-00 yes vs yes -> +46.58c (run realised $+1.7314)
  close 02:15Z: 4286 looks, best was KXHYPE15M-26SEP192215- YES @0.9990 edge +0.09c (need +0.3c) -> no trade
  close 02:30Z: 4320 looks, 4320 decided, 4320 decided-but-nothing-offered, 0 undecided
  close 02:45Z: 4329 looks, 4329 decided, 4329 decided-but-nothing-offered, 0 undecided
  close 03:00Z: 4140 looks, 4140 decided, 4140 decided-but-nothing-offered, 0 undecided
  SIGNAL KXDOGE15M-26SEP192315-15 tau=28s buy YES @0.9800 fair 0.9987 edge +1.73c size 130.00 taking 20
  SIGNAL KXHYPE15M-26SEP192315-15 tau=21s buy NO @0.9680 fair 0.0010 edge +2.88c size 32.00 taking 20
  close 03:15Z: 1260 looks, best was KXHYPE15M-26SEP192315- NO @0.9680 edge +2.88c (need +0.3c) -> FIRED
  SETTLED KXDOGE15M-26SEP192315-15 yes vs yes -> +37.25c (run realised $+2.1039)
  SETTLED KXHYPE15M-26SEP192315-15 no vs no -> +59.66c (run realised $+2.7005)
  close 03:30Z: 4317 looks, 4317 decided, 4317 decided-but-nothing-offered, 0 undecided
  SIGNAL KXBTC15M-26SEP192345-45 tau=23s buy NO @0.9800 fair 0.0000 edge +1.86c size 2050.02 taking 20
  SIGNAL KXHYPE15M-26SEP192345-45 tau=9s buy NO @0.9630 fair 0.0037 edge +3.08c size 150.40 taking 20
  close 03:45Z: 2961 looks, best was KXHYPE15M-26SEP192345- NO @0.9630 edge +3.08c (need +0.3c) -> FIRED
  SETTLED KXBTC15M-26SEP192345-45 no vs no -> +37.25c (run realised $+3.0730)
  SETTLED KXHYPE15M-26SEP192345-45 no vs no -> +69.01c (run realised $+3.7631)
  close 04:00Z: 4338 looks, 4338 decided, 4338 decided-but-nothing-offered, 0 undecided
  close 04:15Z: 4323 looks, best was KXXRP15M-26SEP200015-1 NO @0.9950 edge +0.46c (need +0.3c) -> no trade
  SIGNAL KXBTC15M-26SEP200030-30 tau=30s buy YES @0.9630 fair 0.9962 edge +3.07c size 336.52 taking 20
  close 04:30Z: 3785 looks, best was KXBTC15M-26SEP200030-3 YES @0.9630 edge +3.07c (need +0.3c) -> FIRED
  SETTLED KXBTC15M-26SEP200030-30 yes vs yes -> +69.01c (run realised $+4.4532)
  SIGNAL KXZEC15M-26SEP200045-45 tau=15s buy YES @0.9790 fair 0.9978 edge +1.74c size 15.00 taking 15
  SIGNAL KXBNB15M-26SEP200045-45 tau=12s buy NO @0.9580 fair 0.0000 edge +3.92c size 10.51 taking 10.51
  close 04:45Z: 3801 looks, best was KXBNB15M-26SEP200045-4 NO @0.9580 edge +3.92c (need +0.3c) -> FIRED
  SETTLED KXZEC15M-26SEP200045-45 yes vs yes -> +29.34c (run realised $+4.7466)
  SETTLED KXBNB15M-26SEP200045-45 no vs no -> +41.17c (run realised $+5.1583)
  close 05:00Z: 3877 looks, best was KXXRP15M-26SEP200100-0 NO @0.9870 edge +1.21c (need +0.3c) -> no trade
  close 05:15Z: 4070 looks, best was KXNEAR15M-26SEP200115- NO @0.9850 edge +1.37c (need +0.3c) -> no trade
  close 05:30Z: 4148 looks, best was KXBNB15M-26SEP200130-3 NO @0.9980 edge +0.19c (need +0.3c) -> no trade
  SIGNAL KXBTC15M-26SEP200145-45 tau=30s buy NO @0.9800 fair 0.0037 edge +1.50c size 1474.24 taking 20
  close 05:45Z: 3629 looks, best was KXBTC15M-26SEP200145-4 NO @0.9800 edge +1.50c (need +0.3c) -> FIRED
  SETTLED KXBTC15M-26SEP200145-45 no vs no -> +37.25c (run realised $+5.5308)
  SIGNAL KXHYPE15M-26SEP200200-00 tau=14s buy NO @0.9800 fair 0.0000 edge +1.86c size 228.38 taking 20
  close 06:00Z: 3984 looks, best was KXHYPE15M-26SEP200200- NO @0.9800 edge +1.86c (need +0.3c) -> FIRED
  SETTLED KXHYPE15M-26SEP200200-00 no vs no -> +37.25c (run realised $+5.9033)
  SIGNAL KXBTC15M-26SEP200215-15 tau=14s buy YES @0.9800 fair 0.9980 edge +1.66c size 330.58 taking 20
  SIGNAL KXBNB15M-26SEP200215-15 tau=8s buy YES @0.8500 fair 0.9953 edge +13.64c size 11.00 taking 11
  close 06:15Z: 3593 looks, best was KXBNB15M-26SEP200215-1 YES @0.8500 edge +13.64c (need +0.3c) -> FIRED
  SETTLED KXBTC15M-26SEP200215-15 yes vs yes -> +37.25c (run realised $+6.2758)
  SETTLED KXBNB15M-26SEP200215-15 yes vs yes -> +155.18c (run realised $+7.8276)
  close 06:30Z: 4081 looks, best was KXXRP15M-26SEP200230-3 NO @0.9880 edge +1.12c (need +0.3c) -> no trade
  close 06:45Z: 4293 looks, best was KXBTC15M-26SEP200245-4 NO @0.9990 edge +0.09c (need +0.3c) -> no trade
  close 07:00Z: 4167 looks, best was KXBTC15M-26SEP200300-0 NO @0.9930 edge +0.65c (need +0.3c) -> no trade
  close 07:15Z: 4221 looks, best was KXBTC15M-26SEP200315-1 YES @0.9980 edge +0.19c (need +0.3c) -> no trade
  close 07:30Z: 4269 looks, best was KXXRP15M-26SEP200330-3 YES @0.9840 edge +1.27c (need +0.3c) -> no trade
  close 07:45Z: 4065 looks, best was KXSOL15M-26SEP200345-4 NO @0.9970 edge +0.28c (need +0.3c) -> no trade
  close 08:00Z: 3987 looks, best was KXBTC15M-26SEP200400-0 NO @0.9970 edge +0.28c (need +0.3c) -> no trade
  close 08:15Z: 3730 looks, best was KXZEC15M-26SEP200415-1 YES @0.9870 edge +1.04c (need +0.3c) -> no trade
  close 08:30Z: 3281 looks, best was KXNEAR15M-26SEP200430- NO @0.9890 edge +0.87c (need +0.3c) -> no trade
  close 08:45Z: 3144 looks, best was KXBNB15M-26SEP200445-4 NO @0.9960 edge +0.37c (need +0.3c) -> no trade
  SIGNAL KXBTC15M-26SEP200500-00 tau=23s buy YES @0.9800 fair 0.9982 edge +1.69c size 119.92 taking 20
  close 09:00Z: 2366 looks, best was KXBTC15M-26SEP200500-0 YES @0.9800 edge +1.69c (need +0.3c) -> FIRED
  SETTLED KXBTC15M-26SEP200500-00 yes vs yes -> +37.25c (run realised $+8.2001)
  SIGNAL KXBTC15M-26SEP200515-15 tau=23s buy YES @0.9570 fair 0.9958 edge +3.60c size 516.20 taking 20
  close 09:15Z: 2665 looks, best was KXBTC15M-26SEP200515-1 YES @0.9570 edge +3.60c (need +0.3c) -> FIRED
  SETTLED KXBTC15M-26SEP200515-15 yes vs yes -> +80.23c (run realised $+9.0024)
  close 09:30Z: 3051 looks, best was KXZEC15M-26SEP200530-3 YES @0.9960 edge +0.37c (need +0.3c) -> no trade
  close 09:45Z: 3177 looks, best was KXBTC15M-26SEP200545-4 YES @0.9990 edge +0.09c (need +0.3c) -> no trade
  close 10:00Z: 3033 looks, best was KXBTC15M-26SEP200600-0 NO @0.9990 edge +0.09c (need +0.3c) -> no trade
  SIGNAL KXZEC15M-26SEP200615-15 tau=20s buy NO @0.9110 fair 0.0001 edge +8.32c size 100.00 taking 20
  close 10:15Z: 2242 looks, best was KXZEC15M-26SEP200615-1 NO @0.9110 edge +8.32c (need +0.3c) -> FIRED
  *** A LOSS. losing trades 2, losing CLOSES 2 (the brake counts closes) ***
  SETTLED KXZEC15M-26SEP200615-15 no vs yes -> -1833.36c (run realised $-9.3312)
  close 10:30Z: 2138 looks, best was KXBTC15M-26SEP200630-3 YES @0.9850 edge +1.38c (need +0.3c) -> no trade
  SIGNAL KXBTC15M-26SEP200645-45 tau=11s buy NO @0.9800 fair 0.0000 edge +1.86c size 4489.16 taking 20
  close 10:45Z: 2116 looks, best was KXBTC15M-26SEP200645-4 NO @0.9800 edge +1.86c (need +0.3c) -> FIRED
  SETTLED KXBTC15M-26SEP200645-45 no vs no -> +37.25c (run realised $-8.9587)
  SIGNAL KXSOL15M-26SEP200700-00 tau=11s buy NO @0.9800 fair 0.0015 edge +1.71c size 122.42 taking 20
  close 11:00Z: 2366 looks, best was KXSOL15M-26SEP200700-0 NO @0.9800 edge +1.71c (need +0.3c) -> FIRED
  SETTLED KXSOL15M-26SEP200700-00 no vs no -> +37.25c (run realised $-8.5862)
  SIGNAL KXHYPE15M-26SEP200715-15 tau=30s buy YES @0.9800 fair 0.9999 edge +1.86c size 208.38 taking 20
  close 11:15Z: 3432 looks, best was KXDOGE15M-26SEP200715- YES @0.9790 edge +1.96c (need +0.3c) -> FIRED
  SETTLED KXHYPE15M-26SEP200715-15 yes vs yes -> +37.25c (run realised $-8.2137)
  SIGNAL KXBTC15M-26SEP200730-30 tau=27s buy NO @0.9700 fair 0.0039 edge +2.41c size 165.01 taking 20
  close 11:30Z: 3082 looks, best was KXBTC15M-26SEP200730-3 NO @0.9700 edge +2.41c (need +0.3c) -> FIRED
  SETTLED KXBTC15M-26SEP200730-30 no vs no -> +55.92c (run realised $-7.6545)
  SIGNAL KXBNB15M-26SEP200745-45 tau=30s buy YES @0.9760 fair 0.9974 edge +1.97c size 28.00 taking 20
  close 11:45Z: 3001 looks, best was KXBNB15M-26SEP200745-4 YES @0.9760 edge +1.97c (need +0.3c) -> FIRED
  SETTLED KXBNB15M-26SEP200745-45 yes vs yes -> +44.72c (run realised $-7.2073)
  close 12:00Z: 3383 looks, best was KXBTC15M-26SEP200800-0 YES @0.9990 edge +0.09c (need +0.3c) -> no trade
  close 12:15Z: 2697 looks, best was KXBTC15M-26SEP200815-1 NO @0.9940 edge +0.56c (need +0.3c) -> no trade
  close 12:30Z: 3267 looks, 3267 decided, 3267 decided-but-nothing-offered, 0 undecided
  SIGNAL KXSOL15M-26SEP200845-45 tau=24s buy YES @0.9790 fair 0.9982 edge +1.78c size 17.00 taking 17
  close 12:45Z: 2229 looks, best was KXSOL15M-26SEP200845-4 YES @0.9790 edge +1.78c (need +0.3c) -> FIRED
  SETTLED KXSOL15M-26SEP200845-45 yes vs yes -> +33.25c (run realised $-6.8748)
  close 13:00Z: 3216 looks, best was KXSOL15M-26SEP200900-0 YES @0.9980 edge +0.19c (need +0.3c) -> no trade
  close 13:15Z: 3062 looks, best was KXNEAR15M-26SEP200915- NO @0.9820 edge +1.19c (need +0.3c) -> no trade
  close 13:30Z: 3231 looks, best was KXHYPE15M-26SEP200930- YES @0.9940 edge +0.56c (need +0.3c) -> no trade
  close 13:45Z: 3049 looks, best was KXBTC15M-26SEP200945-4 YES @0.9820 edge +1.43c (need +0.3c) -> no trade
  close 14:00Z: 3285 looks, best was KXBTC15M-26SEP201000-0 YES @0.9980 edge +0.19c (need +0.3c) -> no trade
  SIGNAL KXSOL15M-26SEP201015-15 tau=14s buy NO @0.9780 fair 0.0004 edge +2.01c size 48.82 taking 20
  close 14:15Z: 2721 looks, best was KXSOL15M-26SEP201015-1 NO @0.9780 edge +2.01c (need +0.3c) -> FIRED
  SETTLED KXSOL15M-26SEP201015-15 no vs no -> +40.98c (run realised $-6.4650)
  SIGNAL KXZEC15M-26SEP201030-30 tau=30s buy YES @0.9790 fair 0.9953 edge +1.48c size 83.00 taking 20
  close 14:30Z: 3760 looks, best was KXZEC15M-26SEP201030-3 YES @0.9790 edge +1.48c (need +0.3c) -> FIRED
  SETTLED KXZEC15M-26SEP201030-30 yes vs yes -> +39.12c (run realised $-6.0738)
  close 14:45Z: 4005 looks, best was KXZEC15M-26SEP201045-4 YES @0.9930 edge +0.65c (need +0.3c) -> no trade
  close 15:00Z: 4177 looks, best was KXDOGE15M-26SEP201100- NO @0.9980 edge +0.19c (need +0.3c) -> no trade
  close 15:15Z: 4132 looks, best was KXSOL15M-26SEP201115-1 YES @0.9870 edge +1.19c (need +0.3c) -> no trade
  SIGNAL KXXRP15M-26SEP201130-30 tau=30s buy NO @0.9770 fair 0.0013 edge +2.02c size 12.05 taking 12.05
  close 15:30Z: 3918 looks, best was KXXRP15M-26SEP201130-3 NO @0.9770 edge +2.02c (need +0.3c) -> FIRED
  SETTLED KXXRP15M-26SEP201130-30 no vs no -> +25.82c (run realised $-5.8157)
  close 15:45Z: 4374 looks, 4374 decided, 4374 decided-but-nothing-offered, 0 undecided
  close 16:00Z: 4329 looks, 4329 decided, 4329 decided-but-nothing-offered, 0 undecided
  close 16:15Z: 4239 looks, 4239 decided, 4239 decided-but-nothing-offered, 0 undecided
  close 16:30Z: 3843 looks, best was KXBTC15M-26SEP201230-3 YES @0.9940 edge +0.56c (need +0.3c) -> no trade
  close 16:45Z: 3922 looks, best was KXZEC15M-26SEP201245-4 YES @0.9980 edge +0.19c (need +0.3c) -> no trade
  close 17:00Z: 3854 looks, best was KXDOGE15M-26SEP201300- NO @0.9970 edge +0.27c (need +0.3c) -> no trade
  close 17:15Z: 3928 looks, best was KXHYPE15M-26SEP201315- NO @0.9890 edge +0.63c (need +0.3c) -> no trade
  SIGNAL KXZEC15M-26SEP201330-30 tau=10s buy NO @0.9750 fair 0.0029 edge +2.04c size 17.92 taking 17.92
  close 17:30Z: 3096 looks, best was KXZEC15M-26SEP201330-3 NO @0.9750 edge +2.04c (need +0.3c) -> FIRED
  SETTLED KXZEC15M-26SEP201330-30 no vs no -> +41.74c (run realised $-5.3983)
  close 17:45Z: 3878 looks, best was KXNEAR15M-26SEP201345- NO @0.9940 edge +0.56c (need +0.3c) -> no trade
  close 18:00Z: 3645 looks, 3645 decided, 3645 decided-but-nothing-offered, 0 undecided
  close 18:15Z: 3414 looks, best was KXETH15M-26SEP201415-1 YES @0.9930 edge +0.56c (need +0.3c) -> no trade
  close 18:30Z: 3780 looks, 3780 decided, 3780 decided-but-nothing-offered, 0 undecided
  close 18:45Z: 3670 looks, best was KXHYPE15M-26SEP201445- YES @0.9960 edge +0.36c (need +0.3c) -> no trade
  SIGNAL KXNEAR15M-26SEP201500-00 tau=26s buy NO @0.9760 fair 0.0032 edge +1.92c size 22.50 taking 20
  close 19:00Z: 3602 looks, best was KXNEAR15M-26SEP201500- NO @0.9760 edge +1.92c (need +0.3c) -> FIRED
  SETTLED KXNEAR15M-26SEP201500-00 no vs no -> +44.72c (run realised $-4.9511)
  close 19:15Z: 3886 looks, best was KXBNB15M-26SEP201515-1 YES @0.9980 edge +0.19c (need +0.3c) -> no trade
  SIGNAL KXSOL15M-26SEP201530-30 tau=16s buy YES @0.9710 fair 0.9960 edge +2.30c size 74.92 taking 20
  close 19:30Z: 2813 looks, best was KXSOL15M-26SEP201530-3 YES @0.9710 edge +2.30c (need +0.3c) -> FIRED
  SETTLED KXSOL15M-26SEP201530-30 yes vs yes -> +54.05c (run realised $-4.4106)
  close 19:45Z: 3913 looks, best was KXZEC15M-26SEP201545-4 YES @0.9850 edge +1.35c (need +0.3c) -> no trade
  SIGNAL KXHYPE15M-26SEP201600-00 tau=29s buy NO @0.9800 fair 0.0046 edge +1.40c size 295.34 taking 20
  close 20:00Z: 3457 looks, best was KXDOGE15M-26SEP201600- NO @0.9800 edge +1.76c (need +0.3c) -> FIRED
  SETTLED KXHYPE15M-26SEP201600-00 no vs no -> +37.25c (run realised $-4.0381)
  close 20:15Z: 3301 looks, best was KXDOGE15M-26SEP201615- NO @0.9870 edge +1.18c (need +0.3c) -> no trade
  close 20:30Z: 3789 looks, best was KXZEC15M-26SEP201630-3 YES @0.9950 edge +0.46c (need +0.3c) -> no trade
  close 20:45Z: 3913 looks, best was KXBNB15M-26SEP201645-4 YES @0.9940 edge +0.56c (need +0.3c) -> no trade
  close 21:00Z: 3857 looks, best was KXBNB15M-26SEP201700-0 NO @0.9940 edge +0.50c (need +0.3c) -> no trade
  close 21:15Z: 3996 looks, 3996 decided, 3996 decided-but-nothing-offered, 0 undecided
  close 21:30Z: 3978 looks, best was KXDOGE15M-26SEP201730- YES @0.9990 edge +0.09c (need +0.3c) -> no trade
  close 21:45Z: 3746 looks, best was KXNEAR15M-26SEP201745- YES @0.9920 edge +0.64c (need +0.3c) -> no trade
  close 22:00Z: 3951 looks, 3951 decided, 3951 decided-but-nothing-offered, 0 undecided
  close 22:15Z: 3879 looks, 3879 decided, 3879 decided-but-nothing-offered, 0 undecided
  close 22:30Z: 3532 looks, best was KXBNB15M-26SEP201830-3 NO @0.9960 edge +0.37c (need +0.3c) -> no trade
  SIGNAL KXBTC15M-26SEP201845-45 tau=14s buy NO @0.9120 fair 0.0025 edge +7.99c size 352.05 taking 20
  close 22:45Z: 2909 looks, best was KXBTC15M-26SEP201845-4 NO @0.9120 edge +7.99c (need +0.3c) -> FIRED
  SETTLED KXBTC15M-26SEP201845-45 no vs no -> +164.76c (run realised $-2.3905)
  SIGNAL KXBNB15M-26SEP201900-00 tau=29s buy NO @0.9500 fair 0.0001 edge +4.66c size 48.87 taking 20
  close 23:00Z: 3353 looks, best was KXBNB15M-26SEP201900-0 NO @0.9500 edge +4.66c (need +0.3c) -> FIRED
  SETTLED KXBNB15M-26SEP201900-00 no vs no -> +93.34c (run realised $-1.4571)
  close 23:15Z: 3440 looks, best was KXBTC15M-26SEP201915-1 NO @0.9910 edge +0.84c (need +0.3c) -> no trade
  SIGNAL KXHYPE15M-26SEP201930-30 tau=27s buy YES @0.9800 fair 0.9961 edge +1.47c size 201.67 taking 20
  SIGNAL KXDOGE15M-26SEP201930-30 tau=24s buy NO @0.9530 fair 0.0002 edge +4.37c size 724.92 taking 20
  --- PAUSE (will resume): loss bound: realised $-1.46 with $38.66 still open; one more contract could take this run past $-60.00
  close 23:30Z: 614 looks, best was KXDOGE15M-26SEP201930- NO @0.9530 edge +4.37c (need +0.3c) -> FIRED
  SETTLED KXHYPE15M-26SEP201930-30 yes vs yes -> +37.25c (run realised $-1.0846)
  SETTLED KXDOGE15M-26SEP201930-30 no vs no -> +87.72c (run realised $-0.2074)
  --- RESUMED
  close 23:45Z: 3768 looks, best was KXBNB15M-26SEP201945-4 YES @0.9890 edge +1.00c (need +0.3c) -> no trade
  close 00:00Z: 3588 looks, best was KXETH15M-26SEP202000-0 YES @0.9950 edge +0.46c (need +0.3c) -> no trade
  close 00:15Z: 3663 looks, 3663 decided, 3663 decided-but-nothing-offered, 0 undecided
  SIGNAL KXBNB15M-26SEP202030-30 tau=9s buy NO @0.9800 fair 0.0041 edge +1.46c size 120.00 taking 20
  close 00:30Z: 2833 looks, best was KXBNB15M-26SEP202030-3 NO @0.9800 edge +1.46c (need +0.3c) -> FIRED
  SETTLED KXBNB15M-26SEP202030-30 no vs no -> +37.25c (run realised $+0.1651)
  SIGNAL KXETH15M-26SEP202045-45 tau=11s buy YES @0.9430 fair 0.9983 edge +5.16c size 400.00 taking 20
  close 00:45Z: 2872 looks, best was KXETH15M-26SEP202045-4 NO @0.2400 edge +74.65c (need +0.3c) -> FIRED
  SETTLED KXETH15M-26SEP202045-45 yes vs yes -> +106.47c (run realised $+1.2298)
  close 01:00Z: 3168 looks, best was KXBTC15M-26SEP202100-0 YES @0.9990 edge +0.09c (need +0.3c) -> no trade
  close 01:15Z: 3420 looks, best was KXDOGE15M-26SEP202115- YES @0.9970 edge +0.28c (need +0.3c) -> no trade
  close 01:30Z: 3014 looks, best was KXDOGE15M-26SEP202130- YES @0.9900 edge +0.79c (need +0.3c) -> no trade
  close 01:45Z: 3330 looks, best was KXDOGE15M-26SEP202145- NO @0.9980 edge +0.19c (need +0.3c) -> no trade
  close 02:00Z: 3420 looks, 3420 decided, 3420 decided-but-nothing-offered, 0 undecided
  close 02:15Z: 3501 looks, best was KXHYPE15M-26SEP202215- YES @0.9980 edge +0.19c (need +0.3c) -> no trade
  close 02:30Z: 3339 looks, 3339 decided, 3339 decided-but-nothing-offered, 0 undecided
  close 02:45Z: 3537 looks, best was KXDOGE15M-26SEP202245- NO @0.9990 edge +0.09c (need +0.3c) -> no trade
  close 03:00Z: 3302 looks, best was KXDOGE15M-26SEP202300- YES @0.9980 edge +0.19c (need +0.3c) -> no trade
  close 03:15Z: 2986 looks, best was KXBTC15M-26SEP202315-1 NO @0.9830 edge +1.58c (need +0.3c) -> no trade
  close 03:30Z: 3663 looks, 3663 decided, 3663 decided-but-nothing-offered, 0 undecided
  SIGNAL KXETH15M-26SEP202345-45 tau=30s buy NO @0.9580 fair 0.0000 edge +3.92c size 10.62 taking 10.62
  SIGNAL KXSOL15M-26SEP202345-45 tau=29s buy NO @0.9500 fair 0.0011 edge +4.56c size 200.00 taking 20
  close 03:45Z: 2777 looks, best was KXSOL15M-26SEP202345-4 NO @0.9500 edge +4.56c (need +0.3c) -> FIRED
  SETTLED KXETH15M-26SEP202345-45 no vs no -> +41.60c (run realised $+1.6459)
  SETTLED KXSOL15M-26SEP202345-45 no vs no -> +93.34c (run realised $+2.5793)
  SIGNAL KXHYPE15M-26SEP210000-00 tau=25s buy YES @0.9710 fair 0.9969 edge +2.39c size 29.00 taking 20
  close 04:00Z: 2730 looks, best was KXHYPE15M-26SEP210000- YES @0.9710 edge +2.39c (need +0.3c) -> FIRED
  SETTLED KXHYPE15M-26SEP210000-00 yes vs yes -> +54.05c (run realised $+3.1198)
  close 04:15Z: 3525 looks, best was KXHYPE15M-26SEP210015- YES @0.9890 edge +1.02c (need +0.3c) -> no trade
  close 04:30Z: 2783 looks, best was KXNEAR15M-26SEP210030- NO @0.9890 edge +1.02c (need +0.3c) -> no trade
  close 04:45Z: 3681 looks, best was KXBNB15M-26SEP210045-4 YES @0.9980 edge +0.19c (need +0.3c) -> no trade
  SIGNAL KXSOL15M-26SEP210100-00 tau=27s buy NO @0.9800 fair 0.0032 edge +1.54c size 50.50 taking 20
  close 05:00Z: 2897 looks, best was KXSOL15M-26SEP210100-0 NO @0.9800 edge +1.54c (need +0.3c) -> FIRED
  SETTLED KXSOL15M-26SEP210100-00 no vs no -> +37.25c (run realised $+3.4923)
  close 05:15Z: 3807 looks, best was KXDOGE15M-26SEP210115- NO @0.9990 edge +0.09c (need +0.3c) -> no trade
  close 05:30Z: 3483 looks, 3483 decided, 3483 decided-but-nothing-offered, 0 undecided
  close 05:45Z: 2934 looks, best was KXDOGE15M-26SEP210145- NO @0.9960 edge +0.37c (need +0.3c) -> no trade
  SIGNAL KXXRP15M-26SEP210200-00 tau=30s buy YES @0.9470 fair 0.9999 edge +4.94c size 14.17 taking 14.17
  close 06:00Z: 3017 looks, best was KXXRP15M-26SEP210200-0 YES @0.9470 edge +4.94c (need +0.3c) -> FIRED
  SETTLED KXXRP15M-26SEP210200-00 yes vs yes -> +70.12c (run realised $+4.1935)
  SIGNAL KXETH15M-26SEP210215-15 tau=13s buy YES @0.9610 fair 0.9958 edge +3.22c size 175.00 taking 20
  close 06:15Z: 2754 looks, best was KXETH15M-26SEP210215-1 YES @0.9610 edge +3.22c (need +0.3c) -> FIRED
  SETTLED KXETH15M-26SEP210215-15 yes vs yes -> +72.75c (run realised $+4.9210)
  SIGNAL KXZEC15M-26SEP210230-30 tau=13s buy YES @0.9680 fair 0.9952 edge +2.50c size 27.00 taking 20
  close 06:30Z: 3535 looks, best was KXZEC15M-26SEP210230-3 YES @0.9680 edge +2.50c (need +0.3c) -> FIRED
  SETTLED KXZEC15M-26SEP210230-30 yes vs yes -> +59.66c (run realised $+5.5176)
  close 06:45Z: 4104 looks, 4104 decided, 4104 decided-but-nothing-offered, 0 undecided
  close 07:00Z: 3870 looks, 3870 decided, 3870 decided-but-nothing-offered, 0 undecided
  close 07:15Z: 3447 looks, best was KXDOGE15M-26SEP210315- NO @0.9940 edge +0.56c (need +0.3c) -> no trade
  close 07:30Z: 3789 looks, best was KXETH15M-26SEP210330-3 YES @0.9950 edge +0.46c (need +0.3c) -> no trade
  close 07:45Z: 3968 looks, best was KXNEAR15M-26SEP210345- YES @0.9980 edge +0.19c (need +0.3c) -> no trade
  close 08:00Z: 3749 looks, best was KXZEC15M-26SEP210400-0 NO @0.9980 edge +0.19c (need +0.3c) -> no trade
  close 08:15Z: 4046 looks, best was KXHYPE15M-26SEP210415- YES @0.9990 edge +0.09c (need +0.3c) -> no trade
  close 08:30Z: 4041 looks, 4041 decided, 4041 decided-but-nothing-offered, 0 undecided
  close 08:45Z: 4125 looks, best was KXZEC15M-26SEP210445-4 YES @0.9920 edge +0.60c (need +0.3c) -> no trade
  close 09:00Z: 4158 looks, best was KXETH15M-26SEP210500-0 NO @0.9990 edge +0.09c (need +0.3c) -> no trade
  close 09:15Z: 4072 looks, best was KXETH15M-26SEP210515-1 NO @0.9830 edge +1.41c (need +0.3c) -> no trade
  close 09:30Z: 4068 looks, 4068 decided, 4068 decided-but-nothing-offered, 0 undecided
  close 09:45Z: 4085 looks, best was KXXRP15M-26SEP210545-4 YES @0.9970 edge +0.20c (need +0.3c) -> no trade
  close 10:00Z: 4032 looks, 4032 decided, 4032 decided-but-nothing-offered, 0 undecided
  close 10:15Z: 3862 looks, best was KXETH15M-26SEP210615-1 NO @0.9880 edge +1.08c (need +0.3c) -> no trade
  close 10:30Z: 3825 looks, best was KXSOL15M-26SEP210630-3 YES @0.9990 edge +0.09c (need +0.3c) -> no trade
  close 10:45Z: 3769 looks, best was KXDOGE15M-26SEP210645- YES @0.9860 edge +1.28c (need +0.3c) -> no trade
  close 11:00Z: 3908 looks, best was KXNEAR15M-26SEP210700- NO @0.9960 edge +0.37c (need +0.3c) -> no trade
  close 11:15Z: 3906 looks, 3906 decided, 3906 decided-but-nothing-offered, 0 undecided
  close 11:30Z: 3754 looks, best was KXSOL15M-26SEP210730-3 NO @0.9810 edge +1.28c (need +0.3c) -> no trade
  SIGNAL KXNEAR15M-26SEP210745-45 tau=29s buy YES @0.9780 fair 0.9951 edge +1.56c size 130.00 taking 20
  close 11:45Z: 3335 looks, best was KXNEAR15M-26SEP210745- YES @0.9780 edge +1.56c (need +0.3c) -> FIRED
  SETTLED KXNEAR15M-26SEP210745-45 yes vs yes -> +40.98c (run realised $+5.9274)
  close 12:00Z: 3607 looks, best was KXBTC15M-26SEP210800-0 NO @0.9840 edge +1.48c (need +0.3c) -> no trade
  close 12:15Z: 4049 looks, best was KXBNB15M-26SEP210815-1 YES @0.9900 edge +0.83c (need +0.3c) -> no trade
  close 12:30Z: 3571 looks, best was KXETH15M-26SEP210830-3 NO @0.9960 edge +0.35c (need +0.3c) -> no trade
  close 12:45Z: 4173 looks, best was KXBTC15M-26SEP210845-4 YES @0.9970 edge +0.28c (need +0.3c) -> no trade
  close 13:00Z: 4050 looks, best was KXDOGE15M-26SEP210900- NO @0.9960 edge +0.33c (need +0.3c) -> no trade
  SIGNAL KXBNB15M-26SEP210915-15 tau=23s buy YES @0.9780 fair 0.9997 edge +2.02c size 301.00 taking 20
  SIGNAL KXXRP15M-26SEP210915-15 tau=14s buy YES @0.9690 fair 0.9970 edge +2.59c size 10.00 taking 10
  close 13:15Z: 3291 looks, best was KXXRP15M-26SEP210915-1 YES @0.9690 edge +2.59c (need +0.3c) -> FIRED
  SETTLED KXBNB15M-26SEP210915-15 yes vs yes -> +40.98c (run realised $+6.3372)
  SETTLED KXXRP15M-26SEP210915-15 yes vs yes -> +28.89c (run realised $+6.6261)
  close 13:30Z: 3816 looks, best was KXSOL15M-26SEP210930-3 YES @0.9980 edge +0.19c (need +0.3c) -> no trade
  close 13:45Z: 3817 looks, best was KXNEAR15M-26SEP210945- YES @0.9980 edge +0.19c (need +0.3c) -> no trade
  SIGNAL KXZEC15M-26SEP211000-00 tau=8s buy NO @0.9690 fair 0.0003 edge +2.86c size 13.06 taking 13.06
  close 14:00Z: 3458 looks, best was KXZEC15M-26SEP211000-0 NO @0.9690 edge +2.86c (need +0.3c) -> FIRED
  SETTLED KXZEC15M-26SEP211000-00 no vs no -> +37.74c (run realised $+7.0035)
  close 14:15Z: 3679 looks, best was KXSOL15M-26SEP211015-1 NO @0.9940 edge +0.55c (need +0.3c) -> no trade
  close 14:30Z: 3816 looks, 3816 decided, 3816 decided-but-nothing-offered, 0 undecided
  close 14:45Z: 3302 looks, best was KXZEC15M-26SEP211045-4 YES @0.9900 edge +0.86c (need +0.3c) -> no trade
  close 15:00Z: 3670 looks, best was KXZEC15M-26SEP211100-0 NO @0.9860 edge +1.07c (need +0.3c) -> no trade
  close 15:15Z: 3726 looks, 3726 decided, 3726 decided-but-nothing-offered, 0 undecided
  close 15:30Z: 3798 looks, 3798 decided, 3798 decided-but-nothing-offered, 0 undecided
  close 15:45Z: 3708 looks, 3708 decided, 3708 decided-but-nothing-offered, 0 undecided
  close 16:00Z: 3500 looks, best was KXXRP15M-26SEP211200-0 YES @0.9970 edge +0.28c (need +0.3c) -> no trade
  close 16:15Z: 3877 looks, best was KXNEAR15M-26SEP211215- NO @0.9840 edge +1.49c (need +0.3c) -> no trade
  SIGNAL KXSOL15M-26SEP211230-30 tau=30s buy YES @0.9800 fair 0.9960 edge +1.46c size 17.00 taking 17
  close 16:30Z: 3610 looks, best was KXSOL15M-26SEP211230-3 YES @0.9800 edge +1.46c (need +0.3c) -> FIRED
  SETTLED KXSOL15M-26SEP211230-30 yes vs yes -> +31.66c (run realised $+7.3201)
  SIGNAL KXNEAR15M-26SEP211245-45 tau=21s buy NO @0.9770 fair 0.0017 edge +1.97c size 510.00 taking 20
  close 16:45Z: 3426 looks, best was KXNEAR15M-26SEP211245- NO @0.9770 edge +1.97c (need +0.3c) -> FIRED
  SETTLED KXNEAR15M-26SEP211245-45 no vs no -> +42.85c (run realised $+7.7486)
  close 17:00Z: 4160 looks, best was KXBNB15M-26SEP211300-0 YES @0.9950 edge +0.44c (need +0.3c) -> no trade
  SIGNAL KXBTC15M-26SEP211315-15 tau=6s buy NO @0.8900 fair 0.0020 edge +10.11c size 1919.56 taking 20
  close 17:15Z: 3930 looks, best was KXBTC15M-26SEP211315-1 NO @0.8900 edge +10.11c (need +0.3c) -> FIRED
  SETTLED KXBTC15M-26SEP211315-15 no vs no -> +206.29c (run realised $+9.8115)
  SIGNAL KXSOL15M-26SEP211330-30 tau=30s buy YES @0.9800 fair 0.9973 edge +1.59c size 14.00 taking 14
  close 17:30Z: 3577 looks, best was KXETH15M-26SEP211330-3 NO @0.9800 edge +1.80c (need +0.3c) -> FIRED
  SETTLED KXSOL15M-26SEP211330-30 yes vs yes -> +26.07c (run realised $+10.0722)
  SIGNAL KXZEC15M-26SEP211345-45 tau=18s buy YES @0.9380 fair 0.9957 edge +5.36c size 241.13 taking 20
  close 17:45Z: 3742 looks, best was KXZEC15M-26SEP211345-4 YES @0.9380 edge +5.36c (need +0.3c) -> FIRED
  SETTLED KXZEC15M-26SEP211345-45 yes vs yes -> +115.85c (run realised $+11.2307)
  close 18:00Z: 4257 looks, best was KXBTC15M-26SEP211400-0 NO @0.9980 edge +0.19c (need +0.3c) -> no trade
  close 18:15Z: 4041 looks, 4041 decided, 4041 decided-but-nothing-offered, 0 undecided
  close 18:30Z: 3993 looks, best was KXNEAR15M-26SEP211430- NO @0.9970 edge +0.21c (need +0.3c) -> no trade
  SIGNAL KXETH15M-26SEP211445-45 tau=29s buy YES @0.8900 fair 0.9982 edge +10.13c size 400.00 taking 20
  close 18:45Z: 3447 looks, best was KXETH15M-26SEP211445-4 YES @0.8900 edge +10.13c (need +0.3c) -> FIRED
  SETTLED KXETH15M-26SEP211445-45 yes vs yes -> +206.29c (run realised $+13.2936)
  close 19:00Z: 4041 looks, 4041 decided, 4041 decided-but-nothing-offered, 0 undecided
  close 19:15Z: 3717 looks, best was KXBTC15M-26SEP211515-1 NO @0.9910 edge +0.62c (need +0.3c) -> no trade
  close 19:30Z: 3987 looks, 3987 decided, 3987 decided-but-nothing-offered, 0 undecided
  close 19:45Z: 3812 looks, best was KXBNB15M-26SEP211545-4 YES @0.9880 edge +0.86c (need +0.3c) -> no trade
  SIGNAL KXSOL15M-26SEP211600-00 tau=25s buy YES @0.9340 fair 0.9983 edge +6.00c size 200.00 taking 20
  close 20:00Z: 3542 looks, best was KXSOL15M-26SEP211600-0 YES @0.9340 edge +6.00c (need +0.3c) -> FIRED
  SETTLED KXSOL15M-26SEP211600-00 yes vs yes -> +123.36c (run realised $+14.5272)
  close 20:15Z: 4196 looks, best was KXHYPE15M-26SEP211615- NO @0.9970 edge +0.28c (need +0.3c) -> no trade
  close 20:30Z: 4302 looks, 4302 decided, 4302 decided-but-nothing-offered, 0 undecided
  close 20:45Z: 4266 looks, 4266 decided, 4266 decided-but-nothing-offered, 0 undecided
  close 21:00Z: 4149 looks, best was KXBTC15M-26SEP211700-0 YES @0.9970 edge +0.28c (need +0.3c) -> no trade
  close 21:15Z: 3925 looks, best was KXHYPE15M-26SEP211715- YES @0.9930 edge +0.39c (need +0.3c) -> no trade
  SIGNAL KXZEC15M-26SEP211730-30 tau=29s buy NO @0.9600 fair 0.0000 edge +3.73c size 71.00 taking 20
  close 21:30Z: 3287 looks, best was KXZEC15M-26SEP211730-3 NO @0.9600 edge +3.73c (need +0.3c) -> FIRED
  SETTLED KXZEC15M-26SEP211730-30 no vs no -> +74.62c (run realised $+15.2734)
  close 21:45Z: 3933 looks, best was KXHYPE15M-26SEP211745- YES @0.9990 edge +0.09c (need +0.3c) -> no trade
  close 22:00Z: 3420 looks, best was KXDOGE15M-26SEP211800- NO @0.9920 edge +0.74c (need +0.3c) -> no trade
  close 22:15Z: 4058 looks, best was KXHYPE15M-26SEP211815- NO @0.9900 edge +0.93c (need +0.3c) -> no trade
  close 22:30Z: 4338 looks, best was KXNEAR15M-26SEP211830- YES @0.9990 edge +0.03c (need +0.3c) -> no trade
  close 22:45Z: 4279 looks, best was KXSOL15M-26SEP211845-4 YES @0.9820 edge +1.50c (need +0.3c) -> no trade
  close 23:00Z: 4174 looks, best was KXBTC15M-26SEP211900-0 YES @0.9830 edge +1.56c (need +0.3c) -> no trade
  close 23:15Z: 4017 looks, best was KXZEC15M-26SEP211915-1 NO @0.9950 edge +0.37c (need +0.3c) -> no trade
  close 23:30Z: 4119 looks, best was KXZEC15M-26SEP211930-3 YES @0.9960 edge +0.34c (need +0.3c) -> no trade
  close 23:45Z: 4178 looks, best was KXBTC15M-26SEP211945-4 NO @0.9860 edge +1.14c (need +0.3c) -> no trade
  SIGNAL KXNEAR15M-26SEP212000-00 tau=7s buy YES @0.9200 fair 0.9962 edge +7.10c size 42.00 taking 20
  close 00:00Z: 4159 looks, best was KXNEAR15M-26SEP212000- YES @0.9200 edge +7.10c (need +0.3c) -> FIRED
  SETTLED KXNEAR15M-26SEP212000-00 yes vs yes -> +149.69c (run realised $+16.7703)
  close 00:15Z: 4238 looks, best was KXDOGE15M-26SEP212015- YES @0.9980 edge +0.19c (need +0.3c) -> no trade
  SIGNAL KXBNB15M-26SEP212030-30 tau=25s buy NO @0.9760 fair 0.0005 edge +2.18c size 30.00 taking 20
  close 00:30Z: 3822 looks, best was KXBNB15M-26SEP212030-3 NO @0.9760 edge +2.18c (need +0.3c) -> FIRED
  SETTLED KXBNB15M-26SEP212030-30 no vs no -> +44.72c (run realised $+17.2175)
  close 00:45Z: 4287 looks, best was KXBNB15M-26SEP212045-4 YES @0.9990 edge +0.09c (need +0.3c) -> no trade
  close 02:00Z: 810 looks, 810 decided, 810 decided-but-nothing-offered, 0 undecided
  close 03:00Z: 40 looks, 40 decided, 40 decided-but-nothing-offered, 0 undecided
  close 05:45Z: 3992 looks, best was KXDOGE15M-26SEP220145- YES @0.9980 edge +0.19c (need +0.3c) -> no trade
  SIGNAL KXBTC15M-26SEP220200-00 tau=6s buy NO @0.9560 fair 0.0026 edge +3.84c size 1000.00 taking 20
  close 06:00Z: 4011 looks, best was KXBTC15M-26SEP220200-0 NO @0.9560 edge +3.84c (need +0.3c) -> FIRED
  SETTLED KXBTC15M-26SEP220200-00 no vs no -> +82.11c (run realised $+18.0386)
  close 06:15Z: 4129 looks, best was KXXRP15M-26SEP220215-1 YES @0.9820 edge +1.68c (need +0.3c) -> no trade
  SIGNAL KXXRP15M-26SEP220230-30 tau=30s buy YES @0.9700 fair 0.9992 edge +2.72c size 34.89 taking 20
  close 06:30Z: 3228 looks, best was KXXRP15M-26SEP220230-3 YES @0.9700 edge +2.72c (need +0.3c) -> FIRED
  SETTLED KXXRP15M-26SEP220230-30 yes vs yes -> +55.92c (run realised $+18.5978)
  close 06:45Z: 2056 looks, best was KXDOGE15M-26SEP220245- YES @0.9960 edge +0.37c (need +0.3c) -> no trade
  close 07:00Z: 1735 looks, best was KXDOGE15M-26SEP220300- NO @0.9980 edge +0.19c (need +0.3c) -> no trade
  close 07:15Z: 3039 looks, best was KXDOGE15M-26SEP220315- NO @0.9930 edge +0.64c (need +0.3c) -> no trade
  close 07:30Z: 2925 looks, 2925 decided, 2925 decided-but-nothing-offered, 0 undecided
  close 07:45Z: 2451 looks, best was KXXRP15M-26SEP220345-4 NO @0.9920 edge +0.67c (need +0.3c) -> no trade
  SIGNAL KXETH15M-26SEP220400-00 tau=7s buy YES @0.9800 fair 0.9984 edge +1.70c size 132.90 taking 20
  close 08:00Z: 2473 looks, best was KXETH15M-26SEP220400-0 YES @0.9800 edge +1.70c (need +0.3c) -> FIRED
  SETTLED KXETH15M-26SEP220400-00 yes vs yes -> +37.25c (run realised $+18.9703)
  close 08:15Z: 3053 looks, best was KXDOGE15M-26SEP220415- YES @0.9980 edge +0.19c (need +0.3c) -> no trade
  close 08:30Z: 1827 looks, 1827 decided, 1827 decided-but-nothing-offered, 0 undecided
  close 08:45Z: 1737 looks, 1737 decided, 1737 decided-but-nothing-offered, 0 undecided
  SIGNAL KXHYPE15M-26SEP220500-00 tau=12s buy NO @0.9740 fair 0.0027 edge +2.15c size 29.91 taking 20
  close 09:00Z: 2163 looks, best was KXHYPE15M-26SEP220500- NO @0.9740 edge +2.15c (need +0.3c) -> FIRED
  SETTLED KXHYPE15M-26SEP220500-00 no vs no -> +48.45c (run realised $+19.4548)
  close 09:15Z: 1447 looks, best was KXHYPE15M-26SEP220515- NO @0.9960 edge +0.37c (need +0.3c) -> no trade
  close 09:30Z: 1476 looks, best was KXETH15M-26SEP220530-3 YES @0.9900 edge +0.83c (need +0.3c) -> no trade
  close 09:45Z: 1552 looks, best was KXHYPE15M-26SEP220545- YES @0.9900 edge +0.93c (need +0.3c) -> no trade
  close 10:00Z: 2676 looks, best was KXNEAR15M-26SEP220600- NO @0.9850 edge +1.20c (need +0.3c) -> no trade
  close 10:15Z: 2284 looks, 2284 decided, 2284 decided-but-nothing-offered, 0 undecided
  close 10:30Z: 2051 looks, best was KXZEC15M-26SEP220630-3 YES @0.9950 edge +0.46c (need +0.3c) -> no trade
  close 10:45Z: 2248 looks, best was KXBTC15M-26SEP220645-4 NO @0.9890 edge +0.89c (need +0.3c) -> no trade
  close 11:00Z: 1987 looks, best was KXDOGE15M-26SEP220700- NO @0.9960 edge +0.37c (need +0.3c) -> no trade
  close 11:15Z: 2221 looks, best was KXBTC15M-26SEP220715-1 YES @0.9950 edge +0.40c (need +0.3c) -> no trade
  close 11:30Z: 2065 looks, best was KXBTC15M-26SEP220730-3 NO @0.9910 edge +0.84c (need +0.3c) -> no trade
  close 11:45Z: 2254 looks, best was KXNEAR15M-26SEP220745- YES @0.9980 edge +0.19c (need +0.3c) -> no trade
  close 12:00Z: 3987 looks, 3987 decided, 3987 decided-but-nothing-offered, 0 undecided
  SIGNAL KXBTC15M-26SEP220815-15 tau=11s buy NO @0.9540 fair 0.0037 edge +3.92c size 665.85 taking 20
  close 12:15Z: 3647 looks, best was KXBTC15M-26SEP220815-1 NO @0.9540 edge +3.92c (need +0.3c) -> FIRED
  SETTLED KXBTC15M-26SEP220815-15 no vs no -> +85.85c (run realised $+20.3133)

  80 signals, 947100 evaluations
  ledger {'committed': 0.0, 'filled_contracts': 0.0, 'filled_dollars': 0.0, 'fees': 0.0, 'realised': 20.31325000000003, 'losses': 2, 'sends': 0, 'unknown': 0, 'rested': 0, 'anomalies': [], 'halt': None, 'positions': {}, 'takes': [{'kind': 'pnl', 'delta': 0.7138000000000007, 'note': 'KXNEAR15M-26SEP190900-00 no vs no', 't': 1789822820.1692977}, {'kind': 'pnl', 'delta': 0.5592000000000006, 'note': 'KXZEC15M-26SEP190930-30 yes vs yes', 't': 1789824620.0930464}, {'kind': 'pnl', 'delta': 1.025800000000001, 'note': 'KXBNB15M-26SEP190930-30 yes vs yes', 't': 1789824620.1761482}, {'kind': 'pnl', 'delta': 0.46580000000000044, 'note': 'KXDOGE15M-26SEP191015-15 yes vs yes', 't': 1789827320.0872383}, {'kind': 'pnl', 'delta': 1.7418999999999993, 'note': 'KXBNB15M-26SEP191100-00 no vs no', 't': 1789830020.1289268}, {'kind': 'pnl', 'delta': 2.4416, 'note': 'KXHYPE15M-26SEP191200-00 yes vs yes', 't': 1789833620.0959399}, {'kind': 'pnl', 'delta': -18.4278, 'note': 'KXBNB15M-26SEP191230-30 yes vs no', 't': 1789835420.1244662}, {'kind': 'pnl', 'delta': 0.37250000000000033, 'note': 'KXXRP15M-26SEP191245-45 yes vs yes', 't': 1789836320.1131432}, {'kind': 'pnl', 'delta': 0.37250000000000033, 'note': 'KXXRP15M-26SEP191300-00 yes vs yes', 't': 1789837220.1063075}, {'kind': 'pnl', 'delta': 0.37250000000000033, 'note': 'KXETH15M-26SEP191400-00 no vs no', 't': 1789840820.1219513}, {'kind': 'pnl', 'delta': 0.37250000000000033, 'note': 'KXNEAR15M-26SEP191415-15 no vs no', 't': 1789841720.130679}, {'kind': 'pnl', 'delta': 0.9147000000000008, 'note': 'KXBNB15M-26SEP191430-30 yes vs yes', 't': 1789842620.1287434}, {'kind': 'pnl', 'delta': 2.8214000000000006, 'note': 'KXHYPE15M-26SEP191515-15 yes vs yes', 't': 1789845320.0917985}, {'kind': 'pnl', 'delta': 1.421599999999999, 'note': 'KXBTC15M-26SEP191600-00 yes vs yes', 't': 1789848020.1172352}, {'kind': 'pnl', 'delta': 0.3516700000000003, 'note': 'KXZEC15M-26SEP191615-15 no vs no', 't': 1789848920.1436162}, {'kind': 'pnl', 'delta': 2.4416, 'note': 'KXBTC15M-26SEP191645-45 yes vs yes', 't': 1789850720.1484263}, {'kind': 'pnl', 'delta': 0.7462000000000008, 'note': 'KXETH15M-26SEP192030-30 no vs no', 't': 1789864220.1186204}, {'kind': 'pnl', 'delta': 0.7462000000000008, 'note': 'KXBTC15M-26SEP192045-45 yes vs yes', 't': 1789865120.1280708}, {'kind': 'pnl', 'delta': 0.6721000000000006, 'note': 'KXBNB15M-26SEP192100-00 yes vs yes', 't': 1789866020.117382}, {'kind': 'pnl', 'delta': 1.139800000000001, 'note': 'KXBTC15M-26SEP192130-30 no vs no', 't': 1789867820.1422803}, {'kind': 'pnl', 'delta': 0.46580000000000044, 'note': 'KXETH15M-26SEP192200-00 yes vs yes', 't': 1789869620.112979}, {'kind': 'pnl', 'delta': 0.37250000000000033, 'note': 'KXDOGE15M-26SEP192315-15 yes vs yes', 't': 1789874120.1305094}, {'kind': 'pnl', 'delta': 0.5966000000000006, 'note': 'KXHYPE15M-26SEP192315-15 no vs no', 't': 1789874120.2168822}, {'kind': 'pnl', 'delta': 0.37250000000000033, 'note': 'KXBTC15M-26SEP192345-45 no vs no', 't': 1789875920.1290455}, {'kind': 'pnl', 'delta': 0.6901000000000006, 'note': 'KXHYPE15M-26SEP192345-45 no vs no', 't': 1789875920.211133}, {'kind': 'pnl', 'delta': 0.6901000000000006, 'note': 'KXBTC15M-26SEP200030-30 yes vs yes', 't': 1789878620.1327314}, {'kind': 'pnl', 'delta': 0.29340000000000027, 'note': 'KXZEC15M-26SEP200045-45 yes vs yes', 't': 1789879520.129479}, {'kind': 'pnl', 'delta': 0.41172000000000036, 'note': 'KXBNB15M-26SEP200045-45 no vs no', 't': 1789879520.211652}, {'kind': 'pnl', 'delta': 0.37250000000000033, 'note': 'KXBTC15M-26SEP200145-45 no vs no', 't': 1789883120.1300921}, {'kind': 'pnl', 'delta': 0.37250000000000033, 'note': 'KXHYPE15M-26SEP200200-00 no vs no', 't': 1789884020.1045213}, {'kind': 'pnl', 'delta': 0.37250000000000033, 'note': 'KXBTC15M-26SEP200215-15 yes vs yes', 't': 1789884920.1238496}, {'kind': 'pnl', 'delta': 1.5518000000000003, 'note': 'KXBNB15M-26SEP200215-15 yes vs yes', 't': 1789884920.201713}, {'kind': 'pnl', 'delta': 0.37250000000000033, 'note': 'KXBTC15M-26SEP200500-00 yes vs yes', 't': 1789894820.1079698}, {'kind': 'pnl', 'delta': 0.8023000000000008, 'note': 'KXBTC15M-26SEP200515-15 yes vs yes', 't': 1789895720.1393635}, {'kind': 'pnl', 'delta': -18.3336, 'note': 'KXZEC15M-26SEP200615-15 no vs yes', 't': 1789899320.1224785}, {'kind': 'pnl', 'delta': 0.37250000000000033, 'note': 'KXBTC15M-26SEP200645-45 no vs no', 't': 1789901120.1383853}, {'kind': 'pnl', 'delta': 0.37250000000000033, 'note': 'KXSOL15M-26SEP200700-00 no vs no', 't': 1789902020.109975}, {'kind': 'pnl', 'delta': 0.37250000000000033, 'note': 'KXHYPE15M-26SEP200715-15 yes vs yes', 't': 1789902920.8056164}, {'kind': 'pnl', 'delta': 0.5592000000000006, 'note': 'KXBTC15M-26SEP200730-30 no vs no', 't': 1789903820.0787792}, {'kind': 'pnl', 'delta': 0.44720000000000043, 'note': 'KXBNB15M-26SEP200745-45 yes vs yes', 't': 1789904720.1140177}, {'kind': 'pnl', 'delta': 0.3325000000000003, 'note': 'KXSOL15M-26SEP200845-45 yes vs yes', 't': 1789908320.1094294}, {'kind': 'pnl', 'delta': 0.4098000000000004, 'note': 'KXSOL15M-26SEP201015-15 no vs no', 't': 1789913720.082005}, {'kind': 'pnl', 'delta': 0.3912000000000004, 'note': 'KXZEC15M-26SEP201030-30 yes vs yes', 't': 1789914620.096394}, {'kind': 'pnl', 'delta': 0.25815000000000027, 'note': 'KXXRP15M-26SEP201130-30 no vs no', 't': 1789918220.1174178}, {'kind': 'pnl', 'delta': 0.41740000000000044, 'note': 'KXZEC15M-26SEP201330-30 no vs no', 't': 1789925420.128013}, {'kind': 'pnl', 'delta': 0.44720000000000043, 'note': 'KXNEAR15M-26SEP201500-00 no vs no', 't': 1789930820.136507}, {'kind': 'pnl', 'delta': 0.5405000000000005, 'note': 'KXSOL15M-26SEP201530-30 yes vs yes', 't': 1789932620.111856}, {'kind': 'pnl', 'delta': 0.37250000000000033, 'note': 'KXHYPE15M-26SEP201600-00 no vs no', 't': 1789934420.166431}, {'kind': 'pnl', 'delta': 1.6475999999999993, 'note': 'KXBTC15M-26SEP201845-45 no vs no', 't': 1789944320.0949051}, {'kind': 'pnl', 'delta': 0.9334000000000009, 'note': 'KXBNB15M-26SEP201900-00 no vs no', 't': 1789945220.1324792}, {'kind': 'pnl', 'delta': 0.37250000000000033, 'note': 'KXHYPE15M-26SEP201930-30 yes vs yes', 't': 1789947021.0954149}, {'kind': 'pnl', 'delta': 0.8772000000000009, 'note': 'KXDOGE15M-26SEP201930-30 no vs no', 't': 1789947021.2173061}, {'kind': 'pnl', 'delta': 0.37250000000000033, 'note': 'KXBNB15M-26SEP202030-30 no vs no', 't': 1789950620.1751719}, {'kind': 'pnl', 'delta': 1.064700000000001, 'note': 'KXETH15M-26SEP202045-45 yes vs yes', 't': 1789951520.1066563}, {'kind': 'pnl', 'delta': 0.4160400000000004, 'note': 'KXETH15M-26SEP202345-45 no vs no', 't': 1789962395.2480128}, {'kind': 'pnl', 'delta': 0.9334000000000009, 'note': 'KXSOL15M-26SEP202345-45 no vs no', 't': 1789962395.4201412}, {'kind': 'pnl', 'delta': 0.5405000000000005, 'note': 'KXHYPE15M-26SEP210000-00 yes vs yes', 't': 1789963220.3706307}, {'kind': 'pnl', 'delta': 0.37250000000000033, 'note': 'KXSOL15M-26SEP210100-00 no vs no', 't': 1789966820.0863278}, {'kind': 'pnl', 'delta': 0.7012100000000007, 'note': 'KXXRP15M-26SEP210200-00 yes vs yes', 't': 1789970420.090655}, {'kind': 'pnl', 'delta': 0.7275000000000007, 'note': 'KXETH15M-26SEP210215-15 yes vs yes', 't': 1789971320.1149442}, {'kind': 'pnl', 'delta': 0.5966000000000006, 'note': 'KXZEC15M-26SEP210230-30 yes vs yes', 't': 1789972220.1211164}, {'kind': 'pnl', 'delta': 0.4098000000000004, 'note': 'KXNEAR15M-26SEP210745-45 yes vs yes', 't': 1789991120.1677175}, {'kind': 'pnl', 'delta': 0.4098000000000004, 'note': 'KXBNB15M-26SEP210915-15 yes vs yes', 't': 1789996520.14294}, {'kind': 'pnl', 'delta': 0.28890000000000027, 'note': 'KXXRP15M-26SEP210915-15 yes vs yes', 't': 1789996520.2269464}, {'kind': 'pnl', 'delta': 0.37736000000000036, 'note': 'KXZEC15M-26SEP211000-00 no vs no', 't': 1789999220.2404923}, {'kind': 'pnl', 'delta': 0.3166000000000003, 'note': 'KXSOL15M-26SEP211230-30 yes vs yes', 't': 1790008220.1578474}, {'kind': 'pnl', 'delta': 0.42850000000000044, 'note': 'KXNEAR15M-26SEP211245-45 no vs no', 't': 1790009120.1349723}, {'kind': 'pnl', 'delta': 2.0629, 'note': 'KXBTC15M-26SEP211315-15 no vs no', 't': 1790010920.1877527}, {'kind': 'pnl', 'delta': 0.26070000000000026, 'note': 'KXSOL15M-26SEP211330-30 yes vs yes', 't': 1790011820.0874732}, {'kind': 'pnl', 'delta': 1.1585000000000012, 'note': 'KXZEC15M-26SEP211345-45 yes vs yes', 't': 1790012720.0859993}, {'kind': 'pnl', 'delta': 2.0629, 'note': 'KXETH15M-26SEP211445-45 yes vs yes', 't': 1790016320.0961483}, {'kind': 'pnl', 'delta': 1.233599999999999, 'note': 'KXSOL15M-26SEP211600-00 yes vs yes', 't': 1790020820.1169488}, {'kind': 'pnl', 'delta': 0.7462000000000008, 'note': 'KXZEC15M-26SEP211730-30 no vs no', 't': 1790026220.142671}, {'kind': 'pnl', 'delta': 1.4968999999999992, 'note': 'KXNEAR15M-26SEP212000-00 yes vs yes', 't': 1790035220.1217823}, {'kind': 'pnl', 'delta': 0.44720000000000043, 'note': 'KXBNB15M-26SEP212030-30 no vs no', 't': 1790037020.1382623}, {'kind': 'pnl', 'delta': 0.8211000000000008, 'note': 'KXBTC15M-26SEP220200-00 no vs no', 't': 1790056820.106886}, {'kind': 'pnl', 'delta': 0.5592000000000006, 'note': 'KXXRP15M-26SEP220230-30 yes vs yes', 't': 1790058620.126141}, {'kind': 'pnl', 'delta': 0.37250000000000033, 'note': 'KXETH15M-26SEP220400-00 yes vs yes', 't': 1790064020.1409757}, {'kind': 'pnl', 'delta': 0.4845000000000005, 'note': 'KXHYPE15M-26SEP220500-00 no vs no', 't': 1790067620.150147}, {'kind': 'pnl', 'delta': 0.8585000000000008, 'note': 'KXBTC15M-26SEP220815-15 no vs no', 't': 1790079320.090637}]}
  log C:\kals-repo\results\pinrun-paper-20260919T122314Z.jsonl
