2026-09-17T00:22:16-04:00  installed scheduled task KalsBoot: at logon (+1 min) and every 10 min, as LAPTOP-2L9Q5JAM\Joe
2026-09-17T00:22:19-04:00  all up; nothing to do
2026-09-17T00:22:48-04:00  installed scheduled task KalsBoot: at logon (+1 min) and every 10 min all day, as LAPTOP-2L9Q5JAM\Joe; next run 09/17/2026 00:30:00
2026-09-17T00:22:51-04:00  all up; nothing to do
2026-09-17T00:30:02-04:00  all up; nothing to do
2026-09-17T00:40:03-04:00  all up; nothing to do
2026-09-17T00:50:02-04:00  all up; nothing to do
2026-09-17T01:00:02-04:00  all up; nothing to do
2026-09-17T01:10:03-04:00  all up; nothing to do
2026-09-17T01:17:09-04:00  all up; nothing to do
2026-09-17T01:20:03-04:00  all up; nothing to do
2026-09-17T01:24:31-04:00  all up; nothing to do
2026-09-17T01:25:15-04:00  pinphone.py is NOT running -- starting the phone link
2026-09-17T01:25:15-04:00  started 1 process(es)
2026-09-17T01:30:02-04:00  all up; nothing to do
2026-09-17T01:40:02-04:00  all up; nothing to do
2026-09-17T01:50:02-04:00  all up; nothing to do
2026-09-17T01:52:06-04:00  pinphone.py is NOT running -- starting the phone link
2026-09-17T01:52:06-04:00  started 1 process(es)
2026-09-17T02:00:02-04:00  all up; nothing to do
2026-09-17T02:10:02-04:00  all up; nothing to do
2026-09-17T02:20:02-04:00  all up; nothing to do
2026-09-17T02:30:02-04:00  all up; nothing to do
2026-09-17T02:40:03-04:00  all up; nothing to do
2026-09-17T02:50:02-04:00  all up; nothing to do
2026-09-17T03:00:02-04:00  all up; nothing to do
2026-09-17T03:10:02-04:00  all up; nothing to do
2026-09-17T03:20:02-04:00  all up; nothing to do
2026-09-17T03:30:02-04:00  all up; nothing to do
2026-09-17T03:40:02-04:00  all up; nothing to do
2026-09-17T03:50:02-04:00  all up; nothing to do
2026-09-17T04:00:02-04:00  all up; nothing to do
2026-09-17T04:10:03-04:00  all up; nothing to do
2026-09-17T04:20:03-04:00  all up; nothing to do
2026-09-17T04:30:03-04:00  all up; nothing to do
2026-09-17T04:40:03-04:00  all up; nothing to do
2026-09-17T04:50:03-04:00  all up; nothing to do
2026-09-17T05:00:02-04:00  all up; nothing to do
2026-09-17T05:10:03-04:00  all up; nothing to do
2026-09-17T05:20:03-04:00  all up; nothing to do
2026-09-17T05:30:03-04:00  all up; nothing to do
2026-09-17T05:40:03-04:00  all up; nothing to do
2026-09-17T05:50:03-04:00  all up; nothing to do
2026-09-17T06:00:03-04:00  all up; nothing to do
2026-09-17T06:10:03-04:00  all up; nothing to do
2026-09-17T06:20:03-04:00  all up; nothing to do
2026-09-17T06:30:03-04:00  all up; nothing to do
2026-09-17T06:40:03-04:00  all up; nothing to do
2026-09-17T06:50:03-04:00  all up; nothing to do
2026-09-17T07:00:03-04:00  all up; nothing to do
2026-09-17T07:10:03-04:00  all up; nothing to do
2026-09-17T07:20:03-04:00  all up; nothing to do
2026-09-17T07:22:16-04:00  watch_bot heartbeat is 14,223 s old -- it is alive but not watching. Killing it.
2026-09-17T07:22:18-04:00  watch_bot.ps1 is NOT running -- starting it (it will bring the live bot up unless results\pinrun-live.stop exists)
2026-09-17T07:22:18-04:00  started 1 process(es)
2026-09-17T07:30:03-04:00  all up; nothing to do
2026-09-17T07:40:03-04:00  all up; nothing to do
2026-09-17T07:50:03-04:00  all up; nothing to do
2026-09-17T08:00:03-04:00  all up; nothing to do
2026-09-17T08:10:03-04:00  all up; nothing to do
2026-09-17T08:20:03-04:00  all up; nothing to do
2026-09-17T08:30:03-04:00  all up; nothing to do
2026-09-17T08:40:03-04:00  all up; nothing to do
2026-09-17T08:50:03-04:00  all up; nothing to do
2026-09-17T09:00:03-04:00  all up; nothing to do
2026-09-17T09:10:03-04:00  all up; nothing to do
2026-09-17T09:20:03-04:00  all up; nothing to do
2026-09-17T09:30:03-04:00  all up; nothing to do
2026-09-17T09:40:03-04:00  all up; nothing to do
2026-09-17T09:50:03-04:00  all up; nothing to do
2026-09-17T10:00:03-04:00  all up; nothing to do
2026-09-17T10:10:03-04:00  all up; nothing to do
2026-09-17T10:20:04-04:00  all up; nothing to do
2026-09-17T10:30:04-04:00  all up; nothing to do
2026-09-17T10:40:03-04:00  all up; nothing to do
2026-09-17T10:50:03-04:00  all up; nothing to do
2026-09-17T11:00:03-04:00  all up; nothing to do
2026-09-17T11:08:48-04:00  all up; nothing to do
2026-09-17T11:10:03-04:00  all up; nothing to do
2026-09-17T11:20:03-04:00  all up; nothing to do
2026-09-17T11:30:03-04:00  all up; nothing to do
2026-09-17T11:31:02-04:00  cmdarm.py is NOT running -- starting the commodities paper arm
2026-09-17T11:31:05-04:00  started 1 process(es)
2026-09-17T11:40:03-04:00  all up; nothing to do
2026-09-17T11:50:03-04:00  all up; nothing to do
2026-09-17T12:00:04-04:00  all up; nothing to do
2026-09-17T12:10:03-04:00  all up; nothing to do
2026-09-17T12:20:03-04:00  all up; nothing to do
2026-09-17T12:30:03-04:00  all up; nothing to do
2026-09-17T12:40:03-04:00  all up; nothing to do
2026-09-17T12:50:03-04:00  all up; nothing to do
2026-09-17T13:00:03-04:00  all up; nothing to do
2026-09-17T13:10:03-04:00  all up; nothing to do
2026-09-17T13:20:03-04:00  all up; nothing to do
2026-09-17T13:30:03-04:00  all up; nothing to do
2026-09-17T13:40:03-04:00  all up; nothing to do
2026-09-17T13:50:03-04:00  all up; nothing to do
2026-09-17T14:00:03-04:00  all up; nothing to do
2026-09-17T14:10:04-04:00  all up; nothing to do
2026-09-17T14:20:04-04:00  all up; nothing to do
2026-09-17T14:30:03-04:00  all up; nothing to do
2026-09-17T14:40:03-04:00  all up; nothing to do
2026-09-17T14:50:03-04:00  all up; nothing to do
2026-09-17T15:00:03-04:00  all up; nothing to do
2026-09-17T15:10:04-04:00  all up; nothing to do
2026-09-17T15:20:04-04:00  all up; nothing to do
2026-09-17T15:30:03-04:00  all up; nothing to do
2026-09-17T15:40:04-04:00  all up; nothing to do
2026-09-17T15:50:04-04:00  all up; nothing to do
2026-09-17T16:00:03-04:00  all up; nothing to do
2026-09-17T16:10:04-04:00  all up; nothing to do
2026-09-17T16:20:04-04:00  all up; nothing to do
2026-09-17T16:30:04-04:00  all up; nothing to do
2026-09-17T16:40:04-04:00  all up; nothing to do
2026-09-17T16:50:04-04:00  all up; nothing to do
2026-09-17T17:00:03-04:00  all up; nothing to do
2026-09-17T17:10:04-04:00  all up; nothing to do
2026-09-17T17:20:04-04:00  all up; nothing to do
2026-09-17T17:30:03-04:00  all up; nothing to do
2026-09-17T17:40:04-04:00  all up; nothing to do
2026-09-17T17:50:03-04:00  all up; nothing to do
2026-09-17T18:00:03-04:00  all up; nothing to do
2026-09-17T18:10:04-04:00  all up; nothing to do
2026-09-17T18:20:04-04:00  all up; nothing to do
2026-09-17T18:30:03-04:00  all up; nothing to do
2026-09-17T18:40:04-04:00  all up; nothing to do
2026-09-17T18:50:04-04:00  all up; nothing to do
2026-09-17T19:00:03-04:00  all up; nothing to do
2026-09-17T19:10:04-04:00  all up; nothing to do
2026-09-17T19:20:04-04:00  all up; nothing to do
2026-09-17T19:30:03-04:00  all up; nothing to do
2026-09-17T19:40:04-04:00  all up; nothing to do
2026-09-17T19:50:04-04:00  all up; nothing to do
2026-09-17T20:00:03-04:00  all up; nothing to do
2026-09-17T20:10:04-04:00  all up; nothing to do
2026-09-17T20:20:04-04:00  all up; nothing to do
2026-09-17T20:30:04-04:00  all up; nothing to do
2026-09-17T20:40:04-04:00  all up; nothing to do
2026-09-17T20:50:04-04:00  all up; nothing to do
2026-09-17T21:00:04-04:00  all up; nothing to do
2026-09-17T21:10:04-04:00  all up; nothing to do
2026-09-17T21:18:12-04:00  all up; nothing to do
2026-09-17T21:20:04-04:00  all up; nothing to do
2026-09-17T21:30:04-04:00  all up; nothing to do
2026-09-17T21:40:04-04:00  all up; nothing to do
2026-09-17T21:50:04-04:00  all up; nothing to do
2026-09-17T22:00:04-04:00  all up; nothing to do
2026-09-17T22:10:04-04:00  all up; nothing to do
2026-09-17T22:20:04-04:00  all up; nothing to do
2026-09-17T22:30:03-04:00  all up; nothing to do
2026-09-17T22:40:04-04:00  all up; nothing to do
2026-09-17T22:50:04-04:00  all up; nothing to do
2026-09-17T23:00:04-04:00  all up; nothing to do
2026-09-17T23:10:04-04:00  all up; nothing to do
2026-09-17T23:20:05-04:00  all up; nothing to do
2026-09-17T23:30:04-04:00  all up; nothing to do
2026-09-17T23:40:04-04:00  all up; nothing to do
2026-09-17T23:50:04-04:00  all up; nothing to do
2026-09-18T00:00:04-04:00  all up; nothing to do
2026-09-18T00:10:05-04:00  all up; nothing to do
2026-09-18T00:20:05-04:00  all up; nothing to do
2026-09-18T00:30:05-04:00  all up; nothing to do
2026-09-18T00:40:06-04:00  all up; nothing to do
2026-09-18T00:50:05-04:00  all up; nothing to do
2026-09-18T00:54:39-04:00  all up; nothing to do
2026-09-18T01:00:05-04:00  all up; nothing to do
2026-09-18T01:10:06-04:00  all up; nothing to do
2026-09-18T01:20:05-04:00  all up; nothing to do
2026-09-18T01:30:08-04:00  all up; nothing to do
2026-09-18T01:40:05-04:00  all up; nothing to do
2026-09-18T01:50:06-04:00  all up; nothing to do
2026-09-18T02:00:05-04:00  all up; nothing to do
2026-09-18T02:10:05-04:00  all up; nothing to do
2026-09-18T02:20:05-04:00  all up; nothing to do
2026-09-18T02:30:05-04:00  all up; nothing to do
2026-09-18T02:40:06-04:00  all up; nothing to do
2026-09-18T02:50:08-04:00  all up; nothing to do
2026-09-18T03:00:05-04:00  all up; nothing to do
2026-09-18T03:10:05-04:00  all up; nothing to do
2026-09-18T03:20:05-04:00  all up; nothing to do
2026-09-18T03:30:05-04:00  all up; nothing to do
2026-09-18T03:40:07-04:00  all up; nothing to do
2026-09-18T03:50:05-04:00  all up; nothing to do
2026-09-18T04:00:05-04:00  all up; nothing to do
2026-09-18T04:10:06-04:00  all up; nothing to do
2026-09-18T04:20:05-04:00  all up; nothing to do
2026-09-18T04:30:05-04:00  all up; nothing to do
2026-09-18T04:40:06-04:00  all up; nothing to do
2026-09-18T04:50:05-04:00  all up; nothing to do
2026-09-18T05:00:05-04:00  all up; nothing to do
2026-09-18T05:10:06-04:00  all up; nothing to do
2026-09-18T05:20:05-04:00  all up; nothing to do
2026-09-18T05:30:05-04:00  all up; nothing to do
2026-09-18T05:40:06-04:00  all up; nothing to do
2026-09-18T05:50:05-04:00  all up; nothing to do
2026-09-18T06:00:05-04:00  all up; nothing to do
2026-09-18T06:10:06-04:00  all up; nothing to do
2026-09-18T06:20:06-04:00  all up; nothing to do
2026-09-18T06:30:05-04:00  all up; nothing to do
2026-09-18T06:40:06-04:00  all up; nothing to do
2026-09-18T06:50:05-04:00  all up; nothing to do
2026-09-18T07:00:05-04:00  all up; nothing to do
2026-09-18T07:10:05-04:00  all up; nothing to do
2026-09-18T07:20:06-04:00  all up; nothing to do
2026-09-18T07:30:05-04:00  all up; nothing to do
2026-09-18T07:40:05-04:00  all up; nothing to do
2026-09-18T07:50:06-04:00  all up; nothing to do
2026-09-18T08:00:05-04:00  all up; nothing to do
2026-09-18T08:10:06-04:00  all up; nothing to do
2026-09-18T08:20:06-04:00  all up; nothing to do
2026-09-18T08:30:05-04:00  all up; nothing to do
2026-09-18T08:40:06-04:00  all up; nothing to do
2026-09-18T08:50:06-04:00  all up; nothing to do
2026-09-18T09:00:05-04:00  all up; nothing to do
2026-09-18T09:10:06-04:00  all up; nothing to do
2026-09-18T09:20:06-04:00  all up; nothing to do
2026-09-18T09:30:05-04:00  all up; nothing to do
2026-09-18T09:40:06-04:00  all up; nothing to do
2026-09-18T09:50:06-04:00  all up; nothing to do
2026-09-18T10:00:06-04:00  all up; nothing to do
2026-09-18T10:10:06-04:00  all up; nothing to do
2026-09-18T10:20:06-04:00  all up; nothing to do
2026-09-18T10:30:05-04:00  all up; nothing to do
2026-09-18T10:40:06-04:00  all up; nothing to do
2026-09-18T10:50:06-04:00  all up; nothing to do
2026-09-18T11:00:05-04:00  all up; nothing to do
2026-09-18T11:10:06-04:00  all up; nothing to do
2026-09-18T11:20:06-04:00  all up; nothing to do
2026-09-18T11:30:05-04:00  all up; nothing to do
2026-09-18T11:40:06-04:00  all up; nothing to do
2026-09-18T11:50:06-04:00  all up; nothing to do
2026-09-18T12:00:07-04:00  all up; nothing to do
2026-09-18T12:10:06-04:00  all up; nothing to do
2026-09-18T12:20:06-04:00  all up; nothing to do
2026-09-18T12:30:06-04:00  all up; nothing to do
2026-09-18T12:40:06-04:00  all up; nothing to do
2026-09-18T12:50:06-04:00  all up; nothing to do
2026-09-18T13:00:06-04:00  all up; nothing to do
2026-09-18T13:10:07-04:00  all up; nothing to do
2026-09-18T13:20:06-04:00  all up; nothing to do
2026-09-18T13:30:05-04:00  all up; nothing to do
2026-09-18T13:40:06-04:00  all up; nothing to do
2026-09-18T13:50:06-04:00  all up; nothing to do
2026-09-18T14:00:05-04:00  all up; nothing to do
2026-09-18T14:10:06-04:00  all up; nothing to do
2026-09-18T14:20:06-04:00  all up; nothing to do
2026-09-18T14:30:06-04:00  all up; nothing to do
2026-09-18T14:40:06-04:00  all up; nothing to do
2026-09-18T14:50:06-04:00  all up; nothing to do
2026-09-18T15:00:06-04:00  all up; nothing to do
2026-09-18T15:10:06-04:00  all up; nothing to do
2026-09-18T15:20:06-04:00  all up; nothing to do
2026-09-18T15:30:06-04:00  all up; nothing to do
2026-09-18T15:40:06-04:00  all up; nothing to do
2026-09-18T15:50:06-04:00  all up; nothing to do
2026-09-18T16:00:06-04:00  all up; nothing to do
2026-09-18T16:10:07-04:00  all up; nothing to do
2026-09-18T16:20:06-04:00  all up; nothing to do
2026-09-18T16:30:06-04:00  all up; nothing to do
2026-09-18T16:40:06-04:00  all up; nothing to do
2026-09-18T16:50:06-04:00  all up; nothing to do
2026-09-18T17:00:06-04:00  all up; nothing to do
2026-09-18T17:10:06-04:00  all up; nothing to do
2026-09-18T17:20:06-04:00  all up; nothing to do
2026-09-18T17:30:06-04:00  all up; nothing to do
2026-09-18T17:40:07-04:00  all up; nothing to do
2026-09-18T17:50:07-04:00  all up; nothing to do
2026-09-18T18:00:06-04:00  all up; nothing to do
2026-09-18T18:10:07-04:00  all up; nothing to do
2026-09-18T18:20:06-04:00  no Coin Race arms running -- starting arm3 and arm4
2026-09-18T18:20:09-04:00  started 2 process(es)
2026-09-18T18:30:06-04:00  all up; nothing to do
2026-09-18T18:40:07-04:00  all up; nothing to do
2026-09-18T18:46:05-04:00  all up; nothing to do
2026-09-18T18:50:07-04:00  all up; nothing to do
2026-09-18T19:00:05-04:00  all up; nothing to do
2026-09-18T19:10:06-04:00  all up; nothing to do
2026-09-18T19:20:06-04:00  all up; nothing to do
2026-09-18T19:30:06-04:00  all up; nothing to do
2026-09-18T19:40:07-04:00  all up; nothing to do
2026-09-18T19:50:06-04:00  all up; nothing to do
2026-09-18T20:00:05-04:00  all up; nothing to do
2026-09-18T20:10:06-04:00  all up; nothing to do
2026-09-18T20:20:06-04:00  all up; nothing to do
2026-09-18T20:30:06-04:00  all up; nothing to do
2026-09-18T20:40:06-04:00  all up; nothing to do
2026-09-18T20:50:06-04:00  all up; nothing to do
2026-09-18T21:00:06-04:00  all up; nothing to do
2026-09-18T21:10:07-04:00  all up; nothing to do
2026-09-18T21:20:06-04:00  all up; nothing to do
2026-09-18T21:30:06-04:00  all up; nothing to do
2026-09-18T21:40:06-04:00  all up; nothing to do
2026-09-18T21:50:07-04:00  all up; nothing to do
2026-09-18T22:00:06-04:00  all up; nothing to do
2026-09-18T22:10:07-04:00  all up; nothing to do
2026-09-18T22:20:06-04:00  all up; nothing to do
2026-09-18T22:30:06-04:00  all up; nothing to do
2026-09-18T22:40:08-04:00  all up; nothing to do
2026-09-18T22:50:07-04:00  all up; nothing to do
2026-09-18T23:00:06-04:00  all up; nothing to do
2026-09-18T23:10:08-04:00  all up; nothing to do
2026-09-18T23:20:08-04:00  all up; nothing to do
2026-09-18T23:30:06-04:00  all up; nothing to do
2026-09-18T23:40:07-04:00  all up; nothing to do
2026-09-18T23:50:07-04:00  all up; nothing to do
2026-09-19T00:00:05-04:00  all up; nothing to do
2026-09-19T00:00:49-04:00  all up; nothing to do
2026-09-19T00:10:08-04:00  all up; nothing to do
2026-09-19T00:20:07-04:00  all up; nothing to do
2026-09-19T00:30:06-04:00  all up; nothing to do
2026-09-19T00:40:08-04:00  all up; nothing to do
2026-09-19T00:50:09-04:00  all up; nothing to do
2026-09-19T01:00:06-04:00  all up; nothing to do
2026-09-19T01:08:08-04:00  all up; nothing to do
2026-09-19T01:10:07-04:00  all up; nothing to do
2026-09-19T01:20:09-04:00  all up; nothing to do
2026-09-19T01:30:06-04:00  all up; nothing to do
2026-09-19T01:40:08-04:00  all up; nothing to do
2026-09-19T01:50:07-04:00  all up; nothing to do
2026-09-19T02:00:07-04:00  all up; nothing to do
2026-09-19T02:00:25-04:00  all up; nothing to do
2026-09-19T02:10:09-04:00  all up; nothing to do
2026-09-19T02:20:08-04:00  all up; nothing to do
2026-09-19T02:30:06-04:00  all up; nothing to do
2026-09-19T02:40:07-04:00  all up; nothing to do
2026-09-19T02:50:08-04:00  all up; nothing to do
2026-09-19T03:00:07-04:00  all up; nothing to do
2026-09-19T03:10:09-04:00  all up; nothing to do
2026-09-19T03:20:07-04:00  all up; nothing to do
2026-09-19T03:30:07-04:00  all up; nothing to do
2026-09-19T03:40:08-04:00  all up; nothing to do
2026-09-19T03:50:07-04:00  all up; nothing to do
2026-09-19T04:00:07-04:00  all up; nothing to do
2026-09-19T04:10:11-04:00  all up; nothing to do
2026-09-19T04:20:08-04:00  all up; nothing to do
2026-09-19T04:30:06-04:00  all up; nothing to do
2026-09-19T04:40:09-04:00  all up; nothing to do
2026-09-19T04:50:08-04:00  all up; nothing to do
2026-09-19T05:00:06-04:00  all up; nothing to do
2026-09-19T05:10:11-04:00  all up; nothing to do
2026-09-19T05:20:08-04:00  all up; nothing to do
2026-09-19T05:30:06-04:00  all up; nothing to do
2026-09-19T05:40:08-04:00  all up; nothing to do
2026-09-19T05:50:08-04:00  all up; nothing to do
2026-09-19T06:00:06-04:00  all up; nothing to do
2026-09-19T06:10:07-04:00  all up; nothing to do
2026-09-19T06:20:08-04:00  all up; nothing to do
2026-09-19T06:30:06-04:00  all up; nothing to do
2026-09-19T06:40:08-04:00  all up; nothing to do
2026-09-19T06:50:09-04:00  all up; nothing to do
2026-09-19T07:00:06-04:00  all up; nothing to do
2026-09-19T07:10:08-04:00  all up; nothing to do
2026-09-19T07:20:08-04:00  all up; nothing to do
2026-09-19T07:30:06-04:00  all up; nothing to do
2026-09-19T07:40:10-04:00  all up; nothing to do
2026-09-19T07:50:08-04:00  all up; nothing to do
2026-09-19T08:00:07-04:00  all up; nothing to do
2026-09-19T08:10:08-04:00  all up; nothing to do
2026-09-19T08:20:08-04:00  all up; nothing to do
2026-09-19T08:30:07-04:00  all up; nothing to do
2026-09-19T08:40:08-04:00  all up; nothing to do
2026-09-19T08:50:08-04:00  all up; nothing to do
2026-09-19T09:00:07-04:00  all up; nothing to do
2026-09-19T09:10:08-04:00  all up; nothing to do
2026-09-19T09:20:08-04:00  all up; nothing to do
2026-09-19T09:30:07-04:00  all up; nothing to do
2026-09-19T09:40:08-04:00  all up; nothing to do
2026-09-19T09:50:08-04:00  all up; nothing to do
2026-09-19T10:00:07-04:00  all up; nothing to do
2026-09-19T10:10:08-04:00  all up; nothing to do
2026-09-19T10:20:08-04:00  all up; nothing to do
2026-09-19T10:30:07-04:00  all up; nothing to do
2026-09-19T10:40:08-04:00  all up; nothing to do
2026-09-19T10:50:08-04:00  all up; nothing to do
2026-09-19T11:00:07-04:00  all up; nothing to do
2026-09-19T11:10:11-04:00  all up; nothing to do
2026-09-19T11:20:09-04:00  all up; nothing to do
2026-09-19T11:30:07-04:00  all up; nothing to do
2026-09-19T11:40:09-04:00  all up; nothing to do
2026-09-19T11:50:09-04:00  all up; nothing to do
2026-09-19T12:00:08-04:00  all up; nothing to do
2026-09-19T12:10:10-04:00  all up; nothing to do
2026-09-19T12:20:08-04:00  all up; nothing to do
2026-09-19T12:30:07-04:00  all up; nothing to do
2026-09-19T12:40:08-04:00  all up; nothing to do
2026-09-19T12:50:09-04:00  all up; nothing to do
2026-09-19T13:00:06-04:00  all up; nothing to do
2026-09-19T13:10:10-04:00  all up; nothing to do
2026-09-19T13:20:08-04:00  all up; nothing to do
2026-09-19T13:30:07-04:00  all up; nothing to do
2026-09-19T13:40:08-04:00  all up; nothing to do
2026-09-19T13:50:08-04:00  all up; nothing to do
2026-09-19T14:00:07-04:00  all up; nothing to do
2026-09-19T14:10:08-04:00  all up; nothing to do
2026-09-19T14:20:08-04:00  all up; nothing to do
2026-09-19T14:30:07-04:00  all up; nothing to do
2026-09-19T14:40:08-04:00  all up; nothing to do
2026-09-19T14:50:08-04:00  all up; nothing to do
2026-09-19T15:00:08-04:00  all up; nothing to do
2026-09-19T15:10:08-04:00  all up; nothing to do
2026-09-19T15:20:08-04:00  all up; nothing to do
2026-09-19T15:30:07-04:00  all up; nothing to do
2026-09-19T15:40:09-04:00  all up; nothing to do
2026-09-19T15:50:08-04:00  all up; nothing to do
2026-09-19T16:00:07-04:00  all up; nothing to do
2026-09-19T16:10:07-04:00  all up; nothing to do
2026-09-19T16:20:08-04:00  all up; nothing to do
2026-09-19T16:30:06-04:00  all up; nothing to do
2026-09-19T16:40:08-04:00  all up; nothing to do
2026-09-19T16:50:07-04:00  all up; nothing to do
2026-09-19T17:00:07-04:00  all up; nothing to do
2026-09-19T17:10:08-04:00  all up; nothing to do
2026-09-19T17:20:07-04:00  all up; nothing to do
2026-09-19T17:30:06-04:00  all up; nothing to do
2026-09-19T17:40:08-04:00  all up; nothing to do
2026-09-19T17:50:07-04:00  all up; nothing to do
2026-09-19T18:00:07-04:00  all up; nothing to do
2026-09-19T18:10:08-04:00  all up; nothing to do
2026-09-19T18:20:07-04:00  all up; nothing to do
2026-09-19T18:30:07-04:00  all up; nothing to do
2026-09-19T18:40:07-04:00  all up; nothing to do
2026-09-19T18:50:07-04:00  all up; nothing to do
2026-09-19T19:00:07-04:00  all up; nothing to do
2026-09-19T19:10:07-04:00  all up; nothing to do
2026-09-19T19:20:07-04:00  all up; nothing to do
2026-09-19T19:30:07-04:00  all up; nothing to do
2026-09-19T19:40:07-04:00  all up; nothing to do
2026-09-19T19:50:08-04:00  all up; nothing to do
2026-09-19T20:00:07-04:00  all up; nothing to do
2026-09-19T20:10:08-04:00  all up; nothing to do
2026-09-19T20:20:08-04:00  all up; nothing to do
2026-09-19T20:30:07-04:00  all up; nothing to do
2026-09-19T20:40:08-04:00  all up; nothing to do
2026-09-19T20:50:08-04:00  all up; nothing to do
2026-09-19T21:00:07-04:00  all up; nothing to do
2026-09-19T21:10:08-04:00  all up; nothing to do
2026-09-19T21:20:08-04:00  all up; nothing to do
2026-09-19T21:30:07-04:00  all up; nothing to do
2026-09-19T21:40:07-04:00  all up; nothing to do
2026-09-19T21:50:07-04:00  all up; nothing to do
2026-09-19T22:00:07-04:00  all up; nothing to do
2026-09-19T22:10:08-04:00  all up; nothing to do
2026-09-19T22:20:07-04:00  all up; nothing to do
2026-09-19T22:30:07-04:00  all up; nothing to do
2026-09-19T22:40:07-04:00  all up; nothing to do
2026-09-19T22:50:08-04:00  all up; nothing to do
2026-09-19T23:00:07-04:00  all up; nothing to do
2026-09-19T23:10:08-04:00  all up; nothing to do
2026-09-19T23:20:08-04:00  all up; nothing to do
2026-09-19T23:30:08-04:00  all up; nothing to do
2026-09-19T23:40:08-04:00  all up; nothing to do
2026-09-19T23:50:07-04:00  all up; nothing to do
2026-09-20T00:00:07-04:00  all up; nothing to do
2026-09-20T00:10:08-04:00  all up; nothing to do
2026-09-20T00:20:08-04:00  all up; nothing to do
2026-09-20T00:30:07-04:00  all up; nothing to do
2026-09-20T00:30:31-04:00  all up; nothing to do
2026-09-20T00:40:08-04:00  all up; nothing to do
2026-09-20T00:50:07-04:00  all up; nothing to do
2026-09-20T01:00:07-04:00  all up; nothing to do
2026-09-20T01:10:08-04:00  all up; nothing to do
2026-09-20T01:20:08-04:00  all up; nothing to do
2026-09-20T01:30:07-04:00  all up; nothing to do
2026-09-20T01:40:08-04:00  all up; nothing to do
2026-09-20T01:50:08-04:00  all up; nothing to do
2026-09-20T02:00:07-04:00  all up; nothing to do
2026-09-20T02:10:09-04:00  all up; nothing to do
2026-09-20T02:20:08-04:00  all up; nothing to do
2026-09-20T02:30:07-04:00  all up; nothing to do
2026-09-20T02:40:08-04:00  all up; nothing to do
2026-09-20T02:50:08-04:00  all up; nothing to do
2026-09-20T03:00:07-04:00  all up; nothing to do
2026-09-20T03:10:08-04:00  all up; nothing to do
2026-09-20T03:20:07-04:00  all up; nothing to do
2026-09-20T03:30:08-04:00  all up; nothing to do
2026-09-20T03:40:08-04:00  all up; nothing to do
2026-09-20T03:50:09-04:00  all up; nothing to do
2026-09-20T04:00:08-04:00  all up; nothing to do
2026-09-20T04:10:09-04:00  all up; nothing to do
2026-09-20T04:20:09-04:00  all up; nothing to do
2026-09-20T04:30:08-04:00  all up; nothing to do
2026-09-20T04:40:10-04:00  all up; nothing to do
2026-09-20T04:50:09-04:00  all up; nothing to do
2026-09-20T05:00:08-04:00  all up; nothing to do
2026-09-20T05:10:09-04:00  all up; nothing to do
2026-09-20T05:20:09-04:00  all up; nothing to do
2026-09-20T05:30:08-04:00  all up; nothing to do
2026-09-20T05:40:08-04:00  all up; nothing to do
2026-09-20T05:50:07-04:00  all up; nothing to do
2026-09-20T06:00:07-04:00  all up; nothing to do
2026-09-20T06:10:09-04:00  all up; nothing to do
2026-09-20T06:20:08-04:00  all up; nothing to do
2026-09-20T06:30:07-04:00  all up; nothing to do
2026-09-20T06:40:09-04:00  all up; nothing to do
2026-09-20T06:50:08-04:00  all up; nothing to do
2026-09-20T07:00:07-04:00  all up; nothing to do
2026-09-20T07:10:08-04:00  all up; nothing to do
2026-09-20T07:20:08-04:00  all up; nothing to do
2026-09-20T07:30:07-04:00  all up; nothing to do
2026-09-20T07:40:08-04:00  all up; nothing to do
2026-09-20T07:50:08-04:00  all up; nothing to do
2026-09-20T08:00:07-04:00  all up; nothing to do
2026-09-20T08:10:08-04:00  all up; nothing to do
2026-09-20T08:20:08-04:00  all up; nothing to do
2026-09-20T08:30:07-04:00  all up; nothing to do
2026-09-20T08:40:08-04:00  all up; nothing to do
2026-09-20T08:50:08-04:00  all up; nothing to do
2026-09-20T09:00:07-04:00  all up; nothing to do
2026-09-20T09:10:08-04:00  all up; nothing to do
2026-09-20T09:20:08-04:00  all up; nothing to do
2026-09-20T09:30:07-04:00  all up; nothing to do
2026-09-20T09:40:08-04:00  all up; nothing to do
2026-09-20T09:50:08-04:00  all up; nothing to do
2026-09-20T10:00:07-04:00  all up; nothing to do
2026-09-20T10:10:08-04:00  all up; nothing to do
2026-09-20T10:20:08-04:00  all up; nothing to do
2026-09-20T10:30:07-04:00  all up; nothing to do
2026-09-20T10:40:07-04:00  all up; nothing to do
2026-09-20T10:50:07-04:00  all up; nothing to do
2026-09-20T11:00:07-04:00  all up; nothing to do
2026-09-20T11:10:08-04:00  all up; nothing to do
2026-09-20T11:20:07-04:00  all up; nothing to do
2026-09-20T11:30:06-04:00  all up; nothing to do
2026-09-20T11:40:08-04:00  all up; nothing to do
2026-09-20T11:50:08-04:00  all up; nothing to do
2026-09-20T12:00:09-04:00  all up; nothing to do
2026-09-20T12:10:08-04:00  all up; nothing to do
2026-09-20T12:20:08-04:00  all up; nothing to do
2026-09-20T12:30:07-04:00  all up; nothing to do
2026-09-20T12:40:08-04:00  all up; nothing to do
2026-09-20T12:50:08-04:00  all up; nothing to do
2026-09-20T13:00:07-04:00  all up; nothing to do
2026-09-20T13:10:08-04:00  all up; nothing to do
2026-09-20T13:20:08-04:00  all up; nothing to do
2026-09-20T13:30:06-04:00  all up; nothing to do
2026-09-20T13:40:08-04:00  all up; nothing to do
2026-09-20T13:50:08-04:00  all up; nothing to do
2026-09-20T14:00:07-04:00  all up; nothing to do
2026-09-20T14:10:08-04:00  all up; nothing to do
2026-09-20T14:20:08-04:00  all up; nothing to do
2026-09-20T14:30:07-04:00  all up; nothing to do
2026-09-20T14:40:08-04:00  all up; nothing to do
2026-09-20T14:50:08-04:00  all up; nothing to do
2026-09-20T15:00:07-04:00  all up; nothing to do
2026-09-20T15:10:08-04:00  all up; nothing to do
2026-09-20T15:20:08-04:00  all up; nothing to do
2026-09-20T15:30:07-04:00  all up; nothing to do
2026-09-20T15:40:08-04:00  all up; nothing to do
2026-09-20T15:50:08-04:00  all up; nothing to do
2026-09-20T16:00:07-04:00  all up; nothing to do
2026-09-20T16:10:08-04:00  all up; nothing to do
2026-09-20T16:20:08-04:00  all up; nothing to do
2026-09-20T16:30:07-04:00  all up; nothing to do
2026-09-20T16:40:08-04:00  all up; nothing to do
2026-09-20T16:50:07-04:00  all up; nothing to do
2026-09-20T17:00:07-04:00  all up; nothing to do
2026-09-20T17:10:08-04:00  all up; nothing to do
2026-09-20T17:20:08-04:00  all up; nothing to do
2026-09-20T17:30:07-04:00  all up; nothing to do
2026-09-20T17:40:09-04:00  all up; nothing to do
2026-09-20T17:50:08-04:00  all up; nothing to do
2026-09-20T18:00:07-04:00  all up; nothing to do
2026-09-20T18:10:08-04:00  all up; nothing to do
2026-09-20T18:20:08-04:00  all up; nothing to do
2026-09-20T18:30:07-04:00  all up; nothing to do
2026-09-20T18:40:09-04:00  all up; nothing to do
2026-09-20T18:50:08-04:00  all up; nothing to do
2026-09-20T19:00:07-04:00  all up; nothing to do
2026-09-20T19:10:08-04:00  all up; nothing to do
2026-09-20T19:20:08-04:00  all up; nothing to do
2026-09-20T19:30:08-04:00  all up; nothing to do
2026-09-20T19:40:08-04:00  all up; nothing to do
2026-09-20T19:50:08-04:00  all up; nothing to do
2026-09-20T20:00:07-04:00  all up; nothing to do
2026-09-20T20:10:09-04:00  all up; nothing to do
2026-09-20T20:20:09-04:00  all up; nothing to do
2026-09-20T20:30:07-04:00  all up; nothing to do
2026-09-20T20:40:09-04:00  all up; nothing to do
2026-09-20T20:50:08-04:00  all up; nothing to do
2026-09-20T21:00:07-04:00  all up; nothing to do
2026-09-20T21:10:11-04:00  all up; nothing to do
2026-09-20T21:20:10-04:00  all up; nothing to do
2026-09-20T21:30:08-04:00  all up; nothing to do
2026-09-20T21:40:08-04:00  all up; nothing to do
2026-09-20T21:50:10-04:00  all up; nothing to do
2026-09-20T22:00:07-04:00  all up; nothing to do
2026-09-20T22:10:08-04:00  all up; nothing to do
2026-09-20T22:20:08-04:00  all up; nothing to do
2026-09-20T22:30:07-04:00  all up; nothing to do
2026-09-20T22:40:08-04:00  all up; nothing to do
2026-09-20T22:50:09-04:00  all up; nothing to do
2026-09-20T23:00:08-04:00  all up; nothing to do
2026-09-20T23:10:09-04:00  all up; nothing to do
2026-09-20T23:20:08-04:00  all up; nothing to do
2026-09-20T23:30:07-04:00  all up; nothing to do
2026-09-20T23:40:08-04:00  all up; nothing to do
2026-09-20T23:50:08-04:00  all up; nothing to do
2026-09-21T00:00:08-04:00  all up; nothing to do
2026-09-21T00:10:08-04:00  all up; nothing to do
2026-09-21T00:20:08-04:00  all up; nothing to do
2026-09-21T00:30:07-04:00  all up; nothing to do
2026-09-21T00:40:08-04:00  all up; nothing to do
2026-09-21T00:50:10-04:00  all up; nothing to do
2026-09-21T01:00:07-04:00  all up; nothing to do
2026-09-21T01:10:08-04:00  all up; nothing to do
2026-09-21T01:20:08-04:00  all up; nothing to do
2026-09-21T01:30:07-04:00  all up; nothing to do
2026-09-21T01:40:10-04:00  all up; nothing to do
2026-09-21T01:50:08-04:00  all up; nothing to do
2026-09-21T02:00:07-04:00  all up; nothing to do
2026-09-21T02:10:08-04:00  all up; nothing to do
2026-09-21T02:20:08-04:00  all up; nothing to do
2026-09-21T02:30:07-04:00  all up; nothing to do
2026-09-21T02:40:09-04:00  all up; nothing to do
2026-09-21T02:50:08-04:00  all up; nothing to do
2026-09-21T03:00:07-04:00  all up; nothing to do
2026-09-21T03:10:10-04:00  all up; nothing to do
2026-09-21T03:20:12-04:00  all up; nothing to do
2026-09-21T03:30:08-04:00  all up; nothing to do
2026-09-21T03:40:08-04:00  all up; nothing to do
2026-09-21T03:50:08-04:00  all up; nothing to do
2026-09-21T04:00:07-04:00  all up; nothing to do
2026-09-21T04:10:08-04:00  all up; nothing to do
2026-09-21T04:20:09-04:00  all up; nothing to do
2026-09-21T04:30:07-04:00  all up; nothing to do
2026-09-21T04:40:08-04:00  all up; nothing to do
2026-09-21T04:50:08-04:00  all up; nothing to do
2026-09-21T05:00:07-04:00  all up; nothing to do
2026-09-21T05:10:08-04:00  all up; nothing to do
2026-09-21T05:20:08-04:00  all up; nothing to do
2026-09-21T05:30:08-04:00  all up; nothing to do
2026-09-21T05:40:08-04:00  all up; nothing to do
2026-09-21T05:50:08-04:00  all up; nothing to do
2026-09-21T06:00:07-04:00  all up; nothing to do
2026-09-21T06:10:08-04:00  all up; nothing to do
2026-09-21T06:20:08-04:00  all up; nothing to do
2026-09-21T06:30:07-04:00  all up; nothing to do
2026-09-21T06:40:09-04:00  all up; nothing to do
2026-09-21T06:50:08-04:00  all up; nothing to do
2026-09-21T07:00:07-04:00  all up; nothing to do
2026-09-21T07:10:09-04:00  all up; nothing to do
2026-09-21T07:20:08-04:00  all up; nothing to do
2026-09-21T07:30:07-04:00  all up; nothing to do
2026-09-21T07:40:08-04:00  all up; nothing to do
2026-09-21T07:50:09-04:00  all up; nothing to do
2026-09-21T08:00:07-04:00  all up; nothing to do
2026-09-21T08:10:08-04:00  all up; nothing to do
2026-09-21T08:20:08-04:00  all up; nothing to do
2026-09-21T08:30:08-04:00  all up; nothing to do
2026-09-21T08:40:09-04:00  all up; nothing to do
2026-09-21T08:50:08-04:00  all up; nothing to do
2026-09-21T09:00:07-04:00  all up; nothing to do
2026-09-21T09:10:10-04:00  all up; nothing to do
2026-09-21T09:20:09-04:00  all up; nothing to do
2026-09-21T09:30:08-04:00  all up; nothing to do
2026-09-21T09:40:10-04:00  all up; nothing to do
2026-09-21T09:50:10-04:00  all up; nothing to do
2026-09-21T10:00:08-04:00  all up; nothing to do
2026-09-21T10:10:09-04:00  all up; nothing to do
2026-09-21T10:20:08-04:00  all up; nothing to do
2026-09-21T10:30:07-04:00  all up; nothing to do
2026-09-21T10:40:10-04:00  all up; nothing to do
2026-09-21T10:50:10-04:00  all up; nothing to do
2026-09-21T11:00:07-04:00  all up; nothing to do
2026-09-21T11:10:09-04:00  all up; nothing to do
2026-09-21T11:20:10-04:00  all up; nothing to do
2026-09-21T11:30:07-04:00  all up; nothing to do
2026-09-21T11:40:09-04:00  cmdarm.py is NOT running -- starting the commodities paper arm
2026-09-21T11:40:12-04:00  2-30 s oil paper arm is NOT running -- starting it
2026-09-21T11:40:15-04:00  started 2 process(es)
2026-09-21T11:50:10-04:00  all up; nothing to do
2026-09-21T12:00:10-04:00  all up; nothing to do
2026-09-21T12:10:09-04:00  all up; nothing to do
2026-09-21T12:20:09-04:00  all up; nothing to do
2026-09-21T12:30:08-04:00  all up; nothing to do
2026-09-21T12:40:08-04:00  all up; nothing to do
2026-09-21T12:50:08-04:00  all up; nothing to do
2026-09-21T13:00:07-04:00  all up; nothing to do
2026-09-21T13:10:08-04:00  all up; nothing to do
2026-09-21T13:20:09-04:00  all up; nothing to do
2026-09-21T13:30:09-04:00  all up; nothing to do
2026-09-21T13:40:10-04:00  all up; nothing to do
2026-09-21T13:50:08-04:00  all up; nothing to do
2026-09-21T14:00:07-04:00  all up; nothing to do
2026-09-21T14:10:09-04:00  all up; nothing to do
2026-09-21T14:20:08-04:00  all up; nothing to do
2026-09-21T14:30:08-04:00  all up; nothing to do
2026-09-21T14:40:09-04:00  all up; nothing to do
2026-09-21T14:50:08-04:00  all up; nothing to do
2026-09-21T15:00:08-04:00  all up; nothing to do
2026-09-21T15:10:11-04:00  all up; nothing to do
2026-09-21T15:20:10-04:00  all up; nothing to do
2026-09-21T15:30:08-04:00  all up; nothing to do
2026-09-21T15:40:09-04:00  all up; nothing to do
2026-09-21T15:50:10-04:00  all up; nothing to do
2026-09-21T16:00:07-04:00  all up; nothing to do
2026-09-21T16:10:09-04:00  all up; nothing to do
2026-09-21T16:20:09-04:00  all up; nothing to do
2026-09-21T16:30:07-04:00  all up; nothing to do
2026-09-21T16:40:08-04:00  all up; nothing to do
2026-09-21T16:50:09-04:00  all up; nothing to do
2026-09-21T17:00:08-04:00  all up; nothing to do
2026-09-21T17:10:11-04:00  all up; nothing to do
2026-09-21T17:20:10-04:00  all up; nothing to do
2026-09-21T17:30:08-04:00  all up; nothing to do
2026-09-21T17:40:11-04:00  all up; nothing to do
2026-09-21T17:50:10-04:00  all up; nothing to do
2026-09-21T18:00:09-04:00  all up; nothing to do
2026-09-21T18:10:17-04:00  all up; nothing to do
2026-09-21T18:20:08-04:00  all up; nothing to do
2026-09-21T18:30:08-04:00  all up; nothing to do
2026-09-21T18:40:08-04:00  all up; nothing to do
2026-09-21T18:50:08-04:00  all up; nothing to do
2026-09-21T19:00:08-04:00  all up; nothing to do
2026-09-21T19:10:08-04:00  all up; nothing to do
2026-09-21T19:20:08-04:00  all up; nothing to do
2026-09-21T19:30:08-04:00  all up; nothing to do
2026-09-21T19:40:08-04:00  all up; nothing to do
2026-09-21T19:50:08-04:00  all up; nothing to do
2026-09-21T20:00:07-04:00  all up; nothing to do
2026-09-21T20:10:09-04:00  all up; nothing to do
2026-09-21T20:20:08-04:00  all up; nothing to do
2026-09-21T20:30:08-04:00  all up; nothing to do
2026-09-21T20:40:08-04:00  all up; nothing to do
2026-09-21T20:50:10-04:00  all up; nothing to do
2026-09-21T21:00:08-04:00  all up; nothing to do
2026-09-21T21:10:08-04:00  all up; nothing to do
2026-09-21T21:20:08-04:00  all up; nothing to do
2026-09-21T21:30:08-04:00  all up; nothing to do
2026-09-21T21:40:08-04:00  all up; nothing to do
2026-09-21T21:50:08-04:00  all up; nothing to do
2026-09-21T22:00:08-04:00  all up; nothing to do
2026-09-21T22:10:07-04:00  all up; nothing to do
2026-09-21T22:20:07-04:00  all up; nothing to do
2026-09-21T22:30:08-04:00  all up; nothing to do
2026-09-21T22:40:07-04:00  all up; nothing to do
2026-09-21T22:50:08-04:00  all up; nothing to do
2026-09-21T23:00:10-04:00  all up; nothing to do
2026-09-21T23:10:07-04:00  all up; nothing to do
2026-09-21T23:20:07-04:00  all up; nothing to do
2026-09-21T23:30:08-04:00  all up; nothing to do
2026-09-21T23:40:08-04:00  all up; nothing to do
2026-09-21T23:50:08-04:00  all up; nothing to do
2026-09-22T00:00:08-04:00  all up; nothing to do
2026-09-22T00:10:09-04:00  all up; nothing to do
2026-09-22T00:20:07-04:00  all up; nothing to do
2026-09-22T00:30:08-04:00  all up; nothing to do
2026-09-22T00:40:08-04:00  all up; nothing to do
2026-09-22T00:50:08-04:00  all up; nothing to do
2026-09-22T01:00:08-04:00  all up; nothing to do
2026-09-22T01:10:08-04:00  all up; nothing to do
2026-09-22T01:20:09-04:00  all up; nothing to do
2026-09-22T01:30:08-04:00  all up; nothing to do
2026-09-22T01:30:17-04:00  all up; nothing to do
2026-09-22T01:40:13-04:00  all up; nothing to do
2026-09-22T01:50:09-04:00  all up; nothing to do
2026-09-22T02:00:08-04:00  all up; nothing to do
2026-09-22T02:10:09-04:00  all up; nothing to do
2026-09-22T02:20:09-04:00  pinphone.py not visible and 6 python process(es) are blind -- not starting it
2026-09-22T02:20:09-04:00  all up; nothing to do
2026-09-22T02:30:10-04:00  pinphone.py not visible and 27 python process(es) are blind -- not starting it
2026-09-22T02:30:10-04:00  paper arms not all visible and 27 python process(es) are blind -- not starting arms
2026-09-22T02:30:10-04:00  all up; nothing to do
2026-09-22T02:40:34-04:00  pinphone.py not visible and 27 python process(es) are blind -- not starting it
2026-09-22T02:40:34-04:00  paper arms not all visible and 27 python process(es) are blind -- not starting arms
2026-09-22T02:40:34-04:00  all up; nothing to do
2026-09-22T02:50:29-04:00  pinphone.py not visible and 28 python process(es) are blind -- not starting it
2026-09-22T02:50:30-04:00  paper arms not all visible and 28 python process(es) are blind -- not starting arms
2026-09-22T02:50:30-04:00  all up; nothing to do
2026-09-22T03:00:14-04:00  pinphone.py not visible and 28 python process(es) are blind -- not starting it
2026-09-22T03:00:14-04:00  paper arms not all visible and 28 python process(es) are blind -- not starting arms
2026-09-22T03:00:14-04:00  all up; nothing to do
2026-09-22T03:10:12-04:00  pinphone.py not visible and 27 python process(es) are blind -- not starting it
2026-09-22T03:10:12-04:00  paper arms not all visible and 27 python process(es) are blind -- not starting arms
2026-09-22T03:10:12-04:00  all up; nothing to do
2026-09-22T03:20:12-04:00  pinphone.py not visible and 27 python process(es) are blind -- not starting it
2026-09-22T03:20:12-04:00  paper arms not all visible and 27 python process(es) are blind -- not starting arms
2026-09-22T03:20:12-04:00  all up; nothing to do
2026-09-22T03:30:09-04:00  pinphone.py not visible and 27 python process(es) are blind -- not starting it
2026-09-22T03:30:09-04:00  paper arms not all visible and 27 python process(es) are blind -- not starting arms
2026-09-22T03:30:09-04:00  all up; nothing to do
2026-09-22T03:40:11-04:00  pinphone.py not visible and 27 python process(es) are blind -- not starting it
2026-09-22T03:40:11-04:00  paper arms not all visible and 27 python process(es) are blind -- not starting arms
2026-09-22T03:40:11-04:00  all up; nothing to do
2026-09-22T03:50:10-04:00  pinphone.py not visible and 27 python process(es) are blind -- not starting it
2026-09-22T03:50:10-04:00  paper arms not all visible and 27 python process(es) are blind -- not starting arms
2026-09-22T03:50:10-04:00  all up; nothing to do
2026-09-22T04:00:10-04:00  pinphone.py not visible and 27 python process(es) are blind -- not starting it
2026-09-22T04:00:11-04:00  paper arms not all visible and 27 python process(es) are blind -- not starting arms
2026-09-22T04:00:11-04:00  all up; nothing to do
2026-09-22T04:10:11-04:00  pinphone.py not visible and 27 python process(es) are blind -- not starting it
2026-09-22T04:10:11-04:00  paper arms not all visible and 27 python process(es) are blind -- not starting arms
2026-09-22T04:10:11-04:00  all up; nothing to do
2026-09-22T04:20:10-04:00  pinphone.py not visible and 27 python process(es) are blind -- not starting it
2026-09-22T04:20:10-04:00  paper arms not all visible and 27 python process(es) are blind -- not starting arms
2026-09-22T04:20:10-04:00  all up; nothing to do
2026-09-22T04:30:12-04:00  pinphone.py not visible and 27 python process(es) are blind -- not starting it
2026-09-22T04:30:12-04:00  paper arms not all visible and 27 python process(es) are blind -- not starting arms
2026-09-22T04:30:12-04:00  all up; nothing to do
2026-09-22T04:40:14-04:00  pinphone.py not visible and 28 python process(es) are blind -- not starting it
2026-09-22T04:40:14-04:00  paper arms not all visible and 28 python process(es) are blind -- not starting arms
2026-09-22T04:40:14-04:00  all up; nothing to do
2026-09-22T04:50:16-04:00  pinphone.py not visible and 28 python process(es) are blind -- not starting it
2026-09-22T04:50:16-04:00  paper arms not all visible and 28 python process(es) are blind -- not starting arms
2026-09-22T04:50:16-04:00  all up; nothing to do
2026-09-22T05:00:13-04:00  pinphone.py not visible and 27 python process(es) are blind -- not starting it
2026-09-22T05:00:13-04:00  paper arms not all visible and 27 python process(es) are blind -- not starting arms
2026-09-22T05:00:13-04:00  all up; nothing to do
2026-09-22T05:10:13-04:00  pinphone.py not visible and 27 python process(es) are blind -- not starting it
2026-09-22T05:10:13-04:00  paper arms not all visible and 27 python process(es) are blind -- not starting arms
2026-09-22T05:10:13-04:00  all up; nothing to do
2026-09-22T05:20:15-04:00  pinphone.py not visible and 27 python process(es) are blind -- not starting it
2026-09-22T05:20:15-04:00  paper arms not all visible and 27 python process(es) are blind -- not starting arms
2026-09-22T05:20:15-04:00  all up; nothing to do
2026-09-22T05:30:11-04:00  pinphone.py not visible and 29 python process(es) are blind -- not starting it
2026-09-22T05:30:11-04:00  paper arms not all visible and 29 python process(es) are blind -- not starting arms
2026-09-22T05:30:11-04:00  all up; nothing to do
2026-09-22T05:40:16-04:00  pinphone.py not visible and 28 python process(es) are blind -- not starting it
2026-09-22T05:40:16-04:00  paper arms not all visible and 28 python process(es) are blind -- not starting arms
2026-09-22T05:40:16-04:00  all up; nothing to do
2026-09-22T05:50:14-04:00  pinphone.py not visible and 27 python process(es) are blind -- not starting it
2026-09-22T05:50:14-04:00  paper arms not all visible and 27 python process(es) are blind -- not starting arms
2026-09-22T05:50:14-04:00  all up; nothing to do
2026-09-22T06:00:09-04:00  pinphone.py not visible and 27 python process(es) are blind -- not starting it
2026-09-22T06:00:09-04:00  paper arms not all visible and 27 python process(es) are blind -- not starting arms
2026-09-22T06:00:09-04:00  all up; nothing to do
2026-09-22T06:10:13-04:00  pinphone.py not visible and 27 python process(es) are blind -- not starting it
2026-09-22T06:10:13-04:00  paper arms not all visible and 27 python process(es) are blind -- not starting arms
2026-09-22T06:10:13-04:00  all up; nothing to do
2026-09-22T06:20:13-04:00  pinphone.py not visible and 27 python process(es) are blind -- not starting it
2026-09-22T06:20:13-04:00  paper arms not all visible and 27 python process(es) are blind -- not starting arms
2026-09-22T06:20:13-04:00  all up; nothing to do
2026-09-22T06:30:10-04:00  pinphone.py not visible and 27 python process(es) are blind -- not starting it
2026-09-22T06:30:10-04:00  paper arms not all visible and 27 python process(es) are blind -- not starting arms
2026-09-22T06:30:10-04:00  all up; nothing to do
2026-09-22T06:40:11-04:00  pinphone.py not visible and 27 python process(es) are blind -- not starting it
2026-09-22T06:40:11-04:00  paper arms not all visible and 27 python process(es) are blind -- not starting arms
2026-09-22T06:40:11-04:00  all up; nothing to do
2026-09-22T06:50:12-04:00  pinphone.py not visible and 27 python process(es) are blind -- not starting it
2026-09-22T06:50:12-04:00  paper arms not all visible and 27 python process(es) are blind -- not starting arms
2026-09-22T06:50:12-04:00  all up; nothing to do
2026-09-22T07:00:10-04:00  pinphone.py not visible and 28 python process(es) are blind -- not starting it
2026-09-22T07:00:10-04:00  paper arms not all visible and 28 python process(es) are blind -- not starting arms
2026-09-22T07:00:10-04:00  all up; nothing to do
2026-09-22T07:10:17-04:00  pinphone.py not visible and 27 python process(es) are blind -- not starting it
2026-09-22T07:10:17-04:00  paper arms not all visible and 27 python process(es) are blind -- not starting arms
2026-09-22T07:10:17-04:00  all up; nothing to do
2026-09-22T07:20:15-04:00  pinphone.py not visible and 27 python process(es) are blind -- not starting it
2026-09-22T07:20:15-04:00  paper arms not all visible and 27 python process(es) are blind -- not starting arms
2026-09-22T07:20:15-04:00  all up; nothing to do
2026-09-22T07:30:11-04:00  pinphone.py not visible and 27 python process(es) are blind -- not starting it
2026-09-22T07:30:11-04:00  paper arms not all visible and 27 python process(es) are blind -- not starting arms
2026-09-22T07:30:11-04:00  all up; nothing to do
2026-09-22T07:40:14-04:00  pinphone.py not visible and 27 python process(es) are blind -- not starting it
2026-09-22T07:40:14-04:00  paper arms not all visible and 27 python process(es) are blind -- not starting arms
2026-09-22T07:40:14-04:00  all up; nothing to do
2026-09-22T07:50:14-04:00  pinphone.py not visible and 29 python process(es) are blind -- not starting it
2026-09-22T07:50:14-04:00  paper arms not all visible and 29 python process(es) are blind -- not starting arms
2026-09-22T07:50:14-04:00  all up; nothing to do
2026-09-22T08:00:10-04:00  pinphone.py not visible and 29 python process(es) are blind -- not starting it
2026-09-22T08:00:10-04:00  paper arms not all visible and 29 python process(es) are blind -- not starting arms
2026-09-22T08:00:10-04:00  all up; nothing to do
2026-09-22T08:10:13-04:00  pinphone.py not visible and 29 python process(es) are blind -- not starting it
2026-09-22T08:10:13-04:00  paper arms not all visible and 29 python process(es) are blind -- not starting arms
2026-09-22T08:10:13-04:00  all up; nothing to do
2026-09-22T08:20:14-04:00  pinphone.py not visible and 29 python process(es) are blind -- not starting it
2026-09-22T08:20:14-04:00  paper arms not all visible and 29 python process(es) are blind -- not starting arms
2026-09-22T08:20:14-04:00  all up; nothing to do
2026-09-22T08:30:09-04:00  pinphone.py not visible and 29 python process(es) are blind -- not starting it
2026-09-22T08:30:09-04:00  paper arms not all visible and 29 python process(es) are blind -- not starting arms
2026-09-22T08:30:09-04:00  all up; nothing to do
2026-09-22T08:40:12-04:00  pinphone.py not visible and 29 python process(es) are blind -- not starting it
2026-09-22T08:40:12-04:00  paper arms not all visible and 29 python process(es) are blind -- not starting arms
2026-09-22T08:40:12-04:00  all up; nothing to do
2026-09-22T08:50:14-04:00  pinphone.py not visible and 29 python process(es) are blind -- not starting it
2026-09-22T08:50:14-04:00  paper arms not all visible and 29 python process(es) are blind -- not starting arms
2026-09-22T08:50:14-04:00  all up; nothing to do
2026-09-22T09:00:10-04:00  pinphone.py not visible and 29 python process(es) are blind -- not starting it
2026-09-22T09:00:10-04:00  paper arms not all visible and 29 python process(es) are blind -- not starting arms
2026-09-22T09:00:10-04:00  all up; nothing to do
2026-09-22T09:10:14-04:00  pinphone.py not visible and 29 python process(es) are blind -- not starting it
2026-09-22T09:10:14-04:00  paper arms not all visible and 29 python process(es) are blind -- not starting arms
2026-09-22T09:10:14-04:00  all up; nothing to do
2026-09-22T09:20:11-04:00  pinphone.py not visible and 29 python process(es) are blind -- not starting it
2026-09-22T09:20:11-04:00  paper arms not all visible and 29 python process(es) are blind -- not starting arms
2026-09-22T09:20:11-04:00  all up; nothing to do
2026-09-22T09:30:10-04:00  pinphone.py not visible and 29 python process(es) are blind -- not starting it
2026-09-22T09:30:10-04:00  paper arms not all visible and 29 python process(es) are blind -- not starting arms
2026-09-22T09:30:10-04:00  all up; nothing to do
2026-09-22T09:40:11-04:00  pinphone.py not visible and 29 python process(es) are blind -- not starting it
2026-09-22T09:40:11-04:00  paper arms not all visible and 29 python process(es) are blind -- not starting arms
2026-09-22T09:40:11-04:00  all up; nothing to do
2026-09-22T09:50:14-04:00  pinphone.py not visible and 29 python process(es) are blind -- not starting it
2026-09-22T09:50:14-04:00  paper arms not all visible and 29 python process(es) are blind -- not starting arms
2026-09-22T09:50:14-04:00  all up; nothing to do
2026-09-22T10:00:12-04:00  pinphone.py not visible and 31 python process(es) are blind -- not starting it
2026-09-22T10:00:12-04:00  paper arms not all visible and 31 python process(es) are blind -- not starting arms
2026-09-22T10:00:12-04:00  all up; nothing to do
2026-09-22T10:10:14-04:00  pinphone.py not visible and 29 python process(es) are blind -- not starting it
2026-09-22T10:10:14-04:00  paper arms not all visible and 29 python process(es) are blind -- not starting arms
2026-09-22T10:10:14-04:00  all up; nothing to do
2026-09-22T10:20:10-04:00  pinphone.py not visible and 29 python process(es) are blind -- not starting it
2026-09-22T10:20:10-04:00  paper arms not all visible and 29 python process(es) are blind -- not starting arms
2026-09-22T10:20:10-04:00  all up; nothing to do
2026-09-22T10:30:11-04:00  pinphone.py not visible and 29 python process(es) are blind -- not starting it
2026-09-22T10:30:11-04:00  paper arms not all visible and 29 python process(es) are blind -- not starting arms
2026-09-22T10:30:11-04:00  all up; nothing to do
2026-09-22T10:40:15-04:00  pinphone.py not visible and 30 python process(es) are blind -- not starting it
2026-09-22T10:40:15-04:00  paper arms not all visible and 30 python process(es) are blind -- not starting arms
2026-09-22T10:40:15-04:00  all up; nothing to do
2026-09-22T10:50:13-04:00  pinphone.py not visible and 29 python process(es) are blind -- not starting it
2026-09-22T10:50:13-04:00  paper arms not all visible and 29 python process(es) are blind -- not starting arms
2026-09-22T10:50:13-04:00  all up; nothing to do
2026-09-22T11:00:11-04:00  pinphone.py not visible and 29 python process(es) are blind -- not starting it
2026-09-22T11:00:11-04:00  paper arms not all visible and 29 python process(es) are blind -- not starting arms
2026-09-22T11:00:11-04:00  all up; nothing to do
2026-09-22T11:10:15-04:00  pinphone.py not visible and 29 python process(es) are blind -- not starting it
2026-09-22T11:10:15-04:00  paper arms not all visible and 29 python process(es) are blind -- not starting arms
2026-09-22T11:10:15-04:00  all up; nothing to do
2026-09-22T11:20:14-04:00  pinphone.py not visible and 29 python process(es) are blind -- not starting it
2026-09-22T11:20:14-04:00  paper arms not all visible and 29 python process(es) are blind -- not starting arms
2026-09-22T11:20:14-04:00  all up; nothing to do
2026-09-22T11:30:10-04:00  pinphone.py not visible and 29 python process(es) are blind -- not starting it
2026-09-22T11:30:10-04:00  paper arms not all visible and 29 python process(es) are blind -- not starting arms
2026-09-22T11:30:10-04:00  all up; nothing to do
2026-09-22T11:40:13-04:00  pinphone.py not visible and 29 python process(es) are blind -- not starting it
2026-09-22T11:40:13-04:00  paper arms not all visible and 29 python process(es) are blind -- not starting arms
2026-09-22T11:40:13-04:00  all up; nothing to do
2026-09-22T11:50:14-04:00  pinphone.py not visible and 29 python process(es) are blind -- not starting it
2026-09-22T11:50:14-04:00  paper arms not all visible and 29 python process(es) are blind -- not starting arms
2026-09-22T11:50:14-04:00  all up; nothing to do
2026-09-22T12:00:13-04:00  pinphone.py not visible and 29 python process(es) are blind -- not starting it
2026-09-22T12:00:13-04:00  paper arms not all visible and 29 python process(es) are blind -- not starting arms
2026-09-22T12:00:13-04:00  all up; nothing to do
2026-09-22T12:10:13-04:00  pinphone.py not visible and 29 python process(es) are blind -- not starting it
2026-09-22T12:10:13-04:00  paper arms not all visible and 29 python process(es) are blind -- not starting arms
2026-09-22T12:10:13-04:00  all up; nothing to do
2026-09-22T12:20:10-04:00  pinphone.py not visible and 29 python process(es) are blind -- not starting it
2026-09-22T12:20:11-04:00  paper arms not all visible and 29 python process(es) are blind -- not starting arms
2026-09-22T12:20:11-04:00  all up; nothing to do
2026-09-22T12:30:14-04:00  pinphone.py not visible and 29 python process(es) are blind -- not starting it
2026-09-22T12:30:14-04:00  paper arms not all visible and 29 python process(es) are blind -- not starting arms
2026-09-22T12:30:14-04:00  all up; nothing to do
2026-09-22T12:40:16-04:00  pinphone.py not visible and 31 python process(es) are blind -- not starting it
2026-09-22T12:40:16-04:00  paper arms not all visible and 31 python process(es) are blind -- not starting arms
2026-09-22T12:40:16-04:00  all up; nothing to do
2026-09-22T12:50:17-04:00  pinphone.py not visible and 32 python process(es) are blind -- not starting it
2026-09-22T12:50:17-04:00  paper arms not all visible and 32 python process(es) are blind -- not starting arms
2026-09-22T12:50:17-04:00  all up; nothing to do
2026-09-22T13:00:12-04:00  pinphone.py not visible and 33 python process(es) are blind -- not starting it
2026-09-22T13:00:12-04:00  paper arms not all visible and 33 python process(es) are blind -- not starting arms
2026-09-22T13:00:12-04:00  all up; nothing to do
2026-09-22T13:10:34-04:00  pinphone.py not visible and 32 python process(es) are blind -- not starting it
2026-09-22T13:10:34-04:00  paper arms not all visible and 32 python process(es) are blind -- not starting arms
2026-09-22T13:10:34-04:00  all up; nothing to do
2026-09-22T13:20:18-04:00  pinphone.py not visible and 31 python process(es) are blind -- not starting it
2026-09-22T13:20:18-04:00  paper arms not all visible and 31 python process(es) are blind -- not starting arms
2026-09-22T13:20:18-04:00  all up; nothing to do
2026-09-22T13:30:09-04:00  pinphone.py not visible and 30 python process(es) are blind -- not starting it
2026-09-22T13:30:10-04:00  paper arms not all visible and 30 python process(es) are blind -- not starting arms
2026-09-22T13:30:10-04:00  all up; nothing to do
2026-09-22T13:40:13-04:00  pinphone.py not visible and 30 python process(es) are blind -- not starting it
2026-09-22T13:40:13-04:00  paper arms not all visible and 30 python process(es) are blind -- not starting arms
2026-09-22T13:40:13-04:00  all up; nothing to do
2026-09-22T13:50:13-04:00  pinphone.py not visible and 30 python process(es) are blind -- not starting it
2026-09-22T13:50:13-04:00  paper arms not all visible and 30 python process(es) are blind -- not starting arms
2026-09-22T13:50:13-04:00  all up; nothing to do
2026-09-22T14:00:09-04:00  pinphone.py not visible and 30 python process(es) are blind -- not starting it
2026-09-22T14:00:10-04:00  paper arms not all visible and 30 python process(es) are blind -- not starting arms
2026-09-22T14:00:10-04:00  all up; nothing to do
2026-09-22T14:10:20-04:00  pinphone.py not visible and 30 python process(es) are blind -- not starting it
2026-09-22T14:10:20-04:00  paper arms not all visible and 30 python process(es) are blind -- not starting arms
2026-09-22T14:10:20-04:00  all up; nothing to do
2026-09-22T14:20:11-04:00  pinphone.py not visible and 29 python process(es) are blind -- not starting it
2026-09-22T14:20:11-04:00  paper arms not all visible and 29 python process(es) are blind -- not starting arms
2026-09-22T14:20:11-04:00  all up; nothing to do
2026-09-22T14:30:12-04:00  pinphone.py not visible and 29 python process(es) are blind -- not starting it
2026-09-22T14:30:12-04:00  paper arms not all visible and 29 python process(es) are blind -- not starting arms
2026-09-22T14:30:12-04:00  all up; nothing to do
2026-09-22T14:40:14-04:00  pinphone.py not visible and 29 python process(es) are blind -- not starting it
2026-09-22T14:40:14-04:00  paper arms not all visible and 29 python process(es) are blind -- not starting arms
2026-09-22T14:40:14-04:00  all up; nothing to do
2026-09-22T14:50:10-04:00  pinphone.py not visible and 30 python process(es) are blind -- not starting it
2026-09-22T14:50:10-04:00  paper arms not all visible and 30 python process(es) are blind -- not starting arms
2026-09-22T14:50:10-04:00  all up; nothing to do
2026-09-22T15:00:10-04:00  pinphone.py not visible and 30 python process(es) are blind -- not starting it
2026-09-22T15:00:10-04:00  paper arms not all visible and 30 python process(es) are blind -- not starting arms
2026-09-22T15:00:10-04:00  all up; nothing to do
2026-09-22T15:10:20-04:00  pinphone.py not visible and 30 python process(es) are blind -- not starting it
2026-09-22T15:10:21-04:00  paper arms not all visible and 30 python process(es) are blind -- not starting arms
2026-09-22T15:10:21-04:00  all up; nothing to do
2026-09-22T15:20:15-04:00  pinphone.py not visible and 30 python process(es) are blind -- not starting it
2026-09-22T15:20:15-04:00  paper arms not all visible and 30 python process(es) are blind -- not starting arms
2026-09-22T15:20:15-04:00  all up; nothing to do
2026-09-22T15:30:11-04:00  pinphone.py not visible and 30 python process(es) are blind -- not starting it
2026-09-22T15:30:11-04:00  paper arms not all visible and 30 python process(es) are blind -- not starting arms
2026-09-22T15:30:11-04:00  all up; nothing to do
2026-09-22T15:40:13-04:00  pinphone.py not visible and 30 python process(es) are blind -- not starting it
2026-09-22T15:40:13-04:00  paper arms not all visible and 30 python process(es) are blind -- not starting arms
2026-09-22T15:40:13-04:00  all up; nothing to do
2026-09-22T15:50:14-04:00  pinphone.py not visible and 30 python process(es) are blind -- not starting it
2026-09-22T15:50:14-04:00  paper arms not all visible and 30 python process(es) are blind -- not starting arms
2026-09-22T15:50:14-04:00  all up; nothing to do
2026-09-22T16:00:10-04:00  pinphone.py not visible and 30 python process(es) are blind -- not starting it
2026-09-22T16:00:10-04:00  paper arms not all visible and 30 python process(es) are blind -- not starting arms
2026-09-22T16:00:10-04:00  all up; nothing to do
