SELF-TEST
  one level of 900 vs target 300 -> ref 0.5, qualifying size 900.0, score 900.0, levels 1
  book of 150 vs target 300 -> ref None (expect None: excluded)
  touch of 2 contracts -> ref 0.93 (expect 0.93)
SELF-TEST PASSED

  2026-09-07T07:44:19+00:00  +12 rows (total 12)
  2026-09-07T07:45:20+00:00  +12 rows (total 24)
  2026-09-07T07:46:22+00:00  +12 rows (total 36)
  2026-09-07T07:47:23+00:00  +12 rows (total 48)
  2026-09-07T07:48:24+00:00  +12 rows (total 60)
  2026-09-07T07:49:25+00:00  +12 rows (total 72)
  2026-09-07T07:50:27+00:00  +12 rows (total 84)
  2026-09-07T07:51:28+00:00  +12 rows (total 96)
  2026-09-07T07:52:29+00:00  +12 rows (total 108)
  2026-09-07T07:53:30+00:00  +12 rows (total 120)
  2026-09-07T07:54:31+00:00  +12 rows (total 132)
  2026-09-07T07:55:33+00:00  +12 rows (total 144)
  2026-09-07T07:56:34+00:00  +12 rows (total 156)
  2026-09-07T07:57:35+00:00  +12 rows (total 168)
  2026-09-07T07:58:36+00:00  +12 rows (total 180)
  2026-09-07T07:59:38+00:00  +12 rows (total 192)
  2026-09-07T08:00:39+00:00  +12 rows (total 204)
  2026-09-07T08:01:40+00:00  +12 rows (total 216)
  2026-09-07T08:02:41+00:00  +12 rows (total 228)
  2026-09-07T08:03:42+00:00  +12 rows (total 240)
  2026-09-07T08:04:43+00:00  +12 rows (total 252)
  2026-09-07T08:05:45+00:00  +12 rows (total 264)
  2026-09-07T08:06:46+00:00  +12 rows (total 276)
  2026-09-07T08:07:47+00:00  +12 rows (total 288)
  2026-09-07T08:08:48+00:00  +12 rows (total 300)
  2026-09-07T08:09:49+00:00  +12 rows (total 312)
  2026-09-07T08:10:50+00:00  +12 rows (total 324)
  2026-09-07T08:11:52+00:00  +12 rows (total 336)
  2026-09-07T08:12:53+00:00  +12 rows (total 348)
  2026-09-07T08:13:54+00:00  +12 rows (total 360)
  2026-09-07T08:14:55+00:00  +12 rows (total 372)
  2026-09-07T08:15:56+00:00  +12 rows (total 384)
  2026-09-07T08:16:58+00:00  +12 rows (total 396)
  2026-09-07T08:17:59+00:00  +12 rows (total 408)
  2026-09-07T08:19:00+00:00  +12 rows (total 420)
  2026-09-07T08:20:01+00:00  +12 rows (total 432)
  2026-09-07T08:21:02+00:00  +12 rows (total 444)
  2026-09-07T08:22:04+00:00  +12 rows (total 456)
  2026-09-07T08:23:05+00:00  +12 rows (total 468)
  2026-09-07T08:24:06+00:00  +12 rows (total 480)
  2026-09-07T08:25:07+00:00  +12 rows (total 492)
  2026-09-07T08:26:08+00:00  +12 rows (total 504)
  2026-09-07T08:27:10+00:00  +12 rows (total 516)
  2026-09-07T08:28:11+00:00  +12 rows (total 528)
  2026-09-07T08:29:12+00:00  +12 rows (total 540)
  2026-09-07T08:30:13+00:00  +12 rows (total 552)
  2026-09-07T08:31:15+00:00  +12 rows (total 564)
  2026-09-07T08:32:16+00:00  +12 rows (total 576)
  2026-09-07T08:33:17+00:00  +12 rows (total 588)
  2026-09-07T08:34:18+00:00  +12 rows (total 600)
  2026-09-07T08:35:19+00:00  +12 rows (total 612)
  2026-09-07T08:36:20+00:00  +12 rows (total 624)
  2026-09-07T08:37:22+00:00  +12 rows (total 636)
  2026-09-07T08:38:23+00:00  +12 rows (total 648)
  2026-09-07T08:39:24+00:00  +12 rows (total 660)
  2026-09-07T08:40:25+00:00  +12 rows (total 672)
  2026-09-07T08:41:27+00:00  +12 rows (total 684)
  2026-09-07T08:42:28+00:00  +12 rows (total 696)
  2026-09-07T08:43:29+00:00  +12 rows (total 708)
  2026-09-07T08:44:30+00:00  +12 rows (total 720)
  2026-09-07T08:45:31+00:00  +12 rows (total 732)
  2026-09-07T08:46:33+00:00  +12 rows (total 744)
  2026-09-07T08:47:34+00:00  +12 rows (total 756)
  2026-09-07T08:48:35+00:00  +12 rows (total 768)
  2026-09-07T08:49:36+00:00  +12 rows (total 780)
  2026-09-07T08:50:37+00:00  +12 rows (total 792)
  2026-09-07T08:51:39+00:00  +12 rows (total 804)
  2026-09-07T08:52:40+00:00  +12 rows (total 816)
  2026-09-07T08:53:41+00:00  +12 rows (total 828)
  2026-09-07T08:54:42+00:00  +12 rows (total 840)
  2026-09-07T08:55:43+00:00  +12 rows (total 852)
  2026-09-07T08:56:44+00:00  +12 rows (total 864)
  2026-09-07T08:57:46+00:00  +12 rows (total 876)
  2026-09-07T08:58:47+00:00  +12 rows (total 888)
  2026-09-07T08:59:48+00:00  +12 rows (total 900)
  2026-09-07T09:00:49+00:00  +12 rows (total 912)
  2026-09-07T09:01:50+00:00  +12 rows (total 924)
  2026-09-07T09:02:52+00:00  +12 rows (total 936)
  2026-09-07T09:03:53+00:00  +12 rows (total 948)
  2026-09-07T09:04:54+00:00  +12 rows (total 960)
  2026-09-07T09:05:55+00:00  +12 rows (total 972)
  2026-09-07T09:06:56+00:00  +12 rows (total 984)
  2026-09-07T09:07:58+00:00  +12 rows (total 996)
  2026-09-07T09:08:59+00:00  +12 rows (total 1008)
  2026-09-07T09:10:00+00:00  +12 rows (total 1020)
  2026-09-07T09:11:01+00:00  +12 rows (total 1032)
  2026-09-07T09:12:02+00:00  +12 rows (total 1044)
  2026-09-07T09:13:03+00:00  +12 rows (total 1056)
  2026-09-07T09:14:05+00:00  +12 rows (total 1068)
  2026-09-07T09:15:06+00:00  +12 rows (total 1080)
  2026-09-07T09:16:07+00:00  +12 rows (total 1092)
  2026-09-07T09:17:08+00:00  +12 rows (total 1104)
  2026-09-07T09:18:09+00:00  +12 rows (total 1116)
  2026-09-07T09:19:11+00:00  +12 rows (total 1128)
  2026-09-07T09:20:12+00:00  +12 rows (total 1140)
  2026-09-07T09:21:13+00:00  +12 rows (total 1152)
  2026-09-07T09:22:14+00:00  +12 rows (total 1164)
  2026-09-07T09:23:15+00:00  +12 rows (total 1176)
  2026-09-07T09:24:16+00:00  +12 rows (total 1188)
  2026-09-07T09:25:18+00:00  +12 rows (total 1200)
