SELF-TEST -- pincross
  ok   constant-vol series gives z ~ 1 (got 0.97)
  ok   a rough last 30s lifts z far above calm (9.29 vs 0.97)
  ok   a window that is mostly gap returns None, never 0 -- a dead feed must not impersonate the calmest coin on the board
  ok   blowing up coin A's own volatility leaves A's OWN cross index EXACTLY unchanged -- otherwise this is the refuted own-sigma test wearing a new name
  ok   and it DOES move coin B's index, so the exclusion is not simply returning a constant
  ok   a planted burst effect IS found (diff +7.03pp, p=0.0007)
  ok   across 40 worlds with NO effect planted, only 1 came out significant at 5% -- a calibrated test, not one that fires on noise (expect ~2, allow up to 6)
  ok   a clean confident cheap moment passes
  ok   the same moment above the 98.0c ceiling is refused
  ok   and refused when only 3 contracts are on offer at size 20
  ok   and refused when the model is not confident
  ok   CP interval for 0/100 is [0, 0.0362] (got [0.0000, 0.0362])
  ok   CP interval for 5/100 is [0.0164, 0.1128] (got [0.0164, 0.1128])
SELF-TEST PASSED

  reading C:\kals-repo\results\pindata_fixed\rows.jsonl
  53,555 rows -> 1,322 pass the live rule
  254 markets over 147 closes, 2 flips (0.79%)
  flip rate 95% CI (markets, ignores clustering): [0.10%, 2.82%]

  loading index tape 09-01 14:29Z -> 09-06 08:14Z ...
  11 feeds, 116 files, 3,963,277 prints kept, 47,685 outside window (28s)
  building the roughness index ...
  done (5s)
  254 markets carry a cross index (0 could not be scored)

  ==================================================================
  POPULATION: 254 markets over 147 closes, 2 flips, base rate 0.79%
  MDE, top quartile of closes vs the rest (80 vs 174 markets, 80% power): +3.34pp
  -- stated BEFORE the estimate. A null smaller than this is NO POWER, not no effect.
  ==================================================================

  FLIP RATE BY CROSS-MARKET ROUGHNESS X (traded coin EXCLUDED)
              band  markets  closes  flips    rate      95% CI (markets)
    0.00-0.80           130      94      0   0.00%          [0.00, 2.80]
    0.80-1.00            60      39      0   0.00%          [0.00, 5.96]
    1.00-1.20            27      17      2   7.41%         [0.91, 24.29]
    1.20-1.50            21      14      0   0.00%         [0.00, 16.11]
    1.50-99.00           16       8      0   0.00%         [0.00, 20.59]

  and the SAME table on the traded coin's OWN roughness (the refuted measurement, for contrast)
              band  markets  closes  flips    rate      95% CI (markets)
    0.00-0.80           104      78      0   0.00%          [0.00, 3.48]
    0.80-1.00            43      36      0   0.00%          [0.00, 8.22]
    1.00-1.20            22      21      1   4.55%         [0.12, 22.84]
    1.20-1.50            30      29      0   0.00%         [0.00, 11.57]
    1.50-99.00           55      37      1   1.82%          [0.05, 9.72]

  FLIP RATE BY HOW MANY OTHER COINS ARE MOVING (z > 2)
              band  markets  closes  flips    rate      95% CI (markets)
    0.00-1.00           202     126      2   0.99%          [0.12, 3.53]
    1.00-2.00            32      24      0   0.00%         [0.00, 10.89]
    2.00-3.00             9       7      0   0.00%         [0.00, 33.63]
    3.00-5.00             3       3      0   0.00%         [0.00, 70.76]
    5.00-99.00            8       3      0   0.00%         [0.00, 36.94]

  PERMUTATION TESTS -- shuffled over 147 CLOSES, 4000 draws
  statistic                            top-quartile lift         p
  cross-market roughness X                         2.50pp    0.0652
  coins moving (N)                                -1.13pp    1.0000
  change in X over 60s                             0.66pp    0.4371
  own roughness (refuted control)                  0.80pp    0.4426

  CONTROL (X shuffled across closes, must show nothing): lift +2.78pp, p=0.0595

  WHAT WOULD HAVE TO BE TRUE FOR THIS TO BE AN ARTEFACT:
   * if the index were a lag of the traded coin's own vol, the OWN row would move with the X row -- compare them above
   * if it were reading time-of-day, high-X closes would bunch in one session; the close list is printed below
   * if it were reading a dead feed as calm, gap handling would be wrong -- prefix_sq skips gaps and rms() refuses thin windows

  top-quartile closes by UTC hour: {0: 5, 1: 3, 2: 1, 3: 1, 6: 1, 7: 2, 8: 1, 11: 3, 12: 3, 13: 1, 14: 2, 18: 2, 19: 3, 20: 3, 21: 3, 22: 2, 23: 1}
