SELF-TEST -- pindata
  ok   snapshot best yes 0.6 no 0.39
  ok   depth sums the top levels
  ok   a level emptied by a delta is removed (0.59)
  ok   and its age record is dropped
  ok   a new level records when it appeared
  ok   adding to an existing level does NOT reset its age
  ok   a flat index has zero volatility
  ok   a +/-0.2 sawtooth gives sigma ~0.2 (0.2000000000000024)
  ok   at tau=10 there are 9 prints still to come (9)
SELF-TEST PASSED

  loading index (60h) ...
  11 indices from 60 files
  10,796 settled markets known
  60 book hours to replay

    20260906T03  rows so far 601  15s
    20260906T04  rows so far 1,105  31s
    20260906T05  rows so far 1,508  47s
    20260906T06  rows so far 1,927  63s
    20260906T07  rows so far 2,212  74s
    20260906T08  rows so far 2,384  85s

  2,384 rows -> C:\kals-repo\results\pindata_long\rows.jsonl  (1.3 MB)
