2026-09-17T01:03:11
Traceback (most recent call last):
  File "C:\kals-repo\research\pindesk.py", line 2160, in main
    run_gui()
    ~~~~~~~^^
  File "C:\kals-repo\research\pindesk.py", line 1248, in run_gui
    register(chips[key][0].master, "chips", title, chip_tips[key] + "\n\n" + help_by_key["chips"][1])
    ^^^^^^^^
UnboundLocalError: cannot access local variable 'register' where it is not associated with a value

Traceback (most recent call last):
  File "C:\kals-repo\research\pindesk.py", line 1345, in worker
    fn()
    ~~^^
  File "C:\kals-repo\research\pindesk.py", line 1358, in on_start
    do_start(console_log)
    ~~~~~~~~^^^^^^^^^^^^^
  File "C:\kals-repo\research\pindesk.py", line 1100, in do_start
    code, out = _ps(os.path.join(REPO, "restart_bot.ps1"))
                ~~~^^^^^^^^^^^^^^^^^^^^^^^^^^^^^^^^^^^^^^^
  File "C:\kals-repo\research\pindesk.py", line 1044, in _ps
    r = subprocess.run(cmd, capture_output=True, text=True, timeout=timeout,
                       creationflags=CREATE_NO_WINDOW, cwd=REPO)
  File "C:\Python314\Lib\subprocess.py", line 557, in run
    stdout, stderr = process.communicate(input, timeout=timeout)
                     ~~~~~~~~~~~~~~~~~~~^^^^^^^^^^^^^^^^^^^^^^^^
  File "C:\Python314\Lib\subprocess.py", line 1221, in communicate
    stdout, stderr = self._communicate(input, endtime, timeout)
                     ~~~~~~~~~~~~~~~~~^^^^^^^^^^^^^^^^^^^^^^^^^
  File "C:\Python314\Lib\subprocess.py", line 1664, in _communicate
    raise TimeoutExpired(self.args, orig_timeout)
subprocess.TimeoutExpired: Command '['powershell.exe', '-NoProfile', '-ExecutionPolicy', 'Bypass', '-File', 'C:\\kals-repo\\restart_bot.ps1']' timed out after 180 seconds
