SELF-TEST -- pinlevels
  ok   EMISSION RULE: for every combination of a depth bar (either measure) and a price limit -- the shape of too_shallow, of the ladder fill and of IMPROVE_BY -- the first EMITTED row that passes is the first CANDIDATE that passes. 300 random walks, 0 violations. The depth-only version of this rule cost exactly 3 of pinsim's 156 fills on the acceptance window, every one a SECOND fill of a close
  ok   LADDER for YES comes from the NO bids, dearest bid first, as cost (1-q): [[0.92, 10.0], [0.94, 15.0], [0.96, 100.0]]
  ok   and the NO ladder from the YES bids: [[0.1, 7.0], [0.12, 30.0]]
  ok   and ladder[0] IS pinsim.book_view's touch, price and size -- the two readings of the same book agree
  ok   SWEEP VWAP BY HAND: 25 contracts = 10 at 92c + 15 at 94c, VWAP (10*0.92 + 15*0.94)/25 = 93.20c over 2 levels (got 93.20c, 2 levels)
  ok   and a size INSIDE the touch pays the touch and sweeps one level
  ok   and size 200 against a 125-deep ladder fills 125 at 95.440c -- a PARTIAL, priced on what was there
  ok   PRICE_CEILING applies to EVERY level swept: a 98.5c level is not consumed at a ceiling of 0.98, so the fill stops at 5 contracts (got 5.0)
  ok   and the running-VWAP EDGE gate stops the walk where the ceiling would not: 97.9c is under the 0.98 ceiling, but against a fair of 98.2c a VWAP of 97.891c nets +0.164c against a floor of 0.3c, so the fill stops at 5 (got 5.0)
  ok   -- and note which gate is operative at the live numbers: EV at the 0.98 ceiling is still +0.96c, so on a real sweep it is the CEILING that stops the walk, not EV
  ok   SIZE 5 fills A1, A2, B1, C1 -- A3 refused by MAX_PER_CLOSE=2 (got ['A1', 'A2', 'B1', 'C1'])
  ok   SIZE 5 P&L is the hand figure -$3.0788 (got $-3.0788)
  ok   SIZE 20 drops B1 -- 6 contracts resting against a bar of 10 (got ['A1', 'A2', 'C1'])
  ok   SIZE 20 P&L is the hand figure -$14.1891 (got $-14.1891)
  ok   and B1 at size 5 takes 5 of the 6 resting
  ok   SWEEP SCORING: 25 contracts at a hand VWAP of 93.20c pays $+1.5890 with 1.20c of slippage against the touch (got $+1.5890, 1.20c)
  ok   and the same row in TOUCH mode does not fill at all -- 10 resting against a bar of 12.5 -- which is why the sweep table is a RULE CHANGE and not merely a better estimate
  ok   PARTIAL FILL: 40 resting against size 75 (bar 37.5) takes 40, and the fee is billed on 40
  ok   IMPROVE_BY: E2 at 89.9c is refused against a best of 90c, and E3 at 80c still fills (got ['E1', 'E3'])
  ok   a rule-refused candidate is counted as refused and retires ITS market, while another market in the close still trades
  ok   and a refused market alone produces no fill
  ok   HEDGE ON a LOSER: the 90c loss is locked with 45c recovered, -$9.4725 by hand (billed -$9.4726, one fee tick worse) instead of -$18.126 (got $-9.4726)
  ok   HEDGE ON a WINNER (a false alarm) costs exactly the ask: $-4.4200 against $+1.8740 unhedged (got $-4.4200)
  ok   and an alarm that fired BEFORE the entry second is not applied -- we cannot hedge a position we did not hold yet
  ok   and `no_ask_in_time` leaves the loss unhedged, at its full size
  ok   and a 7-contract ask hedges only 7 of the 20 held ($-15.0973)
  ok   and in SWEEP mode the hedge walks its own ladder too -- 7 at 55c then 13 at 60c, VWAP 58.25c ($-10.1165)
  ok   a 99c offer produces NO fill at any size -- over the 0.98 ceiling, and EV there is +0.030c against a floor of 0.3c
  ok   and half a contract resting is below MIN_LEVEL at EVERY size, including size 1
  ok   n is reported as FILLS and CLOSES, never decision moments (3 fills, 2 closes)
  ok   PEAK CONCURRENT CAPITAL is the largest single CLOSE's notional, $35.80 -- not the turnover of $53.80 (got $35.80)
  ok   the WORST SINGLE CLOSE is -$18.126 and the bank it needs at the 1.5x brake rail is $27.19
  ok   SATURATION: the curve peaks at size 20 and first falls at 50 ((20, 2.5, 50))
  ok   and the live constants are put back exactly (PIN 0.995, MAX_PER_CLOSE 2, ceiling 0.98)
SELF-TEST PASSED
  profile default sha 7f3072d03e80: PIN 0.995, ceiling 0.98, tau 3-30, MAX_PER_CLOSE 2, MAX_PER_MARKET 1, IMPROVE_BY 0.005, MIN_FILL_FRAC 0.5, rules ['dump']
  16,258 settled markets; 422 book hours requested, 0 already on disk, 422 to walk
  pass runs at pinrun.SIZE=2000 (the largest size scored, so net_edge's per-contract fee is minimal and the pass cannot drop a candidate a larger size would take); depth gate at MIN_LEVEL=1; ladder 12 levels; no early retirement -- a market is scanned to the end of its tau window because a cheaper offer late in it is still news (largest depth bar 1000)
    20260906T22  rows   2  total     2  [1/422]  0.5 min elapsed, ~215 min left
    20260906T23  rows  54  total    56  [2/422]  1.1 min elapsed, ~232 min left
    20260907T00  rows  11  total    67  [3/422]  1.8 min elapsed, ~255 min left
    20260907T01  rows  10  total    77  [4/422]  2.5 min elapsed, ~259 min left
    20260907T02  rows   0  total    77  [5/422]  3.0 min elapsed, ~253 min left
    20260907T03  rows  18  total    95  [6/422]  3.7 min elapsed, ~256 min left
    20260907T04  rows  53  total   148  [7/422]  4.5 min elapsed, ~264 min left
    20260907T05  rows  30  total   178  [8/422]  5.0 min elapsed, ~260 min left
    20260907T06  rows  82  total   260  [9/422]  5.7 min elapsed, ~263 min left
    20260907T07  rows   1  total   261  [10/422]  6.2 min elapsed, ~256 min left
    20260907T08  rows   0  total   261  [11/422]  6.5 min elapsed, ~241 min left
    20260907T09  rows   3  total   264  [12/422]  7.0 min elapsed, ~238 min left
    20260907T10  rows  36  total   300  [13/422]  7.5 min elapsed, ~235 min left
    20260907T11  rows 128  total   428  [14/422]  8.1 min elapsed, ~235 min left
    20260907T12  rows  20  total   448  [15/422]  8.5 min elapsed, ~231 min left
    20260907T13  rows  27  total   475  [16/422]  9.2 min elapsed, ~233 min left
    20260907T14  rows  46  total   521  [17/422]  9.8 min elapsed, ~233 min left
    20260907T15  rows  26  total   547  [18/422]  10.5 min elapsed, ~235 min left
    20260907T16  rows  67  total   614  [19/422]  11.1 min elapsed, ~236 min left
    20260907T17  rows  23  total   637  [20/422]  11.8 min elapsed, ~237 min left
    20260907T18  rows 155  total   792  [21/422]  12.5 min elapsed, ~238 min left
    20260907T19  rows  15  total   807  [22/422]  13.1 min elapsed, ~239 min left
    20260907T20  rows  55  total   862  [23/422]  13.8 min elapsed, ~239 min left
    20260907T21  rows 130  total   992  [24/422]  14.6 min elapsed, ~242 min left
    20260907T22  rows  23  total  1015  [25/422]  15.3 min elapsed, ~242 min left
    20260907T23  rows  39  total  1054  [26/422]  15.9 min elapsed, ~242 min left
    20260908T00  rows   5  total  1059  [27/422]  16.6 min elapsed, ~242 min left
    20260908T01  rows  24  total  1083  [28/422]  17.2 min elapsed, ~242 min left
    20260908T02  rows   0  total  1083  [29/422]  17.8 min elapsed, ~241 min left
    20260908T03  rows  25  total  1108  [30/422]  18.5 min elapsed, ~241 min left
    20260908T04  rows  90  total  1198  [31/422]  19.3 min elapsed, ~243 min left
    20260908T05  rows  22  total  1220  [32/422]  20.0 min elapsed, ~244 min left
    20260908T06  rows  27  total  1247  [33/422]  20.9 min elapsed, ~246 min left
    20260908T07  rows  11  total  1258  [34/422]  21.6 min elapsed, ~247 min left
    20260908T08  rows   3  total  1261  [35/422]  22.4 min elapsed, ~247 min left
    20260908T09  rows  35  total  1296  [36/422]  23.0 min elapsed, ~247 min left
    20260908T10  rows   1  total  1297  [37/422]  23.5 min elapsed, ~245 min left
    20260908T11  rows  20  total  1317  [38/422]  24.3 min elapsed, ~246 min left
    20260908T12  rows  13  total  1330  [39/422]  24.9 min elapsed, ~244 min left
    20260908T13  rows   2  total  1332  [40/422]  25.6 min elapsed, ~244 min left
    20260908T14  rows  29  total  1361  [41/422]  26.5 min elapsed, ~246 min left
    20260908T15  rows  50  total  1411  [42/422]  27.3 min elapsed, ~247 min left
    20260908T16  rows 126  total  1537  [43/422]  28.2 min elapsed, ~248 min left
    20260908T17  rows  41  total  1578  [44/422]  28.9 min elapsed, ~249 min left
    20260908T18  rows  13  total  1591  [45/422]  29.6 min elapsed, ~248 min left
    20260908T19  rows  30  total  1621  [46/422]  30.4 min elapsed, ~249 min left
    20260908T20  rows   6  total  1627  [47/422]  31.2 min elapsed, ~249 min left
    20260908T21  rows 152  total  1779  [48/422]  32.0 min elapsed, ~250 min left
    20260908T22  rows 102  total  1881  [49/422]  32.8 min elapsed, ~250 min left
    20260908T23  rows 104  total  1985  [50/422]  33.6 min elapsed, ~250 min left
    20260909T00  rows  74  total  2059  [51/422]  34.3 min elapsed, ~249 min left
    20260909T01  rows  35  total  2094  [52/422]  35.1 min elapsed, ~250 min left
    20260909T02  rows   0  total  2094  [53/422]  35.8 min elapsed, ~250 min left
    20260909T03  rows   0  total  2094  [54/422]  36.6 min elapsed, ~249 min left
    20260909T04  rows   0  total  2094  [55/422]  37.3 min elapsed, ~249 min left
    20260909T05  rows 220  total  2314  [56/422]  38.0 min elapsed, ~248 min left
    20260909T06  rows  43  total  2357  [57/422]  38.6 min elapsed, ~247 min left
    20260909T07  rows  12  total  2369  [58/422]  39.2 min elapsed, ~246 min left
    20260909T08  rows  65  total  2434  [59/422]  39.8 min elapsed, ~245 min left
    20260909T09  rows  50  total  2484  [60/422]  40.4 min elapsed, ~244 min left
    20260909T10  rows   7  total  2491  [61/422]  40.9 min elapsed, ~242 min left
    20260909T11  rows   5  total  2496  [62/422]  41.6 min elapsed, ~241 min left
    20260909T12  rows   6  total  2502  [63/422]  42.3 min elapsed, ~241 min left
    20260909T13  rows   1  total  2503  [64/422]  42.5 min elapsed, ~238 min left
    20260909T21  rows   0  total  2503  [65/422]  42.7 min elapsed, ~235 min left
    20260909T22  rows   2  total  2505  [66/422]  43.3 min elapsed, ~234 min left
    20260909T23  rows  26  total  2531  [67/422]  44.0 min elapsed, ~233 min left
    20260910T00  rows 103  total  2634  [68/422]  44.9 min elapsed, ~234 min left
    20260910T01  rows   0  total  2634  [69/422]  45.7 min elapsed, ~234 min left
    20260910T02  rows  54  total  2688  [70/422]  46.4 min elapsed, ~233 min left
    20260910T03  rows  87  total  2775  [71/422]  47.2 min elapsed, ~234 min left
    20260910T04  rows 139  total  2914  [72/422]  48.0 min elapsed, ~233 min left
    20260825T03  rows   0  total  2914  [73/422]  48.0 min elapsed, ~229 min left
    20260825T04  rows   0  total  2914  [74/422]  48.0 min elapsed, ~226 min left
    20260825T05  rows  11  total  2925  [75/422]  48.3 min elapsed, ~224 min left
    20260825T06  rows  26  total  2951  [76/422]  48.7 min elapsed, ~222 min left
    20260825T07  rows   5  total  2956  [77/422]  49.0 min elapsed, ~219 min left
    20260825T08  rows   3  total  2959  [78/422]  49.2 min elapsed, ~217 min left
    20260825T09  rows  40  total  2999  [79/422]  49.6 min elapsed, ~215 min left
    20260825T10  rows   2  total  3001  [80/422]  49.9 min elapsed, ~214 min left
    20260825T11  rows   2  total  3003  [81/422]  50.3 min elapsed, ~212 min left
    20260825T12  rows   0  total  3003  [82/422]  50.7 min elapsed, ~210 min left
    20260825T13  rows   1  total  3004  [83/422]  51.3 min elapsed, ~210 min left
    20260825T14  rows   2  total  3006  [84/422]  51.8 min elapsed, ~208 min left
    20260825T15  rows   1  total  3007  [85/422]  52.3 min elapsed, ~208 min left
    20260825T16  rows   8  total  3015  [86/422]  52.8 min elapsed, ~206 min left
    20260825T17  rows   0  total  3015  [87/422]  53.2 min elapsed, ~205 min left
    20260825T18  rows  14  total  3029  [88/422]  53.6 min elapsed, ~203 min left
    20260825T19  rows   2  total  3031  [89/422]  54.0 min elapsed, ~202 min left
    20260825T20  rows  17  total  3048  [90/422]  54.4 min elapsed, ~201 min left
    20260825T21  rows   4  total  3052  [91/422]  55.0 min elapsed, ~200 min left
    20260825T22  rows   4  total  3056  [92/422]  55.3 min elapsed, ~199 min left
    20260825T23  rows   0  total  3056  [93/422]  55.8 min elapsed, ~197 min left
    20260826T00  rows   1  total  3057  [94/422]  56.3 min elapsed, ~196 min left
    20260826T01  rows  85  total  3142  [95/422]  56.7 min elapsed, ~195 min left
    20260826T02  rows  11  total  3153  [96/422]  57.2 min elapsed, ~194 min left
    20260826T03  rows  98  total  3251  [97/422]  57.7 min elapsed, ~193 min left
    20260826T04  rows   5  total  3256  [98/422]  58.1 min elapsed, ~192 min left
    20260826T05  rows   3  total  3259  [99/422]  58.5 min elapsed, ~191 min left
    20260827T00  rows  51  total  3310  [100/422]  58.8 min elapsed, ~189 min left
    20260827T01  rows  21  total  3331  [101/422]  59.3 min elapsed, ~188 min left
    20260827T02  rows  13  total  3344  [102/422]  59.8 min elapsed, ~188 min left
    20260827T03  rows   9  total  3353  [103/422]  60.4 min elapsed, ~187 min left
    20260827T04  rows   3  total  3356  [104/422]  60.7 min elapsed, ~186 min left
    20260827T05  rows  13  total  3369  [105/422]  61.3 min elapsed, ~185 min left
    20260827T06  rows   0  total  3369  [106/422]  61.7 min elapsed, ~184 min left
    20260827T07  rows   0  total  3369  [107/422]  61.7 min elapsed, ~182 min left
    20260827T09  rows  12  total  3381  [108/422]  62.1 min elapsed, ~181 min left
    20260827T10  rows  13  total  3394  [109/422]  62.5 min elapsed, ~179 min left
    20260827T11  rows   2  total  3396  [110/422]  62.9 min elapsed, ~178 min left
    20260827T12  rows   7  total  3403  [111/422]  63.2 min elapsed, ~177 min left
    20260827T13  rows   0  total  3403  [112/422]  63.7 min elapsed, ~176 min left
    20260827T14  rows   0  total  3403  [113/422]  64.2 min elapsed, ~175 min left
    20260827T15  rows   0  total  3403  [114/422]  64.6 min elapsed, ~174 min left
    20260827T16  rows  25  total  3428  [115/422]  65.1 min elapsed, ~174 min left
    20260827T17  rows  41  total  3469  [116/422]  65.6 min elapsed, ~173 min left
    20260827T18  rows   3  total  3472  [117/422]  66.1 min elapsed, ~172 min left
    20260827T19  rows  63  total  3535  [118/422]  66.7 min elapsed, ~172 min left
    20260827T20  rows   4  total  3539  [119/422]  67.1 min elapsed, ~171 min left
    20260827T21  rows   1  total  3540  [120/422]  67.5 min elapsed, ~170 min left
    20260827T22  rows   7  total  3547  [121/422]  68.0 min elapsed, ~169 min left
    20260827T23  rows  12  total  3559  [122/422]  68.4 min elapsed, ~168 min left
    20260828T00  rows  10  total  3569  [123/422]  68.9 min elapsed, ~167 min left
    20260828T01  rows   0  total  3569  [124/422]  69.4 min elapsed, ~167 min left
    20260828T02  rows  47  total  3616  [125/422]  69.9 min elapsed, ~166 min left
    20260828T03  rows 178  total  3794  [126/422]  70.7 min elapsed, ~166 min left
    20260828T04  rows   1  total  3795  [127/422]  71.3 min elapsed, ~166 min left
    20260828T05  rows  31  total  3826  [128/422]  71.8 min elapsed, ~165 min left
    20260828T06  rows  34  total  3860  [129/422]  72.3 min elapsed, ~164 min left
    20260828T07  rows  20  total  3880  [130/422]  72.7 min elapsed, ~163 min left
    20260828T08  rows  48  total  3928  [131/422]  73.2 min elapsed, ~163 min left
    20260828T09  rows  65  total  3993  [132/422]  73.9 min elapsed, ~162 min left
    20260828T10  rows   2  total  3995  [133/422]  74.3 min elapsed, ~161 min left
    20260828T11  rows  14  total  4009  [134/422]  74.7 min elapsed, ~161 min left
    20260828T12  rows  25  total  4034  [135/422]  75.2 min elapsed, ~160 min left
    20260828T13  rows   5  total  4039  [136/422]  75.7 min elapsed, ~159 min left
    20260828T14  rows   1  total  4040  [137/422]  76.3 min elapsed, ~159 min left
    20260828T15  rows   0  total  4040  [138/422]  76.9 min elapsed, ~158 min left
    20260828T16  rows 110  total  4150  [139/422]  77.8 min elapsed, ~158 min left
    20260828T17  rows  12  total  4162  [140/422]  78.6 min elapsed, ~158 min left
    20260828T18  rows  15  total  4177  [141/422]  79.3 min elapsed, ~158 min left
    20260828T19  rows  58  total  4235  [142/422]  79.9 min elapsed, ~158 min left
    20260828T20  rows   0  total  4235  [143/422]  80.4 min elapsed, ~157 min left
    20260828T21  rows  40  total  4275  [144/422]  81.0 min elapsed, ~156 min left
    20260828T22  rows   3  total  4278  [145/422]  81.5 min elapsed, ~156 min left
    20260828T23  rows  55  total  4333  [146/422]  82.0 min elapsed, ~155 min left
    20260829T00  rows   6  total  4339  [147/422]  82.5 min elapsed, ~154 min left
    20260829T01  rows   9  total  4348  [148/422]  83.0 min elapsed, ~154 min left
    20260829T02  rows  10  total  4358  [149/422]  83.5 min elapsed, ~153 min left
    20260829T03  rows  34  total  4392  [150/422]  84.0 min elapsed, ~152 min left
    20260829T04  rows  24  total  4416  [151/422]  84.5 min elapsed, ~152 min left
    20260829T05  rows  13  total  4429  [152/422]  85.0 min elapsed, ~151 min left
    20260829T06  rows   4  total  4433  [153/422]  85.4 min elapsed, ~150 min left
    20260829T07  rows  86  total  4519  [154/422]  86.0 min elapsed, ~150 min left
    20260829T08  rows   2  total  4521  [155/422]  86.3 min elapsed, ~149 min left
    20260829T09  rows  29  total  4550  [156/422]  86.7 min elapsed, ~148 min left
    20260829T10  rows  68  total  4618  [157/422]  87.2 min elapsed, ~147 min left
    20260829T11  rows  12  total  4630  [158/422]  87.6 min elapsed, ~146 min left
    20260829T12  rows  80  total  4710  [159/422]  88.1 min elapsed, ~146 min left
    20260829T13  rows  24  total  4734  [160/422]  88.6 min elapsed, ~145 min left
    20260829T14  rows  37  total  4771  [161/422]  89.1 min elapsed, ~144 min left
    20260829T15  rows  91  total  4862  [162/422]  89.6 min elapsed, ~144 min left
    20260829T16  rows   7  total  4869  [163/422]  90.1 min elapsed, ~143 min left
    20260829T17  rows  72  total  4941  [164/422]  90.6 min elapsed, ~142 min left
    20260829T18  rows  41  total  4982  [165/422]  91.1 min elapsed, ~142 min left
    20260829T19  rows  31  total  5013  [166/422]  91.6 min elapsed, ~141 min left
    20260829T20  rows  46  total  5059  [167/422]  92.0 min elapsed, ~141 min left
    20260829T21  rows  26  total  5085  [168/422]  92.5 min elapsed, ~140 min left
    20260829T22  rows  41  total  5126  [169/422]  92.9 min elapsed, ~139 min left
    20260829T23  rows  85  total  5211  [170/422]  93.6 min elapsed, ~139 min left
    20260830T00  rows 134  total  5345  [171/422]  94.2 min elapsed, ~138 min left
    20260830T01  rows  13  total  5358  [172/422]  94.7 min elapsed, ~138 min left
    20260830T02  rows  90  total  5448  [173/422]  95.2 min elapsed, ~137 min left
    20260830T03  rows   1  total  5449  [174/422]  95.7 min elapsed, ~136 min left
    20260830T04  rows  59  total  5508  [175/422]  96.1 min elapsed, ~136 min left
    20260830T05  rows 129  total  5637  [176/422]  96.7 min elapsed, ~135 min left
    20260830T06  rows  54  total  5691  [177/422]  97.2 min elapsed, ~135 min left
    20260830T07  rows   9  total  5700  [178/422]  97.6 min elapsed, ~134 min left
    20260830T08  rows  18  total  5718  [179/422]  98.1 min elapsed, ~133 min left
    20260830T09  rows   6  total  5724  [180/422]  98.6 min elapsed, ~133 min left
    20260830T10  rows  26  total  5750  [181/422]  99.0 min elapsed, ~132 min left
    20260830T11  rows 132  total  5882  [182/422]  99.5 min elapsed, ~131 min left
    20260830T12  rows   0  total  5882  [183/422]  99.9 min elapsed, ~130 min left
    20260830T13  rows   4  total  5886  [184/422]  100.4 min elapsed, ~130 min left
    20260830T14  rows  29  total  5915  [185/422]  100.8 min elapsed, ~129 min left
    20260830T15  rows   5  total  5920  [186/422]  101.3 min elapsed, ~129 min left
    20260830T16  rows  29  total  5949  [187/422]  101.9 min elapsed, ~128 min left
    20260830T17  rows   5  total  5954  [188/422]  102.4 min elapsed, ~127 min left
    20260830T18  rows  15  total  5969  [189/422]  102.8 min elapsed, ~127 min left
    20260830T19  rows  29  total  5998  [190/422]  103.3 min elapsed, ~126 min left
    20260830T20  rows 171  total  6169  [191/422]  104.0 min elapsed, ~126 min left
    20260830T21  rows  29  total  6198  [192/422]  104.6 min elapsed, ~125 min left
    20260830T22  rows   6  total  6204  [193/422]  105.1 min elapsed, ~125 min left
    20260830T23  rows   0  total  6204  [194/422]  105.8 min elapsed, ~124 min left
    20260831T00  rows  25  total  6229  [195/422]  106.3 min elapsed, ~124 min left
    20260831T01  rows   8  total  6237  [196/422]  107.0 min elapsed, ~123 min left
    20260831T02  rows  10  total  6247  [197/422]  107.5 min elapsed, ~123 min left
    20260831T03  rows   1  total  6248  [198/422]  108.1 min elapsed, ~122 min left
    20260831T04  rows  14  total  6262  [199/422]  108.7 min elapsed, ~122 min left
    20260831T05  rows  71  total  6333  [200/422]  109.3 min elapsed, ~121 min left
    20260831T06  rows 102  total  6435  [201/422]  110.1 min elapsed, ~121 min left
    20260831T07  rows  11  total  6446  [202/422]  110.5 min elapsed, ~120 min left
    20260831T08  rows  37  total  6483  [203/422]  111.0 min elapsed, ~120 min left
    20260831T09  rows  48  total  6531  [204/422]  111.6 min elapsed, ~119 min left
    20260831T10  rows   4  total  6535  [205/422]  112.1 min elapsed, ~119 min left
    20260831T11  rows   4  total  6539  [206/422]  112.6 min elapsed, ~118 min left
    20260831T12  rows   0  total  6539  [207/422]  113.1 min elapsed, ~117 min left
    20260831T13  rows   9  total  6548  [208/422]  113.9 min elapsed, ~117 min left
    20260831T14  rows   1  total  6549  [209/422]  114.9 min elapsed, ~117 min left
    20260831T15  rows   0  total  6549  [210/422]  115.4 min elapsed, ~117 min left
    20260831T16  rows  40  total  6589  [211/422]  116.1 min elapsed, ~116 min left
    20260831T17  rows   5  total  6594  [212/422]  116.7 min elapsed, ~116 min left
    20260831T18  rows 105  total  6699  [213/422]  117.3 min elapsed, ~115 min left
    20260831T19  rows  20  total  6719  [214/422]  117.8 min elapsed, ~115 min left
    20260831T20  rows  17  total  6736  [215/422]  118.4 min elapsed, ~114 min left
    20260831T21  rows  10  total  6746  [216/422]  118.9 min elapsed, ~113 min left
    20260831T22  rows   0  total  6746  [217/422]  119.3 min elapsed, ~113 min left
    20260831T23  rows  32  total  6778  [218/422]  119.8 min elapsed, ~112 min left
    20260901T00  rows   9  total  6787  [219/422]  120.3 min elapsed, ~111 min left
    20260901T01  rows   0  total  6787  [220/422]  120.7 min elapsed, ~111 min left
    20260901T02  rows  58  total  6845  [221/422]  121.3 min elapsed, ~110 min left
    20260901T03  rows  56  total  6901  [222/422]  121.8 min elapsed, ~110 min left
    20260901T04  rows  49  total  6950  [223/422]  122.5 min elapsed, ~109 min left
    20260901T05  rows  34  total  6984  [224/422]  122.9 min elapsed, ~109 min left
    20260901T06  rows  11  total  6995  [225/422]  123.4 min elapsed, ~108 min left
    20260901T07  rows  27  total  7022  [226/422]  124.0 min elapsed, ~108 min left
    20260901T08  rows   8  total  7030  [227/422]  124.6 min elapsed, ~107 min left
    20260901T09  rows  10  total  7040  [228/422]  125.1 min elapsed, ~106 min left
    20260901T10  rows   9  total  7049  [229/422]  125.5 min elapsed, ~106 min left
    20260901T11  rows   4  total  7053  [230/422]  126.0 min elapsed, ~105 min left
    20260901T12  rows  29  total  7082  [231/422]  126.6 min elapsed, ~105 min left
    20260901T13  rows  73  total  7155  [232/422]  127.4 min elapsed, ~104 min left
    20260901T14  rows   7  total  7162  [233/422]  128.1 min elapsed, ~104 min left
    20260901T15  rows  15  total  7177  [234/422]  128.7 min elapsed, ~103 min left
    20260901T16  rows   3  total  7180  [235/422]  129.3 min elapsed, ~103 min left
    20260901T17  rows  18  total  7198  [236/422]  130.0 min elapsed, ~102 min left
    20260901T18  rows   0  total  7198  [237/422]  130.6 min elapsed, ~102 min left
    20260901T19  rows   0  total  7198  [238/422]  131.2 min elapsed, ~101 min left
    20260901T20  rows  65  total  7263  [239/422]  131.9 min elapsed, ~101 min left
    20260901T21  rows   0  total  7263  [240/422]  132.3 min elapsed, ~100 min left
    20260901T22  rows  33  total  7296  [241/422]  132.8 min elapsed, ~100 min left
    20260901T23  rows  53  total  7349  [242/422]  133.4 min elapsed, ~99 min left
    20260902T00  rows  28  total  7377  [243/422]  133.6 min elapsed, ~98 min left
    20260902T01  rows   0  total  7377  [244/422]  134.1 min elapsed, ~98 min left
    20260902T02  rows   0  total  7377  [245/422]  134.1 min elapsed, ~97 min left
    20260902T03  rows   0  total  7377  [246/422]  134.1 min elapsed, ~96 min left
    20260902T04  rows   0  total  7377  [247/422]  134.1 min elapsed, ~95 min left
    20260902T05  rows   0  total  7377  [248/422]  134.4 min elapsed, ~94 min left
    20260902T06  rows  34  total  7411  [249/422]  134.9 min elapsed, ~94 min left
    20260902T07  rows  30  total  7441  [250/422]  135.4 min elapsed, ~93 min left
    20260902T08  rows   8  total  7449  [251/422]  135.9 min elapsed, ~93 min left
    20260902T09  rows   0  total  7449  [252/422]  136.4 min elapsed, ~92 min left
    20260902T10  rows  23  total  7472  [253/422]  136.9 min elapsed, ~91 min left
    20260902T11  rows  12  total  7484  [254/422]  137.5 min elapsed, ~91 min left
    20260902T12  rows  12  total  7496  [255/422]  138.1 min elapsed, ~90 min left
    20260902T13  rows   0  total  7496  [256/422]  138.6 min elapsed, ~90 min left
    20260902T14  rows  60  total  7556  [257/422]  139.4 min elapsed, ~89 min left
    20260902T15  rows   0  total  7556  [258/422]  139.9 min elapsed, ~89 min left
    20260902T16  rows   9  total  7565  [259/422]  140.5 min elapsed, ~88 min left
    20260902T17  rows   6  total  7571  [260/422]  141.0 min elapsed, ~88 min left
    20260902T18  rows  15  total  7586  [261/422]  141.5 min elapsed, ~87 min left
    20260902T19  rows  29  total  7615  [262/422]  142.2 min elapsed, ~87 min left
    20260902T20  rows  16  total  7631  [263/422]  142.8 min elapsed, ~86 min left
    20260902T21  rows  22  total  7653  [264/422]  142.9 min elapsed, ~86 min left
    20260902T22  rows   0  total  7653  [265/422]  143.2 min elapsed, ~85 min left
    20260902T23  rows   0  total  7653  [266/422]  143.2 min elapsed, ~84 min left
    20260903T00  rows   0  total  7653  [267/422]  143.2 min elapsed, ~83 min left
    20260903T01  rows   0  total  7653  [268/422]  143.2 min elapsed, ~82 min left
    20260903T02  rows   0  total  7653  [269/422]  143.5 min elapsed, ~82 min left
    20260903T03  rows   0  total  7653  [270/422]  143.8 min elapsed, ~81 min left
    20260903T04  rows   0  total  7653  [271/422]  144.0 min elapsed, ~80 min left
    20260903T05  rows   0  total  7653  [272/422]  144.3 min elapsed, ~80 min left
    20260903T06  rows  32  total  7685  [273/422]  144.8 min elapsed, ~79 min left
    20260903T07  rows   0  total  7685  [274/422]  144.8 min elapsed, ~78 min left
    20260903T09  rows   4  total  7689  [275/422]  145.3 min elapsed, ~78 min left
    20260903T10  rows   8  total  7697  [276/422]  145.8 min elapsed, ~77 min left
    20260903T11  rows  10  total  7707  [277/422]  146.3 min elapsed, ~77 min left
    20260903T12  rows   2  total  7709  [278/422]  146.8 min elapsed, ~76 min left
    20260903T13  rows   1  total  7710  [279/422]  147.4 min elapsed, ~76 min left
    20260903T14  rows   0  total  7710  [280/422]  148.1 min elapsed, ~75 min left
    20260903T15  rows  23  total  7733  [281/422]  148.8 min elapsed, ~75 min left
    20260903T16  rows  51  total  7784  [282/422]  149.5 min elapsed, ~74 min left
    20260903T17  rows  14  total  7798  [283/422]  150.2 min elapsed, ~74 min left
    20260903T18  rows   9  total  7807  [284/422]  150.7 min elapsed, ~73 min left
    20260903T19  rows  14  total  7821  [285/422]  151.4 min elapsed, ~73 min left
    20260903T20  rows  31  total  7852  [286/422]  152.0 min elapsed, ~72 min left
    20260903T21  rows  68  total  7920  [287/422]  152.7 min elapsed, ~72 min left
    20260903T22  rows   0  total  7920  [288/422]  153.2 min elapsed, ~71 min left
    20260903T23  rows 247  total  8167  [289/422]  154.1 min elapsed, ~71 min left
    20260904T00  rows  45  total  8212  [290/422]  154.8 min elapsed, ~70 min left
    20260904T01  rows  26  total  8238  [291/422]  155.4 min elapsed, ~70 min left
    20260904T02  rows   3  total  8241  [292/422]  155.9 min elapsed, ~69 min left
    20260904T03  rows  55  total  8296  [293/422]  156.5 min elapsed, ~69 min left
    20260904T04  rows   3  total  8299  [294/422]  157.0 min elapsed, ~68 min left
    20260904T05  rows  47  total  8346  [295/422]  157.6 min elapsed, ~68 min left
    20260904T06  rows  25  total  8371  [296/422]  158.1 min elapsed, ~67 min left
    20260904T07  rows   0  total  8371  [297/422]  158.4 min elapsed, ~67 min left
    20260904T08  rows  10  total  8381  [298/422]  158.9 min elapsed, ~66 min left
    20260904T09  rows   1  total  8382  [299/422]  159.5 min elapsed, ~66 min left
    20260904T10  rows   4  total  8386  [300/422]  160.1 min elapsed, ~65 min left
    20260904T11  rows   5  total  8391  [301/422]  160.7 min elapsed, ~65 min left
    20260904T12  rows 116  total  8507  [302/422]  161.3 min elapsed, ~64 min left
    20260904T13  rows  29  total  8536  [303/422]  162.0 min elapsed, ~64 min left
    20260904T14  rows  45  total  8581  [304/422]  162.8 min elapsed, ~63 min left
    20260904T15  rows   5  total  8586  [305/422]  163.3 min elapsed, ~63 min left
    20260904T16  rows  47  total  8633  [306/422]  164.0 min elapsed, ~62 min left
    20260904T17  rows   7  total  8640  [307/422]  164.6 min elapsed, ~62 min left
    20260904T18  rows 105  total  8745  [308/422]  165.3 min elapsed, ~61 min left
    20260904T19  rows  12  total  8757  [309/422]  165.7 min elapsed, ~61 min left
    20260904T20  rows  52  total  8809  [310/422]  166.3 min elapsed, ~60 min left
    20260904T21  rows 146  total  8955  [311/422]  167.0 min elapsed, ~60 min left
    20260904T22  rows 294  total  9249  [312/422]  167.7 min elapsed, ~59 min left
    20260904T23  rows  85  total  9334  [313/422]  168.1 min elapsed, ~59 min left
    20260905T00  rows 155  total  9489  [314/422]  168.7 min elapsed, ~58 min left
    20260905T01  rows  69  total  9558  [315/422]  169.3 min elapsed, ~58 min left
    20260905T02  rows  72  total  9630  [316/422]  169.7 min elapsed, ~57 min left
    20260905T03  rows  67  total  9697  [317/422]  170.2 min elapsed, ~56 min left
    20260905T04  rows  23  total  9720  [318/422]  170.6 min elapsed, ~56 min left
    20260905T05  rows  86  total  9806  [319/422]  171.2 min elapsed, ~55 min left
    20260905T06  rows 136  total  9942  [320/422]  171.8 min elapsed, ~55 min left
    20260905T07  rows  98  total 10040  [321/422]  172.3 min elapsed, ~54 min left
    20260905T08  rows  52  total 10092  [322/422]  172.8 min elapsed, ~54 min left
    20260905T09  rows   1  total 10093  [323/422]  173.2 min elapsed, ~53 min left
    20260905T10  rows  82  total 10175  [324/422]  173.7 min elapsed, ~53 min left
    20260905T11  rows  66  total 10241  [325/422]  174.3 min elapsed, ~52 min left
    20260905T12  rows 147  total 10388  [326/422]  174.9 min elapsed, ~51 min left
    20260905T13  rows 146  total 10534  [327/422]  175.4 min elapsed, ~51 min left
    20260905T14  rows  72  total 10606  [328/422]  175.9 min elapsed, ~50 min left
    20260905T15  rows  19  total 10625  [329/422]  176.3 min elapsed, ~50 min left
    20260905T16  rows  17  total 10642  [330/422]  176.8 min elapsed, ~49 min left
    20260905T17  rows  25  total 10667  [331/422]  177.4 min elapsed, ~49 min left
    20260905T18  rows  80  total 10747  [332/422]  178.0 min elapsed, ~48 min left
    20260905T19  rows  43  total 10790  [333/422]  178.5 min elapsed, ~48 min left
    20260905T20  rows 190  total 10980  [334/422]  179.2 min elapsed, ~47 min left
    20260905T21  rows   0  total 10980  [335/422]  179.6 min elapsed, ~47 min left
    20260905T22  rows  78  total 11058  [336/422]  180.3 min elapsed, ~46 min left
    20260905T23  rows 105  total 11163  [337/422]  180.8 min elapsed, ~46 min left
    20260906T00  rows 172  total 11335  [338/422]  181.4 min elapsed, ~45 min left
    20260906T01  rows  55  total 11390  [339/422]  181.9 min elapsed, ~45 min left
    20260906T02  rows  52  total 11442  [340/422]  182.4 min elapsed, ~44 min left
    20260906T03  rows  76  total 11518  [341/422]  182.9 min elapsed, ~43 min left
    20260906T04  rows  69  total 11587  [342/422]  183.4 min elapsed, ~43 min left
    20260906T05  rows   0  total 11587  [343/422]  183.8 min elapsed, ~42 min left
    20260906T06  rows   0  total 11587  [344/422]  184.3 min elapsed, ~42 min left
    20260906T07  rows 182  total 11769  [345/422]  184.9 min elapsed, ~41 min left
    20260906T08  rows   6  total 11775  [346/422]  185.3 min elapsed, ~41 min left
    20260906T09  rows  25  total 11800  [347/422]  185.7 min elapsed, ~40 min left
    20260906T10  rows  10  total 11810  [348/422]  186.2 min elapsed, ~40 min left
    20260906T11  rows 124  total 11934  [349/422]  186.7 min elapsed, ~39 min left
    20260906T12  rows 191  total 12125  [350/422]  187.4 min elapsed, ~39 min left
    20260906T13  rows 106  total 12231  [351/422]  188.0 min elapsed, ~38 min left
    20260906T14  rows   2  total 12233  [352/422]  188.4 min elapsed, ~37 min left
    20260906T15  rows  34  total 12267  [353/422]  188.9 min elapsed, ~37 min left
    20260906T16  rows  58  total 12325  [354/422]  189.6 min elapsed, ~36 min left
    20260906T17  rows  45  total 12370  [355/422]  190.1 min elapsed, ~36 min left
    20260906T18  rows  36  total 12406  [356/422]  190.6 min elapsed, ~35 min left
    20260906T19  rows  31  total 12437  [357/422]  191.1 min elapsed, ~35 min left
    20260906T20  rows  75  total 12512  [358/422]  191.6 min elapsed, ~34 min left
    20260906T21  rows 205  total 12717  [359/422]  192.3 min elapsed, ~34 min left
    20260910T05  rows  84  total 12801  [360/422]  193.2 min elapsed, ~33 min left
    20260910T06  rows   2  total 12803  [361/422]  193.9 min elapsed, ~33 min left
    20260910T07  rows   0  total 12803  [362/422]  194.0 min elapsed, ~32 min left
    20260910T09  rows  59  total 12862  [363/422]  194.6 min elapsed, ~32 min left
    20260910T10  rows  14  total 12876  [364/422]  195.2 min elapsed, ~31 min left
    20260910T11  rows  65  total 12941  [365/422]  196.1 min elapsed, ~31 min left
    20260910T12  rows  31  total 12972  [366/422]  196.7 min elapsed, ~30 min left
    20260910T13  rows  15  total 12987  [367/422]  197.7 min elapsed, ~30 min left
    20260910T14  rows  43  total 13030  [368/422]  198.6 min elapsed, ~29 min left
    20260910T15  rows  69  total 13099  [369/422]  199.6 min elapsed, ~29 min left
    20260910T16  rows   5  total 13104  [370/422]  200.5 min elapsed, ~28 min left
    20260910T17  rows  20  total 13124  [371/422]  201.4 min elapsed, ~28 min left
    20260910T18  rows   2  total 13126  [372/422]  202.2 min elapsed, ~27 min left
    20260910T19  rows  42  total 13168  [373/422]  202.9 min elapsed, ~27 min left
    20260910T20  rows  16  total 13184  [374/422]  203.6 min elapsed, ~26 min left
    20260910T21  rows  71  total 13255  [375/422]  204.4 min elapsed, ~26 min left
    20260910T22  rows  53  total 13308  [376/422]  205.2 min elapsed, ~25 min left
    20260910T23  rows  11  total 13319  [377/422]  206.1 min elapsed, ~25 min left
    20260911T00  rows  17  total 13336  [378/422]  206.9 min elapsed, ~24 min left
    20260911T01  rows   3  total 13339  [379/422]  207.8 min elapsed, ~24 min left
    20260911T02  rows   7  total 13346  [380/422]  208.7 min elapsed, ~23 min left
    20260911T03  rows  70  total 13416  [381/422]  209.6 min elapsed, ~23 min left
    20260911T04  rows  23  total 13439  [382/422]  210.4 min elapsed, ~22 min left
    20260911T05  rows 311  total 13750  [383/422]  211.2 min elapsed, ~22 min left
    20260911T06  rows  41  total 13791  [384/422]  211.9 min elapsed, ~21 min left
    20260911T07  rows  50  total 13841  [385/422]  212.4 min elapsed, ~20 min left
    20260911T08  rows   1  total 13842  [386/422]  213.0 min elapsed, ~20 min left
    20260911T09  rows   6  total 13848  [387/422]  213.6 min elapsed, ~19 min left
    20260911T10  rows  42  total 13890  [388/422]  214.4 min elapsed, ~19 min left
    20260911T11  rows   7  total 13897  [389/422]  215.0 min elapsed, ~18 min left
    20260911T12  rows 280  total 14177  [390/422]  215.7 min elapsed, ~18 min left
    20260911T13  rows   0  total 14177  [391/422]  216.4 min elapsed, ~17 min left
    20260911T14  rows   0  total 14177  [392/422]  217.5 min elapsed, ~17 min left
    20260911T15  rows   5  total 14182  [393/422]  218.4 min elapsed, ~16 min left
    20260911T16  rows  20  total 14202  [394/422]  219.4 min elapsed, ~16 min left
    20260911T17  rows   0  total 14202  [395/422]  220.2 min elapsed, ~15 min left
    20260911T18  rows   8  total 14210  [396/422]  221.1 min elapsed, ~15 min left
    20260911T19  rows  45  total 14255  [397/422]  221.9 min elapsed, ~14 min left
    20260911T20  rows  24  total 14279  [398/422]  222.6 min elapsed, ~13 min left
    20260911T21  rows 101  total 14380  [399/422]  223.5 min elapsed, ~13 min left
    20260911T22  rows 180  total 14560  [400/422]  224.4 min elapsed, ~12 min left
    20260911T23  rows  99  total 14659  [401/422]  225.1 min elapsed, ~12 min left
    20260912T00  rows  77  total 14736  [402/422]  225.9 min elapsed, ~11 min left
    20260912T01  rows  62  total 14798  [403/422]  226.6 min elapsed, ~11 min left
    20260912T02  rows 292  total 15090  [404/422]  227.6 min elapsed, ~10 min left
    20260912T03  rows 223  total 15313  [405/422]  228.4 min elapsed, ~10 min left
    20260912T04  rows  47  total 15360  [406/422]  229.1 min elapsed, ~9 min left
    20260912T05  rows 112  total 15472  [407/422]  229.8 min elapsed, ~8 min left
    20260912T06  rows 141  total 15613  [408/422]  230.4 min elapsed, ~8 min left
    20260912T07  rows 211  total 15824  [409/422]  231.0 min elapsed, ~7 min left
    20260912T08  rows 102  total 15926  [410/422]  231.8 min elapsed, ~7 min left
    20260912T09  rows 150  total 16076  [411/422]  232.5 min elapsed, ~6 min left
    20260912T10  rows   6  total 16082  [412/422]  233.0 min elapsed, ~6 min left
    20260912T11  rows 126  total 16208  [413/422]  233.5 min elapsed, ~5 min left
    20260912T12  rows  54  total 16262  [414/422]  234.2 min elapsed, ~5 min left
    20260912T13  rows 135  total 16397  [415/422]  234.9 min elapsed, ~4 min left
    20260912T14  rows  29  total 16426  [416/422]  235.6 min elapsed, ~3 min left
    20260912T15  rows 146  total 16572  [417/422]  236.3 min elapsed, ~3 min left
    20260912T16  rows  81  total 16653  [418/422]  237.0 min elapsed, ~2 min left
    20260912T17  rows  30  total 16683  [419/422]  237.6 min elapsed, ~2 min left
    20260912T18  rows   0  total 16683  [420/422]  237.8 min elapsed, ~1 min left
    20260912T19  rows   0  total 16683  [421/422]  238.1 min elapsed, ~1 min left
    20260912T20  rows   0  total 16683  [422/422]  238.3 min elapsed, ~0 min left
  pass complete: 16,683 rows over 422 new hours in 238.3 min; ladder/touch mismatches 0
