
  15,214 settled markets, 12 book hours
    20260911T01  lottery moments 36
    20260911T02  lottery moments 72
    20260911T03  lottery moments 108
    20260911T04  lottery moments 144
    20260911T05  lottery moments 171
    20260911T06  lottery moments 207
    20260911T07  lottery moments 234
    20260911T08  lottery moments 270
    20260911T09  lottery moments 306
    20260911T10  lottery moments 342
    20260911T11  lottery moments 378
    20260911T12  lottery moments 405

  ============================================================================================
  405 lottery tickets on offer over 45 closes (one per market, the first second it qualified)
  the model called these IMPOSSIBLE; 4 of them (0.99%) actually won
  ============================================================================================
      price paid  tickets  closes   won  win rate            95% CI  break-even  EV/contract
    0.1-1.0           358      45     4     1.12%      [0.31, 2.84]       0.20%       0.918c
    1.0-2.0             8       8     0     0.00%     [0.00, 36.94]       1.29%      -1.290c
    2.0-4.0            14      10     0     0.00%     [0.00, 23.16]       2.69%      -2.694c
    4.0-8.0            11       9     0     0.00%     [0.00, 28.49]       5.92%      -5.925c
    8.0-15.0            6       5     0     0.00%     [0.00, 45.93]      10.58%     -10.580c
   15.0-50.0            8       7     0     0.00%     [0.00, 36.94]      18.78%     -18.780c

  BY HOW CERTAIN THE MODEL WAS (the tail we know is too thin)
    model margin  tickets   won  win rate  median price  EV/contract
   2.05-2.6            29     1     3.45%          5.3c      -2.212c
   2.60-3.5            16     0     0.00%          2.1c      -2.250c
   3.50-5.0            18     0     0.00%          0.7c      -0.750c
   5.00-99.0          342     3     0.88%          0.1c       0.767c

  dropped: {'model_not_confident': 189, 'no_lottery_offer': 35}

  CAVEATS THAT TRAVEL WITH EVERY NUMBER ABOVE:
   * a replay hands us every resting offer. A 1c bid is the most crowded order on
     the book, so the real fill rate here is probably far worse than our 65% at the touch.
   * one ticket per market, at the first qualifying second, so this is not a
     capacity estimate.
