SELF-TEST -- pinrun
  ok   all 60 prints locked at now=close (remaining 0)
  ok   locked sum excludes tick@close and includes tick@close-60 (5900.0, expected 5900.0)
  ok   decided yes on the corrected window (fair 1.0)
  ok   old and new windows genuinely differ on this fixture
  ok   eff_strike(2492.82, d=2) == 2492.815
  ok   rounding-aware fair calls the real ETH market YES (1.0)
  ok   the un-rounded model calls it NO (0.0) -- the -90.91c loss
  ok   the locked window ends at the newest print HELD, not at now (remaining 3, locked 58596.0)
  ok   with the newest print in flight on a rising index the corrected model says YES (fair 1.0000); mean-imputation said NO (fair 0.0000) -- a wrong-side buy at ~99c
  ok   an interior gap takes the nearest print (6899.0, expected 6899.0; the window-mean rule would say 6914.2)
  ok   partial refuses a window missing more than 5% of its prints
  ok   buying YES at 98.3c and NO at 90.8c on ONE market pays 189.1c for a guaranteed $1.00 -- a locked 89.1c loss carrying NO directional risk
  ok   and EVERY price the rule can pay is above 50c, so a both-sides pair is ALWAYS a locked loss -- there is no price at which it is not
  ok   the side taken is recorded PER TICKER, so a second market is unaffected -- the guard must not block ordinary diversification
  ok   three losing trades on ONE close plus one on another is TWO losing closes, not four (2) -- tonight three fills on one NEAR market spent the whole 3-loss budget on a SINGLE draw
  ok   so one bad close can no longer exhaust a 3-close brake by itself, which is what 'three losses is roughly a 1% event' actually assumed
  ok   two fills on the SAME ticker occupy TWO entries -- keyed by order id, the second cannot overwrite the first
  ok   and open exposure is the SUM of both stakes ($36.82), not just the last
  ok   releasing ONE of them leaves the ticker still referenced, so the position record must NOT be dropped yet
  ok   and only when the last one goes is the ticker free -- the null, so a release cannot fire early
  ok   and NOTHING in the loop still keys open_pos by ticker
  ok   attempts (8) are capped ABOVE fills (2) -- separate budgets, because a lost race should cost a retry but not a fill slot
  ok   and the attempt cap is small enough that a 20 Hz loop cannot spam (8)
  ok   the attempt cap is actually READ in the loop, not merely defined
  ok   and an attempt is counted BEFORE the order is sent, so a send that never returns still consumes one
  ok   a RETURNED refusal is counted as an order error -- take() does not raise, so nothing noticed 160 refusals in a row
  ok   pintake's own count rail is below its hard ceiling (10 <= 25)
  pintake rails raised: MAX_TAKE_COUNT 10 -> 15  (selftest)
  ok   set_limits RAISES the count rail so it can never be the thing that silently blocks a bigger size again
  ok   and it REFUSES to lower it
  ok   the fixture buys exactly MAX_PER_CLOSE times (2)
  ok   and every later buy is at least IMPROVE_BY cheaper -- so the marginal trade cap 3 adds is the CHEAPEST of the close, which is why it cannot degrade the average price paid
  ok   three fills commit $38.80, the sum of their stakes, not three times the first
  ok   and that is at or below the $40 worst case the deployment rail sizes the brake against -- the rail is conservative, as it must be
  ok   and releasing all three gives back EXACTLY what was committed
  ok   the forward loss bound tolerates all three open ($38.80 vs a $-90.00 brake)
  ok   --max-positions equal to the cap (2) REFUSES the last fill once a straggler is still open, which is why it must be at least MAX_PER_CLOSE + 1 (position cap: 2 open >= 2)
  ok   2 losses does NOT halt a run whose brake is 3
  ok   3 losses DOES halt it, on COUNT and not on dollars (loss COUNT brake: 3 losing trades this run >= 3; stop and re-measure the flip rate)
  ok   and max_losses=0 DISABLES it -- the null, so the brake cannot fire on a run that never asked for it
  ok   MIN_FILL_FRAC is a fraction (0.5)
  ok   a deep book fills the whole size we asked for
  ok   a 7-contract offer at size 10 is TAKEN as a partial, not thrown away -- the old dust gate refused it outright
  ok   but a 4-contract scrap at size 10 is still refused: below half, a tiny fill burns a scale-in slot and raises the improve bar, which measured WORSE than not trading
  ok   sub-contract dust is refused at every size (MIN_LEVEL)
  ok   a partial can only ever LOWER the contracts bought, never raise them, so this amendment cannot increase exposure
  ok   a filled buy books a slot and sets the improve bar
  ok   a second fill books the second slot and LOWERS the bar to the better price
  ok   and 2 FILLS still exhaust the close -- max exposure is UNCHANGED by this amendment, only wasted attempts are recovered
  ok   STRUCTURAL: the live slot is booked AFTER the order returns, so a zero-fill cannot burn it
  ok   and it is booked only inside the filled>0 branch
  ok   take() is called with take_n, the contracts actually available, not the raw SIZE
  ok   an EMPTY close reports NO depth rather than a zero -- a close where nothing was offered must not look like a close offering 0 contracts
  ok   depth percentiles come back sorted (median 30.0)
  ok   the size ladder counts moments that SURVIVE each size (4 at 5, 2 at 125)
  ok   at size 1 every offered moment survives -- the ladder's own null
  ok   a single 7-contract offer survives at size 5 but NOT at size 10, which is exactly the opportunity cost of scaling
  ok   EV is ~zero exactly at p = 1 - flip = 0.9910 (got -0.070c)
  ok   a trade at 99.6c is NEGATIVE EV (-0.53c) -- matches the 2026-09-08 live trades
  ok   a trade at 99.3c is NEGATIVE EV (-0.25c) -- matches the 2026-09-08 live trades
  ok   a trade at 99.2c is NEGATIVE EV (-0.16c) -- matches the 2026-09-08 live trades
  ok   a trade at 99.1c is NEGATIVE EV (-0.07c) -- matches the 2026-09-08 live trades
  ok   a trade at 97.9c is positive EV (+1.05c) -- matches the 2026-09-08 live trades
  ok   a trade at 94.7c is positive EV (+4.04c) -- matches the 2026-09-08 live trades
  ok   the EV floor puts the price ceiling between 98c and 99c
  ok   a higher flip rate makes even 95c negative (the gate tracks f)
  ok   net edge subtracts the taker fee (0.430c at p=0.99)
  ok   billed fee at p=0.95 is $0.0034, not the raw $0.003325 (0.0034)
  ok   the billed fee is never below the raw formula (conservative)
  ok   the billed fee on 0.01 contracts is the $0.0001 floor (0.0001)
  ok   at --size 0.01 a 0.9c gross edge is NEGATIVE once the order's own fee is charged (-0.100c), where the one-contract fee would have called it +0.83c
  ok   edge sign behaves at the boundary
  ok   NO-side edge is (1-fair) - price - fee
  ok   YES take is a bid at the seen price (bid 0.9910)
  ok   NO take at 0.989 is an ask at 0.0110 = the yes bid we hit (ask 0.0110)
  ok   a NO take at 0.989 costs $0.989, not $0.011 ($0.9890)
  ok   both bodies have post_only False -- pin must cross, never rest
  ok   tif never rests (immediate_or_cancel)
  ok   stale index reports its age (30s)
  ok   on_frame parses a real cfbenchmarks_value frame
  ok   junk and off-channel frames are counted, not fatal
  ok   pintake ledger has the key the abort reads: 'halt'
  ok   pintake ledger has the key the abort reads: 'realised'
  ok   pintake ledger has the key the abort reads: 'committed'
  ok   pintake ledger has the key the abort reads: 'positions'
  ok   every ledger key the abort reads exists (['committed', 'halt', 'losses', 'positions', 'realised'])
  ok   abort fires on realised -3.00 vs limit -2.00 (loss abort: realised $-3.00 <= $-2.00)
  ok   abort fires at the stake cap (stake cap reached: $60.00 committed)
  ok   abort fires on a pintake halt (pintake halted: unknown order state)
  ok   abort fires FORWARD: $1.20 open plus one more contract would pass -$2.00 (loss bound: realised $+0.00 with $1.20 still open; one more contract could take this run past $-2.00)
  ok   $0.90 open still leaves room for one more contract (None)
  ok   abort fires on order-path errors, which the universe pass cannot reset (2 errors on the ORDER path)
  ok   a settled position releases its FULL stake at size 1 (committed 0.0000, was 0.9750)
  ok   a settled position releases its FULL stake at size 5 (committed 0.0000, was 4.8750)
  ok   a settled position releases its FULL stake at size 8 (committed 0.0000, was 7.8000)
  ok   a settled position releases its FULL stake at size 10 (committed 0.0000, was 9.7500)
  ok   a settled position releases its FULL stake at size 25 (committed 0.0000, was 24.3750)
  ok   and releasing only ONE contract at size 5 LEAKS $3.9000 -- the bug this test now catches, stated as a positive so it cannot pass vacuously
  ok   P&L is booked to realised, which the abort reads
  ok   every exit path releases the stake -- finalized, both give-ups, and the definition (4 references)
  ok   pintake ships a size-1 loss abort of $-2.00
  ok   ONE ordinary loss at size 5 is $-4.88, which is past that default -- so an unraised order path dies on the first loss
  pintake rails raised: LOSS_ABORT $-2.00 -> $-30.00  (selftest)
  ok   set_limits LOOSENS the order-path brake to match the run's own
  ok   and it REFUSES to tighten -- a hidden brake tighter than the operator's is not a brake, it is an outage
  ok   risk_abort() runs before the first `continue` in the loop
  ok   no direct send path in this file (found [])
  ok   take() is called with the market's exchange_index, not the default 0
  ok   exchange_index is read from the market record in the universe pass
  ok   zrough is ~1.0 on a feed whose roughness never changes (got 0.98)
  ok   a calm board reads X~0.92 with 0 coins moving
  ok   coin A's OWN volatility spike leaves A's cross index EXACTLY unchanged -- otherwise this is the refuted own-sigma filter under a new name
  ok   but A's OWN roughness does spike (10.9 vs 0.98)
  ok   and B DOES see it: X 0.92 -> 2.34, 1 coin(s) moving
  ok   tick retention (4000) covers the 3600s baseline the ratio is divided by
  ok   a revised print does not change how many seconds we hold, so (newest, count) alone cannot detect it
  ok   and it STILL busts the cache -- a revised print must not be served stale from a conditions read
  ok   while an identical duplicate does NOT bust it -- otherwise every repeated frame recomputes a 3600-second window on the order path
  ok   and the signal record actually carries the conditions columns
SELF-TEST PASSED
  MODE LIVE size 1   tau<=30s  pin 0.995  edge>=0.3c net  loss abort $-60.00  SIZE 20
  log C:\kals-repo\results\pinrun-live-20260910T083328Z.jsonl
  pintake rails raised: MAX_TAKE_COUNT 10 -> 20; LOSS_ABORT $-2.00 -> $-60.00; MAX_RUN_STAKE $60.00 -> $130.00  (size 20, worst close $40.00)
  ARMED: https://api.elections.kalshi.com/trade-api/v2  key b48b406b...  stake cap $130.00
  index up: 11 ticks, 11 feeds
  SIGNAL KXBNB15M-26SEP100515-15 tau=17s buy NO @0.9790 fair 0.0024 edge +1.72c size 120.32 taking 20
    ORDER -> status executed filled 20.0 @ 0.979 fee 0.0014
  close 09:15Z: 4127 looks, best was KXBNB15M-26SEP100515-1 NO @0.9790 edge +1.72c (need +0.3c) -> FIRED
  SETTLED KXBNB15M-26SEP100515-15 no vs no -> +39.12c (run realised $+0.3912)
  SIGNAL KXBNB15M-26SEP100530-30 tau=5s buy NO @0.9800 fair 0.0001 edge +1.85c size 55.00 taking 20
    ORDER -> status executed filled 20.0 @ 0.98 fee 0.0013
  close 09:30Z: 4304 looks, best was KXBNB15M-26SEP100530-3 NO @0.9800 edge +1.85c (need +0.3c) -> FIRED
  SETTLED KXBNB15M-26SEP100530-30 no vs no -> +37.25c (run realised $+0.7637)
  close 09:45Z: 4315 looks, best was KXBTC15M-26SEP100545-4 NO @0.9950 edge +0.47c (need +0.3c) -> no trade
  SIGNAL KXBTC15M-26SEP100600-00 tau=24s buy NO @0.9790 fair 0.0032 edge +1.64c size 18.02 taking 18.02
    ORDER -> status executed filled 18.02 @ 0.979 fee 0.0014
  close 10:00Z: 3939 looks, best was KXETH15M-26SEP100600-0 YES @0.9770 edge +1.96c (need +0.3c) -> FIRED
  SETTLED KXBTC15M-26SEP100600-00 no vs no -> +35.24c (run realised $+1.1161)
  close 10:15Z: 4277 looks, best was KXBTC15M-26SEP100615-1 YES @0.9870 edge +1.21c (need +0.3c) -> no trade
  close 10:30Z: 4334 looks, best was KXBTC15M-26SEP100630-3 NO @0.9890 edge +1.01c (need +0.3c) -> no trade
  SIGNAL KXBTC15M-26SEP100645-45 tau=30s buy YES @0.9740 fair 0.9992 edge +2.35c size 396.01 taking 20
    ORDER -> status executed filled 20.0 @ 0.974 fee 0.0017
  close 10:45Z: 3982 looks, best was KXBTC15M-26SEP100645-4 YES @0.9740 edge +2.35c (need +0.3c) -> FIRED
  SETTLED KXBTC15M-26SEP100645-45 yes vs yes -> +48.45c (run realised $+1.6006)
  close 11:00Z: 4464 looks, 4464 decided, 4464 decided-but-nothing-offered, 0 undecided
  SIGNAL KXXRP15M-26SEP100715-15 tau=23s buy NO @0.9660 fair 0.0036 edge +2.81c size 19.84 taking 19.84
    ORDER -> status executed filled 19.84 @ 0.966 fee 0.0023
  SIGNAL KXXRP15M-26SEP100715-15 tau=20s buy NO @0.9580 fair 0.0004 edge +3.88c size 200.00 taking 20
    ORDER -> status canceled filled 0.0 @ None fee None
  close 11:15Z: 3573 looks, best was KXXRP15M-26SEP100715-1 NO @0.9580 edge +3.88c (need +0.3c) -> FIRED
  SETTLED KXXRP15M-26SEP100715-15 no vs no -> +62.89c (run realised $+2.2295)
  SIGNAL KXZEC15M-26SEP100730-30 tau=6s buy YES @0.9500 fair 0.9989 edge +4.55c size 21.00 taking 20
    ORDER -> status executed filled 20.0 @ 0.933 fee 0.0043
  close 11:30Z: 4368 looks, best was KXZEC15M-26SEP100730-3 YES @0.9500 edge +4.55c (need +0.3c) -> FIRED
  SETTLED KXZEC15M-26SEP100730-30 yes vs yes -> +125.24c (run realised $+3.4819)
  SIGNAL KXSOL15M-26SEP100745-45 tau=16s buy YES @0.9800 fair 0.9953 edge +1.39c size 264.84 taking 20
    ORDER -> status executed filled 20.0 @ 0.98 fee 0.0013
  close 11:45Z: 3983 looks, best was KXNEAR15M-26SEP100745- YES @0.9750 edge +2.29c (need +0.3c) -> FIRED
  SETTLED KXSOL15M-26SEP100745-45 yes vs yes -> +37.25c (run realised $+3.8544)
  close 12:00Z: 4455 looks, best was KXDOGE15M-26SEP100800- NO @0.9980 edge +0.19c (need +0.3c) -> no trade
  SIGNAL KXXRP15M-26SEP100815-15 tau=30s buy NO @0.9650 fair 0.0046 edge +2.80c size 243.00 taking 20
    ORDER -> status executed filled 20.0 @ 0.965 fee 0.0023
  close 12:15Z: 3938 looks, best was KXXRP15M-26SEP100815-1 NO @0.9650 edge +2.80c (need +0.3c) -> FIRED
  SETTLED KXXRP15M-26SEP100815-15 no vs no -> +65.27c (run realised $+4.5071)
  SIGNAL KXBNB15M-26SEP100830-30 tau=22s buy YES @0.8600 fair 0.9973 edge +12.89c size 19.12 taking 19.12
    ORDER -> status canceled filled 0.0 @ None fee None
  SIGNAL KXBNB15M-26SEP100830-30 tau=22s buy YES @0.8900 fair 0.9973 edge +10.05c size 30.07 taking 20
    ORDER -> status executed filled 20.0 @ 0.89 fee 0.0068
  close 12:30Z: 4083 looks, best was KXBNB15M-26SEP100830-3 YES @0.8600 edge +12.89c (need +0.3c) -> FIRED
  SETTLED KXBNB15M-26SEP100830-30 yes vs yes -> +206.29c (run realised $+6.5700)
  SIGNAL KXNEAR15M-26SEP100845-45 tau=20s buy YES @0.9390 fair 0.9958 edge +5.28c size 60.00 taking 20
    ORDER -> status executed filled 20.0 @ 0.939 fee 0.004
  close 12:45Z: 3529 looks, best was KXNEAR15M-26SEP100845- YES @0.9390 edge +5.28c (need +0.3c) -> FIRED
  SETTLED KXNEAR15M-26SEP100845-45 yes vs yes -> +113.98c (run realised $+7.7098)
  close 13:00Z: 4238 looks, best was KXNEAR15M-26SEP100900- NO @0.9960 edge +0.37c (need +0.3c) -> no trade
  close 13:15Z: 4268 looks, best was KXBNB15M-26SEP100915-1 NO @0.9930 edge +0.65c (need +0.3c) -> no trade
  close 13:30Z: 4231 looks, 4231 decided, 4231 decided-but-nothing-offered, 0 undecided
  close 13:45Z: 4180 looks, best was KXBTC15M-26SEP100945-4 YES @0.9890 edge +0.88c (need +0.3c) -> no trade
  close 14:00Z: 4285 looks, best was KXZEC15M-26SEP101000-0 YES @0.9910 edge +0.78c (need +0.3c) -> no trade
  close 14:15Z: 4195 looks, best was KXXRP15M-26SEP101015-1 NO @0.9840 edge +1.24c (need +0.3c) -> no trade
  close 14:30Z: 4437 looks, best was KXNEAR15M-26SEP101030- YES @0.9980 edge +0.19c (need +0.3c) -> no trade
  SIGNAL KXBNB15M-26SEP101045-45 tau=9s buy YES @0.9400 fair 0.9983 edge +5.43c size 21.51 taking 20
    ORDER -> status canceled filled 0.0 @ None fee None
  SIGNAL KXBNB15M-26SEP101045-45 tau=9s buy YES @0.9470 fair 0.9983 edge +4.78c size 60.00 taking 20
    ORDER -> status partially_filled_then_canceled filled 13.0 @ 0.946 fee 0.0035
  close 14:45Z: 4068 looks, best was KXBNB15M-26SEP101045-4 YES @0.9400 edge +5.43c (need +0.3c) -> FIRED
  SETTLED KXBNB15M-26SEP101045-45 yes vs yes -> +65.55c (run realised $+8.3653)
  SIGNAL KXDOGE15M-26SEP101100-00 tau=30s buy YES @0.9780 fair 0.9992 edge +1.97c size 88.00 taking 20
    ORDER -> status canceled filled 0.0 @ None fee None
  SIGNAL KXSOL15M-26SEP101100-00 tau=26s buy YES @0.9760 fair 0.9965 edge +1.89c size 10.00 taking 10
    ORDER -> status executed filled 10.0 @ 0.976 fee 0.0016
  close 15:00Z: 3918 looks, best was KXDOGE15M-26SEP101100- YES @0.9780 edge +1.97c (need +0.3c) -> FIRED
  SETTLED KXSOL15M-26SEP101100-00 yes vs yes -> +22.36c (run realised $+8.5889)
  close 15:15Z: 4437 looks, best was KXBNB15M-26SEP101115-1 NO @0.9950 edge +0.46c (need +0.3c) -> no trade
  close 15:30Z: 4419 looks, 4419 decided, 4419 decided-but-nothing-offered, 0 undecided
  SIGNAL KXSOL15M-26SEP101145-45 tau=14s buy NO @0.9270 fair 0.0018 edge +6.64c size 24.00 taking 20
    ORDER -> status canceled filled 0.0 @ None fee None
  SIGNAL KXSOL15M-26SEP101145-45 tau=14s buy NO @0.9280 fair 0.0018 edge +6.55c size 200.00 taking 20
    ORDER -> status executed filled 20.0 @ 0.927 fee 0.0047
  close 15:45Z: 4173 looks, best was KXSOL15M-26SEP101145-4 NO @0.9270 edge +6.64c (need +0.3c) -> FIRED
  SETTLED KXSOL15M-26SEP101145-45 no vs no -> +136.52c (run realised $+9.9541)
  SIGNAL KXBNB15M-26SEP101200-00 tau=16s buy YES @0.9170 fair 0.9955 edge +7.32c size 60.00 taking 20
    ORDER -> status canceled filled 0.0 @ None fee None
  SIGNAL KXBNB15M-26SEP101200-00 tau=14s buy YES @0.9790 fair 0.9997 edge +1.93c size 69.00 taking 20
    ORDER -> status executed filled 20.0 @ 0.9624 fee 0.0025
  SIGNAL KXZEC15M-26SEP101200-00 tau=5s buy YES @0.8400 fair 0.9986 edge +14.92c size 333.70 taking 20
    ORDER -> status canceled filled 0.0 @ None fee None
  close 16:00Z: 4086 looks, best was KXZEC15M-26SEP101200-0 YES @0.8400 edge +14.92c (need +0.3c) -> FIRED
  SETTLED KXBNB15M-26SEP101200-00 yes vs yes -> +70.13c (run realised $+10.6554)
  close 16:15Z: 4383 looks, 4383 decided, 4383 decided-but-nothing-offered, 0 undecided
  close 16:30Z: 4419 looks, best was KXETH15M-26SEP101230-3 YES @0.9980 edge +0.19c (need +0.3c) -> no trade
  SIGNAL KXETH15M-26SEP101245-45 tau=24s buy YES @0.9700 fair 0.9989 edge +2.68c size 74.48 taking 20
    ORDER -> status executed filled 20.0 @ 0.97 fee 0.002
  close 16:45Z: 4022 looks, best was KXETH15M-26SEP101245-4 YES @0.9700 edge +2.68c (need +0.3c) -> FIRED
  SETTLED KXETH15M-26SEP101245-45 yes vs yes -> +55.92c (run realised $+11.2146)
  close 17:00Z: 4167 looks, 4167 decided, 4167 decided-but-nothing-offered, 0 undecided
  SIGNAL KXBNB15M-26SEP101315-15 tau=4s buy YES @0.9500 fair 0.9998 edge +4.64c size 60.00 taking 20
    ORDER -> status executed filled 20.0 @ 0.925 fee 0.0048
  close 17:15Z: 4184 looks, best was KXBNB15M-26SEP101315-1 YES @0.9500 edge +4.64c (need +0.3c) -> FIRED
  SETTLED KXBNB15M-26SEP101315-15 yes vs yes -> +140.28c (run realised $+12.6174)
  SIGNAL KXNEAR15M-26SEP101330-30 tau=16s buy NO @0.9760 fair 0.0000 edge +2.23c size 36.78 taking 20
    ORDER -> status canceled filled 0.0 @ None fee None
  SIGNAL KXHYPE15M-26SEP101330-30 tau=10s buy YES @0.9680 fair 0.9953 edge +2.51c size 43.41 taking 20
    ORDER -> status canceled filled 0.0 @ None fee None
  SIGNAL KXHYPE15M-26SEP101330-30 tau=10s buy YES @0.9720 fair 0.9953 edge +2.14c size 10.00 taking 10
    ORDER -> status partially_filled_then_canceled filled 3.0 @ 0.972 fee 0.0019
  close 17:30Z: 4043 looks, best was KXHYPE15M-26SEP101330- YES @0.9680 edge +2.51c (need +0.3c) -> FIRED
  SETTLED KXHYPE15M-26SEP101330-30 yes vs yes -> +7.82c (run realised $+12.6956)
  close 17:45Z: 4248 looks, best was KXSOL15M-26SEP101345-4 YES @0.9990 edge +0.09c (need +0.3c) -> no trade
  close 18:00Z: 4293 looks, best was KXETH15M-26SEP101400-0 YES @0.9950 edge +0.45c (need +0.3c) -> no trade
  close 18:15Z: 4275 looks, best was KXNEAR15M-26SEP101415- YES @0.9980 edge +0.18c (need +0.3c) -> no trade
  SIGNAL KXXRP15M-26SEP101430-30 tau=30s buy YES @0.9790 fair 0.9995 edge +1.91c size 61.00 taking 20
    ORDER -> status executed filled 20.0 @ 0.979 fee 0.0014
  close 18:30Z: 3977 looks, best was KXXRP15M-26SEP101430-3 YES @0.9790 edge +1.92c (need +0.3c) -> FIRED
  SETTLED KXXRP15M-26SEP101430-30 yes vs yes -> +39.12c (run realised $+13.0868)
  close 18:45Z: 4248 looks, best was KXXRP15M-26SEP101445-4 NO @0.9960 edge +0.37c (need +0.3c) -> no trade
  close 19:00Z: 4401 looks, 4401 decided, 4401 decided-but-nothing-offered, 0 undecided
  SIGNAL KXBNB15M-26SEP101515-15 tau=14s buy NO @0.9750 fair 0.0000 edge +2.32c size 16.75 taking 16.75
    ORDER -> status executed filled 16.75 @ 0.973 fee 0.0018
  close 19:15Z: 4187 looks, best was KXBNB15M-26SEP101515-1 NO @0.9750 edge +2.32c (need +0.3c) -> FIRED
  SETTLED KXBNB15M-26SEP101515-15 no vs no -> +42.14c (run realised $+13.5081)
  SIGNAL KXHYPE15M-26SEP101530-30 tau=18s buy NO @0.9700 fair 0.0019 edge +2.61c size 28.00 taking 20
    ORDER -> status canceled filled 0.0 @ None fee None
  close 19:30Z: 4306 looks, best was KXHYPE15M-26SEP101530- NO @0.9700 edge +2.61c (need +0.3c) -> no trade
  SIGNAL KXSOL15M-26SEP101545-45 tau=24s buy NO @0.9570 fair 0.0000 edge +4.01c size 211.53 taking 20
    ORDER -> status executed filled 20.0 @ 0.919 fee 0.0052
  close 19:45Z: 3994 looks, best was KXSOL15M-26SEP101545-4 NO @0.9570 edge +4.01c (need +0.3c) -> FIRED
  SETTLED KXSOL15M-26SEP101545-45 no vs no -> +151.57c (run realised $+15.0238)
  close 20:00Z: 4408 looks, best was KXNEAR15M-26SEP101600- NO @0.9870 edge +1.21c (need +0.3c) -> no trade
  close 20:15Z: 4419 looks, 4419 decided, 4419 decided-but-nothing-offered, 0 undecided
  SIGNAL KXSOL15M-26SEP101630-30 tau=3s buy YES @0.9190 fair 0.9997 edge +7.55c size 26.62 taking 20
    ORDER -> status canceled filled 0.0 @ None fee None
  SIGNAL KXSOL15M-26SEP101630-30 tau=3s buy YES @0.9300 fair 0.9997 edge +6.51c size 150.39 taking 20
    ORDER -> status executed filled 20.0 @ 0.93 fee 0.0045
  close 20:30Z: 4026 looks, best was KXSOL15M-26SEP101630-3 YES @0.9190 edge +7.55c (need +0.3c) -> FIRED
  SETTLED KXSOL15M-26SEP101630-30 yes vs yes -> +130.88c (run realised $+16.3326)
  close 20:45Z: 4312 looks, best was KXBTC15M-26SEP101645-4 YES @0.9900 edge +0.93c (need +0.3c) -> no trade
  SIGNAL KXSOL15M-26SEP101700-00 tau=10s buy NO @0.9000 fair 0.0045 edge +8.92c size 155.51 taking 20
    ORDER -> status canceled filled 0.0 @ None fee None
  SIGNAL KXSOL15M-26SEP101700-00 tau=10s buy NO @0.9090 fair 0.0045 edge +8.07c size 200.00 taking 20
    ORDER -> status executed filled 20.0 @ 0.909 fee 0.0057
  close 21:00Z: 4201 looks, best was KXSOL15M-26SEP101700-0 NO @0.9000 edge +8.92c (need +0.3c) -> FIRED
  SETTLED KXSOL15M-26SEP101700-00 no vs no -> +170.41c (run realised $+18.0367)
  SIGNAL KXBTC15M-26SEP101715-15 tau=30s buy NO @0.9780 fair 0.0000 edge +2.05c size 753.02 taking 20
    ORDER -> status canceled filled 0.0 @ None fee None
  SIGNAL KXZEC15M-26SEP101715-15 tau=30s buy NO @0.9750 fair 0.0018 edge +2.15c size 64.31 taking 20
    ORDER -> status partially_filled_then_canceled filled 8.0 @ 0.975 fee 0.0017
  close 21:15Z: 4084 looks, best was KXBTC15M-26SEP101715-1 NO @0.9730 edge +2.52c (need +0.3c) -> FIRED
  SETTLED KXZEC15M-26SEP101715-15 no vs no -> +18.63c (run realised $+18.2230)
  SIGNAL KXETH15M-26SEP101730-30 tau=14s buy YES @0.9590 fair 0.9959 edge +3.42c size 300.00 taking 20
    ORDER -> status executed filled 20.0 @ 0.959 fee 0.0027
  close 21:30Z: 3912 looks, best was KXETH15M-26SEP101730-3 YES @0.9590 edge +3.42c (need +0.3c) -> FIRED
  SETTLED KXETH15M-26SEP101730-30 yes vs yes -> +76.49c (run realised $+18.9879)
  close 21:45Z: 4137 looks, best was KXDOGE15M-26SEP101745- NO @0.9830 edge +1.34c (need +0.3c) -> no trade
  close 22:00Z: 3983 looks, best was KXBTC15M-26SEP101800-0 NO @0.9810 edge +1.77c (need +0.3c) -> no trade
  SIGNAL KXDOGE15M-26SEP101815-15 tau=17s buy NO @0.9740 fair 0.0045 edge +1.98c size 81.29 taking 20
    ORDER -> status canceled filled 0.0 @ None fee None
  SIGNAL KXDOGE15M-26SEP101815-15 tau=11s buy NO @0.5300 fair 0.0000 edge +45.26c size 150.00 taking 20
    ORDER -> status executed filled 20.0 @ 0.0998 fee 0.0062
  close 22:15Z: 3916 looks, best was KXDOGE15M-26SEP101815- NO @0.5300 edge +45.26c (need +0.3c) -> FIRED
  *** A LOSS. losing trades 1, losing CLOSES 1 (the brake counts closes) ***
  SETTLED KXDOGE15M-26SEP101815-15 no vs yes -> -212.18c (run realised $+16.8661)
  SIGNAL KXBTC15M-26SEP101830-30 tau=25s buy NO @0.9800 fair 0.0000 edge +1.86c size 828.02 taking 20
    ORDER -> status executed filled 20.0 @ 0.9779 fee 0.0015
  close 22:30Z: 3741 looks, best was KXBTC15M-26SEP101830-3 NO @0.9800 edge +1.86c (need +0.3c) -> FIRED
  SETTLED KXBTC15M-26SEP101830-30 no vs no -> +41.17c (run realised $+17.2778)
  close 22:45Z: 4239 looks, 4239 decided, 4239 decided-but-nothing-offered, 0 undecided
  SIGNAL KXNEAR15M-26SEP101900-00 tau=22s buy NO @0.9790 fair 0.0035 edge +1.61c size 14.98 taking 14.98
    ORDER -> status canceled filled 0.0 @ None fee None
  SIGNAL KXNEAR15M-26SEP101900-00 tau=22s buy NO @0.9800 fair 0.0035 edge +1.51c size 20.19 taking 20
    ORDER -> status executed filled 20.0 @ 0.98 fee 0.0013
  close 23:00Z: 3868 looks, best was KXNEAR15M-26SEP101900- NO @0.9790 edge +1.61c (need +0.3c) -> FIRED
  SETTLED KXNEAR15M-26SEP101900-00 no vs no -> +37.25c (run realised $+17.6503)
  close 23:15Z: 4374 looks, 4374 decided, 4374 decided-but-nothing-offered, 0 undecided
  SIGNAL KXZEC15M-26SEP101930-30 tau=29s buy NO @0.9760 fair 0.0001 edge +2.22c size 35.05 taking 20
    ORDER -> status canceled filled 0.0 @ None fee None
  close 23:30Z: 4345 looks, best was KXZEC15M-26SEP101930-3 NO @0.9760 edge +2.22c (need +0.3c) -> no trade
