SELF-TEST -- pinrun
  ok   all 60 prints locked at now=close (remaining 0)
  ok   locked sum excludes tick@close and includes tick@close-60 (5900.0, expected 5900.0)
  ok   decided yes on the corrected window (fair 1.0)
  ok   old and new windows genuinely differ on this fixture
  ok   eff_strike(2492.82, d=2) == 2492.815
  ok   rounding-aware fair calls the real ETH market YES (1.0)
  ok   the un-rounded model calls it NO (0.0) -- the -90.91c loss
  ok   the locked window ends at the newest print HELD, not at now (remaining 3, locked 58596.0)
  ok   with the newest print in flight on a rising index the corrected model says YES (fair 1.0000); mean-imputation said NO (fair 0.0000) -- a wrong-side buy at ~99c
  ok   an interior gap takes the nearest print (6899.0, expected 6899.0; the window-mean rule would say 6914.2)
  ok   partial refuses a window missing more than 5% of its prints
  ok   two fills on the SAME ticker occupy TWO entries -- keyed by order id, the second cannot overwrite the first
  ok   and open exposure is the SUM of both stakes ($36.82), not just the last
  ok   releasing ONE of them leaves the ticker still referenced, so the position record must NOT be dropped yet
  ok   and only when the last one goes is the ticker free -- the null, so a release cannot fire early
  ok   and NOTHING in the loop still keys open_pos by ticker
  ok   attempts (8) are capped ABOVE fills (3) -- separate budgets, because a lost race should cost a retry but not a fill slot
  ok   and the attempt cap is small enough that a 20 Hz loop cannot spam (8)
  ok   the attempt cap is actually READ in the loop, not merely defined
  ok   and an attempt is counted BEFORE the order is sent, so a send that never returns still consumes one
  ok   a RETURNED refusal is counted as an order error -- take() does not raise, so nothing noticed 160 refusals in a row
  ok   pintake's own count rail is below its hard ceiling (10 <= 25)
  pintake rails raised: MAX_TAKE_COUNT 10 -> 15  (selftest)
  ok   set_limits RAISES the count rail so it can never be the thing that silently blocks a bigger size again
  ok   and it REFUSES to lower it
  ok   the fixture buys exactly MAX_PER_CLOSE times (3)
  ok   and every later buy is at least IMPROVE_BY cheaper -- so the marginal trade cap 3 adds is the CHEAPEST of the close, which is why it cannot degrade the average price paid
  ok   three fills commit $57.60, the sum of their stakes, not three times the first
  ok   and that is BELOW the $60 worst case the deployment rail sizes the brake against -- the rail is conservative, as it must be
  ok   and releasing all three gives back EXACTLY what was committed
  ok   the forward loss bound tolerates all three open ($57.60 vs a $-90.00 brake)
  ok   but --max-positions 3 would REFUSE the third plus any straggler from the previous close, which is why it must be 4 (position cap: 3 open >= 3)
  ok   2 losses does NOT halt a run whose brake is 3
  ok   3 losses DOES halt it, on COUNT and not on dollars (loss COUNT brake: 3 losing trades this run >= 3; stop and re-measure the flip rate)
  ok   and max_losses=0 DISABLES it -- the null, so the brake cannot fire on a run that never asked for it
  ok   MIN_FILL_FRAC is a fraction (0.5)
  ok   a deep book fills the whole size we asked for
  ok   a 7-contract offer at size 10 is TAKEN as a partial, not thrown away -- the old dust gate refused it outright
  ok   but a 4-contract scrap at size 10 is still refused: below half, a tiny fill burns a scale-in slot and raises the improve bar, which measured WORSE than not trading
  ok   sub-contract dust is refused at every size (MIN_LEVEL)
  ok   a partial can only ever LOWER the contracts bought, never raise them, so this amendment cannot increase exposure
  ok   a filled buy books a slot and sets the improve bar
  ok   a second fill books the second slot and LOWERS the bar to the better price
  ok   and 3 FILLS still exhaust the close -- max exposure is UNCHANGED by this amendment, only wasted attempts are recovered
  ok   STRUCTURAL: the live slot is booked AFTER the order returns, so a zero-fill cannot burn it
  ok   and it is booked only inside the filled>0 branch
  ok   take() is called with take_n, the contracts actually available, not the raw SIZE
  ok   an EMPTY close reports NO depth rather than a zero -- a close where nothing was offered must not look like a close offering 0 contracts
  ok   depth percentiles come back sorted (median 30.0)
  ok   the size ladder counts moments that SURVIVE each size (4 at 5, 2 at 125)
  ok   at size 1 every offered moment survives -- the ladder's own null
  ok   a single 7-contract offer survives at size 5 but NOT at size 10, which is exactly the opportunity cost of scaling
  ok   EV is ~zero exactly at p = 1 - flip = 0.9910 (got -0.070c)
  ok   a trade at 99.6c is NEGATIVE EV (-0.53c) -- matches the 2026-09-08 live trades
  ok   a trade at 99.3c is NEGATIVE EV (-0.25c) -- matches the 2026-09-08 live trades
  ok   a trade at 99.2c is NEGATIVE EV (-0.16c) -- matches the 2026-09-08 live trades
  ok   a trade at 99.1c is NEGATIVE EV (-0.07c) -- matches the 2026-09-08 live trades
  ok   a trade at 97.9c is positive EV (+1.05c) -- matches the 2026-09-08 live trades
  ok   a trade at 94.7c is positive EV (+4.04c) -- matches the 2026-09-08 live trades
  ok   the EV floor puts the price ceiling between 98c and 99c
  ok   a higher flip rate makes even 95c negative (the gate tracks f)
  ok   net edge subtracts the taker fee (0.430c at p=0.99)
  ok   billed fee at p=0.95 is $0.0034, not the raw $0.003325 (0.0034)
  ok   the billed fee is never below the raw formula (conservative)
  ok   the billed fee on 0.01 contracts is the $0.0001 floor (0.0001)
  ok   at --size 0.01 a 0.9c gross edge is NEGATIVE once the order's own fee is charged (-0.100c), where the one-contract fee would have called it +0.83c
  ok   edge sign behaves at the boundary
  ok   NO-side edge is (1-fair) - price - fee
  ok   YES take is a bid at the seen price (bid 0.9910)
  ok   NO take at 0.989 is an ask at 0.0110 = the yes bid we hit (ask 0.0110)
  ok   a NO take at 0.989 costs $0.989, not $0.011 ($0.9890)
  ok   both bodies have post_only False -- pin must cross, never rest
  ok   tif never rests (immediate_or_cancel)
  ok   stale index reports its age (30s)
  ok   on_frame parses a real cfbenchmarks_value frame
  ok   junk and off-channel frames are counted, not fatal
  ok   pintake ledger has the key the abort reads: 'halt'
  ok   pintake ledger has the key the abort reads: 'realised'
  ok   pintake ledger has the key the abort reads: 'committed'
  ok   pintake ledger has the key the abort reads: 'positions'
  ok   every ledger key the abort reads exists (['committed', 'halt', 'losses', 'positions', 'realised'])
  ok   abort fires on realised -3.00 vs limit -2.00 (loss abort: realised $-3.00 <= $-2.00)
  ok   abort fires at the stake cap (stake cap reached: $60.00 committed)
  ok   abort fires on a pintake halt (pintake halted: unknown order state)
  ok   abort fires FORWARD: $1.20 open plus one more contract would pass -$2.00 (loss bound: realised $+0.00 with $1.20 still open; one more contract could take this run past $-2.00)
  ok   $0.90 open still leaves room for one more contract (None)
  ok   abort fires on order-path errors, which the universe pass cannot reset (2 errors on the ORDER path)
  ok   a settled position releases its FULL stake at size 1 (committed 0.0000, was 0.9750)
  ok   a settled position releases its FULL stake at size 5 (committed 0.0000, was 4.8750)
  ok   a settled position releases its FULL stake at size 8 (committed 0.0000, was 7.8000)
  ok   a settled position releases its FULL stake at size 10 (committed 0.0000, was 9.7500)
  ok   a settled position releases its FULL stake at size 25 (committed 0.0000, was 24.3750)
  ok   and releasing only ONE contract at size 5 LEAKS $3.9000 -- the bug this test now catches, stated as a positive so it cannot pass vacuously
  ok   P&L is booked to realised, which the abort reads
  ok   every exit path releases the stake -- finalized, both give-ups, and the definition (4 references)
  ok   pintake ships a size-1 loss abort of $-2.00
  ok   ONE ordinary loss at size 5 is $-4.88, which is past that default -- so an unraised order path dies on the first loss
  pintake rails raised: LOSS_ABORT $-2.00 -> $-30.00  (selftest)
  ok   set_limits LOOSENS the order-path brake to match the run's own
  ok   and it REFUSES to tighten -- a hidden brake tighter than the operator's is not a brake, it is an outage
  ok   risk_abort() runs before the first `continue` in the loop
  ok   no direct send path in this file (found [])
  ok   take() is called with the market's exchange_index, not the default 0
  ok   exchange_index is read from the market record in the universe pass
SELF-TEST PASSED
  MODE LIVE size 1   tau<=30s  pin 0.98  edge>=0.3c net  loss abort $-90.00  SIZE 20
  log C:\kals-repo\results\pinrun-live-20260909T000027Z.jsonl
  pintake rails raised: MAX_TAKE_COUNT 10 -> 20; LOSS_ABORT $-2.00 -> $-90.00; MAX_RUN_STAKE $60.00 -> $190.00  (size 20, worst close $60.00)
  ARMED: https://api.elections.kalshi.com/trade-api/v2  key b48b406b...  stake cap $190.00
  index up: 11 ticks, 11 feeds
  close 00:15Z: 4590 looks, 4590 decided, 4590 decided-but-nothing-offered, 0 undecided
  SIGNAL KXNEAR15M-26SEP082030-30 tau=15s buy YES @0.9780 fair 0.9842 edge +0.47c size 100.77 taking 20
    ORDER -> status executed filled 20.0 @ 0.978 fee 0.0015
  close 00:30Z: 4425 looks, best was KXNEAR15M-26SEP082030- YES @0.9730 edge +2.16c (need +0.3c) -> FIRED
  SETTLED KXNEAR15M-26SEP082030-30 yes vs yes -> +40.98c (run realised $+0.4098)
  SIGNAL KXNEAR15M-26SEP082045-45 tau=22s buy NO @0.9300 fair 0.0183 edge +4.72c size 10.83 taking 10.83
    ORDER -> status canceled filled 0.0 @ None fee None
  SIGNAL KXNEAR15M-26SEP082045-45 tau=22s buy NO @0.9580 fair 0.0183 edge +2.09c size 13.00 taking 13
    ORDER -> status canceled filled 0.0 @ None fee None
  SIGNAL KXNEAR15M-26SEP082045-45 tau=22s buy NO @0.9620 fair 0.0183 edge +1.72c size 60.00 taking 20
    ORDER -> status executed filled 20.0 @ 0.962 fee 0.0025
  SIGNAL KXNEAR15M-26SEP082045-45 tau=21s buy NO @0.9560 fair 0.0124 edge +2.87c size 60.00 taking 20
    ORDER -> status executed filled 20.0 @ 0.956 fee 0.0029
  SIGNAL KXNEAR15M-26SEP082045-45 tau=17s buy NO @0.5300 fair 0.0037 edge +44.88c size 60.00 taking 20
    ORDER -> status canceled filled 0.0 @ None fee None
  SIGNAL KXNEAR15M-26SEP082045-45 tau=17s buy NO @0.7300 fair 0.0017 edge +25.45c size 24.00 taking 20
    ORDER -> status partially_filled_then_canceled filled 19.0 @ 0.73 fee 0.0138
  close 00:45Z: 1936 looks, best was KXNEAR15M-26SEP082045- NO @0.5300 edge +44.88c (need +0.3c) -> FIRED
  *** A LOSS. run losses 1 ***
  SETTLED KXNEAR15M-26SEP082045-45 no vs yes -> -1929.12c (run realised $-18.8814)
  *** A LOSS. run losses 2 ***
  SETTLED KXNEAR15M-26SEP082045-45 no vs yes -> -1917.89c (run realised $-38.0603)
  *** A LOSS. run losses 3 ***
  SETTLED KXNEAR15M-26SEP082045-45 no vs yes -> -1413.22c (run realised $-52.1925)
  *** HALT: loss COUNT brake: 3 losing trades this run >= 3; stop and re-measure the flip rate

  7 signals, 11088 evaluations
  ledger {'committed': 0.0, 'filled_contracts': 79.0, 'filled_dollars': 71.78999999999999, 'fees': 0.4002, 'realised': -52.192499999999995, 'losses': 3, 'sends': 7, 'unknown': 0, 'rested': 0, 'anomalies': [], 'halt': None, 'positions': {}, 'takes': [{'status_code': 201, 'order_id': '01a08392-18a8-7c8d-a9c9-8d92ed2195e6', 'status': 'executed', 'filled': 20.0, 'remaining': 0.0, 'exec_price': 0.978, 'fee': 0.0015, 'fee_total': 0.03, 'client_order_id': 'pin-1788913785079-3e1bdf', 't': 1788913785.175569}, {'kind': 'pnl', 'delta': 0.4098000000000004, 'note': 'KXNEAR15M-26SEP082030-30 yes vs yes', 't': 1788913820.1423259}, {'status_code': 201, 'order_id': '01a0839f-b8f0-77f7-89e8-b94a84afb432', 'status': 'canceled', 'filled': 0.0, 'remaining': 0.0, 'exec_price': None, 'fee': None, 'fee_total': None, 'client_order_id': 'pin-1788914678121-5e3e96', 't': 1788914678.230528}, {'status_code': 201, 'order_id': '01a0839f-b8f0-776c-b180-fc41aefd8854', 'status': 'canceled', 'filled': 0.0, 'remaining': 0.0, 'exec_price': None, 'fee': None, 'fee_total': None, 'client_order_id': 'pin-1788914678283-8e60f6', 't': 1788914678.386549}, {'status_code': 201, 'order_id': '01a0839f-b8f0-70e9-959a-4ce7d2a30bbc', 'status': 'executed', 'filled': 20.0, 'remaining': 0.0, 'exec_price': 0.962, 'fee': 0.0025, 'fee_total': 0.05, 'client_order_id': 'pin-1788914678440-362e0b', 't': 1788914678.542566}, {'status_code': 201, 'order_id': '01a0839f-bcd8-7c7b-bc73-3630bd5c48e3', 'status': 'executed', 'filled': 20.0, 'remaining': 0.0, 'exec_price': 0.956, 'fee': 0.0029, 'fee_total': 0.057999999999999996, 'client_order_id': 'pin-1788914679325-1be6b2', 't': 1788914679.4043655}, {'status_code': 201, 'order_id': '01a0839f-cc78-7ae2-bba0-1b34d05bb5e4', 'status': 'canceled', 'filled': 0.0, 'remaining': 0.0, 'exec_price': None, 'fee': None, 'fee_total': None, 'client_order_id': 'pin-1788914683043-790bca', 't': 1788914683.138294}, {'status_code': 201, 'order_id': '01a0839f-cc78-78ba-9b49-56aa95b37a62', 'status': 'partially_filled_then_canceled', 'filled': 19.0, 'remaining': 0.0, 'exec_price': 0.73, 'fee': 0.0138, 'fee_total': 0.2622, 'client_order_id': 'pin-1788914683192-ab9ca9', 't': 1788914683.2952785}, {'kind': 'pnl', 'delta': -19.2912, 'note': 'KXNEAR15M-26SEP082045-45 no vs yes', 't': 1788914720.114216}, {'kind': 'pnl', 'delta': -19.1789, 'note': 'KXNEAR15M-26SEP082045-45 no vs yes', 't': 1788914735.1811821}, {'kind': 'pnl', 'delta': -14.1322, 'note': 'KXNEAR15M-26SEP082045-45 no vs yes', 't': 1788914750.1553576}]}
  log C:\kals-repo\results\pinrun-live-20260909T000027Z.jsonl
