SELF-TEST -- pinracearm
  ok   pintake (the module that can actually send an order) appears NOWHERE in this file -- nothing here can reach the exchange with an order
  ok   pinrun.arm( (the call that disarms the live bot's guard) appears NOWHERE in this file -- nothing here can reach the exchange with an order
  ok   --live (a flag that could be passed by accident) appears NOWHERE in this file -- nothing here can reach the exchange with an order
  ok   post_only (a maker order field) appears NOWHERE in this file -- nothing here can reach the exchange with an order
  ok   /portfolio/orders (the order endpoint itself) appears NOWHERE in this file -- nothing here can reach the exchange with an order
  ok   the price ceiling is at most 98c -- 99c leaves a cent of upside against a whole dollar of downside
  ok   the edge floor is at least 2c, the bottom of the +2.5c..+4.8c bands RESULTS_coinrace actually measured, not whatever the table allows
  ok   every tau from 2 to 150 lands in exactly one band, and nothing outside
  ok   and all four bands are reachable from the scanned range
  ok   the first look at ETH's 1,081 NO contracts takes 250
  ok   a later look takes only what the book holds BEYOND what we already bought -- 81 once 1,000 are ours, not another 250
  ok   and nothing at all once we hold the whole book, or the book shrank below what we hold -- the arm1 double-count, closed
  ok   NULL: an unreadable book takes nothing
  ok   we never price a race after it has closed
  ok   the scorer walks `known`, not `events` -- `events` is what Kalshi calls OPEN, a race stops being open at its close, and arm1 therefore never scored a single race
  ok   and every discovered race is added to `known` before it can drop out
  ok   fair value: BTC's YES is worth its 93%, ETH's NO is worth 1 - 5%
  ok   NULL: no forecast, or a coin not in the race, is worth nothing known
  ok   and a 93% leader offered at 95c is refused on edge -- the market's price beat the table on the 3:30 PM race exactly like this
  ok   a fresh arm with only ~33 minutes of ticks gets a forecast on the 300 s ruler (got 300), not a refusal and not a pretend hour
  ok   and a 4bp lead with 20 s left on calm independent coins is ~certain (1.000)
  ok   NULL: with no tick history at all it refuses rather than guessing
  ok   the 3:30 PM race bet -- BTC ahead by 1.26bp at 29 s, bought at 78c, lost when ETH passed -- is refused for its tiny lead
  ok   the 4:15 PM race bet -- HYPE 10bp behind with 90 s left, 95c, lost when HYPE came back -- is refused for being too early
  ok   a clear lead offered at only 87c is refused -- a cheap price on a 'clear' lead means the market knows something
  ok   a coin 8bp behind with 12 s left, its NO at 95c, is allowed
  ok   and the pre-book check (no price yet) passes a clear late lead
  ok   with the defaults every arm2 bet is still allowed, so old logs stay reproducible
  ok   95c costs 0.34c to take (0.07*0.95*0.05, rounded up) -- the same function the live bot reconciled against the account
  ok   and the fee SHRINKS toward the ends, which is why the expensive legs are cheaper to trade than they look
  ok   it is largest at a coin flip
  ok   at second 1130 the forecast is 100.0 and NOT pulled toward the 999s sitting at seconds 1150-1159 -- a future print can never enter the sum
  ok   and once those seconds ARRIVE they count: the forecast moves to 249.8
  ok   a fully locked window forecasts itself exactly
  ok   NULL: no spot and no prints forecasts nothing, never a zero
  ok   a complete opening minute averages
  ok   and ONE missing print refuses the whole race rather than averaging 59 -- the denominator is half the settlement rule
  ok   a coin 15bp BEHIND is a NO worth 0.9850 -- not 1.0, because 0 wins in 200 races bounds at 1.50%, not at zero
  ok   a coin 15bp AHEAD is a YES worth 0.9850, bounded the same way
  ok   NULL: with no table at all a leg is worth NOTHING KNOWN, and None is not a number that can clear an edge floor
  ok   so a 21c longshot the table has never seen produces no edge at all -- the case that was worth 50c, and therefore a 29c edge, before this
  ok   and the same at 97c, where the old 0.5 happened to refuse by accident
  ok   something worth 99c bought at 95c earns 4c less the 0.34c fee
  ok   a half-cent of gross edge does NOT clear the 2c floor
  ok   and paying exactly what it is worth LOSES the fee -- the fee is never forgotten by being small
  ok   the arithmetic has no side preference: it is the same subtraction for a 3c longshot that is worth 50c and one that is worth 2c
  ok   the scorer picks the coin with the biggest return out of five
  ok   and every coin rose, which changed nothing -- a common move cannot decide a race
  ok   NULL: one missing print in one coin refuses to score the race at all, rather than scoring it on four legs
  ok   if we hold NO on all four trailers and the leader IS overtaken, three of the four still win -- only the coin that took the lead pays out
  ok   and if the leader HOLDS, all four NOs win -- so the NO side's bad case is 3-of-4 where the YES side's is 0-of-1, a quarter the damage
  ok   the forecast module reads a 0-of-120 cell as 2.5% risk, not zero -- if that ever becomes 0 this arm sizes as though it cannot lose
  ok   and an empty table stands aside both ways rather than guessing
SELF-TEST PASSED

  COIN RACE PAPER ARM -- nothing is ever sent
  size 250, <= 98c, edge floor 0.0c, tau 2-150, one fill per leg per band ['61-151', '30-61', '15-30', '2-15']
  forecast: race_gaptable.json, 198 cells, built 2026-09-15 13:05Z
  log: C:\kals-repo\results\pinracearm-raceedge0.jsonl

  index up: 10 ticks, 5 feeds
  PAPER  -26SEP210530                   ETH  YES 160 @ 95c  tau 20  gap   +2.07bp  worth 0.9620  edge +0.86c
  PAPER  -26SEP210530                   BTC  NO  250 @ 97c  tau 14  gap   -2.63bp  worth 1.0000  edge +2.79c
  SETTLED KXCRYPTOLEAD15M-26SEP210530  ETH   2/2 won  $+14.43
  PAPER  -26SEP210600                   SOL  YES 1 @ 98c  tau 12  gap   +1.18bp  worth 0.9830  edge +0.16c
  SETTLED KXCRYPTOLEAD15M-26SEP210600  SOL   1/1 won  $+0.02
  PAPER  -26SEP210930                   SOL  YES 250 @ 90c  tau 22  gap   +2.41bp  worth 0.9190  edge +1.27c
  SETTLED KXCRYPTOLEAD15M-26SEP210930  SOL   1/1 won  $+23.43
  PAPER  -26SEP211015                   SOL  YES 1 @ 98c  tau 30  gap  +11.61bp  worth 1.0000  edge +1.86c
  SETTLED KXCRYPTOLEAD15M-26SEP211015  SOL   1/1 won  $+0.02
  PAPER  -26SEP211115                   SOL  NO  1 @ 98c  tau 30  gap   -4.09bp  worth 0.9820  edge +0.06c
  SETTLED KXCRYPTOLEAD15M-26SEP211115  BTC   1/1 won  $+0.02
  PAPER  -26SEP211145                   XRP  YES 1 @ 98c  tau 30  gap   +7.02bp  worth 1.0000  edge +1.86c
  SETTLED KXCRYPTOLEAD15M-26SEP211145  XRP   1/1 won  $+0.02
  PAPER  -26SEP211330                   XRP  YES 1 @ 98c  tau 30  gap   +3.20bp  worth 0.9820  edge +0.06c
  PAPER  -26SEP211330                   SOL  NO  1 @ 98c  tau 29  gap   -3.20bp  worth 0.9860  edge +0.46c
  SETTLED KXCRYPTOLEAD15M-26SEP211330  XRP   2/2 won  $+0.04
  PAPER  -26SEP211430                   BTC  NO  11 @ 98c  tau 16  gap   -0.73bp  worth 0.9930  edge +1.16c
  PAPER  -26SEP211430                   ETH  YES 3 @ 98c  tau  2  gap   +0.08bp  worth 0.9970  edge +1.56c
  SETTLED KXCRYPTOLEAD15M-26SEP211430  ETH   2/2 won  $+0.26
  PAPER  -26SEP211545                   BTC  NO  50 @ 97c  tau 18  gap  -10.04bp  worth 1.0000  edge +2.79c
  SETTLED KXCRYPTOLEAD15M-26SEP211545  HYPE  1/1 won  $+1.40
  PAPER  -26SEP211615                   XRP  YES 250 @ 91c  tau  9  gap   +0.47bp  worth 0.9750  edge +5.92c
  SETTLED KXCRYPTOLEAD15M-26SEP211615  XRP   1/1 won  $+21.05
  PAPER  -26SEP211730                   SOL  YES 246 @ 97c  tau 10  gap   +1.15bp  worth 0.9890  edge +1.69c
  SETTLED KXCRYPTOLEAD15M-26SEP211730  SOL   1/1 won  $+6.86
  PAPER  -26SEP211830                   SOL  NO  1 @ 90c  tau 30  gap   -1.85bp  worth 0.9480  edge +4.17c
  PAPER  -26SEP211830                   BTC  NO  3 @ 91c  tau 21  gap   -0.91bp  worth 0.9680  edge +5.22c
  SETTLED KXCRYPTOLEAD15M-26SEP211830  ETH   2/2 won  $+0.35
  PAPER  -26SEP212000                   SOL  YES 1 @ 98c  tau 30  gap   +5.15bp  worth 1.0000  edge +1.86c
  SETTLED KXCRYPTOLEAD15M-26SEP212000  SOL   1/1 won  $+0.02
  PAPER  -26SEP212015                   ETH  YES 1 @ 98c  tau 30  gap   +4.71bp  worth 1.0000  edge +1.86c
  SETTLED KXCRYPTOLEAD15M-26SEP212015  ETH   1/1 won  $+0.02
  PAPER  -26SEP212030                   XRP  NO  177 @ 92c  tau 29  gap   -2.92bp  worth 0.9590  edge +3.38c
  SETTLED KXCRYPTOLEAD15M-26SEP212030  SOL   1/1 won  $+13.24
  PAPER  -26SEP212045                   SOL  YES 1 @ 98c  tau 30  gap   +6.85bp  worth 1.0000  edge +1.86c
  PAPER  -26SEP212045                   XRP  NO  1 @ 98c  tau 29  gap   -7.11bp  worth 1.0000  edge +1.86c
  SETTLED KXCRYPTOLEAD15M-26SEP212045  SOL   2/2 won  $+0.04
  PAPER  -26SEP220230                   XRP  YES 9 @ 97c  tau 26  gap   +2.36bp  worth 0.9870  edge +1.49c
  PAPER  -26SEP220230                   ETH  NO  1 @ 98c  tau 14  gap   -2.53bp  worth 1.0000  edge +1.86c
  SETTLED KXCRYPTOLEAD15M-26SEP220230  XRP   2/2 won  $+0.27
  PAPER  -26SEP220315                   HYPE YES 1 @ 98c  tau 26  gap   +2.83bp  worth 0.9870  edge +0.56c
  SETTLED KXCRYPTOLEAD15M-26SEP220315  HYPE  1/1 won  $+0.02
  PAPER  -26SEP220330                   BTC  YES 19 @ 98c  tau 30  gap   +1.67bp  worth 0.9880  edge +0.66c
  PAPER  -26SEP220330                   ETH  NO  1 @ 98c  tau 29  gap   -1.62bp  worth 0.9930  edge +1.16c
  SETTLED KXCRYPTOLEAD15M-26SEP220330  BTC   2/2 won  $+0.37
  PAPER  -26SEP220400                   XRP  YES 1 @ 98c  tau 30  gap   +3.87bp  worth 0.9980  edge +1.66c
  SETTLED KXCRYPTOLEAD15M-26SEP220400  XRP   1/1 won  $+0.02
  PAPER  -26SEP220415                   XRP  NO  1 @ 98c  tau 30  gap   -9.59bp  worth 1.0000  edge +1.86c
  PAPER  -26SEP220415                   HYPE YES 1 @ 98c  tau 29  gap   +8.25bp  worth 1.0000  edge +1.86c
  SETTLED KXCRYPTOLEAD15M-26SEP220415  HYPE  2/2 won  $+0.04
  PAPER  -26SEP220545                   SOL  NO  1 @ 98c  tau 30  gap   -5.36bp  worth 1.0000  edge +1.86c
  PAPER  -26SEP220545                   BTC  YES 25 @ 98c  tau 16  gap   +0.87bp  worth 0.9860  edge +0.46c
  SETTLED KXCRYPTOLEAD15M-26SEP220545  BTC   2/2 won  $+0.48
  PAPER  -26SEP220615                   HYPE NO  1 @ 98c  tau 30  gap   -7.32bp  worth 1.0000  edge +1.86c
  SETTLED KXCRYPTOLEAD15M-26SEP220615  ETH   1/1 won  $+0.02
  PAPER  -26SEP220715                   BTC  YES 1 @ 98c  tau 30  gap   +4.47bp  worth 1.0000  edge +1.86c
  SETTLED KXCRYPTOLEAD15M-26SEP220715  BTC   1/1 won  $+0.02
  PAPER  -26SEP220730                   HYPE YES 123 @ 95c  tau 13  gap   +0.89bp  worth 0.9740  edge +2.06c
  SETTLED KXCRYPTOLEAD15M-26SEP220730  HYPE  1/1 won  $+5.73
  PAPER  -26SEP220800                   SOL  YES 2 @ 94c  tau 30  gap   +2.10bp  worth 0.9790  edge +3.50c
  PAPER  -26SEP220800                   BTC  NO  1 @ 98c  tau 29  gap   -2.27bp  worth 0.9890  edge +0.76c
  SETTLED KXCRYPTOLEAD15M-26SEP220800  SOL   2/2 won  $+0.13
  PAPER  -26SEP220815                   ETH  YES 1 @ 98c  tau 30  gap   +2.56bp  worth 0.9820  edge +0.06c
  SETTLED KXCRYPTOLEAD15M-26SEP220815  ETH   1/1 won  $+0.02
  PAPER  -26SEP220900                   ETH  YES 1 @ 98c  tau 30  gap   +3.57bp  worth 0.9990  edge +1.76c
  SETTLED KXCRYPTOLEAD15M-26SEP220900  ETH   1/1 won  $+0.02
  PAPER  -26SEP220915                   XRP  YES 9 @ 97c  tau  6  gap   +0.36bp  worth 0.9890  edge +1.69c
  SETTLED KXCRYPTOLEAD15M-26SEP220915  XRP   1/1 won  $+0.25
  PAPER  -26SEP221030                   SOL  NO  1 @ 98c  tau 30  gap   -7.35bp  worth 1.0000  edge +1.86c
  SETTLED KXCRYPTOLEAD15M-26SEP221030  BTC   1/1 won  $+0.02
  PAPER  -26SEP221200                   XRP  NO  137 @ 95c  tau 17  gap   -1.82bp  worth 0.9680  edge +1.46c
  PAPER  -26SEP221200                   BTC  YES 19 @ 98c  tau 12  gap   +0.86bp  worth 0.9890  edge +0.76c
  SETTLED KXCRYPTOLEAD15M-26SEP221200  BTC   2/2 won  $+6.74
