SELF-TEST -- pinracearm
  ok   pintake (the module that can actually send an order) appears NOWHERE in this file -- nothing here can reach the exchange with an order
  ok   pinrun.arm( (the call that disarms the live bot's guard) appears NOWHERE in this file -- nothing here can reach the exchange with an order
  ok   --live (a flag that could be passed by accident) appears NOWHERE in this file -- nothing here can reach the exchange with an order
  ok   post_only (a maker order field) appears NOWHERE in this file -- nothing here can reach the exchange with an order
  ok   /portfolio/orders (the order endpoint itself) appears NOWHERE in this file -- nothing here can reach the exchange with an order
  ok   the price ceiling is at most 98c -- 99c leaves a cent of upside against a whole dollar of downside
  ok   the edge floor is at least 2c, the bottom of the +2.5c..+4.8c bands RESULTS_coinrace actually measured, not whatever the table allows
  ok   every tau from 2 to 150 lands in exactly one band, and nothing outside
  ok   and all four bands are reachable from the scanned range
  ok   the first look at ETH's 1,081 NO contracts takes 250
  ok   a later look takes only what the book holds BEYOND what we already bought -- 81 once 1,000 are ours, not another 250
  ok   and nothing at all once we hold the whole book, or the book shrank below what we hold -- the arm1 double-count, closed
  ok   NULL: an unreadable book takes nothing
  ok   we never price a race after it has closed
  ok   the scorer walks `known`, not `events` -- `events` is what Kalshi calls OPEN, a race stops being open at its close, and arm1 therefore never scored a single race
  ok   and every discovered race is added to `known` before it can drop out
  ok   the 3:30 PM race bet -- BTC ahead by 1.26bp at 29 s, bought at 78c, lost when ETH passed -- is refused for its tiny lead
  ok   the 4:15 PM race bet -- HYPE 10bp behind with 90 s left, 95c, lost when HYPE came back -- is refused for being too early
  ok   a clear lead offered at only 87c is refused -- a cheap price on a 'clear' lead means the market knows something
  ok   a coin 8bp behind with 12 s left, its NO at 95c, is allowed
  ok   and the pre-book check (no price yet) passes a clear late lead
  ok   with the defaults every arm2 bet is still allowed, so old logs stay reproducible
  ok   95c costs 0.34c to take (0.07*0.95*0.05, rounded up) -- the same function the live bot reconciled against the account
  ok   and the fee SHRINKS toward the ends, which is why the expensive legs are cheaper to trade than they look
  ok   it is largest at a coin flip
  ok   at second 1130 the forecast is 100.0 and NOT pulled toward the 999s sitting at seconds 1150-1159 -- a future print can never enter the sum
  ok   and once those seconds ARRIVE they count: the forecast moves to 249.8
  ok   a fully locked window forecasts itself exactly
  ok   NULL: no spot and no prints forecasts nothing, never a zero
  ok   a complete opening minute averages
  ok   and ONE missing print refuses the whole race rather than averaging 59 -- the denominator is half the settlement rule
  ok   a coin 15bp BEHIND is a NO worth 0.9850 -- not 1.0, because 0 wins in 200 races bounds at 1.50%, not at zero
  ok   a coin 15bp AHEAD is a YES worth 0.9850, bounded the same way
  ok   NULL: with no table at all a leg is worth NOTHING KNOWN, and None is not a number that can clear an edge floor
  ok   so a 21c longshot the table has never seen produces no edge at all -- the case that was worth 50c, and therefore a 29c edge, before this
  ok   and the same at 97c, where the old 0.5 happened to refuse by accident
  ok   something worth 99c bought at 95c earns 4c less the 0.34c fee
  ok   a half-cent of gross edge does NOT clear the 2c floor
  ok   and paying exactly what it is worth LOSES the fee -- the fee is never forgotten by being small
  ok   the arithmetic has no side preference: it is the same subtraction for a 3c longshot that is worth 50c and one that is worth 2c
  ok   the scorer picks the coin with the biggest return out of five
  ok   and every coin rose, which changed nothing -- a common move cannot decide a race
  ok   NULL: one missing print in one coin refuses to score the race at all, rather than scoring it on four legs
  ok   if we hold NO on all four trailers and the leader IS overtaken, three of the four still win -- only the coin that took the lead pays out
  ok   and if the leader HOLDS, all four NOs win -- so the NO side's bad case is 3-of-4 where the YES side's is 0-of-1, a quarter the damage
  ok   the forecast module reads a 0-of-120 cell as 2.5% risk, not zero -- if that ever becomes 0 this arm sizes as though it cannot lose
  ok   and an empty table stands aside both ways rather than guessing
SELF-TEST PASSED

  COIN RACE PAPER ARM -- nothing is ever sent
  size 250, <= 98c, edge floor 2.0c, tau 2-150, one fill per leg per band ['61-151', '30-61', '15-30', '2-15']
  forecast: race_gaptable.json, 198 cells, built 2026-09-15 13:05Z
  log: C:\kals-repo\results\pinracearm-20260915T215105Z.jsonl

  index up: 10 ticks, 5 feeds
  PAPER  -26SEP160615                   HYPE YES 250 @ 90c  tau 29  gap   +6.14bp  worth 0.9840  edge +7.77c
  SETTLED KXCRYPTOLEAD15M-26SEP160615  HYPE  1/1 won  $+23.43
