SELF-TEST -- pinracearm
  ok   pintake (the module that can actually send an order) appears NOWHERE in this file -- nothing here can reach the exchange with an order
  ok   pinrun.arm( (the call that disarms the live bot's guard) appears NOWHERE in this file -- nothing here can reach the exchange with an order
  ok   --live (a flag that could be passed by accident) appears NOWHERE in this file -- nothing here can reach the exchange with an order
  ok   post_only (a maker order field) appears NOWHERE in this file -- nothing here can reach the exchange with an order
  ok   /portfolio/orders (the order endpoint itself) appears NOWHERE in this file -- nothing here can reach the exchange with an order
  ok   the price ceiling is at most 98c -- 99c leaves a cent of upside against a whole dollar of downside
  ok   the edge floor is at least 2c, the bottom of the +2.5c..+4.8c bands RESULTS_coinrace actually measured, not whatever the table allows
  ok   every tau from 2 to 150 lands in exactly one band, and nothing outside
  ok   and all four bands are reachable from the scanned range
  ok   the first look at ETH's 1,081 NO contracts takes 250
  ok   a later look takes only what the book holds BEYOND what we already bought -- 81 once 1,000 are ours, not another 250
  ok   and nothing at all once we hold the whole book, or the book shrank below what we hold -- the arm1 double-count, closed
  ok   NULL: an unreadable book takes nothing
  ok   we never price a race after it has closed
  ok   the scorer walks `known`, not `events` -- `events` is what Kalshi calls OPEN, a race stops being open at its close, and arm1 therefore never scored a single race
  ok   and every discovered race is added to `known` before it can drop out
  ok   fair value: BTC's YES is worth its 93%, ETH's NO is worth 1 - 5%
  ok   NULL: no forecast, or a coin not in the race, is worth nothing known
  ok   and a 93% leader offered at 95c is refused on edge -- the market's price beat the table on the 3:30 PM race exactly like this
  ok   a fresh arm with only ~33 minutes of ticks gets a forecast on the 300 s ruler (got 300), not a refusal and not a pretend hour
  ok   and a 4bp lead with 20 s left on calm independent coins is ~certain (1.000)
  ok   NULL: with no tick history at all it refuses rather than guessing
  ok   the 3:30 PM race bet -- BTC ahead by 1.26bp at 29 s, bought at 78c, lost when ETH passed -- is refused for its tiny lead
  ok   the 4:15 PM race bet -- HYPE 10bp behind with 90 s left, 95c, lost when HYPE came back -- is refused for being too early
  ok   a clear lead offered at only 87c is refused -- a cheap price on a 'clear' lead means the market knows something
  ok   a coin 8bp behind with 12 s left, its NO at 95c, is allowed
  ok   and the pre-book check (no price yet) passes a clear late lead
  ok   with the defaults every arm2 bet is still allowed, so old logs stay reproducible
  ok   95c costs 0.34c to take (0.07*0.95*0.05, rounded up) -- the same function the live bot reconciled against the account
  ok   and the fee SHRINKS toward the ends, which is why the expensive legs are cheaper to trade than they look
  ok   it is largest at a coin flip
  ok   at second 1130 the forecast is 100.0 and NOT pulled toward the 999s sitting at seconds 1150-1159 -- a future print can never enter the sum
  ok   and once those seconds ARRIVE they count: the forecast moves to 249.8
  ok   a fully locked window forecasts itself exactly
  ok   NULL: no spot and no prints forecasts nothing, never a zero
  ok   a complete opening minute averages
  ok   and ONE missing print refuses the whole race rather than averaging 59 -- the denominator is half the settlement rule
  ok   a coin 15bp BEHIND is a NO worth 0.9850 -- not 1.0, because 0 wins in 200 races bounds at 1.50%, not at zero
  ok   a coin 15bp AHEAD is a YES worth 0.9850, bounded the same way
  ok   NULL: with no table at all a leg is worth NOTHING KNOWN, and None is not a number that can clear an edge floor
  ok   so a 21c longshot the table has never seen produces no edge at all -- the case that was worth 50c, and therefore a 29c edge, before this
  ok   and the same at 97c, where the old 0.5 happened to refuse by accident
  ok   something worth 99c bought at 95c earns 4c less the 0.34c fee
  ok   a half-cent of gross edge does NOT clear the 2c floor
  ok   and paying exactly what it is worth LOSES the fee -- the fee is never forgotten by being small
  ok   the arithmetic has no side preference: it is the same subtraction for a 3c longshot that is worth 50c and one that is worth 2c
  ok   the scorer picks the coin with the biggest return out of five
  ok   and every coin rose, which changed nothing -- a common move cannot decide a race
  ok   NULL: one missing print in one coin refuses to score the race at all, rather than scoring it on four legs
  ok   if we hold NO on all four trailers and the leader IS overtaken, three of the four still win -- only the coin that took the lead pays out
  ok   and if the leader HOLDS, all four NOs win -- so the NO side's bad case is 3-of-4 where the YES side's is 0-of-1, a quarter the damage
  ok   the forecast module reads a 0-of-120 cell as 2.5% risk, not zero -- if that ever becomes 0 this arm sizes as though it cannot lose
  ok   and an empty table stands aside both ways rather than guessing
SELF-TEST PASSED

  COIN RACE PAPER ARM -- nothing is ever sent
  size 250, <= 98c, edge floor 2.0c, tau 2-150, one fill per leg per band ['61-151', '30-61', '15-30', '2-15']
  forecast: race_gaptable.json, 198 cells, built 2026-09-15 13:05Z
  log: C:\kals-repo\results\pinracearm-20260915T221119Z.jsonl

  index up: 11 ticks, 5 feeds
  PAPER  -26SEP160415                   XRP  YES 14 @ 97c  tau 30  gap   +6.99bp  worth 1.0000  edge +2.79c
  SETTLED KXCRYPTOLEAD15M-26SEP160415  XRP   1/1 won  $+0.39
  PAPER  -26SEP160615                   HYPE YES 250 @ 90c  tau 29  gap   +6.14bp  worth 1.0000  edge +9.37c
  PAPER  -26SEP160615                   BTC  NO  250 @ 90c  tau 29  gap   -6.14bp  worth 1.0000  edge +9.37c
  SETTLED KXCRYPTOLEAD15M-26SEP160615  HYPE  2/2 won  $+46.85
  PAPER  -26SEP160630                   XRP  YES 14 @ 97c  tau 18  gap   +1.49bp  worth 1.0000  edge +2.79c
  SETTLED KXCRYPTOLEAD15M-26SEP160630  XRP   1/1 won  $+0.39
  PAPER  -26SEP160645                   XRP  YES 250 @ 90c  tau 18  gap   +0.95bp  worth 0.9900  edge +8.37c
  PAPER  -26SEP160645                   ETH  NO  241 @ 91c  tau 18  gap   -0.95bp  worth 0.9900  edge +7.42c
  SETTLED KXCRYPTOLEAD15M-26SEP160645  XRP   2/2 won  $+43.72
  PAPER  -26SEP161100                   BTC  YES 235 @ 95c  tau  3  gap   +0.02bp  worth 1.0000  edge +4.66c
  PAPER  -26SEP161100                   SOL  NO  242 @ 94c  tau  3  gap   -0.02bp  worth 1.0000  edge +5.60c
  SETTLED KXCRYPTOLEAD15M-26SEP161100  BTC   2/2 won  $+24.50
  PAPER  -26SEP161400                   HYPE NO  250 @ 91c  tau 28  gap   -3.17bp  worth 0.9940  edge +7.82c
  PAPER  -26SEP161400                   SOL  YES 250 @ 90c  tau 26  gap   +3.10bp  worth 0.9920  edge +8.57c
  SETTLED KXCRYPTOLEAD15M-26SEP161400  SOL   2/2 won  $+44.48
  PAPER  -26SEP161430                   XRP  YES 21 @ 97c  tau 29  gap   +9.32bp  worth 0.9980  edge +2.59c
  SETTLED KXCRYPTOLEAD15M-26SEP161430  XRP   1/1 won  $+0.59
  PAPER  -26SEP161630                   BTC  NO  250 @ 96c  tau 29  gap   -3.21bp  worth 0.9900  edge +2.73c
  SETTLED KXCRYPTOLEAD15M-26SEP161630  SOL   1/1 won  $+9.32
  PAPER  -26SEP161800                   HYPE YES 55 @ 97c  tau  8  gap   +0.45bp  worth 0.9960  edge +2.39c
  SETTLED KXCRYPTOLEAD15M-26SEP161800  HYPE  1/1 won  $+1.53
  PAPER  -26SEP161945                   XRP  YES 250 @ 97c  tau 30  gap   +4.48bp  worth 1.0000  edge +2.79c
  PAPER  -26SEP161945                   XRP  YES 250 @ 97c  tau 29  gap   +4.55bp  worth 1.0000  edge +2.79c
  SETTLED KXCRYPTOLEAD15M-26SEP161945  XRP   2/2 won  $+13.95
  PAPER  -26SEP162100                   BTC  YES 123 @ 95c  tau 14  gap   +0.74bp  worth 0.9890  edge +3.56c
  PAPER  -26SEP162100                   HYPE NO  250 @ 91c  tau 14  gap   -0.74bp  worth 0.9890  edge +7.32c
  SETTLED KXCRYPTOLEAD15M-26SEP162100  BTC   2/2 won  $+26.78
  PAPER  -26SEP162230                   XRP  YES 7 @ 97c  tau 30  gap   +3.79bp  worth 1.0000  edge +2.79c
  SETTLED KXCRYPTOLEAD15M-26SEP162230  XRP   1/1 won  $+0.20
  PAPER  -26SEP170130                   XRP  YES 16 @ 97c  tau 30  gap   +2.42bp  worth 0.9970  edge +2.49c
  PAPER  -26SEP170130                   ETH  NO  2 @ 95c  tau 30  gap   -2.42bp  worth 0.9970  edge +4.36c
  SETTLED KXCRYPTOLEAD15M-26SEP170130  XRP   2/2 won  $+0.54
  PAPER  -26SEP170200                   XRP  YES 13 @ 97c  tau 23  gap   +1.48bp  worth 0.9940  edge +2.19c
  SETTLED KXCRYPTOLEAD15M-26SEP170200  XRP   1/1 won  $+0.36
  PAPER  -26SEP170800                   XRP  NO  4 @ 95c  tau 30  gap   -1.84bp  worth 0.9920  edge +3.86c
  SETTLED KXCRYPTOLEAD15M-26SEP170800  ETH   1/1 won  $+0.19
  PAPER  -26SEP171100                   ETH  YES 102 @ 95c  tau  4  gap   +0.18bp  worth 0.9840  edge +3.06c
  PAPER  -26SEP171100                   SOL  NO  122 @ 95c  tau  4  gap   -0.18bp  worth 0.9840  edge +3.06c
  SETTLED KXCRYPTOLEAD15M-26SEP171100  ETH   2/2 won  $+10.44
  PAPER  -26SEP171345                   SOL  YES 111 @ 97c  tau 25  gap   +4.12bp  worth 1.0000  edge +2.79c
  SETTLED KXCRYPTOLEAD15M-26SEP171345  SOL   1/1 won  $+3.10
  PAPER  -26SEP171600                   HYPE YES 135 @ 95c  tau 30  gap   +2.79bp  worth 0.9810  edge +2.76c
  PAPER  -26SEP171600                   HYPE YES 218 @ 91c  tau 28  gap   +2.28bp  worth 0.9700  edge +5.42c
  PAPER  -26SEP171600                   XRP  NO  243 @ 90c  tau 28  gap   -2.28bp  worth 0.9700  edge +6.37c
  SETTLED KXCRYPTOLEAD15M-26SEP171600  HYPE  3/3 won  $+47.42
  PAPER  -26SEP171645                   BTC  YES 214 @ 97c  tau 29  gap   +2.33bp  worth 0.9930  edge +2.09c
  SETTLED KXCRYPTOLEAD15M-26SEP171645  BTC   1/1 won  $+5.97
  PAPER  -26SEP171930                   ETH  YES 250 @ 90c  tau 26  gap   +0.91bp  worth 0.9360  edge +2.97c
  SETTLED KXCRYPTOLEAD15M-26SEP171930  ETH   1/1 won  $+23.43
