SELF-TEST -- pinrun
  ok   all 60 prints locked at now=close (remaining 0)
  ok   locked sum excludes tick@close and includes tick@close-60 (5900.0, expected 5900.0)
  ok   decided yes on the corrected window (fair 1.0)
  ok   old and new windows genuinely differ on this fixture
  ok   eff_strike(2492.82, d=2) == 2492.815
  ok   rounding-aware fair calls the real ETH market YES (1.0)
  ok   the un-rounded model calls it NO (0.0) -- the -90.91c loss
  ok   the locked window ends at the newest print HELD, not at now (remaining 3, locked 58596.0)
  ok   with the newest print in flight on a rising index the corrected model says YES (fair 1.0000); mean-imputation said NO (fair 0.0000) -- a wrong-side buy at ~99c
  ok   an interior gap takes the nearest print (6899.0, expected 6899.0; the window-mean rule would say 6914.2)
  ok   partial refuses a window missing more than 5% of its prints
  ok   buying YES at 98.3c and NO at 90.8c on ONE market pays 189.1c for a guaranteed $1.00 -- a locked 89.1c loss carrying NO directional risk
  ok   and EVERY price the rule can pay is above 50c, so a both-sides pair is ALWAYS a locked loss -- there is no price at which it is not
  ok   the side taken is recorded PER TICKER, so a second market is unaffected -- the guard must not block ordinary diversification
  ok   three losing trades on ONE close plus one on another is TWO losing closes, not four (2) -- tonight three fills on one NEAR market spent the whole 3-loss budget on a SINGLE draw
  ok   so one bad close can no longer exhaust a 3-close brake by itself, which is what 'three losses is roughly a 1% event' actually assumed
  ok   two fills on the SAME ticker occupy TWO entries -- keyed by order id, the second cannot overwrite the first
  ok   and open exposure is the SUM of both stakes ($36.82), not just the last
  ok   releasing ONE of them leaves the ticker still referenced, so the position record must NOT be dropped yet
  ok   and only when the last one goes is the ticker free -- the null, so a release cannot fire early
  ok   and NOTHING in the loop still keys open_pos by ticker
  ok   attempts (8) are capped ABOVE fills (2) -- separate budgets, because a lost race should cost a retry but not a fill slot
  ok   and the attempt cap is small enough that a 20 Hz loop cannot spam (8)
  ok   the attempt cap is actually READ in the loop, not merely defined
  ok   and an attempt is counted BEFORE the order is sent, so a send that never returns still consumes one
  ok   a RETURNED refusal is counted as an order error -- take() does not raise, so nothing noticed 160 refusals in a row
  ok   pintake's own count rail is below its hard ceiling (10 <= 25)
  pintake rails raised: MAX_TAKE_COUNT 10 -> 15  (selftest)
  ok   set_limits RAISES the count rail so it can never be the thing that silently blocks a bigger size again
  ok   and it REFUSES to lower it
  ok   the fixture buys exactly MAX_PER_CLOSE times (2)
  ok   and every later buy is at least IMPROVE_BY cheaper -- so the marginal trade cap 3 adds is the CHEAPEST of the close, which is why it cannot degrade the average price paid
  ok   three fills commit $38.80, the sum of their stakes, not three times the first
  ok   and that is at or below the $40 worst case the deployment rail sizes the brake against -- the rail is conservative, as it must be
  ok   and releasing all three gives back EXACTLY what was committed
  ok   the forward loss bound tolerates all three open ($38.80 vs a $-90.00 brake)
  ok   --max-positions equal to the cap (2) REFUSES the last fill once a straggler is still open, which is why it must be at least MAX_PER_CLOSE + 1 (position cap: 2 open >= 2)
  ok   2 losses does NOT halt a run whose brake is 3
  ok   3 losses DOES halt it, on COUNT and not on dollars (loss COUNT brake: 3 losing trades this run >= 3; stop and re-measure the flip rate)
  ok   and max_losses=0 DISABLES it -- the null, so the brake cannot fire on a run that never asked for it
  ok   MIN_FILL_FRAC is a fraction (0.5)
  ok   a deep book fills the whole size we asked for
  ok   a 7-contract offer at size 10 is TAKEN as a partial, not thrown away -- the old dust gate refused it outright
  ok   but a 4-contract scrap at size 10 is still refused: below half, a tiny fill burns a scale-in slot and raises the improve bar, which measured WORSE than not trading
  ok   sub-contract dust is refused at every size (MIN_LEVEL)
  ok   a partial can only ever LOWER the contracts bought, never raise them, so this amendment cannot increase exposure
  ok   a filled buy books a slot and sets the improve bar
  ok   a second fill books the second slot and LOWERS the bar to the better price
  ok   and 2 FILLS still exhaust the close -- max exposure is UNCHANGED by this amendment, only wasted attempts are recovered
  ok   STRUCTURAL: the live slot is booked AFTER the order returns, so a zero-fill cannot burn it
  ok   and it is booked only inside the filled>0 branch
  ok   STRUCTURAL: the slot is booked only when the FILL is at least half our size; a scrap keeps its position and spends no slot
  ok   and a scrap is recorded, not silent
  ok   STRUCTURAL: scraps ACCUMULATE and spend a slot once they add up to a real fill -- without this, 8 scraps of 9.99 would double the worst-case close from $39.20 to $78.32
  ok   eight 0.02-contract crumbs spend NO slot (0.16 of 10) -- the case A12 exists for
  ok   scraps of 9.99: at most 39.96 contracts fill in one close, against the intended 40 -- bounded
  ok   scraps of 5: at most 20.00 contracts fill in one close, against the intended 40 -- bounded
  ok   scraps of 2: at most 20.00 contracts fill in one close, against the intended 40 -- bounded
  ok   scraps of 0.5: at most 20.00 contracts fill in one close, against the intended 40 -- bounded
  ok   within the 8-attempt cap, 0.02 crumbs spend no slot at all -- the case A12 exists for
  ok   while near-full scraps exhaust the slots inside the same cap
  ok   at size 20 the real-fill line is 10: the 2.0 and 0.02 fills of 2026-09-11 07:00 ET are scraps, a 10 is a fill
  ok   take() is called with take_n, the contracts actually available, not the raw SIZE
  ok   an EMPTY close reports NO depth rather than a zero -- a close where nothing was offered must not look like a close offering 0 contracts
  ok   depth percentiles come back sorted (median 30.0)
  ok   the size ladder counts moments that SURVIVE each size (4 at 5, 2 at 125)
  ok   at size 1 every offered moment survives -- the ladder's own null
  ok   a single 7-contract offer survives at size 5 but NOT at size 10, which is exactly the opportunity cost of scaling
  ok   EV is ~zero exactly at p = 1 - flip = 0.9910 (got -0.070c)
  ok   a trade at 99.6c is NEGATIVE EV (-0.53c) -- matches the 2026-09-08 live trades
  ok   a trade at 99.3c is NEGATIVE EV (-0.25c) -- matches the 2026-09-08 live trades
  ok   a trade at 99.2c is NEGATIVE EV (-0.16c) -- matches the 2026-09-08 live trades
  ok   a trade at 99.1c is NEGATIVE EV (-0.07c) -- matches the 2026-09-08 live trades
  ok   a trade at 97.9c is positive EV (+1.05c) -- matches the 2026-09-08 live trades
  ok   a trade at 94.7c is positive EV (+4.04c) -- matches the 2026-09-08 live trades
  ok   the EV floor puts the price ceiling between 98c and 99c
  ok   a higher flip rate makes even 95c negative (the gate tracks f)
  ok   net edge subtracts the taker fee (0.430c at p=0.99)
  ok   billed fee at p=0.95 is $0.0034, not the raw $0.003325 (0.0034)
  ok   the billed fee is never below the raw formula (conservative)
  ok   the billed fee on 0.01 contracts is the $0.0001 floor (0.0001)
  ok   at --size 0.01 a 0.9c gross edge is NEGATIVE once the order's own fee is charged (-0.100c), where the one-contract fee would have called it +0.83c
  ok   edge sign behaves at the boundary
  ok   NO-side edge is (1-fair) - price - fee
  ok   YES take is a bid at the seen price (bid 0.9910)
  ok   NO take at 0.989 is an ask at 0.0110 = the yes bid we hit (ask 0.0110)
  ok   a NO take at 0.989 costs $0.989, not $0.011 ($0.9890)
  ok   both bodies have post_only False -- pin must cross, never rest
  ok   tif never rests (immediate_or_cancel)
  ok   stale index reports its age (30s)
  ok   on_frame parses a real cfbenchmarks_value frame
  ok   junk and off-channel frames are counted, not fatal
  ok   pintake ledger has the key the abort reads: 'halt'
  ok   pintake ledger has the key the abort reads: 'realised'
  ok   pintake ledger has the key the abort reads: 'committed'
  ok   pintake ledger has the key the abort reads: 'positions'
  ok   every ledger key the abort reads exists (['committed', 'halt', 'losses', 'positions', 'realised'])
  ok   abort fires on realised -3.00 vs limit -2.00 (loss abort: realised $-3.00 <= $-2.00)
  ok   abort fires at the stake cap (stake cap reached: $60.00 committed)
  ok   abort fires on a pintake halt (pintake halted: unknown order state)
  ok   abort fires FORWARD: $1.20 open plus one more contract would pass -$2.00 (loss bound: realised $+0.00 with $1.20 still open; one more contract could take this run past $-2.00)
  ok   $0.90 open still leaves room for one more contract (None)
  ok   abort fires on order-path errors, which the universe pass cannot reset (2 errors on the ORDER path)
  ok   a settled position releases its FULL stake at size 1 (committed 0.0000, was 0.9750)
  ok   a settled position releases its FULL stake at size 5 (committed 0.0000, was 4.8750)
  ok   a settled position releases its FULL stake at size 8 (committed 0.0000, was 7.8000)
  ok   a settled position releases its FULL stake at size 10 (committed 0.0000, was 9.7500)
  ok   a settled position releases its FULL stake at size 25 (committed 0.0000, was 24.3750)
  ok   and releasing only ONE contract at size 5 LEAKS $3.9000 -- the bug this test now catches, stated as a positive so it cannot pass vacuously
  ok   P&L is booked to realised, which the abort reads
  ok   every exit path releases the stake -- finalized, both give-ups, and the definition (4 references)
  ok   pintake ships a size-1 loss abort of $-2.00
  ok   ONE ordinary loss at size 5 is $-4.88, which is past that default -- so an unraised order path dies on the first loss
  pintake rails raised: LOSS_ABORT $-2.00 -> $-30.00  (selftest)
  ok   set_limits LOOSENS the order-path brake to match the run's own
  ok   and it REFUSES to tighten -- a hidden brake tighter than the operator's is not a brake, it is an outage
  ok   risk_abort() runs before the first `continue` in the loop
  ok   no direct send path in this file (found [])
  ok   take() is called with the market's exchange_index, not the default 0
  ok   exchange_index is read from the market record in the universe pass
  ok   zrough is ~1.0 on a feed whose roughness never changes (got 0.98)
  ok   a calm board reads X~0.92 with 0 coins moving
  ok   coin A's OWN volatility spike leaves A's cross index EXACTLY unchanged -- otherwise this is the refuted own-sigma filter under a new name
  ok   but A's OWN roughness does spike (10.9 vs 0.98)
  ok   and B DOES see it: X 0.92 -> 2.34, 1 coin(s) moving
  ok   tick retention (4000) covers the 3600s baseline the ratio is divided by
  ok   a revised print does not change how many seconds we hold, so (newest, count) alone cannot detect it
  ok   and it STILL busts the cache -- a revised print must not be served stale from a conditions read
  ok   while an identical duplicate does NOT bust it -- otherwise every repeated frame recomputes a 3600-second window on the order path
  ok   and the signal record actually carries the conditions columns
  ok   a 15c discount is >10x the 0.3c edge floor, so the honest edge can never trip it
  ok   XRP 04:59Z (fair 1.0, filled 82c, 18c disc, LOST -$16.61) refused
  ok   DOGE 22:14Z (fair 0.0, filled 10c, 90c disc, LOST -$2.12) refused
  ok   SOL 2026-09-11 12:30Z (99.508% sure, filled 59.1c, 40.4c disc, LOST -$12.16) IS refused now -- the 0.999 condition let it through
  ok   NEAR 09-09 (99.827% sure, 73c, 26.8c disc, LOST -$14.13) refused
  ok   BNB 89c (10.7c disc, WON +$2.06) is NOT refused -- the 5-15c band went 24-0 for +$32.20 and refusing it was the guard's worst error
  ok   SOL 91.9c (8.1c disc, WON) passes
  ok   a certainty at 97.8c (2.2c discount, WON) passes -- the normal edge
  ok   and a boundary fill at the ceiling passes untouched
  ok   the guard is wired into the trade loop and counted in the near-miss record, so refusals are visible rather than silent
  ok   AMENDMENT 10b: the guard is ON by operator decision (undeterminable EV, owner chose fewer losses); would-be outcomes are recorded
  ok   every refusal writes ONE `dumped` record per (close, market) with side, price, fair and tau, so the would-be P&L can be resolved later
  ok   and the record is written before the enable check, whether or not the trade is refused
  ok   and the count happens BEFORE the enable check, so the class is recorded whether or not it is refused
SELF-TEST PASSED
  MODE LIVE size 1   tau<=30s  pin 0.995  edge>=0.3c net  loss abort $-60.00  SIZE 20
  log C:\kals-repo\results\pinrun-live-20260911T132358Z.jsonl
  pintake rails raised: MAX_TAKE_COUNT 10 -> 20; LOSS_ABORT $-2.00 -> $-60.00; MAX_RUN_STAKE $60.00 -> $130.00  (size 20, worst close $40.00)
  ARMED: https://api.elections.kalshi.com/trade-api/v2  key b48b406b...  stake cap $130.00
  index up: 11 ticks, 11 feeds
  close 13:30Z: 4503 looks, best was KXETH15M-26SEP110930-3 YES @0.9840 edge +1.35c (need +0.3c) -> no trade
  close 13:45Z: 4685 looks, best was KXNEAR15M-26SEP110945- YES @0.9970 edge +0.28c (need +0.3c) -> no trade
  close 14:00Z: 4639 looks, 4639 decided, 4639 decided-but-nothing-offered, 0 undecided
  close 14:15Z: 4549 looks, best was KXHYPE15M-26SEP111015- NO @0.9940 edge +0.56c (need +0.3c) -> no trade
  close 14:30Z: 4536 looks, best was KXDOGE15M-26SEP111030- NO @0.9980 edge +0.19c (need +0.3c) -> no trade
  close 14:45Z: 4464 looks, best was KXDOGE15M-26SEP111045- NO @0.9990 edge +0.09c (need +0.3c) -> no trade
  close 15:00Z: 4376 looks, best was KXETH15M-26SEP111100-0 YES @0.9940 edge +0.31c (need +0.3c) -> no trade
  SIGNAL KXNEAR15M-26SEP111115-15 tau=21s buy YES @0.9580 fair 0.9981 edge +3.73c size 60.00 taking 20
    ORDER -> status canceled filled 0.0 @ None fee None
  SIGNAL KXNEAR15M-26SEP111115-15 tau=16s buy YES @0.9760 fair 0.9975 edge +1.98c size 97.00 taking 20
    ORDER -> status canceled filled 0.0 @ None fee None
  close 15:15Z: 4281 looks, best was KXNEAR15M-26SEP111115- YES @0.9580 edge +3.73c (need +0.3c) -> no trade
  close 15:30Z: 4464 looks, 4464 decided, 4464 decided-but-nothing-offered, 0 undecided
  close 15:45Z: 4233 looks, 3754 decided, 3754 decided-but-nothing-offered, 479 undecided
  close 16:00Z: 4320 looks, 4320 decided, 4320 decided-but-nothing-offered, 0 undecided
  close 16:15Z: 4232 looks, best was KXNEAR15M-26SEP111215- YES @0.9960 edge +0.37c (need +0.3c) -> no trade
  SIGNAL KXXRP15M-26SEP111230-30 tau=30s buy NO @0.9780 fair 0.0015 edge +1.90c size 148.00 taking 20
    ORDER -> status canceled filled 0.0 @ None fee None
  SIGNAL KXXRP15M-26SEP111230-30 tau=30s buy NO @0.9790 fair 0.0028 edge +1.67c size 236.28 taking 20
    ORDER -> status executed filled 20.0 @ 0.9776 fee 0.0015
  close 16:30Z: 3698 looks, best was KXXRP15M-26SEP111230-3 NO @0.9780 edge +1.90c (need +0.3c) -> FIRED
  SETTLED KXXRP15M-26SEP111230-30 no vs no -> +41.73c (run realised $+0.4173)
  close 16:45Z: 4266 looks, best was KXBNB15M-26SEP111245-4 NO @0.4600 edge +52.20c (need +0.3c) -> no trade
  close 17:00Z: 4177 looks, 4177 decided, 4177 decided-but-nothing-offered, 0 undecided
  close 17:15Z: 4392 looks, 4392 decided, 4392 decided-but-nothing-offered, 0 undecided
  close 17:30Z: 4414 looks, best was KXZEC15M-26SEP111330-3 YES @0.9980 edge +0.19c (need +0.3c) -> no trade
  close 17:45Z: 4455 looks, best was KXNEAR15M-26SEP111345- NO @0.9940 edge +0.38c (need +0.3c) -> no trade
  close 18:00Z: 4366 looks, best was KXBNB15M-26SEP111400-0 NO @0.9980 edge +0.19c (need +0.3c) -> no trade
  close 18:15Z: 4419 looks, 4419 decided, 4419 decided-but-nothing-offered, 0 undecided
  close 18:30Z: 4172 looks, 4172 decided, 4172 decided-but-nothing-offered, 0 undecided
  SIGNAL KXZEC15M-26SEP111445-45 tau=10s buy YES @0.9730 fair 0.9992 edge +2.44c size 13.00 taking 13
    SCRAP 3 of 13 -- position kept, slot NOT spent
    ORDER -> status partially_filled_then_canceled filled 3.0 @ 0.973 fee 0.0018
  close 18:45Z: 4190 looks, best was KXZEC15M-26SEP111445-4 YES @0.9730 edge +2.44c (need +0.3c) -> FIRED
  SETTLED KXZEC15M-26SEP111445-45 yes vs yes -> +7.54c (run realised $+0.4927)
  close 19:00Z: 4437 looks, 4437 decided, 4437 decided-but-nothing-offered, 0 undecided
  SIGNAL KXXRP15M-26SEP111515-15 tau=23s buy NO @0.9380 fair 0.0009 edge +5.71c size 77.00 taking 20
    ORDER -> status executed filled 20.0 @ 0.938 fee 0.004
  close 19:15Z: 3972 looks, best was KXDOGE15M-26SEP111515- NO @0.9360 edge +5.83c (need +0.3c) -> FIRED
  SETTLED KXXRP15M-26SEP111515-15 no vs no -> +115.85c (run realised $+1.6512)
  close 19:30Z: 4303 looks, 4303 decided, 4303 decided-but-nothing-offered, 0 undecided
  close 19:45Z: 4295 looks, best was KXXRP15M-26SEP111545-4 YES @0.9860 edge +1.28c (need +0.3c) -> no trade
  close 20:00Z: 4213 looks, best was KXBNB15M-26SEP111600-0 YES @0.9970 edge +0.26c (need +0.3c) -> no trade
  close 20:15Z: 4229 looks, best was KXNEAR15M-26SEP111615- NO @0.9850 edge +1.39c (need +0.3c) -> no trade
  close 20:30Z: 4247 looks, 4247 decided, 4247 decided-but-nothing-offered, 0 undecided
  SIGNAL KXETH15M-26SEP111645-45 tau=28s buy NO @0.9680 fair 0.0043 edge +2.55c size 48.00 taking 20
    ORDER -> status canceled filled 0.0 @ None fee None
  SIGNAL KXETH15M-26SEP111645-45 tau=28s buy NO @0.9780 fair 0.0043 edge +1.62c size 118.00 taking 20
    ORDER -> status executed filled 20.0 @ 0.977 fee 0.0015
  close 20:45Z: 3808 looks, best was KXETH15M-26SEP111645-4 NO @0.9680 edge +2.55c (need +0.3c) -> FIRED
  SETTLED KXETH15M-26SEP111645-45 no vs no -> +42.85c (run realised $+2.0797)
  close 21:00Z: 4131 looks, best was KXSOL15M-26SEP111700-0 NO @0.9980 edge +0.19c (need +0.3c) -> no trade
  close 21:15Z: 4234 looks, best was KXBTC15M-26SEP111715-1 YES @0.9900 edge +0.92c (need +0.3c) -> no trade
  SIGNAL KXBTC15M-26SEP111730-30 tau=29s buy YES @0.9750 fair 0.9964 edge +1.97c size 239.00 taking 20
    ORDER -> status executed filled 20.0 @ 0.975 fee 0.0017
  close 21:30Z: 3684 looks, best was KXXRP15M-26SEP111730-3 NO @0.7400 edge +24.35c (need +0.3c) -> FIRED
  SETTLED KXBTC15M-26SEP111730-30 yes vs yes -> +46.58c (run realised $+2.5455)
  SIGNAL KXBTC15M-26SEP111745-45 tau=30s buy NO @0.9750 fair 0.0002 edge +2.31c size 314.46 taking 20
    ORDER -> status canceled filled 0.0 @ None fee None
  SIGNAL KXBTC15M-26SEP111745-45 tau=30s buy NO @0.9760 fair 0.0001 edge +2.22c size 222.34 taking 20
    ORDER -> status canceled filled 0.0 @ None fee None
  SIGNAL KXBTC15M-26SEP111745-45 tau=30s buy NO @0.9790 fair 0.0001 edge +1.94c size 2926.44 taking 20
    ORDER -> status executed filled 20.0 @ 0.979 fee 0.0014
  close 21:45Z: 3906 looks, best was KXBTC15M-26SEP111745-4 NO @0.9750 edge +2.31c (need +0.3c) -> FIRED
  SETTLED KXBTC15M-26SEP111745-45 no vs no -> +39.12c (run realised $+2.9367)
  close 22:00Z: 4419 looks, 4419 decided, 4419 decided-but-nothing-offered, 0 undecided
  close 22:15Z: 4339 looks, 4339 decided, 4339 decided-but-nothing-offered, 0 undecided
  close 22:30Z: 4392 looks, best was KXETH15M-26SEP111830-3 NO @0.9960 edge +0.37c (need +0.3c) -> no trade
  SIGNAL KXXRP15M-26SEP111845-45 tau=30s buy NO @0.9200 fair 0.0006 edge +7.42c size 199.00 taking 20
    ORDER -> status executed filled 20.0 @ 0.92 fee 0.0051
  SIGNAL KXSOL15M-26SEP111845-45 tau=27s buy NO @0.8600 fair 0.0024 edge +12.92c size 51.00 taking 20
    ORDER -> status executed filled 20.0 @ 0.83 fee 0.0098
  close 22:45Z: 509 looks, best was KXSOL15M-26SEP111845-4 NO @0.8600 edge +12.92c (need +0.3c) -> FIRED
  SETTLED KXXRP15M-26SEP111845-45 no vs no -> +149.69c (run realised $+4.4336)
  SETTLED KXSOL15M-26SEP111845-45 no vs no -> +320.24c (run realised $+7.6360)
  SIGNAL KXBTC15M-26SEP111900-00 tau=6s buy NO @0.9330 fair 0.0007 edge +6.19c size 150.00 taking 20
    ORDER -> status canceled filled 0.0 @ None fee None
  SIGNAL KXBTC15M-26SEP111900-00 tau=6s buy NO @0.9480 fair 0.0007 edge +4.78c size 63.38 taking 20
    ORDER -> status canceled filled 0.0 @ None fee None
  SIGNAL KXBTC15M-26SEP111900-00 tau=6s buy NO @0.9550 fair 0.0007 edge +4.13c size 444.02 taking 20
    ORDER -> status executed filled 20.0 @ 0.953 fee 0.0031
  close 23:00Z: 4248 looks, best was KXBTC15M-26SEP111900-0 NO @0.9330 edge +6.19c (need +0.3c) -> FIRED
  SETTLED KXBTC15M-26SEP111900-00 no vs no -> +87.72c (run realised $+8.5132)
  close 23:15Z: 4361 looks, best was KXBTC15M-26SEP111915-1 NO @0.9980 edge +0.19c (need +0.3c) -> no trade
  SIGNAL KXETH15M-26SEP111930-30 tau=30s buy NO @0.9680 fair 0.0019 edge +2.79c size 21.00 taking 20
    ORDER -> status canceled filled 0.0 @ None fee None
  SIGNAL KXETH15M-26SEP111930-30 tau=30s buy NO @0.9690 fair 0.0018 edge +2.70c size 52.70 taking 20
    ORDER -> status executed filled 20.0 @ 0.969 fee 0.0021
  close 23:30Z: 3652 looks, best was KXETH15M-26SEP111930-3 NO @0.9680 edge +2.79c (need +0.3c) -> FIRED
  SETTLED KXETH15M-26SEP111930-30 no vs no -> +57.79c (run realised $+9.0911)
  SIGNAL KXNEAR15M-26SEP111945-45 tau=23s buy NO @0.9510 fair 0.0026 edge +4.31c size 15.00 taking 15
    ORDER -> status partially_filled_then_canceled filled 14.3 @ 0.951 fee 0.0032
  close 23:45Z: 3999 looks, best was KXNEAR15M-26SEP111945- NO @0.9510 edge +4.31c (need +0.3c) -> FIRED
  SETTLED KXNEAR15M-26SEP111945-45 no vs no -> +65.40c (run realised $+9.7451)
  SIGNAL KXBTC15M-26SEP112000-00 tau=30s buy YES @0.9520 fair 0.9968 edge +4.16c size 218.72 taking 20
    ORDER -> status canceled filled 0.0 @ None fee None
  SIGNAL KXBTC15M-26SEP112000-00 tau=30s buy YES @0.9630 fair 0.9984 edge +3.29c size 33.03 taking 20
    ORDER -> status canceled filled 0.0 @ None fee None
  SIGNAL KXBTC15M-26SEP112000-00 tau=30s buy YES @0.9640 fair 0.9984 edge +3.20c size 273.00 taking 20
    ORDER -> status executed filled 20.0 @ 0.963 fee 0.0024
  close 00:00Z: 3716 looks, best was KXBTC15M-26SEP112000-0 YES @0.9520 edge +4.16c (need +0.3c) -> FIRED
  SETTLED KXBTC15M-26SEP112000-00 yes vs yes -> +69.01c (run realised $+10.4352)
  SIGNAL KXETH15M-26SEP112015-15 tau=23s buy YES @0.9780 fair 0.9951 edge +1.56c size 301.00 taking 20
    ORDER -> status executed filled 20.0 @ 0.9752 fee 0.0016
  close 00:15Z: 3852 looks, best was KXETH15M-26SEP112015-1 YES @0.9780 edge +1.56c (need +0.3c) -> FIRED
  SETTLED KXETH15M-26SEP112015-15 yes vs yes -> +46.21c (run realised $+10.8973)
  SIGNAL KXBTC15M-26SEP112030-30 tau=28s buy NO @0.9500 fair 0.0030 edge +4.37c size 2723.23 taking 20
    ORDER -> status executed filled 20.0 @ 0.948 fee 0.0034
  close 00:30Z: 3770 looks, best was KXBTC15M-26SEP112030-3 NO @0.9500 edge +4.37c (need +0.3c) -> FIRED
  SETTLED KXBTC15M-26SEP112030-30 no vs no -> +97.09c (run realised $+11.8682)
  SIGNAL KXHYPE15M-26SEP112045-45 tau=30s buy NO @0.9750 fair 0.0009 edge +2.24c size 116.90 taking 20
    ORDER -> status canceled filled 0.0 @ None fee None
  SIGNAL KXHYPE15M-26SEP112045-45 tau=30s buy NO @0.9790 fair 0.0000 edge +1.96c size 20.50 taking 20
    ORDER -> status executed filled 20.0 @ 0.979 fee 0.0014
  SIGNAL KXXRP15M-26SEP112045-45 tau=30s buy YES @0.9690 fair 1.0000 edge +2.89c size 200.00 taking 20
    ORDER -> status executed filled 20.0 @ 0.969 fee 0.0021
  close 00:45Z: 18 looks, best was KXXRP15M-26SEP112045-4 YES @0.9690 edge +2.89c (need +0.3c) -> FIRED
  SETTLED KXHYPE15M-26SEP112045-45 no vs no -> +39.12c (run realised $+12.2594)
  SETTLED KXXRP15M-26SEP112045-45 yes vs yes -> +57.79c (run realised $+12.8373)
  SIGNAL KXBTC15M-26SEP112100-00 tau=30s buy YES @0.9620 fair 0.9961 edge +3.15c size 948.02 taking 20
    SCRAP 0.02 of 20 -- position kept, slot NOT spent
    ORDER -> status partially_filled_then_canceled filled 0.02 @ 0.961 fee 0.009
  SIGNAL KXDOGE15M-26SEP112100-00 tau=30s buy NO @0.9800 fair 0.0028 edge +1.58c size 363.24 taking 20
    ORDER -> status executed filled 20.0 @ 0.98 fee 0.0013
  close 01:00Z: 3468 looks, best was KXBTC15M-26SEP112100-0 YES @0.9620 edge +3.15c (need +0.3c) -> FIRED
  SETTLED KXBTC15M-26SEP112100-00 yes vs yes -> +0.07c (run realised $+12.8380)
  SETTLED KXDOGE15M-26SEP112100-00 no vs no -> +37.25c (run realised $+13.2105)
  close 01:15Z: 4239 looks, 4239 decided, 4239 decided-but-nothing-offered, 0 undecided
  close 01:30Z: 4097 looks, best was KXBTC15M-26SEP112130-3 NO @0.9940 edge +0.56c (need +0.3c) -> no trade
  close 01:45Z: 3933 looks, best was KXHYPE15M-26SEP112145- NO @0.9870 edge +0.92c (need +0.3c) -> no trade
  SIGNAL KXHYPE15M-26SEP112200-00 tau=30s buy YES @0.9770 fair 0.9983 edge +1.98c size 17.50 taking 17.5
    SCRAP 4.5 of 17.5 -- position kept, slot NOT spent
    ORDER -> status partially_filled_then_canceled filled 4.5 @ 0.977 fee 0.0015
  SIGNAL KXSOL15M-26SEP112200-00 tau=28s buy NO @0.9700 fair 0.0017 edge +2.63c size 96.00 taking 20
    ORDER -> status executed filled 20.0 @ 0.939 fee 0.004
  SIGNAL KXBTC15M-26SEP112200-00 tau=14s buy NO @0.9160 fair 0.0040 edge +7.46c size 720.08 taking 20
    ORDER -> status executed filled 20.0 @ 0.916 fee 0.0053
  *** HALT: position cap: 3 open >= 3

  33 signals, 206898 evaluations
  ledger {'committed': 41.4965, 'filled_contracts': 361.82, 'filled_dollars': 344.69002, 'fees': 1.0920900000000002, 'realised': 13.210480000000006, 'losses': 0, 'sends': 33, 'unknown': 0, 'rested': 0, 'anomalies': [], 'halt': None, 'positions': {'KXHYPE15M-26SEP112200-00': {'want': 'yes', 'contracts': 4.5, 'cost': 4.3965, 'order_ids': ['01a09357-57d0-79b1-8d9e-1771a1356947']}, 'KXSOL15M-26SEP112200-00': {'want': 'no', 'contracts': 20.0, 'cost': 18.779999999999998, 'order_ids': ['01a09357-5fa0-708d-bd43-8c9e7a1e2171']}, 'KXBTC15M-26SEP112200-00': {'want': 'no', 'contracts': 20.0, 'cost': 18.32, 'order_ids': ['01a09357-9650-7d0a-abe6-c7bc12dde85f']}}, 'takes': [{'status_code': 201, 'order_id': '01a09108-f718-7a29-8a7b-f6730cfdb6a5', 'status': 'canceled', 'filled': 0.0, 'remaining': 0.0, 'exec_price': None, 'fee': None, 'fee_total': None, 'client_order_id': 'pin-1789139679121-85bf8c', 't': 1789139679.2756317}, {'status_code': 201, 'order_id': '01a09109-0aa0-7468-88f5-3ae0cdee2977', 'status': 'canceled', 'filled': 0.0, 'remaining': 0.0, 'exec_price': None, 'fee': None, 'fee_total': None, 'client_order_id': 'pin-1789139684128-cd13ea', 't': 1789139684.2201407}, {'status_code': 201, 'order_id': '01a0914d-7e10-73ba-ac49-d466a888ae9f', 'status': 'canceled', 'filled': 0.0, 'remaining': 0.0, 'exec_price': None, 'fee': None, 'fee_total': None, 'client_order_id': 'pin-1789144170028-465751', 't': 1789144170.2128246}, {'status_code': 201, 'order_id': '01a0914d-7e10-7553-bb92-856ff5fa35e8', 'status': 'executed', 'filled': 20.0, 'remaining': 0.0, 'exec_price': 0.9776, 'fee': 0.0015, 'fee_total': 0.03, 'client_order_id': 'pin-1789144170279-c43fff', 't': 1789144170.3810108}, {'kind': 'pnl', 'delta': 0.4172999999999995, 'note': 'KXXRP15M-26SEP111230-30 no vs no', 't': 1789144220.1259212}, {'status_code': 201, 'order_id': '01a091c9-64d0-7759-bfda-ffb6ca3384d1', 'status': 'partially_filled_then_canceled', 'filled': 3.0, 'remaining': 0.0, 'exec_price': 0.973, 'fee': 0.0018, 'fee_total': 0.0054, 'client_order_id': 'pin-1789152290130-f5e582', 't': 1789152290.2159283}, {'kind': 'pnl', 'delta': 0.07540000000000008, 'note': 'KXZEC15M-26SEP111445-45 yes vs yes', 't': 1789152320.1007552}, {'status_code': 201, 'order_id': '01a091e4-a948-7868-ad1b-1c15f7bbd85f', 'status': 'executed', 'filled': 20.0, 'remaining': 0.0, 'exec_price': 0.938, 'fee': 0.004, 'fee_total': 0.08, 'client_order_id': 'pin-1789154077093-ebd3cc', 't': 1789154077.1911347}, {'kind': 'pnl', 'delta': 1.1585000000000012, 'note': 'KXXRP15M-26SEP111515-15 no vs no', 't': 1789154120.1456022}, {'status_code': 201, 'order_id': '01a09236-fb80-7f43-ba60-88acb8f4390d', 'status': 'canceled', 'filled': 0.0, 'remaining': 0.0, 'exec_price': None, 'fee': None, 'fee_total': None, 'client_order_id': 'pin-1789159472123-4ff94f', 't': 1789159472.210886}, {'status_code': 201, 'order_id': '01a09236-fb80-725b-897b-36226da574ff', 'status': 'executed', 'filled': 20.0, 'remaining': 0.0, 'exec_price': 0.977, 'fee': 0.0015, 'fee_total': 0.03, 'client_order_id': 'pin-1789159472272-92ac23', 't': 1789159472.378808}, {'kind': 'pnl', 'delta': 0.42850000000000044, 'note': 'KXETH15M-26SEP111645-45 no vs no', 't': 1789159520.1337018}, {'status_code': 201, 'order_id': '01a09260-2a78-7384-a172-bc3faa2efacd', 'status': 'executed', 'filled': 20.0, 'remaining': 0.0, 'exec_price': 0.975, 'fee': 0.0017, 'fee_total': 0.033999999999999996, 'client_order_id': 'pin-1789162171114-5a9075', 't': 1789162171.2006369}, {'kind': 'pnl', 'delta': 0.46580000000000044, 'note': 'KXBTC15M-26SEP111730-30 yes vs yes', 't': 1789162220.137218}, {'status_code': 201, 'order_id': '01a0926d-e230-7e59-96e2-3f829cccfbe9', 'status': 'canceled', 'filled': 0.0, 'remaining': 0.0, 'exec_price': None, 'fee': None, 'fee_total': None, 'client_order_id': 'pin-1789163070058-852619', 't': 1789163070.1658204}, {'status_code': 201, 'order_id': '01a0926d-e230-7128-aa92-b49cfae805c6', 'status': 'canceled', 'filled': 0.0, 'remaining': 0.0, 'exec_price': None, 'fee': None, 'fee_total': None, 'client_order_id': 'pin-1789163070232-e03968', 't': 1789163070.3163733}, {'status_code': 201, 'order_id': '01a0926d-e230-78c9-ab06-1ce205ad8ce3', 'status': 'executed', 'filled': 20.0, 'remaining': 0.0, 'exec_price': 0.979, 'fee': 0.0014, 'fee_total': 0.028, 'client_order_id': 'pin-1789163070485-2e3d30', 't': 1789163070.5656884}, {'kind': 'pnl', 'delta': 0.3912000000000004, 'note': 'KXBTC15M-26SEP111745-45 no vs no', 't': 1789163120.121417}, {'status_code': 201, 'order_id': '01a092a4-d0b0-7c4b-bb6a-c7b975890111', 'status': 'executed', 'filled': 20.0, 'remaining': 0.0, 'exec_price': 0.92, 'fee': 0.0051, 'fee_total': 0.10200000000000001, 'client_order_id': 'pin-1789166670040-9eaed2', 't': 1789166670.1317213}, {'status_code': 201, 'order_id': '01a092a4-dc68-7354-bada-4ee979dca045', 'status': 'executed', 'filled': 20.0, 'remaining': 0.0, 'exec_price': 0.83, 'fee': 0.0098, 'fee_total': 0.196, 'client_order_id': 'pin-1789166673591-f60dcd', 't': 1789166673.712339}, {'kind': 'pnl', 'delta': 1.4968999999999992, 'note': 'KXXRP15M-26SEP111845-45 no vs no', 't': 1789166720.1327949}, {'kind': 'pnl', 'delta': 3.202400000000001, 'note': 'KXSOL15M-26SEP111845-45 no vs no', 't': 1789166720.21796}, {'status_code': 201, 'order_id': '01a092b2-ea10-714e-beee-75120718eb09', 'status': 'canceled', 'filled': 0.0, 'remaining': 0.0, 'exec_price': None, 'fee': None, 'fee_total': None, 'client_order_id': 'pin-1789167594108-0d298e', 't': 1789167594.1968153}, {'status_code': 201, 'order_id': '01a092b2-ea10-73ba-8b7f-bb04c6f53720', 'status': 'canceled', 'filled': 0.0, 'remaining': 0.0, 'exec_price': None, 'fee': None, 'fee_total': None, 'client_order_id': 'pin-1789167594365-da66a7', 't': 1789167594.4489114}, {'status_code': 201, 'order_id': '01a092b2-ea10-7a93-8a89-d3e54eed08aa', 'status': 'executed', 'filled': 20.0, 'remaining': 0.0, 'exec_price': 0.953, 'fee': 0.0031, 'fee_total': 0.062, 'client_order_id': 'pin-1789167594507-b68ef4', 't': 1789167594.6130922}, {'kind': 'pnl', 'delta': 0.8772000000000009, 'note': 'KXBTC15M-26SEP111900-00 no vs no', 't': 1789167620.1299672}, {'status_code': 201, 'order_id': '01a092ce-0390-766c-8ce8-d0714b3a922f', 'status': 'canceled', 'filled': 0.0, 'remaining': 0.0, 'exec_price': None, 'fee': None, 'fee_total': None, 'client_order_id': 'pin-1789169370063-e8409a', 't': 1789169370.1532795}, {'status_code': 201, 'order_id': '01a092ce-0390-7732-9a5b-68cbda6ccf43', 'status': 'executed', 'filled': 20.0, 'remaining': 0.0, 'exec_price': 0.969, 'fee': 0.0021, 'fee_total': 0.041999999999999996, 'client_order_id': 'pin-1789169370219-aaf6b2', 't': 1789169370.3002112}, {'kind': 'pnl', 'delta': 0.5779000000000005, 'note': 'KXETH15M-26SEP111930-30 no vs no', 't': 1789169420.1524794}, {'status_code': 201, 'order_id': '01a092db-da88-7c44-bc8f-42ceb52baa29', 'status': 'partially_filled_then_canceled', 'filled': 14.3, 'remaining': 0.0, 'exec_price': 0.951, 'fee': 0.0032, 'fee_total': 0.04576, 'client_order_id': 'pin-1789170277142-9cfc2f', 't': 1789170277.2298365}, {'kind': 'pnl', 'delta': 0.6540000000000007, 'note': 'KXNEAR15M-26SEP111945-45 no vs no', 't': 1789170320.1709583}, {'status_code': 201, 'order_id': '01a092e9-7ad0-7788-aef2-63857f41c7ac', 'status': 'canceled', 'filled': 0.0, 'remaining': 0.0, 'exec_price': None, 'fee': None, 'fee_total': None, 'client_order_id': 'pin-1789171170061-eae124', 't': 1789171170.1584415}, {'status_code': 201, 'order_id': '01a092e9-7ad0-7e31-a957-1daa78ff01b4', 'status': 'canceled', 'filled': 0.0, 'remaining': 0.0, 'exec_price': None, 'fee': None, 'fee_total': None, 'client_order_id': 'pin-1789171170226-922b28', 't': 1789171170.3056033}, {'status_code': 201, 'order_id': '01a092e9-7ad0-73d8-9701-22ad3bd8419a', 'status': 'executed', 'filled': 20.0, 'remaining': 0.0, 'exec_price': 0.963, 'fee': 0.0024, 'fee_total': 0.047999999999999994, 'client_order_id': 'pin-1789171170366-279b6e', 't': 1789171170.4521117}, {'kind': 'pnl', 'delta': 0.6901000000000006, 'note': 'KXBTC15M-26SEP112000-00 yes vs yes', 't': 1789171220.129624}, {'status_code': 201, 'order_id': '01a092f7-51c8-7a0c-a06a-d11df5e96fa3', 'status': 'executed', 'filled': 20.0, 'remaining': 0.0, 'exec_price': 0.9752, 'fee': 0.0016, 'fee_total': 0.032, 'client_order_id': 'pin-1789172077679-856116', 't': 1789172077.7946684}, {'kind': 'pnl', 'delta': 0.4621000000000009, 'note': 'KXETH15M-26SEP112015-15 yes vs yes', 't': 1789172120.1671731}, {'status_code': 201, 'order_id': '01a09304-f9e0-7c21-9e27-132fc08b6a51', 'status': 'executed', 'filled': 20.0, 'remaining': 0.0, 'exec_price': 0.948, 'fee': 0.0034, 'fee_total': 0.06799999999999999, 'client_order_id': 'pin-1789172972151-3e5c85', 't': 1789172972.2578762}, {'kind': 'pnl', 'delta': 0.970900000000001, 'note': 'KXBTC15M-26SEP112030-30 no vs no', 't': 1789173020.1500554}, {'status_code': 201, 'order_id': '01a09312-adb0-7494-88dc-0d73869def6b', 'status': 'canceled', 'filled': 0.0, 'remaining': 0.0, 'exec_price': None, 'fee': None, 'fee_total': None, 'client_order_id': 'pin-1789173870057-fc626b', 't': 1789173870.1505005}, {'status_code': 201, 'order_id': '01a09312-adb0-77c4-a14f-202bdbe024bf', 'status': 'executed', 'filled': 20.0, 'remaining': 0.0, 'exec_price': 0.979, 'fee': 0.0014, 'fee_total': 0.028, 'client_order_id': 'pin-1789173870216-bd165e', 't': 1789173870.303684}, {'status_code': 201, 'order_id': '01a09312-adb0-7952-959a-17794a186306', 'status': 'executed', 'filled': 20.0, 'remaining': 0.0, 'exec_price': 0.969, 'fee': 0.0021, 'fee_total': 0.041999999999999996, 'client_order_id': 'pin-1789173870360-273a68', 't': 1789173870.476026}, {'kind': 'pnl', 'delta': 0.3912000000000004, 'note': 'KXHYPE15M-26SEP112045-45 no vs no', 't': 1789173920.118802}, {'kind': 'pnl', 'delta': 0.5779000000000005, 'note': 'KXXRP15M-26SEP112045-45 yes vs yes', 't': 1789173920.238846}, {'status_code': 201, 'order_id': '01a09320-6950-7a60-82e3-b02f61fcdb65', 'status': 'partially_filled_then_canceled', 'filled': 0.02, 'remaining': 0.0, 'exec_price': 0.961, 'fee': 0.009, 'fee_total': 0.00017999999999999998, 'client_order_id': 'pin-1789174770035-d02af5', 't': 1789174770.1311674}, {'status_code': 201, 'order_id': '01a09320-6950-744b-bdd0-0dd75840571f', 'status': 'executed', 'filled': 20.0, 'remaining': 0.0, 'exec_price': 0.98, 'fee': 0.0013, 'fee_total': 0.026, 'client_order_id': 'pin-1789174770147-5e5695', 't': 1789174770.2493489}, {'kind': 'pnl', 'delta': 0.0006800000000000007, 'note': 'KXBTC15M-26SEP112100-00 yes vs yes', 't': 1789174820.1209867}, {'kind': 'pnl', 'delta': 0.37250000000000033, 'note': 'KXDOGE15M-26SEP112100-00 no vs no', 't': 1789174820.2064378}, {'status_code': 201, 'order_id': '01a09357-57d0-79b1-8d9e-1771a1356947', 'status': 'partially_filled_then_canceled', 'filled': 4.5, 'remaining': 0.0, 'exec_price': 0.977, 'fee': 0.0015, 'fee_total': 0.00675, 'client_order_id': 'pin-1789178370018-99fbc6', 't': 1789178370.1312149}, {'status_code': 201, 'order_id': '01a09357-5fa0-708d-bd43-8c9e7a1e2171', 'status': 'executed', 'filled': 20.0, 'remaining': 0.0, 'exec_price': 0.939, 'fee': 0.004, 'fee_total': 0.08, 'client_order_id': 'pin-1789178372149-329513', 't': 1789178372.2325406}, {'status_code': 201, 'order_id': '01a09357-9650-7d0a-abe6-c7bc12dde85f', 'status': 'executed', 'filled': 20.0, 'remaining': 0.0, 'exec_price': 0.916, 'fee': 0.0053, 'fee_total': 0.106, 'client_order_id': 'pin-1789178386100-f25f2b', 't': 1789178386.1864586}]}
  log C:\kals-repo\results\pinrun-live-20260911T132358Z.jsonl
