SELF-TEST -- pinrun
  ok   all 60 prints locked at now=close (remaining 0)
  ok   locked sum excludes tick@close and includes tick@close-60 (5900.0, expected 5900.0)
  ok   decided yes on the corrected window (fair 1.0)
  ok   old and new windows genuinely differ on this fixture
  ok   eff_strike(2492.82, d=2) == 2492.815
  ok   rounding-aware fair calls the real ETH market YES (1.0)
  ok   the un-rounded model calls it NO (0.0) -- the -90.91c loss
  ok   the locked window ends at the newest print HELD, not at now (remaining 3, locked 58596.0)
  ok   with the newest print in flight on a rising index the corrected model says YES (fair 1.0000); mean-imputation said NO (fair 0.0000) -- a wrong-side buy at ~99c
  ok   an interior gap takes the nearest print (6899.0, expected 6899.0; the window-mean rule would say 6914.2)
  ok   partial refuses a window missing more than 5% of its prints
  ok   buying YES at 98.3c and NO at 90.8c on ONE market pays 189.1c for a guaranteed $1.00 -- a locked 89.1c loss carrying NO directional risk
  ok   and EVERY price the rule can pay is above 50c, so a both-sides pair is ALWAYS a locked loss -- there is no price at which it is not
  ok   the side taken is recorded PER TICKER, so a second market is unaffected -- the guard must not block ordinary diversification
  ok   three losing trades on ONE close plus one on another is TWO losing closes, not four (2) -- tonight three fills on one NEAR market spent the whole 3-loss budget on a SINGLE draw
  ok   so one bad close can no longer exhaust a 3-close brake by itself, which is what 'three losses is roughly a 1% event' actually assumed
  ok   two fills on the SAME ticker occupy TWO entries -- keyed by order id, the second cannot overwrite the first
  ok   and open exposure is the SUM of both stakes ($36.82), not just the last
  ok   releasing ONE of them leaves the ticker still referenced, so the position record must NOT be dropped yet
  ok   and only when the last one goes is the ticker free -- the null, so a release cannot fire early
  ok   and NOTHING in the loop still keys open_pos by ticker
  ok   attempts (8) are capped ABOVE fills (2) -- separate budgets, because a lost race should cost a retry but not a fill slot
  ok   and the attempt cap is small enough that a 20 Hz loop cannot spam (8)
  ok   the attempt cap is actually READ in the loop, not merely defined
  ok   and an attempt is counted BEFORE the order is sent, so a send that never returns still consumes one
  ok   a RETURNED refusal is counted as an order error -- take() does not raise, so nothing noticed 160 refusals in a row
  ok   pintake's own count rail is below its hard ceiling (10 <= 25)
  pintake rails raised: MAX_TAKE_COUNT 10 -> 15  (selftest)
  ok   set_limits RAISES the count rail so it can never be the thing that silently blocks a bigger size again
  ok   and it REFUSES to lower it
  ok   the fixture buys exactly MAX_PER_CLOSE times (2)
  ok   and every later buy is at least IMPROVE_BY cheaper -- so the marginal trade cap 3 adds is the CHEAPEST of the close, which is why it cannot degrade the average price paid
  ok   three fills commit $38.80, the sum of their stakes, not three times the first
  ok   and that is at or below the $40 worst case the deployment rail sizes the brake against -- the rail is conservative, as it must be
  ok   and releasing all three gives back EXACTLY what was committed
  ok   the forward loss bound tolerates all three open ($38.80 vs a $-90.00 brake)
  ok   --max-positions equal to the cap (2) REFUSES the last fill once a straggler is still open, which is why it must be at least MAX_PER_CLOSE + 1 (position cap: 2 open >= 2)
  ok   2 losses does NOT halt a run whose brake is 3
  ok   3 losses DOES halt it, on COUNT and not on dollars (loss COUNT brake: 3 losing trades this run >= 3; stop and re-measure the flip rate)
  ok   and max_losses=0 DISABLES it -- the null, so the brake cannot fire on a run that never asked for it
  ok   MIN_FILL_FRAC is a fraction (0.5)
  ok   a deep book fills the whole size we asked for
  ok   a 7-contract offer at size 10 is TAKEN as a partial, not thrown away -- the old dust gate refused it outright
  ok   but a 4-contract scrap at size 10 is still refused: below half, a tiny fill burns a scale-in slot and raises the improve bar, which measured WORSE than not trading
  ok   sub-contract dust is refused at every size (MIN_LEVEL)
  ok   a partial can only ever LOWER the contracts bought, never raise them, so this amendment cannot increase exposure
  ok   a filled buy books a slot and sets the improve bar
  ok   a second fill books the second slot and LOWERS the bar to the better price
  ok   and 2 FILLS still exhaust the close -- max exposure is UNCHANGED by this amendment, only wasted attempts are recovered
  ok   a market that already filled 1x is refused a repeat -- this is what turned one bad NEAR close into -$52.60
  ok   but a DIFFERENT market on the same close is still allowed, because MAX_PER_CLOSE governs that and rho ~ 0.8 is not rho = 1
  ok   and the first fill of a close is never blocked
  ok   one market can never stake more than the whole close is allowed to
  ok   A13 does not change the worst CLOSE ($2.00); it changes how much of it one market may be -- $1.00 instead of all of it
  ok   STRUCTURAL: the live slot is booked AFTER the order returns, so a zero-fill cannot burn it
  ok   and it is booked only inside the filled>0 branch
  ok   STRUCTURAL: the slot is booked only when the FILL is at least half our size; a scrap keeps its position and spends no slot
  ok   and a scrap is recorded, not silent
  ok   STRUCTURAL: scraps ACCUMULATE and spend a slot once they add up to a real fill -- without this, 8 scraps of 9.99 would double the worst-case close from $39.20 to $78.32
  ok   eight 0.02-contract crumbs spend NO slot (0.16 of 10) -- the case A12 exists for
  ok   scraps of 9.99: at most 39.96 contracts fill in one close, against the intended 40 -- bounded
  ok   scraps of 5: at most 20.00 contracts fill in one close, against the intended 40 -- bounded
  ok   scraps of 2: at most 20.00 contracts fill in one close, against the intended 40 -- bounded
  ok   scraps of 0.5: at most 20.00 contracts fill in one close, against the intended 40 -- bounded
  ok   within the 8-attempt cap, 0.02 crumbs spend no slot at all -- the case A12 exists for
  ok   while near-full scraps exhaust the slots inside the same cap
  ok   at size 20 the real-fill line is 10: the 2.0 and 0.02 fills of 2026-09-11 07:00 ET are scraps, a 10 is a fill
  ok   take() is called with take_n, the contracts actually available, not the raw SIZE
  ok   an EMPTY close reports NO depth rather than a zero -- a close where nothing was offered must not look like a close offering 0 contracts
  ok   depth percentiles come back sorted (median 30.0)
  ok   the size ladder counts moments that SURVIVE each size (4 at 5, 2 at 125)
  ok   at size 1 every offered moment survives -- the ladder's own null
  ok   a single 7-contract offer survives at size 5 but NOT at size 10, which is exactly the opportunity cost of scaling
  ok   EV is ~zero exactly at p = 1 - flip = 0.9910 (got -0.070c)
  ok   a trade at 99.6c is NEGATIVE EV (-0.53c) -- matches the 2026-09-08 live trades
  ok   a trade at 99.3c is NEGATIVE EV (-0.25c) -- matches the 2026-09-08 live trades
  ok   a trade at 99.2c is NEGATIVE EV (-0.16c) -- matches the 2026-09-08 live trades
  ok   a trade at 99.1c is NEGATIVE EV (-0.07c) -- matches the 2026-09-08 live trades
  ok   a trade at 97.9c is positive EV (+1.05c) -- matches the 2026-09-08 live trades
  ok   a trade at 94.7c is positive EV (+4.04c) -- matches the 2026-09-08 live trades
  ok   the EV floor puts the price ceiling between 98c and 99c
  ok   a higher flip rate makes even 95c negative (the gate tracks f)
  ok   net edge subtracts the taker fee (0.430c at p=0.99)
  ok   billed fee at p=0.95 is $0.0034, not the raw $0.003325 (0.0034)
  ok   the billed fee is never below the raw formula (conservative)
  ok   the billed fee on 0.01 contracts is the $0.0001 floor (0.0001)
  ok   at --size 0.01 a 0.9c gross edge is NEGATIVE once the order's own fee is charged (-0.100c), where the one-contract fee would have called it +0.83c
  ok   edge sign behaves at the boundary
  ok   NO-side edge is (1-fair) - price - fee
  ok   YES take is a bid at the seen price (bid 0.9910)
  ok   NO take at 0.989 is an ask at 0.0110 = the yes bid we hit (ask 0.0110)
  ok   a NO take at 0.989 costs $0.989, not $0.011 ($0.9890)
  ok   both bodies have post_only False -- pin must cross, never rest
  ok   tif never rests (immediate_or_cancel)
  ok   stale index reports its age (30s)
  ok   on_frame parses a real cfbenchmarks_value frame
  ok   junk and off-channel frames are counted, not fatal
  ok   pintake ledger has the key the abort reads: 'halt'
  ok   pintake ledger has the key the abort reads: 'realised'
  ok   pintake ledger has the key the abort reads: 'committed'
  ok   pintake ledger has the key the abort reads: 'positions'
  ok   every ledger key the abort reads exists (['committed', 'halt', 'losses', 'positions', 'realised'])
  ok   abort fires on realised -3.00 vs limit -2.00 (loss abort: realised $-3.00 <= $-2.00)
  ok   abort fires at the stake cap (stake cap reached: $60.00 committed)
  ok   abort fires on a pintake halt (pintake halted: unknown order state)
  ok   PAUSE (clears when positions settle): position cap: 3 open >= 3
  ok   PAUSE (clears when positions settle): loss bound: realised $+0.78 with $40.89 still 
  ok   PAUSE (clears when positions settle): stake cap reached: $60.00 committed
  ok   HALT (needs a human): already halted
  ok   HALT (needs a human): pintake halted: unknown order state
  ok   HALT (needs a human): loss abort: realised $-61.00 <= $-60.00
  ok   HALT (needs a human): loss COUNT brake: 3 losing trades this run >= 
  ok   HALT (needs a human): 2 errors on the ORDER path
  ok   HALT (needs a human): 5 consecutive errors
  ok   no halt at all is not a transient halt
  ok   the 02:00 halt that cost 23 minutes would now PAUSE
  ok   and so would the 03:29 one
  ok   the pause branch never sets state['halted'] -- that would be a terminal answer to a temporary question
  ok   and it continues the loop, so reconcile() keeps releasing the positions it is waiting on
  ok   belief below the 0.90 gate fires the hedge
  ok   belief at or above the gate does not
  ok   no belief at all never fires -- a missing number is not a collapse
  ok   and the threshold is a parameter, so the holdout can sweep it
  ok   the real NEAR tau16 collapse (40.6%) fires
  ok   the real BNB tau24 collapse (46.3%) fires
  ok   the real SOL-08:00 tau16 collapse (83.7%) fires
  ok   and the SOL-08:00 ENTRY belief (99.76%) does not -- we hedge the collapse, not the buy
  ok   hedging 96c NO with 35c YES pays 131c for $1 -- a 31c loss that BEATS the 96c from holding: allowed
  ok   65c and 99c legs are allowed too -- any ask under $1 shrinks the loss
  ok   a $1.00 leg locks exactly the unhedged loss: REFUSED, and the fee makes it worse
  ok   zero and negative asks are not prices
  ok   garbage inputs refuse rather than pass
  ok   the EV diagnostic reads (1-belief)-ask: +5c when the market lags the collapse, -5c when we pay for variance reduction
  ok   NEAR hedged at 35c locks -$6.24 on 20 contracts instead of -$19.24
  ok   BNB hedged at 55c locks -$9.80 instead of -$18.80
  ok   at entry 0.900: a $1.00 leg locks exactly the unhedged loss and is refused; a 99c leg locks less and is allowed
  ok   at entry 0.960: a $1.00 leg locks exactly the unhedged loss and is refused; a 99c leg locks less and is allowed
  ok   at entry 0.979: a $1.00 leg locks exactly the unhedged loss and is refused; a 99c leg locks less and is allowed
  ok   the hedge pass never calls _book_slot -- so A8 still blocks any later ENTRY on the opposite side
  ok   and it calls hedge_ask_ok before every order
  ok   and places the hedge through the same take() path as every fill
  ok   every alarm, missing ask and refusal is recorded -- silence is not an outcome
  ok   retries are paced to ONE PER SECOND -- the first live alarm burned all five in ~250 ms and gave up inside the alarm second
  ok   retries are bounded (5) -- a runaway on the hedge path would be the 160-order incident again
  ok   abort fires FORWARD: $1.20 open plus one more contract would pass -$2.00 (loss bound: realised $+0.00 with $1.20 still open; one more contract could take this run past $-2.00)
  ok   $0.90 open still leaves room for one more contract (None)
  ok   abort fires on order-path errors, which the universe pass cannot reset (2 errors on the ORDER path)
  ok   a settled position releases its FULL stake at size 1 (committed 0.0000, was 0.9750)
  ok   a settled position releases its FULL stake at size 5 (committed 0.0000, was 4.8750)
  ok   a settled position releases its FULL stake at size 8 (committed 0.0000, was 7.8000)
  ok   a settled position releases its FULL stake at size 10 (committed 0.0000, was 9.7500)
  ok   a settled position releases its FULL stake at size 25 (committed 0.0000, was 24.3750)
  ok   and releasing only ONE contract at size 5 LEAKS $3.9000 -- the bug this test now catches, stated as a positive so it cannot pass vacuously
  ok   P&L is booked to realised, which the abort reads
  ok   every exit path releases the stake -- finalized, both give-ups, and the definition (4 references)
  ok   pintake ships a size-1 loss abort of $-2.00
  ok   ONE ordinary loss at size 5 is $-4.88, which is past that default -- so an unraised order path dies on the first loss
  pintake rails raised: LOSS_ABORT $-2.00 -> $-30.00  (selftest)
  ok   set_limits LOOSENS the order-path brake to match the run's own
  ok   and it REFUSES to tighten -- a hidden brake tighter than the operator's is not a brake, it is an outage
  ok   risk_abort() runs before the first `continue` in the loop
  ok   no direct send path in this file (found [])
  ok   take() is called with the market's exchange_index, not the default 0
  ok   exchange_index is read from the market record in the universe pass
  ok   zrough is ~1.0 on a feed whose roughness never changes (got 0.98)
  ok   a calm board reads X~0.92 with 0 coins moving
  ok   coin A's OWN volatility spike leaves A's cross index EXACTLY unchanged -- otherwise this is the refuted own-sigma filter under a new name
  ok   but A's OWN roughness does spike (10.9 vs 0.98)
  ok   and B DOES see it: X 0.92 -> 2.34, 1 coin(s) moving
  ok   tick retention (4000) covers the 3600s baseline the ratio is divided by
  ok   a revised print does not change how many seconds we hold, so (newest, count) alone cannot detect it
  ok   and it STILL busts the cache -- a revised print must not be served stale from a conditions read
  ok   while an identical duplicate does NOT bust it -- otherwise every repeated frame recomputes a 3600-second window on the order path
  ok   and the signal record actually carries the conditions columns
  ok   a 15c discount is >10x the 0.3c edge floor, so the honest edge can never trip it
  ok   XRP 04:59Z (fair 1.0, filled 82c, 18c disc, LOST -$16.61) refused
  ok   DOGE 22:14Z (fair 0.0, filled 10c, 90c disc, LOST -$2.12) refused
  ok   SOL 2026-09-11 12:30Z (99.508% sure, filled 59.1c, 40.4c disc, LOST -$12.16) IS refused now -- the 0.999 condition let it through
  ok   NEAR 09-09 (99.827% sure, 73c, 26.8c disc, LOST -$14.13) refused
  ok   BNB 89c (10.7c disc, WON +$2.06) is NOT refused -- the 5-15c band went 24-0 for +$32.20 and refusing it was the guard's worst error
  ok   SOL 91.9c (8.1c disc, WON) passes
  ok   a certainty at 97.8c (2.2c discount, WON) passes -- the normal edge
  ok   and a boundary fill at the ceiling passes untouched
  ok   the guard is wired into the trade loop and counted in the near-miss record, so refusals are visible rather than silent
  ok   AMENDMENT 10b: the guard is ON by operator decision (undeterminable EV, owner chose fewer losses); would-be outcomes are recorded
  ok   every refusal writes ONE `dumped` record per (close, market) with side, price, fair and tau, so the would-be P&L can be resolved later
  ok   and the record is written before the enable check, whether or not the trade is refused
  ok   and the count happens BEFORE the enable check, so the class is recorded whether or not it is refused
SELF-TEST PASSED
  MODE LIVE size 1   tau<=30s  pin 0.995  edge>=0.3c net  loss abort $-60.00  SIZE 20
  log C:\kals-repo\results\pinrun-live-20260912T100201Z.jsonl
  pintake rails raised: MAX_TAKE_COUNT 10 -> 20; LOSS_ABORT $-2.00 -> $-60.00; MAX_RUN_STAKE $60.00 -> $130.00  (size 20, worst close $40.00)
  ARMED: https://api.elections.kalshi.com/trade-api/v2  key b48b406b...  stake cap $130.00
  index up: 11 ticks, 11 feeds
  close 10:15Z: 4682 looks, best was KXXRP15M-26SEP120615-1 YES @0.9970 edge +0.28c (need +0.3c) -> no trade
  SIGNAL KXDOGE15M-26SEP120630-30 tau=30s buy NO @0.9800 fair 0.0000 edge +1.86c size 65.48 taking 20
    ORDER -> status executed filled 20.0 @ 0.98 fee 0.0013
  close 10:30Z: 4105 looks, best was KXDOGE15M-26SEP120630- NO @0.9800 edge +1.86c (need +0.3c) -> FIRED
  SETTLED KXDOGE15M-26SEP120630-30 no vs no -> +37.25c (run realised $+0.3725)
  SIGNAL KXHYPE15M-26SEP120645-45 tau=24s buy NO @0.9750 fair 0.0049 edge +1.83c size 21.13 taking 20
    ORDER -> status executed filled 20.0 @ 0.975 fee 0.0017
  close 10:45Z: 4176 looks, best was KXHYPE15M-26SEP120645- NO @0.9750 edge +1.83c (need +0.3c) -> FIRED
  SETTLED KXHYPE15M-26SEP120645-45 no vs no -> +46.58c (run realised $+0.8383)
  close 11:00Z: 4448 looks, best was KXXRP15M-26SEP120700-0 YES @0.9920 edge +0.74c (need +0.3c) -> no trade
  SIGNAL KXBTC15M-26SEP120715-15 tau=30s buy NO @0.9300 fair 0.0022 edge +6.33c size 25.02 taking 20
    ORDER -> status canceled filled 0.0 @ None fee None
  SIGNAL KXBTC15M-26SEP120715-15 tau=30s buy NO @0.9380 fair 0.0018 edge +5.61c size 259.01 taking 20
    ORDER -> status executed filled 20.0 @ 0.936 fee 0.0041
  close 11:15Z: 4018 looks, best was KXBTC15M-26SEP120715-1 NO @0.9300 edge +6.33c (need +0.3c) -> FIRED
  SETTLED KXBTC15M-26SEP120715-15 no vs no -> +119.61c (run realised $+2.0344)
  SIGNAL KXETH15M-26SEP120730-30 tau=30s buy YES @0.9640 fair 0.9991 edge +3.26c size 10.00 taking 10
    ORDER -> status executed filled 10.0 @ 0.961 fee 0.0026
  close 11:30Z: 4008 looks, best was KXETH15M-26SEP120730-3 YES @0.9640 edge +3.26c (need +0.3c) -> FIRED
  SETTLED KXETH15M-26SEP120730-30 yes vs yes -> +36.37c (run realised $+2.3981)
  SIGNAL KXBNB15M-26SEP120745-45 tau=30s buy NO @0.9570 fair 0.0016 edge +3.86c size 60.00 taking 20
    ORDER -> status canceled filled 0.0 @ None fee None
  SIGNAL KXBNB15M-26SEP120745-45 tau=30s buy NO @0.9710 fair 0.0016 edge +2.55c size 19.00 taking 19
    ORDER -> status executed filled 19.0 @ 0.971 fee 0.0019
  close 11:45Z: 3796 looks, best was KXBNB15M-26SEP120745-4 NO @0.9570 edge +3.86c (need +0.3c) -> FIRED
  SETTLED KXBNB15M-26SEP120745-45 no vs no -> +51.35c (run realised $+2.9116)
  SIGNAL KXDOGE15M-26SEP120800-00 tau=30s buy NO @0.9750 fair 0.0001 edge +2.32c size 78.01 taking 20
    ORDER -> status executed filled 20.0 @ 0.975 fee 0.0017
  SIGNAL KXNEAR15M-26SEP120800-00 tau=30s buy NO @0.9690 fair 0.0036 edge +2.53c size 11.24 taking 11.24
    SCRAP 0.24 of 11.24 -- position kept, slot NOT spent
    ORDER -> status partially_filled_then_canceled filled 0.24 @ 0.969 fee 0.0022
  SIGNAL KXZEC15M-26SEP120800-00 tau=30s buy YES @0.9640 fair 0.9982 edge +3.18c size 25.87 taking 20
    ORDER -> status executed filled 20.0 @ 0.963 fee 0.0024
  --- PAUSE (will resume): position cap: 3 open >= 3
  close 12:00Z: 26 looks, best was KXZEC15M-26SEP120800-0 YES @0.9640 edge +3.18c (need +0.3c) -> FIRED
  SETTLED KXDOGE15M-26SEP120800-00 no vs no -> +46.58c (run realised $+3.3774)
  SETTLED KXNEAR15M-26SEP120800-00 no vs no -> +0.68c (run realised $+3.3842)
  SETTLED KXZEC15M-26SEP120800-00 yes vs yes -> +69.01c (run realised $+4.0743)
  --- RESUMED
  SIGNAL KXNEAR15M-26SEP120815-15 tau=15s buy NO @0.9750 fair 0.0028 edge +2.05c size 21.29 taking 20
    ORDER -> status executed filled 20.0 @ 0.975 fee 0.0017
  close 12:15Z: 4202 looks, best was KXNEAR15M-26SEP120815- NO @0.9750 edge +2.05c (need +0.3c) -> FIRED
  SETTLED KXNEAR15M-26SEP120815-15 no vs no -> +46.58c (run realised $+4.5401)
  SIGNAL KXXRP15M-26SEP120830-30 tau=30s buy YES @0.9770 fair 0.9994 edge +2.08c size 110.00 taking 20
    ORDER -> status executed filled 20.0 @ 0.963 fee 0.0024
  close 12:30Z: 3837 looks, best was KXBTC15M-26SEP120830-3 YES @0.9680 edge +2.66c (need +0.3c) -> FIRED
  SETTLED KXXRP15M-26SEP120830-30 yes vs yes -> +69.01c (run realised $+5.2302)
  SIGNAL KXBTC15M-26SEP120845-45 tau=22s buy NO @0.8900 fair 0.0024 edge +10.08c size 72.10 taking 20
    ORDER -> status canceled filled 0.0 @ None fee None
  SIGNAL KXBTC15M-26SEP120845-45 tau=22s buy NO @0.9100 fair 0.0024 edge +8.19c size 282.38 taking 20
    ORDER -> status canceled filled 0.0 @ None fee None
  SIGNAL KXBTC15M-26SEP120845-45 tau=22s buy NO @0.9600 fair 0.0024 edge +3.50c size 32.14 taking 20
    ORDER -> status executed filled 20.0 @ 0.96 fee 0.0026
  close 12:45Z: 4100 looks, best was KXBTC15M-26SEP120845-4 NO @0.8900 edge +10.08c (need +0.3c) -> FIRED
  SETTLED KXBTC15M-26SEP120845-45 no vs no -> +74.62c (run realised $+5.9764)
  SIGNAL KXBTC15M-26SEP120900-00 tau=5s buy NO @0.9030 fair 0.0017 edge +8.91c size 10.39 taking 10.39
    ORDER -> status canceled filled 0.0 @ None fee None
  SIGNAL KXBTC15M-26SEP120900-00 tau=5s buy NO @0.9360 fair 0.0017 edge +5.81c size 19.02 taking 19.02
    SCRAP 0.06 of 19.02 -- position kept, slot NOT spent
    ORDER -> status partially_filled_then_canceled filled 0.06 @ 0.9317 fee 0.005
  close 13:00Z: 4329 looks, best was KXBTC15M-26SEP120900-0 NO @0.9030 edge +8.91c (need +0.3c) -> FIRED
  SETTLED KXBTC15M-26SEP120900-00 no vs no -> +0.38c (run realised $+5.9802)
  close 13:15Z: 4435 looks, best was KXBTC15M-26SEP120915-1 NO @0.9900 edge +0.85c (need +0.3c) -> no trade
  SIGNAL KXETH15M-26SEP120930-30 tau=30s buy YES @0.9800 fair 0.9955 edge +1.41c size 292.32 taking 20
    ORDER -> status executed filled 20.0 @ 0.98 fee 0.0013
  SIGNAL KXBTC15M-26SEP120930-30 tau=25s buy NO @0.9540 fair 0.0037 edge +3.92c size 286.62 taking 20
    SCRAP 0.02 of 20 -- position kept, slot NOT spent
    ORDER -> status partially_filled_then_canceled filled 0.02 @ 0.954 fee 0.006
  close 13:30Z: 3510 looks, best was KXBTC15M-26SEP120930-3 NO @0.9540 edge +3.92c (need +0.3c) -> FIRED
  SETTLED KXETH15M-26SEP120930-30 yes vs yes -> +37.25c (run realised $+6.3527)
  SETTLED KXBTC15M-26SEP120930-30 no vs no -> +0.08c (run realised $+6.3536)
  SIGNAL KXBTC15M-26SEP120945-45 tau=30s buy NO @0.9000 fair 0.0042 edge +8.95c size 327.62 taking 20
    ORDER -> status executed filled 20.0 @ 0.9 fee 0.0063
  close 13:45Z: 3902 looks, best was KXBTC15M-26SEP120945-4 NO @0.9000 edge +8.95c (need +0.3c) -> FIRED
  SETTLED KXBTC15M-26SEP120945-45 no vs no -> +187.40c (run realised $+8.2276)
  SIGNAL KXBNB15M-26SEP121000-00 tau=30s buy YES @0.9770 fair 1.0000 edge +2.14c size 41.81 taking 20
    ORDER -> status canceled filled 0.0 @ None fee None
  SIGNAL KXDOGE15M-26SEP121000-00 tau=26s buy YES @0.9780 fair 0.9974 edge +1.79c size 143.00 taking 20
    ORDER -> status executed filled 20.0 @ 0.978 fee 0.0015
  close 14:00Z: 3916 looks, best was KXBNB15M-26SEP121000-0 YES @0.9770 edge +2.14c (need +0.3c) -> FIRED
  SETTLED KXDOGE15M-26SEP121000-00 yes vs yes -> +40.98c (run realised $+8.6374)
  close 14:15Z: 3935 looks, best was KXXRP15M-26SEP121015-1 YES @0.9920 edge +0.74c (need +0.3c) -> no trade
  close 14:30Z: 3978 looks, best was KXZEC15M-26SEP121030-3 YES @0.9960 edge +0.30c (need +0.3c) -> no trade
  SIGNAL KXHYPE15M-26SEP121045-45 tau=30s buy NO @0.9800 fair 0.0025 edge +1.61c size 253.72 taking 20
    ORDER -> status executed filled 20.0 @ 0.98 fee 0.0013
  close 14:45Z: 3723 looks, best was KXXRP15M-26SEP121045-4 YES @0.9820 edge +1.68c (need +0.3c) -> FIRED
  SETTLED KXHYPE15M-26SEP121045-45 no vs no -> +37.25c (run realised $+9.0099)
  SIGNAL KXBTC15M-26SEP121100-00 tau=30s buy NO @0.9000 fair 0.0044 edge +8.93c size 1070.62 taking 20
    ORDER -> status executed filled 20.0 @ 0.9 fee 0.0063
  !!! HEDGE ALARM KXBTC15M-26SEP121100-00 no belief 0.887 tau 24s
  HEDGE KXBTC15M-26SEP121100-00 buy YES 20/20 @ 0.140 -> locked +4.0c
  close 15:00Z: 3760 looks, best was KXBTC15M-26SEP121100-0 NO @0.9000 edge +8.93c (need +0.3c) -> FIRED
  SETTLED KXBTC15M-26SEP121100-00 no vs no -> +187.40c (run realised $+10.8839)
  *** A LOSS. losing trades 1, losing CLOSES 1 (the brake counts closes) ***
  SETTLED KXBTC15M-26SEP121100-00 yes vs no -> -296.86c (run realised $+7.9153)
  SIGNAL KXETH15M-26SEP121115-15 tau=29s buy NO @0.9800 fair 0.0047 edge +1.40c size 175.97 taking 20
    ORDER -> status executed filled 20.0 @ 0.98 fee 0.0013
  !!! HEDGE ALARM KXETH15M-26SEP121115-15 no belief 0.664 tau 28s
  HEDGE KXETH15M-26SEP121115-15 buy YES 0/20 @ 0.280 -> locked +26.0c
  HEDGE KXETH15M-26SEP121115-15 buy YES 14/14 @ 0.260 -> locked +24.0c
  HEDGE KXETH15M-26SEP121115-15 buy YES 6/6 @ 0.270 -> locked +25.0c
  close 15:15Z: 3698 looks, best was KXETH15M-26SEP121115-1 NO @0.9800 edge +1.40c (need +0.3c) -> FIRED
  SETTLED KXETH15M-26SEP121115-15 no vs no -> +11.17c (run realised $+8.0270)
  *** A LOSS. losing trades 2, losing CLOSES 2 (the brake counts closes) ***
  SETTLED KXETH15M-26SEP121115-15 yes vs no -> -382.86c (run realised $+4.1984)
  *** A LOSS. losing trades 3, losing CLOSES 2 (the brake counts closes) ***
  SETTLED KXETH15M-26SEP121115-15 yes vs no -> -170.28c (run realised $+2.4956)
  SIGNAL KXXRP15M-26SEP121130-30 tau=14s buy NO @0.9750 fair 0.0007 edge +2.26c size 200.00 taking 20
    ORDER -> status executed filled 20.0 @ 0.975 fee 0.0017
  close 15:30Z: 3605 looks, best was KXXRP15M-26SEP121130-3 NO @0.9750 edge +2.26c (need +0.3c) -> FIRED
  SETTLED KXXRP15M-26SEP121130-30 no vs no -> +46.58c (run realised $+2.9614)
  SIGNAL KXXRP15M-26SEP121145-45 tau=30s buy YES @0.9070 fair 0.9998 edge +8.69c size 13.10 taking 13.1
    ORDER -> status canceled filled 0.0 @ None fee None
  SIGNAL KXXRP15M-26SEP121145-45 tau=29s buy YES @0.9670 fair 1.0000 edge +3.07c size 200.00 taking 20
    ORDER -> status executed filled 20.0 @ 0.967 fee 0.0022
  SIGNAL KXDOGE15M-26SEP121145-45 tau=25s buy YES @0.9450 fair 0.9959 edge +4.72c size 43.00 taking 20
    ORDER -> status executed filled 20.0 @ 0.945 fee 0.0036
  close 15:45Z: 743 looks, best was KXXRP15M-26SEP121145-4 YES @0.9070 edge +8.69c (need +0.3c) -> FIRED
  SETTLED KXXRP15M-26SEP121145-45 yes vs yes -> +61.53c (run realised $+3.5767)
  SETTLED KXDOGE15M-26SEP121145-45 yes vs yes -> +102.72c (run realised $+4.6039)
  SIGNAL KXBTC15M-26SEP121200-00 tau=30s buy NO @0.9710 fair 0.0025 edge +2.45c size 51.00 taking 20
    ORDER -> status executed filled 20.0 @ 0.964 fee 0.0024
  close 16:00Z: 3808 looks, best was KXBTC15M-26SEP121200-0 NO @0.9710 edge +2.45c (need +0.3c) -> FIRED
  SETTLED KXBTC15M-26SEP121200-00 no vs no -> +67.14c (run realised $+5.2753)
  SIGNAL KXETH15M-26SEP121215-15 tau=29s buy NO @0.9700 fair 0.0003 edge +2.76c size 166.00 taking 20
    ORDER -> status executed filled 20.0 @ 0.97 fee 0.002
  close 16:15Z: 3812 looks, best was KXETH15M-26SEP121215-1 NO @0.9700 edge +2.76c (need +0.3c) -> FIRED
  SETTLED KXETH15M-26SEP121215-15 no vs no -> +55.92c (run realised $+5.8345)
  SIGNAL KXSOL15M-26SEP121230-30 tau=28s buy YES @0.9500 fair 0.9954 edge +4.21c size 223.43 taking 20
    ORDER -> status executed filled 20.0 @ 0.95 fee 0.0033
  close 16:30Z: 3655 looks, best was KXSOL15M-26SEP121230-3 YES @0.9500 edge +4.21c (need +0.3c) -> FIRED
  SETTLED KXSOL15M-26SEP121230-30 yes vs yes -> +93.34c (run realised $+6.7679)
  close 16:45Z: 4301 looks, best was KXSOL15M-26SEP121245-4 NO @0.9870 edge +1.21c (need +0.3c) -> no trade
  SIGNAL KXXRP15M-26SEP121300-00 tau=16s buy YES @0.9730 fair 0.9971 edge +2.22c size 12.00 taking 12
    ORDER -> status partially_filled_then_canceled filled 10.0 @ 0.973 fee 0.0018
  SIGNAL KXBTC15M-26SEP121300-00 tau=7s buy NO @0.9520 fair 0.0007 edge +4.41c size 898.87 taking 20
    ORDER -> status canceled filled 0.0 @ None fee None
  SIGNAL KXBTC15M-26SEP121300-00 tau=7s buy NO @0.9590 fair 0.0007 edge +3.76c size 328.00 taking 20
    ORDER -> status executed filled 20.0 @ 0.958 fee 0.0028
  close 17:00Z: 3350 looks, best was KXBTC15M-26SEP121300-0 NO @0.9520 edge +4.41c (need +0.3c) -> FIRED
  SETTLED KXXRP15M-26SEP121300-00 yes vs yes -> +25.16c (run realised $+7.0195)
  SETTLED KXBTC15M-26SEP121300-00 no vs no -> +78.36c (run realised $+7.8031)
  SIGNAL KXDOGE15M-26SEP121315-15 tau=30s buy NO @0.9800 fair 0.0007 edge +1.79c size 102.26 taking 20
    ORDER -> status executed filled 20.0 @ 0.98 fee 0.0013
  SIGNAL KXBTC15M-26SEP121315-15 tau=24s buy NO @0.9690 fair 0.0045 edge +2.44c size 618.02 taking 20
    ORDER -> status canceled filled 0.0 @ None fee None
  SIGNAL KXBTC15M-26SEP121315-15 tau=24s buy NO @0.9710 fair 0.0045 edge +2.25c size 1095.96 taking 20
    ORDER -> status canceled filled 0.0 @ None fee None
  SIGNAL KXBTC15M-26SEP121315-15 tau=24s buy NO @0.9740 fair 0.0045 edge +1.97c size 225.88 taking 20
    SCRAP 8.02 of 20 -- position kept, slot NOT spent
    ORDER -> status partially_filled_then_canceled filled 8.02 @ 0.974 fee 0.0017
  close 17:15Z: 3447 looks, best was KXBTC15M-26SEP121315-1 NO @0.9690 edge +2.44c (need +0.3c) -> FIRED
  SETTLED KXDOGE15M-26SEP121315-15 no vs no -> +37.25c (run realised $+8.1756)
  SETTLED KXBTC15M-26SEP121315-15 no vs no -> +19.42c (run realised $+8.3698)
  close 17:30Z: 4469 looks, best was KXZEC15M-26SEP121330-3 YES @0.9880 edge +1.03c (need +0.3c) -> no trade
  close 17:45Z: 4305 looks, best was KXXRP15M-26SEP121345-4 YES @0.9950 edge +0.46c (need +0.3c) -> no trade
  close 18:00Z: 4332 looks, best was KXDOGE15M-26SEP121400- YES @0.9900 edge +0.93c (need +0.3c) -> no trade
