SELF-TEST -- pinrun
  ok   all 60 prints locked at now=close (remaining 0)
  ok   locked sum excludes tick@close and includes tick@close-60 (5900.0, expected 5900.0)
  ok   decided yes on the corrected window (fair 1.0)
  ok   old and new windows genuinely differ on this fixture
  ok   eff_strike(2492.82, d=2) == 2492.815
  ok   rounding-aware fair calls the real ETH market YES (1.0)
  ok   the un-rounded model calls it NO (0.0) -- the -90.91c loss
  ok   the locked window ends at the newest print HELD, not at now (remaining 3, locked 58596.0)
  ok   with the newest print in flight on a rising index the corrected model says YES (fair 1.0000); mean-imputation said NO (fair 0.0000) -- a wrong-side buy at ~99c
  ok   an interior gap takes the nearest print (6899.0, expected 6899.0; the window-mean rule would say 6914.2)
  ok   partial refuses a window missing more than 5% of its prints
  ok   buying YES at 98.3c and NO at 90.8c on ONE market pays 189.1c for a guaranteed $1.00 -- a locked 89.1c loss carrying NO directional risk
  ok   and EVERY price the rule can pay is above 50c, so a both-sides pair is ALWAYS a locked loss -- there is no price at which it is not
  ok   the side taken is recorded PER TICKER, so a second market is unaffected -- the guard must not block ordinary diversification
  ok   three losing trades on ONE close plus one on another is TWO losing closes, not four (2) -- tonight three fills on one NEAR market spent the whole 3-loss budget on a SINGLE draw
  ok   so one bad close can no longer exhaust a 3-close brake by itself, which is what 'three losses is roughly a 1% event' actually assumed
  ok   two fills on the SAME ticker occupy TWO entries -- keyed by order id, the second cannot overwrite the first
  ok   and open exposure is the SUM of both stakes ($36.82), not just the last
  ok   releasing ONE of them leaves the ticker still referenced, so the position record must NOT be dropped yet
  ok   and only when the last one goes is the ticker free -- the null, so a release cannot fire early
  ok   and NOTHING in the loop still keys open_pos by ticker
  ok   attempts (8) are capped ABOVE fills (2) -- separate budgets, because a lost race should cost a retry but not a fill slot
  ok   and the attempt cap is small enough that a 20 Hz loop cannot spam (8)
  ok   the attempt cap is actually READ in the loop, not merely defined
  ok   and an attempt is counted BEFORE the order is sent, so a send that never returns still consumes one
  ok   a RETURNED refusal is counted as an order error -- take() does not raise, so nothing noticed 160 refusals in a row
  ok   pintake's own count rail is below its hard ceiling (10 <= 25)
  pintake rails raised: MAX_TAKE_COUNT 10 -> 15  (selftest)
  ok   set_limits RAISES the count rail so it can never be the thing that silently blocks a bigger size again
  ok   and it REFUSES to lower it
  ok   the fixture buys exactly MAX_PER_CLOSE times (2)
  ok   and every later buy is at least IMPROVE_BY cheaper -- so the marginal trade cap 3 adds is the CHEAPEST of the close, which is why it cannot degrade the average price paid
  ok   three fills commit $38.80, the sum of their stakes, not three times the first
  ok   and that is at or below the $40 worst case the deployment rail sizes the brake against -- the rail is conservative, as it must be
  ok   and releasing all three gives back EXACTLY what was committed
  ok   the forward loss bound tolerates all three open ($38.80 vs a $-90.00 brake)
  ok   --max-positions equal to the cap (2) REFUSES the last fill once a straggler is still open, which is why it must be at least MAX_PER_CLOSE + 1 (position cap: 2 open >= 2)
  ok   2 losses does NOT halt a run whose brake is 3
  ok   3 losses DOES halt it, on COUNT and not on dollars (loss COUNT brake: 3 losing trades this run >= 3; stop and re-measure the flip rate)
  ok   and max_losses=0 DISABLES it -- the null, so the brake cannot fire on a run that never asked for it
  ok   MIN_FILL_FRAC is a fraction (0.5)
  ok   a deep book fills the whole size we asked for
  ok   a 7-contract offer at size 10 is TAKEN as a partial, not thrown away -- the old dust gate refused it outright
  ok   but a 4-contract scrap at size 10 is still refused: below half, a tiny fill burns a scale-in slot and raises the improve bar, which measured WORSE than not trading
  ok   sub-contract dust is refused at every size (MIN_LEVEL)
  ok   a partial can only ever LOWER the contracts bought, never raise them, so this amendment cannot increase exposure
  ok   a filled buy books a slot and sets the improve bar
  ok   a second fill books the second slot and LOWERS the bar to the better price
  ok   and 2 FILLS still exhaust the close -- max exposure is UNCHANGED by this amendment, only wasted attempts are recovered
  ok   STRUCTURAL: the live slot is booked AFTER the order returns, so a zero-fill cannot burn it
  ok   and it is booked only inside the filled>0 branch
  ok   take() is called with take_n, the contracts actually available, not the raw SIZE
  ok   an EMPTY close reports NO depth rather than a zero -- a close where nothing was offered must not look like a close offering 0 contracts
  ok   depth percentiles come back sorted (median 30.0)
  ok   the size ladder counts moments that SURVIVE each size (4 at 5, 2 at 125)
  ok   at size 1 every offered moment survives -- the ladder's own null
  ok   a single 7-contract offer survives at size 5 but NOT at size 10, which is exactly the opportunity cost of scaling
  ok   EV is ~zero exactly at p = 1 - flip = 0.9910 (got -0.070c)
  ok   a trade at 99.6c is NEGATIVE EV (-0.53c) -- matches the 2026-09-08 live trades
  ok   a trade at 99.3c is NEGATIVE EV (-0.25c) -- matches the 2026-09-08 live trades
  ok   a trade at 99.2c is NEGATIVE EV (-0.16c) -- matches the 2026-09-08 live trades
  ok   a trade at 99.1c is NEGATIVE EV (-0.07c) -- matches the 2026-09-08 live trades
  ok   a trade at 97.9c is positive EV (+1.05c) -- matches the 2026-09-08 live trades
  ok   a trade at 94.7c is positive EV (+4.04c) -- matches the 2026-09-08 live trades
  ok   the EV floor puts the price ceiling between 98c and 99c
  ok   a higher flip rate makes even 95c negative (the gate tracks f)
  ok   net edge subtracts the taker fee (0.430c at p=0.99)
  ok   billed fee at p=0.95 is $0.0034, not the raw $0.003325 (0.0034)
  ok   the billed fee is never below the raw formula (conservative)
  ok   the billed fee on 0.01 contracts is the $0.0001 floor (0.0001)
  ok   at --size 0.01 a 0.9c gross edge is NEGATIVE once the order's own fee is charged (-0.100c), where the one-contract fee would have called it +0.83c
  ok   edge sign behaves at the boundary
  ok   NO-side edge is (1-fair) - price - fee
  ok   YES take is a bid at the seen price (bid 0.9910)
  ok   NO take at 0.989 is an ask at 0.0110 = the yes bid we hit (ask 0.0110)
  ok   a NO take at 0.989 costs $0.989, not $0.011 ($0.9890)
  ok   both bodies have post_only False -- pin must cross, never rest
  ok   tif never rests (immediate_or_cancel)
  ok   stale index reports its age (31s)
  ok   on_frame parses a real cfbenchmarks_value frame
  ok   junk and off-channel frames are counted, not fatal
  ok   pintake ledger has the key the abort reads: 'halt'
  ok   pintake ledger has the key the abort reads: 'realised'
  ok   pintake ledger has the key the abort reads: 'committed'
  ok   pintake ledger has the key the abort reads: 'positions'
  ok   every ledger key the abort reads exists (['committed', 'halt', 'losses', 'positions', 'realised'])
  ok   abort fires on realised -3.00 vs limit -2.00 (loss abort: realised $-3.00 <= $-2.00)
  ok   abort fires at the stake cap (stake cap reached: $60.00 committed)
  ok   abort fires on a pintake halt (pintake halted: unknown order state)
  ok   abort fires FORWARD: $1.20 open plus one more contract would pass -$2.00 (loss bound: realised $+0.00 with $1.20 still open; one more contract could take this run past $-2.00)
  ok   $0.90 open still leaves room for one more contract (None)
  ok   abort fires on order-path errors, which the universe pass cannot reset (2 errors on the ORDER path)
  ok   a settled position releases its FULL stake at size 1 (committed 0.0000, was 0.9750)
  ok   a settled position releases its FULL stake at size 5 (committed 0.0000, was 4.8750)
  ok   a settled position releases its FULL stake at size 8 (committed 0.0000, was 7.8000)
  ok   a settled position releases its FULL stake at size 10 (committed 0.0000, was 9.7500)
  ok   a settled position releases its FULL stake at size 25 (committed 0.0000, was 24.3750)
  ok   and releasing only ONE contract at size 5 LEAKS $3.9000 -- the bug this test now catches, stated as a positive so it cannot pass vacuously
  ok   P&L is booked to realised, which the abort reads
  ok   every exit path releases the stake -- finalized, both give-ups, and the definition (4 references)
  ok   pintake ships a size-1 loss abort of $-2.00
  ok   ONE ordinary loss at size 5 is $-4.88, which is past that default -- so an unraised order path dies on the first loss
  pintake rails raised: LOSS_ABORT $-2.00 -> $-30.00  (selftest)
  ok   set_limits LOOSENS the order-path brake to match the run's own
  ok   and it REFUSES to tighten -- a hidden brake tighter than the operator's is not a brake, it is an outage
  ok   risk_abort() runs before the first `continue` in the loop
  ok   no direct send path in this file (found [])
  ok   take() is called with the market's exchange_index, not the default 0
  ok   exchange_index is read from the market record in the universe pass
  ok   zrough is ~1.0 on a feed whose roughness never changes (got 0.98)
  ok   a calm board reads X~0.92 with 0 coins moving
  ok   coin A's OWN volatility spike leaves A's cross index EXACTLY unchanged -- otherwise this is the refuted own-sigma filter under a new name
  ok   but A's OWN roughness does spike (10.9 vs 0.98)
  ok   and B DOES see it: X 0.92 -> 2.34, 1 coin(s) moving
  ok   tick retention (4000) covers the 3600s baseline the ratio is divided by
  ok   a revised print does not change how many seconds we hold, so (newest, count) alone cannot detect it
  ok   and it STILL busts the cache -- a revised print must not be served stale from a conditions read
  ok   while an identical duplicate does NOT bust it -- otherwise every repeated frame recomputes a 3600-second window on the order path
  ok   and the signal record actually carries the conditions columns
  ok   DUMP_CONF 0.999 is 3.09 sd -- the model calling it certain
  ok   a 5c discount is >10x the 0.3c edge floor, so the honest edge can never trip it
  ok   XRP 2026-09-10 04:59Z (fair 1.0, filled 82c, LOST -$16.61) is refused
  ok   DOGE 2026-09-10 22:14Z (fair 0.0, filled 10c, LOST -$2.12) is refused
  ok   BNB 12:30Z (fair 0.99735, 89c, WON +$2.06) is NOT: 99.7% is not 'certain' and the guard must not eat ordinary cheap fills
  ok   a certainty at 97.8c (2.2c discount, WON) passes -- the normal edge
  ok   and a boundary fill at the ceiling passes untouched
  ok   the guard is wired into the trade loop and counted in the near-miss record, so refusals are visible rather than silent
  ok   AMENDMENT 10b: the guard is ON by operator decision (undeterminable EV, owner chose fewer losses); would-be outcomes are recorded
  ok   every refusal writes ONE `dumped` record per (close, market) with side, price, fair and tau, so the would-be P&L can be resolved later
  ok   and the record is written before the enable check, whether or not the trade is refused
  ok   and the count happens BEFORE the enable check, so the class is recorded whether or not it is refused
SELF-TEST PASSED
  MODE LIVE size 1   tau<=30s  pin 0.995  edge>=0.3c net  loss abort $-60.00  SIZE 20
  log C:\kals-repo\results\pinrun-live-20260911T001200Z.jsonl
  pintake rails raised: MAX_TAKE_COUNT 10 -> 20; LOSS_ABORT $-2.00 -> $-60.00; MAX_RUN_STAKE $60.00 -> $130.00  (size 20, worst close $40.00)
  ARMED: https://api.elections.kalshi.com/trade-api/v2  key b48b406b...  stake cap $130.00
  index up: 11 ticks, 11 feeds
  close 00:15Z: 4770 looks, 4770 decided, 4770 decided-but-nothing-offered, 0 undecided
  SIGNAL KXBTC15M-26SEP102030-30 tau=27s buy YES @0.9000 fair 0.9964 edge +9.01c size 927.53 taking 20
    ORDER -> status canceled filled 0.0 @ None fee None
  SIGNAL KXBTC15M-26SEP102030-30 tau=27s buy YES @0.9060 fair 0.9964 edge +8.45c size 90.00 taking 20
    ORDER -> status executed filled 20.0 @ 0.9059 fee 0.0059
  close 00:30Z: 4186 looks, best was KXBTC15M-26SEP102030-3 YES @0.9000 edge +9.01c (need +0.3c) -> FIRED
  SETTLED KXBTC15M-26SEP102030-30 yes vs yes -> +176.26c (run realised $+1.7626)
  SIGNAL KXBNB15M-26SEP102045-45 tau=15s buy YES @0.9750 fair 0.9974 edge +2.07c size 31.68 taking 20
    ORDER -> status executed filled 20.0 @ 0.975 fee 0.0017
  close 00:45Z: 4345 looks, best was KXBNB15M-26SEP102045-4 YES @0.9750 edge +2.07c (need +0.3c) -> FIRED
  SETTLED KXBNB15M-26SEP102045-45 yes vs yes -> +46.58c (run realised $+2.2284)
  close 01:00Z: 4581 looks, 4581 decided, 4581 decided-but-nothing-offered, 0 undecided
  close 01:15Z: 4488 looks, best was KXBTC15M-26SEP102115-1 YES @0.9970 edge +0.28c (need +0.3c) -> no trade
  close 01:30Z: 4464 looks, 4464 decided, 4464 decided-but-nothing-offered, 0 undecided
  SIGNAL KXXRP15M-26SEP102145-45 tau=13s buy YES @0.9740 fair 1.0000 edge +2.42c size 185.38 taking 20
    ORDER -> status executed filled 20.0 @ 0.974 fee 0.0017
  close 01:45Z: 4197 looks, best was KXXRP15M-26SEP102145-4 YES @0.9740 edge +2.42c (need +0.3c) -> FIRED
  SETTLED KXXRP15M-26SEP102145-45 yes vs yes -> +48.45c (run realised $+2.7129)
  close 02:00Z: 4266 looks, 4266 decided, 4266 decided-but-nothing-offered, 0 undecided
  SIGNAL KXXRP15M-26SEP102215-15 tau=29s buy NO @0.9800 fair 0.0000 edge +1.86c size 187.85 taking 20
    ORDER -> status canceled filled 0.0 @ None fee None
  close 02:15Z: 4165 looks, best was KXXRP15M-26SEP102215-1 NO @0.9800 edge +1.86c (need +0.3c) -> no trade
  close 02:30Z: 4284 looks, 4284 decided, 4284 decided-but-nothing-offered, 0 undecided
  SIGNAL KXNEAR15M-26SEP102245-45 tau=30s buy NO @0.9800 fair 0.0025 edge +1.61c size 29.00 taking 20
    ORDER -> status executed filled 20.0 @ 0.98 fee 0.0013
  SIGNAL KXNEAR15M-26SEP102245-45 tau=26s buy NO @0.9730 fair 0.0002 edge +2.49c size 12.00 taking 12
    ORDER -> status canceled filled 0.0 @ None fee None
  close 02:45Z: 3806 looks, best was KXNEAR15M-26SEP102245- NO @0.9730 edge +2.49c (need +0.3c) -> FIRED
  SETTLED KXNEAR15M-26SEP102245-45 no vs no -> +37.25c (run realised $+3.0854)
  close 03:00Z: 4118 looks, best was KXBTC15M-26SEP102300-0 NO @0.9930 edge +0.65c (need +0.3c) -> no trade
  SIGNAL KXETH15M-26SEP102315-15 tau=27s buy YES @0.9800 fair 0.9992 edge +1.78c size 536.00 taking 20
    ORDER -> status executed filled 20.0 @ 0.98 fee 0.0013
  close 03:15Z: 3762 looks, best was KXETH15M-26SEP102315-1 YES @0.9790 edge +1.87c (need +0.3c) -> FIRED
  SETTLED KXETH15M-26SEP102315-15 yes vs yes -> +37.25c (run realised $+3.4579)
  SIGNAL KXHYPE15M-26SEP102330-30 tau=28s buy NO @0.9190 fair 0.0023 edge +7.35c size 225.00 taking 20
    ORDER -> status executed filled 20.0 @ 0.919 fee 0.0052
  close 03:30Z: 3712 looks, best was KXHYPE15M-26SEP102330- NO @0.9190 edge +7.35c (need +0.3c) -> FIRED
  SETTLED KXHYPE15M-26SEP102330-30 no vs no -> +151.57c (run realised $+4.9736)
  close 03:45Z: 4348 looks, best was KXHYPE15M-26SEP102345- YES @0.9900 edge +0.93c (need +0.3c) -> no trade
  SIGNAL KXHYPE15M-26SEP110000-00 tau=28s buy NO @0.9600 fair 0.0020 edge +3.53c size 225.00 taking 20
    ORDER -> status executed filled 20.0 @ 0.96 fee 0.0026
  close 04:00Z: 3934 looks, best was KXHYPE15M-26SEP110000- NO @0.9600 edge +3.53c (need +0.3c) -> FIRED
  SETTLED KXHYPE15M-26SEP110000-00 no vs no -> +74.62c (run realised $+5.7198)
  SIGNAL KXNEAR15M-26SEP110015-15 tau=17s buy YES @0.9370 fair 0.9981 edge +5.69c size 32.00 taking 20
    ORDER -> status canceled filled 0.0 @ None fee None
  SIGNAL KXNEAR15M-26SEP110015-15 tau=16s buy YES @0.9690 fair 0.9989 edge +2.78c size 20.00 taking 20
    ORDER -> status canceled filled 0.0 @ None fee None
  SIGNAL KXNEAR15M-26SEP110015-15 tau=16s buy YES @0.9690 fair 0.9989 edge +2.78c size 20.00 taking 20
    ORDER -> status canceled filled 0.0 @ None fee None
  SIGNAL KXNEAR15M-26SEP110015-15 tau=16s buy YES @0.9690 fair 0.9989 edge +2.78c size 15.00 taking 15
    ORDER -> status executed filled 15.0 @ 0.967 fee 0.0022
  close 04:15Z: 4104 looks, best was KXNEAR15M-26SEP110015- YES @0.9370 edge +5.69c (need +0.3c) -> FIRED
  SETTLED KXNEAR15M-26SEP110015-15 yes vs yes -> +46.14c (run realised $+6.1812)
  close 04:30Z: 4419 looks, 4419 decided, 4419 decided-but-nothing-offered, 0 undecided
  SIGNAL KXHYPE15M-26SEP110045-45 tau=30s buy YES @0.9630 fair 0.9970 edge +3.15c size 133.99 taking 20
    ORDER -> status executed filled 20.0 @ 0.963 fee 0.0024
  close 04:45Z: 3799 looks, best was KXHYPE15M-26SEP110045- YES @0.9630 edge +3.15c (need +0.3c) -> FIRED
  SETTLED KXHYPE15M-26SEP110045-45 yes vs yes -> +69.01c (run realised $+6.8713)
  SIGNAL KXSOL15M-26SEP110100-00 tau=28s buy NO @0.9740 fair 0.0009 edge +2.33c size 385.58 taking 20
    ORDER -> status executed filled 20.0 @ 0.974 fee 0.0017
  close 05:00Z: 3774 looks, best was KXSOL15M-26SEP110100-0 NO @0.9740 edge +2.33c (need +0.3c) -> FIRED
  SETTLED KXSOL15M-26SEP110100-00 no vs no -> +48.45c (run realised $+7.3558)
  SIGNAL KXBTC15M-26SEP110115-15 tau=18s buy YES @0.9700 fair 0.9951 edge +2.31c size 283.51 taking 20
    ORDER -> status executed filled 20.0 @ 0.968 fee 0.0021
  SIGNAL KXBTC15M-26SEP110115-15 tau=18s buy YES @0.9610 fair 0.9951 edge +3.15c size 309.84 taking 20
    ORDER -> status partially_filled_then_canceled filled 9.02 @ 0.961 fee 0.0026
  close 05:15Z: 1885 looks, best was KXBTC15M-26SEP110115-1 YES @0.9610 edge +3.15c (need +0.3c) -> FIRED
  SETTLED KXBTC15M-26SEP110115-15 yes vs yes -> +59.66c (run realised $+7.9524)
  SETTLED KXBTC15M-26SEP110115-15 yes vs yes -> +32.81c (run realised $+8.2805)
  SIGNAL KXBTC15M-26SEP110130-30 tau=30s buy NO @0.9720 fair 0.0000 edge +2.61c size 229.33 taking 20
    ORDER -> status canceled filled 0.0 @ None fee None
  SIGNAL KXBTC15M-26SEP110130-30 tau=30s buy NO @0.9800 fair 0.0000 edge +1.86c size 3412.41 taking 20
    ORDER -> status executed filled 20.0 @ 0.98 fee 0.0013
  close 05:30Z: 3924 looks, best was KXBTC15M-26SEP110130-3 NO @0.9720 edge +2.61c (need +0.3c) -> FIRED
  SETTLED KXBTC15M-26SEP110130-30 no vs no -> +37.25c (run realised $+8.6530)
  close 05:45Z: 4324 looks, best was KXDOGE15M-26SEP110145- YES @0.9980 edge +0.19c (need +0.3c) -> no trade
  SIGNAL KXXRP15M-26SEP110200-00 tau=10s buy NO @0.9180 fair 0.0049 edge +7.19c size 146.10 taking 20
    ORDER -> status canceled filled 0.0 @ None fee None
  SIGNAL KXXRP15M-26SEP110200-00 tau=10s buy NO @0.9360 fair 0.0049 edge +5.49c size 100.00 taking 20
    ORDER -> status executed filled 20.0 @ 0.936 fee 0.0041
  close 06:00Z: 4082 looks, best was KXXRP15M-26SEP110200-0 NO @0.9180 edge +7.19c (need +0.3c) -> FIRED
  SETTLED KXXRP15M-26SEP110200-00 no vs no -> +119.61c (run realised $+9.8491)
  close 06:15Z: 3950 looks, best was KXSOL15M-26SEP110215-1 YES @0.9930 edge +0.65c (need +0.3c) -> no trade
  close 06:30Z: 4191 looks, best was KXZEC15M-26SEP110230-3 YES @0.9900 edge +0.74c (need +0.3c) -> no trade
  SIGNAL KXXRP15M-26SEP110245-45 tau=30s buy YES @0.9590 fair 0.9975 edge +3.58c size 119.00 taking 20
    ORDER -> status executed filled 20.0 @ 0.959 fee 0.0027
  SIGNAL KXHYPE15M-26SEP110245-45 tau=28s buy YES @0.9480 fair 0.9974 edge +4.59c size 225.00 taking 20
    ORDER -> status executed filled 20.0 @ 0.948 fee 0.0034
  close 06:45Z: 288 looks, best was KXHYPE15M-26SEP110245- YES @0.9480 edge +4.59c (need +0.3c) -> FIRED
  SETTLED KXXRP15M-26SEP110245-45 yes vs yes -> +76.49c (run realised $+10.6140)
  SETTLED KXHYPE15M-26SEP110245-45 yes vs yes -> +97.09c (run realised $+11.5849)
  close 07:00Z: 3878 looks, best was KXBNB15M-26SEP110300-0 YES @0.9980 edge +0.19c (need +0.3c) -> no trade
  SIGNAL KXHYPE15M-26SEP110315-15 tau=29s buy YES @0.9800 fair 0.9986 edge +1.72c size 51.60 taking 20
    ORDER -> status executed filled 20.0 @ 0.98 fee 0.0013
  close 07:15Z: 3697 looks, best was KXHYPE15M-26SEP110315- YES @0.9800 edge +1.72c (need +0.3c) -> FIRED
  SETTLED KXHYPE15M-26SEP110315-15 yes vs yes -> +37.25c (run realised $+11.9574)
  close 07:30Z: 4137 looks, best was KXBTC15M-26SEP110330-3 YES @0.9900 edge +0.93c (need +0.3c) -> no trade
  SIGNAL KXDOGE15M-26SEP110345-45 tau=23s buy NO @0.9190 fair 0.0031 edge +7.27c size 19.50 taking 19.5
    ORDER -> status executed filled 19.5 @ 0.917 fee 0.0053
  close 07:45Z: 3863 looks, best was KXDOGE15M-26SEP110345- NO @0.9190 edge +7.27c (need +0.3c) -> FIRED
  SETTLED KXDOGE15M-26SEP110345-45 no vs no -> +151.46c (run realised $+13.4720)
  close 08:00Z: 4281 looks, best was KXBNB15M-26SEP110400-0 NO @0.9980 edge +0.19c (need +0.3c) -> no trade
  close 08:15Z: 4378 looks, best was KXDOGE15M-26SEP110415- NO @0.9980 edge +0.19c (need +0.3c) -> no trade
  close 08:30Z: 4419 looks, 4419 decided, 4419 decided-but-nothing-offered, 0 undecided
  SIGNAL KXBNB15M-26SEP110445-45 tau=23s buy YES @0.9790 fair 0.9951 edge +1.46c size 95.76 taking 20
    ORDER -> status executed filled 20.0 @ 0.979 fee 0.0014
  close 08:45Z: 4018 looks, best was KXBNB15M-26SEP110445-4 YES @0.9790 edge +1.46c (need +0.3c) -> FIRED
  SETTLED KXBNB15M-26SEP110445-45 yes vs yes -> +39.12c (run realised $+13.8632)
  close 09:00Z: 4348 looks, best was KXDOGE15M-26SEP110500- NO @0.9930 edge +0.65c (need +0.3c) -> no trade
  SIGNAL KXNEAR15M-26SEP110515-15 tau=21s buy YES @0.9670 fair 0.9965 edge +2.72c size 21.00 taking 20
    ORDER -> status executed filled 20.0 @ 0.967 fee 0.0022
  close 09:15Z: 4075 looks, best was KXNEAR15M-26SEP110515- YES @0.9670 edge +2.72c (need +0.3c) -> FIRED
  SETTLED KXNEAR15M-26SEP110515-15 yes vs yes -> +61.53c (run realised $+14.4785)
  close 09:30Z: 4437 looks, best was KXDOGE15M-26SEP110530- NO @0.9980 edge +0.19c (need +0.3c) -> no trade
  close 09:45Z: 4419 looks, 4419 decided, 4419 decided-but-nothing-offered, 0 undecided
  close 10:00Z: 4446 looks, 4446 decided, 4446 decided-but-nothing-offered, 0 undecided
  SIGNAL KXDOGE15M-26SEP110615-15 tau=20s buy YES @0.9700 fair 0.9975 edge +2.55c size 20.00 taking 20
    ORDER -> status canceled filled 0.0 @ None fee None
  SIGNAL KXDOGE15M-26SEP110615-15 tau=20s buy YES @0.9710 fair 0.9975 edge +2.46c size 23.18 taking 20
    ORDER -> status executed filled 20.0 @ 0.97 fee 0.002
  close 10:15Z: 3751 looks, best was KXDOGE15M-26SEP110615- YES @0.9700 edge +2.55c (need +0.3c) -> FIRED
  SETTLED KXDOGE15M-26SEP110615-15 yes vs yes -> +55.92c (run realised $+15.0377)
  close 10:30Z: 4225 looks, best was KXHYPE15M-26SEP110630- NO @0.9880 edge +0.78c (need +0.3c) -> no trade
  close 10:45Z: 4213 looks, best was KXETH15M-26SEP110645-4 NO @0.9980 edge +0.19c (need +0.3c) -> no trade
  SIGNAL KXBNB15M-26SEP110700-00 tau=30s buy NO @0.9770 fair 0.0024 edge +1.90c size 30.00 taking 20
    ORDER -> status partially_filled_then_canceled filled 2.0 @ 0.977 fee 0.0016
  SIGNAL KXBTC15M-26SEP110700-00 tau=12s buy NO @0.9500 fair 0.0025 edge +4.41c size 27.22 taking 20
    ORDER -> status partially_filled_then_canceled filled 0.02 @ 0.95 fee 0.005
  close 11:00Z: 2500 looks, best was KXBTC15M-26SEP110700-0 NO @0.9500 edge +4.41c (need +0.3c) -> FIRED
  SETTLED KXBNB15M-26SEP110700-00 no vs no -> +4.28c (run realised $+15.0805)
  SETTLED KXBTC15M-26SEP110700-00 no vs no -> +0.09c (run realised $+15.0814)
  close 11:15Z: 4248 looks, 4248 decided, 4248 decided-but-nothing-offered, 0 undecided
  SIGNAL KXXRP15M-26SEP110730-30 tau=18s buy YES @0.9800 fair 0.9954 edge +1.40c size 95.66 taking 20
    ORDER -> status executed filled 20.0 @ 0.98 fee 0.0013
  close 11:30Z: 3957 looks, best was KXXRP15M-26SEP110730-3 YES @0.9800 edge +1.40c (need +0.3c) -> FIRED
  SETTLED KXXRP15M-26SEP110730-30 yes vs yes -> +37.25c (run realised $+15.4539)
  close 11:45Z: 4239 looks, best was KXBTC15M-26SEP110745-4 YES @0.9990 edge +0.09c (need +0.3c) -> no trade
  SIGNAL KXHYPE15M-26SEP110800-00 tau=13s buy YES @0.9800 fair 1.0000 edge +1.86c size 225.00 taking 20
    ORDER -> status executed filled 20.0 @ 0.98 fee 0.0013
  close 12:00Z: 4105 looks, best was KXHYPE15M-26SEP110800- YES @0.9800 edge +1.86c (need +0.3c) -> FIRED
  SETTLED KXHYPE15M-26SEP110800-00 yes vs yes -> +37.25c (run realised $+15.8264)
  close 12:15Z: 4257 looks, 4257 decided, 4257 decided-but-nothing-offered, 0 undecided
  SIGNAL KXSOL15M-26SEP110830-30 tau=30s buy NO @0.7000 fair 0.0049 edge +28.04c size 200.00 taking 20
    ORDER -> status executed filled 20.0 @ 0.591 fee 0.0169
  SIGNAL KXXRP15M-26SEP110830-30 tau=30s buy NO @0.4300 fair 0.0026 edge +55.03c size 195.00 taking 20
    ORDER -> status canceled filled 0.0 @ None fee None
  close 12:30Z: 3774 looks, best was KXNEAR15M-26SEP110830- YES @0.2800 edge +70.59c (need +0.3c) -> FIRED
  *** A LOSS. losing trades 1, losing CLOSES 1 (the brake counts closes) ***
  SETTLED KXSOL15M-26SEP110830-30 no vs yes -> -1215.85c (run realised $+3.6679)
