SELF-TEST -- pinrun
  ok   all 60 prints locked at now=close (remaining 0)
  ok   locked sum excludes tick@close and includes tick@close-60 (5900.0, expected 5900.0)
  ok   decided yes on the corrected window (fair 1.0)
  ok   old and new windows genuinely differ on this fixture
  ok   eff_strike(2492.82, d=2) == 2492.815
  ok   rounding-aware fair calls the real ETH market YES (1.0)
  ok   the un-rounded model calls it NO (0.0) -- the -90.91c loss
  ok   the locked window ends at the newest print HELD, not at now (remaining 3, locked 58596.0)
  ok   with the newest print in flight on a rising index the corrected model says YES (fair 1.0000); mean-imputation said NO (fair 0.0000) -- a wrong-side buy at ~99c
  ok   an interior gap takes the nearest print (6899.0, expected 6899.0; the window-mean rule would say 6914.2)
  ok   partial refuses a window missing more than 5% of its prints
  ok   buying YES at 98.3c and NO at 90.8c on ONE market pays 189.1c for a guaranteed $1.00 -- a locked 89.1c loss carrying NO directional risk
  ok   and EVERY price the rule can pay is above 50c, so a both-sides pair is ALWAYS a locked loss -- there is no price at which it is not
  ok   the side taken is recorded PER TICKER, so a second market is unaffected -- the guard must not block ordinary diversification
  ok   three losing trades on ONE close plus one on another is TWO losing closes, not four (2) -- tonight three fills on one NEAR market spent the whole 3-loss budget on a SINGLE draw
  ok   so one bad close can no longer exhaust a 3-close brake by itself, which is what 'three losses is roughly a 1% event' actually assumed
  ok   two fills on the SAME ticker occupy TWO entries -- keyed by order id, the second cannot overwrite the first
  ok   and open exposure is the SUM of both stakes ($36.82), not just the last
  ok   releasing ONE of them leaves the ticker still referenced, so the position record must NOT be dropped yet
  ok   and only when the last one goes is the ticker free -- the null, so a release cannot fire early
  ok   and NOTHING in the loop still keys open_pos by ticker
  ok   attempts (24) are capped ABOVE fills (2) -- separate budgets, because a lost race should cost a retry but not a fill slot
  ok   spam into ONE market is capped at 3 orders -- this is the bar that replaced `MAX_ATTEMPTS_PER_CLOSE < 20`, and it is tighter than that one was for the runaway it was written for
  ok   and the close cap is still bounded -- every coin twice plus a little (24), not unlimited
  ok   the attempt cap is actually READ in the loop, not merely defined
  ok   and so is the per-market cap -- a safety bar that is defined but never read is the exact defect risk_abort was once caught with
  ok   and it is incremented on every send, or it can never bind
  ok   and an attempt is counted BEFORE the order is sent, so a send that never returns still consumes one
  ok   a RETURNED refusal is counted as an order error -- take() does not raise, so nothing noticed 160 refusals in a row
  ok   pintake's own count rail is below its hard ceiling (10 <= 25)
  pintake rails raised: MAX_TAKE_COUNT 10 -> 15  (selftest)
  ok   set_limits RAISES the count rail so it can never be the thing that silently blocks a bigger size again
  ok   and it REFUSES to lower it
  ok   the fixture buys exactly MAX_PER_CLOSE times (2)
  ok   and every later buy is at least IMPROVE_BY cheaper -- so the marginal trade cap 3 adds is the CHEAPEST of the close, which is why it cannot degrade the average price paid
  ok   three fills commit $38.80, the sum of their stakes, not three times the first
  ok   and that is at or below the $40 worst case the deployment rail sizes the brake against -- the rail is conservative, as it must be
  ok   and releasing all three gives back EXACTLY what was committed
  ok   the forward loss bound tolerates all three open ($38.80 vs a $-90.00 brake)
  ok   the fixture holds two full sizes (2 contracts), or the test below would prove nothing
  ok   a cap of 2 x size refuses the next fill while a straggler from the previous close is STILL OPEN, which is why --max-positions must leave room for one (open cap: 2 contracts held >= 2 (2 x size 1))
  ok   and a cap of 3 x size lets that fill through -- the live setting
  ok   2 losses does NOT halt a run whose brake is 3
  ok   3 losses DOES halt it, on COUNT and not on dollars (loss COUNT brake: 3 losing trades this run >= 3; stop and re-measure the flip rate)
  ok   and max_losses=0 DISABLES it -- the null, so the brake cannot fire on a run that never asked for it
  ok   MIN_FILL_FRAC is a fraction (0.1)
  ok   a deep book fills the whole size we asked for
  ok   a 7-contract offer at size 10 is TAKEN as a partial, not thrown away -- the old dust gate refused it outright
  ok   at the DECLARED floor of half, a 4-contract scrap at size 10 is refused -- the behaviour AMENDMENT 6 shipped
  ok   and at a floor of 0.10 the same scrap is TAKEN, which is what AMENDMENT 28 puts in a what-if: the same bet at the same gate, on fewer contracts
  ok   sub-contract dust is refused at EVERY floor -- MIN_LEVEL is the backstop and --min-fill-frac cannot get underneath it
  ok   a partial can only ever LOWER the contracts bought, never raise them, so this amendment cannot increase exposure
  ok   a filled buy books a slot and sets the improve bar
  ok   a second fill books the second slot and LOWERS the bar to the better price
  ok   and 2 FILLS still exhaust the close -- max exposure is UNCHANGED by this amendment, only wasted attempts are recovered
  ok   a market that already filled 2x is refused a repeat -- this is what turned one bad NEAR close into -$52.60
  ok   but a DIFFERENT market on the same close is still allowed, because MAX_PER_CLOSE governs that and rho ~ 0.8 is not rho = 1
  ok   and the first fill of a close is never blocked
  ok   one market can never stake more than the whole close is allowed to
  ok   A13 does not change the worst CLOSE ($2.00); it changes how much of it one market may be -- $2.00 instead of all of it
  ok   STRUCTURAL: the live slot is booked AFTER the order returns, so a zero-fill cannot burn it
  ok   and it is booked only inside the filled>0 branch
  ok   STRUCTURAL: the slot is booked only when the FILL is at least half our size; a scrap keeps its position and spends no slot
  ok   and a scrap is recorded, not silent
  ok   under CLOSE_BUDGET a scrap must book its CONTRACTS -- they are real exposure however small -- while still not raising the improve bar, which is the only thing A12's exemption was actually protecting
  ok   STRUCTURAL: scraps ACCUMULATE and spend a slot once they add up to a real fill -- without this, 8 scraps of 9.99 would double the worst-case close from $39.20 to $78.32
  ok   eight 0.02-contract crumbs spend NO slot (0.16 of 10) -- the case A12 exists for
  ok   scraps of 9.99: at most 19.98 contracts fill in one close, against the intended 40 -- bounded
  ok   scraps of 5: at most 10.00 contracts fill in one close, against the intended 40 -- bounded
  ok   scraps of 2: at most 4.00 contracts fill in one close, against the intended 40 -- bounded
  ok   scraps of 0.5: at most 4.00 contracts fill in one close, against the intended 40 -- bounded
  ok   within the 24-attempt cap, 0.02 crumbs spend no slot at all -- the case A12 exists for
  ok   while near-full scraps exhaust the slots inside the same cap
  ok   at size 20 the real-fill line is 10: the 2.0 and 0.02 fills of 2026-09-11 07:00 ET are scraps, a 10 is a fill
  ok   take() is called with take_n, the contracts actually available, not the raw SIZE
  ok   an EMPTY close reports NO depth rather than a zero -- a close where nothing was offered must not look like a close offering 0 contracts
  ok   depth percentiles come back sorted (median 30.0)
  ok   the size ladder counts moments that SURVIVE each size (4 at 5, 2 at 125)
  ok   at size 1 every offered moment survives -- the ladder's own null
  ok   a single 7-contract offer survives at size 5 but NOT at size 10, which is exactly the opportunity cost of scaling
  ok   EV is ~zero exactly at p = 1 - flip = 0.9910 (got -0.070c)
  ok   a trade at 99.6c is NEGATIVE EV (-0.53c) -- matches the 2026-09-08 live trades
  ok   a trade at 99.3c is NEGATIVE EV (-0.25c) -- matches the 2026-09-08 live trades
  ok   a trade at 99.2c is NEGATIVE EV (-0.16c) -- matches the 2026-09-08 live trades
  ok   a trade at 99.1c is NEGATIVE EV (-0.07c) -- matches the 2026-09-08 live trades
  ok   a trade at 97.9c is positive EV (+1.05c) -- matches the 2026-09-08 live trades
  ok   a trade at 94.7c is positive EV (+4.04c) -- matches the 2026-09-08 live trades
  ok   the EV floor puts the price ceiling between 98c and 99c
  ok   a higher flip rate makes even 95c negative (the gate tracks f)
  ok   net edge subtracts the taker fee (0.430c at p=0.99)
  ok   billed fee at p=0.95 is $0.0034, not the raw $0.003325 (0.0034)
  ok   the billed fee is never below the raw formula (conservative)
  ok   the billed fee on 0.01 contracts is the $0.0001 floor (0.0001)
  ok   at --size 0.01 a 0.9c gross edge is NEGATIVE once the order's own fee is charged (-0.100c), where the one-contract fee would have called it +0.83c
  ok   edge sign behaves at the boundary
  ok   NO-side edge is (1-fair) - price - fee
  ok   YES take is a bid at the seen price (bid 0.9910)
  ok   NO take at 0.989 is an ask at 0.0110 = the yes bid we hit (ask 0.0110)
  ok   a NO take at 0.989 costs $0.989, not $0.011 ($0.9890)
  ok   both bodies have post_only False -- pin must cross, never rest
  ok   tif never rests (immediate_or_cancel)
  ok   stale index reports its age (31s)
  ok   on_frame parses a real cfbenchmarks_value frame
  ok   junk and off-channel frames are counted, not fatal
  ok   pintake ledger has the key the abort reads: 'halt'
  ok   pintake ledger has the key the abort reads: 'realised'
  ok   pintake ledger has the key the abort reads: 'committed'
  ok   pintake ledger has the key the abort reads: 'positions'
  ok   every ledger key the abort reads exists (['committed', 'halt', 'losses', 'realised'])
  ok   abort fires on realised -3.00 vs limit -2.00 (loss abort: realised $-3.00 <= $-2.00)
  ok   abort fires at the stake cap (stake cap reached: $60.00 committed)
  ok   abort fires on a pintake halt (pintake halted: unknown order state)
  ok   PAUSE (clears when positions settle): position cap: 3 open >= 3
  ok   PAUSE (clears when positions settle): loss bound: realised $+0.78 with $40.89 still 
  ok   PAUSE (clears when positions settle): stake cap reached: $60.00 committed
  ok   HALT (needs a human): already halted
  ok   HALT (needs a human): pintake halted: unknown order state
  ok   HALT (needs a human): loss abort: realised $-61.00 <= $-60.00
  ok   HALT (needs a human): loss COUNT brake: 3 losing trades this run >= 
  ok   HALT (needs a human): 2 errors on the ORDER path
  ok   HALT (needs a human): 5 consecutive errors
  ok   no halt at all is not a transient halt
  ok   the 02:00 halt that cost 23 minutes would now PAUSE
  ok   and so would the 03:29 one
  ok   the pause branch never sets state['halted'] -- that would be a terminal answer to a temporary question
  ok   and it continues the loop, so reconcile() keeps releasing the positions it is waiting on
  ok   before any hedge fill, the amount to hedge is the full original size, read from open_pos
  ok   AFTER a partial hedge fill, open_pos['orig'] is UNCHANGED -- still 11.0, the true size reconcile() must settle and feed to the loss brake, not the 10.0 the old code would have written there
  ok   the REMAINING-TO-HEDGE tracker, separately, correctly says 10 left
  ok   the second attempt reads the remaining amount (10), not the original (11) and not a re-read of a shrunk open_pos
  ok   once the remaining amount is fully filled, the tracker is cleared
  ok   and open_pos still reads 11.0 at the end -- reconcile() settles the true position size no matter how many hedge attempts it took
  ok   the live event hid $0.9646 of real loss from the ledger the loss-abort brake reads -- small tonight, same mechanism the brake depends on
  ok   belief below the 0.10 gate fires the hedge
  ok   belief at or above the gate does not
  ok   no belief at all never fires -- a missing number is not a collapse
  ok   and the threshold is a parameter, so the holdout can sweep it
  ok   at the DECLARED 0.80 trigger the real NEAR tau16 collapse (40.6%) fires
  ok   at the DECLARED 0.80 trigger the real BNB tau24 collapse (46.3%) fires
  ok   at the DECLARED 0.80 trigger the real SOL-08:00 tau15 collapse (0.1%) fires
  ok   the SOL-08:00 collapse to 0.05% fires even at a 0.10 trigger -- a late trigger gives up none of the real rescues
  ok   while a shallow drop to 40.6% does NOT, which is the point: 37 of the 38 false alarms at 0.90 look like that one
  ok   and the SOL-08:00 tau-16 reading (83.7%) does NOT fire at 0.80 -- the alarm comes one second later on that collapse, by design
  ok   and the SOL-08:00 ENTRY belief (99.76%) does not -- we hedge the collapse, not the buy
  ok   hedging 96c NO with 35c YES pays 131c for $1 -- a 31c loss that BEATS the 96c from holding: allowed
  ok   65c and 99c legs are allowed too -- any ask under $1 shrinks the loss
  ok   a $1.00 leg locks exactly the unhedged loss: REFUSED, and the fee makes it worse
  ok   zero and negative asks are not prices
  ok   garbage inputs refuse rather than pass
  ok   the EV diagnostic reads (1-belief)-ask: +5c when the market lags the collapse, -5c when we pay for variance reduction
  ok   NEAR hedged at 35c locks -$6.24 on 20 contracts instead of -$19.24
  ok   BNB hedged at 55c locks -$9.80 instead of -$18.80
  ok   at entry 0.900: a $1.00 leg locks exactly the unhedged loss and is refused; a 99c leg locks less and is allowed
  ok   at entry 0.960: a $1.00 leg locks exactly the unhedged loss and is refused; a 99c leg locks less and is allowed
  ok   at entry 0.979: a $1.00 leg locks exactly the unhedged loss and is refused; a 99c leg locks less and is allowed
  ok   the hedge pass never calls _book_slot -- so A8 still blocks any later ENTRY on the opposite side
  ok   and it calls hedge_ask_ok before every order
  ok   and places the hedge through the same take() path as every fill
  ok   every alarm, missing ask and refusal is recorded -- silence is not an outcome
  ok   retries are paced to ONE PER SECOND -- the first live alarm burned all five in ~250 ms and gave up inside the alarm second
  ok   retries are bounded (5) -- a runaway on the hedge path would be the 160-order incident again
  ok   abort fires FORWARD: $1.20 open plus one more contract would pass -$2.00 (loss bound: realised $+0.00 with $1.20 still open; one more contract could take this run past $-2.00)
  ok   $0.90 open still leaves room for one more contract (None)
  ok   abort fires on order-path errors, which the universe pass cannot reset (2 errors on the ORDER path)
  ok   a settled position releases its FULL stake at size 1 (committed 0.0000, was 0.9750)
  ok   a settled position releases its FULL stake at size 5 (committed 0.0000, was 4.8750)
  ok   a settled position releases its FULL stake at size 8 (committed 0.0000, was 7.8000)
  ok   a settled position releases its FULL stake at size 10 (committed 0.0000, was 9.7500)
  ok   a settled position releases its FULL stake at size 25 (committed 0.0000, was 24.3750)
  ok   and releasing only ONE contract at size 5 LEAKS $3.9000 -- the bug this test now catches, stated as a positive so it cannot pass vacuously
  ok   P&L is booked to realised, which the abort reads
  ok   every exit path releases the stake -- finalized, both give-ups, and the definition (4 references)
  ok   pintake ships a size-1 loss abort of $-2.00
  ok   ONE ordinary loss at size 5 is $-4.88, which is past that default -- so an unraised order path dies on the first loss
  pintake rails raised: LOSS_ABORT $-2.00 -> $-30.00  (selftest)
  ok   set_limits LOOSENS the order-path brake to match the run's own
  ok   and it REFUSES to tighten -- a hidden brake tighter than the operator's is not a brake, it is an outage
  ok   risk_abort() runs before the first `continue` in the loop
  ok   no direct send path in this file (found [])
  ok   take() is called with the market's exchange_index, not the default 0
  ok   exchange_index is read from the market record in the universe pass
  ok   zrough is ~1.0 on a feed whose roughness never changes (got 0.98)
  ok   a calm board reads X~0.92 with 0 coins moving
  ok   coin A's OWN volatility spike leaves A's cross index EXACTLY unchanged -- otherwise this is the refuted own-sigma filter under a new name
  ok   but A's OWN roughness does spike (10.9 vs 0.98)
  ok   and B DOES see it: X 0.92 -> 2.34, 1 coin(s) moving
  ok   tick retention (4000) covers the 3600s baseline the ratio is divided by
  ok   a revised print does not change how many seconds we hold, so (newest, count) alone cannot detect it
  ok   and it STILL busts the cache -- a revised print must not be served stale from a conditions read
  ok   while an identical duplicate does NOT bust it -- otherwise every repeated frame recomputes a 3600-second window on the order path
  ok   and the signal record actually carries the conditions columns
  ok   a 15c discount is >10x the 0.3c edge floor, so the honest edge can never trip it
  ok   XRP 04:59Z (fair 1.0, filled 82c, 18c disc, LOST -$16.61) refused
  ok   DOGE 22:14Z (fair 0.0, filled 10c, 90c disc, LOST -$2.12) refused
  ok   SOL 2026-09-11 12:30Z (99.508% sure, filled 59.1c, 40.4c disc, LOST -$12.16) IS refused now -- the 0.999 condition let it through
  ok   NEAR 09-09 (99.827% sure, 73c, 26.8c disc, LOST -$14.13) refused
  ok   BNB 89c (10.7c disc, WON +$2.06) is NOT refused -- the 5-15c band went 24-0 for +$32.20 and refusing it was the guard's worst error
  ok   SOL 91.9c (8.1c disc, WON) passes
  ok   a certainty at 97.8c (2.2c discount, WON) passes -- the normal edge
  ok   and a boundary fill at the ceiling passes untouched
  ok   the guard is wired into the trade loop and counted in the near-miss record, so refusals are visible rather than silent
  ok   AMENDMENT 10b: the guard is ON by operator decision (undeterminable EV, owner chose fewer losses); would-be outcomes are recorded
  ok   every refusal writes ONE `dumped` record per (close, market) with side, price, fair and tau, so the would-be P&L can be resolved later
  ok   and the record is written before the enable check, whether or not the trade is refused
  ok   and the count happens BEFORE the enable check, so the class is recorded whether or not it is refused
  ok   worst_close_cost(20) must be MAX_PER_CLOSE*20*PRICE_CEILING = 39.2, got 39.2
  ok   worst_close_cost must be EXACTLY linear in size -- that is the whole reason it replaced a sampled maximum, which was not
  ok   $192.15 / $5.88 (BANK_BRAKE 3.0 x MAX_PER_CLOSE 2 x ceiling 0.98) = 32, got 32
  ok   an empty or unreadable bank must fall to the floor, never to 0
  ok   the cap must bind, got 250
  ok   size_for_bank fell from -1 to 1 at bank $10 -- more money can never permit less
  ok   size_for_bank fell from 1 to 8 at bank $50 -- more money can never permit less
  ok   size_for_bank fell from 8 to 17 at bank $100 -- more money can never permit less
  ok   size_for_bank fell from 17 to 34 at bank $200 -- more money can never permit less
  ok   size_for_bank fell from 34 to 68 at bank $400 -- more money can never permit less
  ok   size_for_bank fell from 68 to 136 at bank $800 -- more money can never permit less
  ok   size_for_bank fell from 136 to 250 at bank $1600 -- more money can never permit less
  ok   a harsher brake must give a SMALLER size
  ok   cents and dollars agreeing must read $192.152, got 192.152
  ok   balance WITHOUT balance_dollars must be refused, not divided by 100 on faith -- the unit is read, never inferred
  ok   cents and dollars DISAGREEING must be refused; this is the 19215-read-as-dollars failure, which asks for size 6535
  ok   a non-200 must read as unknown
  ok   no credentials (paper mode) must read as unknown, never 0
  pintake rails raised: HARD_MAX 25 -> 90; MAX_TAKE_COUNT 10 -> 60; LOSS_ABORT $-2.00 -> $-240.00; MAX_RUN_STAKE $60.00 -> $370.00  (auto-size 1 -> 60: selftest)
  ok   apply_size must set SIZE, got 60.0 (size 1 -> 60 (selftest); abort $-240.00, stake cap $370.00, take count 60)
  ok   MAX_TAKE_COUNT must reach the new size or every order is refused in silence, got 60.0
  ok   MAX_RUN_STAKE must cover 3 worst closes at the new size, got 370.0
  ok   loss_abort -240.0 must land inside main()'s own [-480.0, -180.0] band, or the run halts on its first trade
  ok   a rail must NEVER move while a position is open
  pintake rails raised: HARD_MAX 25 -> 48; MAX_TAKE_COUNT 10 -> 32; LOSS_ABORT $-2.00 -> $-128.00; MAX_RUN_STAKE $60.00 -> $202.00  (auto-size 20 -> 32: bank $192.15)
  ok   with AUTO_SIZE_STEP_UP=None the bot goes STRAIGHT to the size the bank supports (32), got 32.0
  ok   a second adjustment inside AUTO_SIZE_EVERY_S must be refused
  pintake rails raised: MAX_TAKE_COUNT 32 -> 32; LOSS_ABORT $-128.00 -> $-128.00; MAX_RUN_STAKE $202.00 -> $202.00  (auto-size 20 -> 30: bank $192.15)
  ok   with damping at 1.5 the first step is 20 -> 30, got 30.0
  pintake rails raised: MAX_TAKE_COUNT 32 -> 32; LOSS_ABORT $-128.00 -> $-128.00; MAX_RUN_STAKE $202.00 -> $202.00  (auto-size 60 -> 5: bank $30.00)
  ok   a FALL is immediate and undamped -- $30 supports 5, got 5.0
  ok   an unreadable bank must leave SIZE exactly where it was
  ok   --no-auto-size must pin SIZE to --size
  pintake rails raised: HARD_MAX 48 -> 375; MAX_TAKE_COUNT 32 -> 250; LOSS_ABORT $-128.00 -> $-1000.00; MAX_RUN_STAKE $202.00 -> $1510.00  (auto-size 20 -> 250: bank $1000000.00)
  ok   a PAPER arm auto-sizes exactly as live does, or its dollars cannot be compared with live's and the arm is worthless
  ok   and --no-auto-size still pins it, in paper as in live
  pintake rails raised: MAX_TAKE_COUNT 250 -> 250; LOSS_ABORT $-1000.00 -> $-1000.00; MAX_RUN_STAKE $1510.00 -> $1510.00  (auto-size 1 -> 120: loosen the rails first)
  pintake rails raised: MAX_TAKE_COUNT 250 -> 250; LOSS_ABORT $-1000.00 -> $-1000.00; MAX_RUN_STAKE $1510.00 -> $1510.00  (auto-size 120 -> 10: bank $60.00)
  ok   after the rails were loosened for size 120, a $60 bank must still shrink SIZE to 10, got 10.0
  ok   and the brake must stay at its loosest high-water mark, not be tightened on the way down, got -1000.0
  ok   the DECLARED default improve scope is 'close' -- A22 is reached only through --improve-scope (running now with 'market')
  ok   a _DEFAULT_SIGMA_RULER exists to assert against, so its guard can never become a refusal to start
  ok   and nothing asserts `SIGMA_RULER ==` against a LITERAL -- that shape has stopped this bot from starting four times today, once per flag added ([])
  ok   a _DEFAULT_IMPROVE_SCOPE exists to assert against, so its guard can never become a refusal to start
  ok   and nothing asserts `IMPROVE_SCOPE ==` against a LITERAL -- that shape has stopped this bot from starting four times today, once per flag added ([])
  ok   a _DEFAULT_HONEST_CONF exists to assert against, so its guard can never become a refusal to start
  ok   and nothing asserts `HONEST_CONF ==` against a LITERAL -- that shape has stopped this bot from starting four times today, once per flag added ([])
  ok   a _DEFAULT_PIN exists to assert against, so its guard can never become a refusal to start
  ok   and nothing asserts `PIN ==` against a LITERAL -- that shape has stopped this bot from starting four times today, once per flag added ([])
  ok   a _DEFAULT_MAX_PER_MARKET exists to assert against, so its guard can never become a refusal to start
  ok   and nothing asserts `MAX_PER_MARKET ==` against a LITERAL -- that shape has stopped this bot from starting four times today, once per flag added ([])
  ok   a _DEFAULT_IMPROVE_MAX exists to assert against, so its guard can never become a refusal to start
  ok   and nothing asserts `IMPROVE_MAX ==` against a LITERAL -- that shape has stopped this bot from starting four times today, once per flag added ([])
  ok   a _DEFAULT_PICK exists to assert against, so its guard can never become a refusal to start
  ok   and nothing asserts `PICK ==` against a LITERAL -- that shape has stopped this bot from starting four times today, once per flag added ([])
  ok   a _DEFAULT_MIN_FILL_FRAC exists to assert against, so its guard can never become a refusal to start
  ok   and nothing asserts `MIN_FILL_FRAC ==` against a LITERAL -- that shape has stopped this bot from starting four times today, once per flag added ([])
  ok   a _DEFAULT_HEDGE_BELIEF exists to assert against, so its guard can never become a refusal to start
  ok   and nothing asserts `HEDGE_BELIEF ==` against a LITERAL -- that shape has stopped this bot from starting four times today, once per flag added ([])
  ok   the DECLARED default MAX_PER_MARKET is 1 (AMENDMENT 13), which is WHY the improve-by rule is obsolete: the same-market re-buy it was written to stop is already impossible by default (running now with 2)
  ok   under scope 'close' a second coin at 0.977 IS refused after a fill at 0.980, because 0.977 is not below 0.975 -- this is the live 19:15Z refusal, reproduced from the constants
  ok   the trade loop branches on IMPROVE_SCOPE, so scope 'market' really does skip the refusal rather than merely being accepted as a flag
  ok   the close budget is CONTRACTS (94), so two coins at 47 is the same worst case as one coin at 94 -- A22 changes which markets are bought, never how much can be lost
  ok   the DECLARED default IMPROVE_MAX is 1.0c (running now with 0.0100)
  ok   the band has width: at most 0.010 cheaper is above at least 0.005 cheaper, so some second buy can qualify
  ok   with nothing yet bought in the close there is no re-buy to judge
  ok   a DIFFERENT market is not a re-buy -- AMENDMENT 22 governs that, and A23 must not quietly re-impose a cross-market bar
  ok   0.2c cheaper is refused: AMENDMENT 3's floor still binds
  ok   0.5c cheaper is allowed -- exactly IMPROVE_BY, the edge of the band, which is where an off-by-one would hide
  ok   1.0c cheaper is allowed -- exactly IMPROVE_MAX, the other edge
  ok   1.1c cheaper is REFUSED. THIS IS THE WHOLE AMENDMENT: measured over 398 markets that offered a second buy, 0.5-1c cheaper lost 0.70% and paid +3.08c/contract, while 5-10c cheaper lost 26.09% and cost -11.45c. Break-even is 3.58%.
  ok   and a 66c collapse is refused rather than treated as a bargain
  ok   holding 5 of the 50 we wanted, MORE AT THE SAME PRICE is taken. A3's improve rule was written against 'doubling the risk without lowering the average paid', which describes a FULL position, not one that is 10% filled -- this is finishing the order, not scaling in
  ok   and a top-up at a slightly WORSE price is still taken, because every other gate -- ceiling, edge, expected value, dump guard -- has already passed on it at that price
  ok   but once the full 50 are held, the same price is refused again -- the band is back in force the moment the position is complete
  ok   and 'full' is measured against the size we are RUNNING, not a literal: those same 5 contracts ARE a complete position at size 5, so the band applies and the same price is refused
  ok   the loop passes the RUNNING size, or every position looks unfinished and the band never applies at all
  ok   and a fill adds its CONTRACTS to the per-market count, which is the only input that separates a top-up from a scale-in
  ok   the band is measured against the cheapest price paid in THIS market (0.950), not against the close's overall best (0.940) -- the latter would compare a BTC re-buy to a price paid on ETH
  ok   and the trade loop actually calls rebuy_ok, so the band is live logic rather than a function nothing reaches
  ok   a fill records the price paid per market, which is the input the band needs -- without it rebuy_ok silently allows everything
  ok   the DECLARED drawdown limit is a fifth of the high-water bank -- the operator's number, 2026-09-14 (running 0.200)
  ok   a bank of $80 against a high of $100 is a 20%% drawdown
  ok   and a bank ABOVE its previous high is not a drawdown at all
  ok   a failed balance read or a missing high-water file reads as ZERO drawdown, never as a trip -- a brake that fires whenever the API hiccups would stop the bot on a network blip, and one that fires on a missing file would stop it on its very first run
  ok   no file yet means no high-water mark
  ok   the first bank sets the mark
  ok   a new high raises it
  ok   but a FALL NEVER LOWERS IT. This is the whole amendment: if the mark tracked the bank down, the drawdown would always read zero and the brake could never fire
  ok   and it survives being re-read
  ok   so $120 against a $150 high is exactly the 20%% limit
  ok   a failed balance read does not disturb the mark
  ok   risk_abort actually reads the drawdown, rather than it being computed and discarded
  ok   and a settled LOSS clears the sizer's timer, so the bet shrinks on the next pass instead of up to five minutes later -- the operator's 'if we lose it should immediately recalculate'
  ok   the dollar stop TIGHTENS as well as loosens. It used to ratchet one way, so a stop set when the bank was $310 stayed at -$208 even after the bank halved
  ok   while the self-test runs, HWM_FILE points at a sandbox and NOT at results/pinrun-hwm.json -- currently 'C:\\Users\\Joe\\AppData\\Local\\Temp\\pinhwm-7_hu1kya\\hwm.json'
  ok   and not anywhere else in results/ either
  ok   a test CAN move the sandboxed mark freely
  ok   and the REAL file is untouched by that (325.42) -- if this ever fails, the live bot's next start will see a false drawdown and halt
  ok   open contracts are summed across markets (20)
  ok   and an empty ledger holds nothing
  ok   a position that is NOT the dict shape contributes zero rather than a wrong number -- the first version indexed it positionally and would have summed zero for every real position, removing the rail instead of converting it
  ok   three fills of 52 and eighteen of 8.7 are the SAME exposure (156 vs 156.6), so they now hit the cap together -- under the old position count the eighteen would have halted the bot after three
  ok   and risk_abort uses it
  ok   the DECLARED depth floor is half of SIZE (running 0.10)
  ok   and the running floor is never ABOVE the declared default -- this flag exists to LOWER it; raising it cuts trading and needs a code change and a version entry, not a flag (running 0.100)
  ok   and it is refused on --live: A6's measurement against a lower floor predates the contract budget (A17) and the scrap exemption (A12), so it has to be re-measured before it ships
  ok   taking min(SIZE, offered) on a 7-contract book buys 7, not 50 -- a smaller fill can only LOWER exposure, never raise it, which is why lowering the floor cannot raise the loss rate
  ok   the liveness test says THIS process is alive -- if it cannot see itself it can see nothing, and the guard is decorative
  ok   and asking twice more does not kill it -- os.kill(pid, 0) on Windows TERMINATES rather than tests, which is why this function uses OpenProcess(SYNCHRONIZE) there and never os.kill
  ok   and the Windows branch is taken BEFORE os.kill is ever reached
  ok   and a nonsense pid is not alive
  ok   a pid that is not running reads as dead (999999), so a stale pid file from a crashed run does not lock the bot out permanently
  ok   a pid file belonging to ANOTHER process is never deleted -- deleting it would let a third bot start behind the second
  ok   and our own is cleared on exit, so the next restart is not blocked by a file we left behind
  ok   and main() actually refuses a second LIVE start rather than merely warning -- on 2026-09-14 two live bots traded the same account for 24 minutes because a shell script's process lookup came back empty and it started a second one anyway
  ok   no CODE in this file reads a process command line to decide anything. Windows returns that field EMPTY to a caller which cannot open the process, and a guard that silently sees nothing is how two live bots ended up on one account
  ok   the DECLARED per-market attempt cap is 3 (running 3)
  ok   the per-CLOSE attempt cap is at least 24 -- twelve coins settle on the same second, so a cap of 8 could not try them all once and the bot could run out of attempts before reaching a market whose ask was still there (running 24)
  ok   and the close cap leaves room for more than two markets to be tried to their own limit, or the per-market cap is decorative
  ok   the 2026-09-08 runaway -- 160 orders into ONE market in one second -- now sends 3, not 160 and not 8. The per-market cap stops it at its actual source.
  ok   and with every one of twelve coins offering something, all twelve are reached (12) -- under the old cap of 8 the last four could never be tried, which is exactly 'if that one is sold out keep checking the others'
  ok   the scan loop contains no shallow `break`, so an order on one market is always followed by the next market in the pass -- and since AMENDMENT 24 sorted the pass, the next market is the next best one
  ok   every _gate() call is followed by a `continue` within 12 lines, so a gate can only ever record a refusal it actually made ([])
  ok   no gate name is used at two different places -- a duplicated name silently merges two unrelated refusals into one row ([])
  ok   at least fifteen decision points are instrumented, got 19: ['attempts_cap', 'book_stale', 'book_suspect', 'both_sides', 'close_budget', 'confidence', 'depth_floor', 'dump_guard', 'edge_floor', 'ev_floor', 'improve_by', 'index_stale', 'market_attempts', 'max_per_close', 'max_per_market', 'no_offer', 'no_sigma', 'price_ceiling', 'rebuy_band']
  ok   research/pinattrib.py names every instrumented gate, so none is silently missing from the report ([])
  ok   a gate is recorded ONCE per (close, market) -- the loop runs at 20Hz over every watched market and one close produced 4,446 looks on 2026-09-13, so one line per look would swamp the log the settlement reader shares
  ok   the DECLARED default scan order is 'first' -- A24 is a measured improvement that has not yet been through a what-if, so it must be opt-in (running now with 'best')
  ok   the scan visits the biggest previous-pass edge first (B 4.0c, C 2.5c, A 1.0c), got ['B', 'C', 'A', 'D', 'E']
  ok   and a market with NO edge yet (E) or an edge left over from ANOTHER close (D, whose 90c edge was measured on close 1800) sorts last rather than jumping the queue -- a stale edge from a settled close would otherwise dominate every pass
  ok   the loop records each pass's edge, which is the only input the ordering has
  ok   and it really re-orders the scan rather than accepting the flag and ignoring it
  ok   the sort happens BEFORE the scan it orders
  ok   the DECLARED default PIN is 0.995 (running now with 0.9950)
  ok   and the running PIN is never ABOVE the declared default -- a tighter gate is the change that silently halves the trade count, so it needs a code change and a version entry, not a flag (running 0.9950)
  ok   --pin moves the gate
  ok   a decision at z=2.40 clears 0.990 (0.99180) ...
  ok   ... and does NOT clear 0.995 (0.99180) -- the flag is the whole difference between a trade and no trade
  ok   the DECLARED default ruler is 'live' -- AMENDMENT 20 is a model change and may only be reached through --sigma-ruler, against the bar in results/PREREG_ruler.md (running now with 'live')
  ok   both rulers measure on the same series
  ok   after a quiet patch the HOUR reads wider than the five minutes (11.7361 vs 0.0000) -- which is the whole finding
  ok   'live' reproduces the 300s ruler exactly, bit for bit
  ok   'max3600' is never shorter than either input (11.7361)
  ok   '1800' reads wider than the live ruler here (11.1822)
  ok   'maxdown' returns a positive ruler (42.4264)
  ok   a series that only ever rises has NO down moves, so the downside estimator refuses rather than returning zero
  ok   and sigma() falls back to the two-sided ruler there -- a None would skip the market silently, indistinguishable from a thin book
  ok   and the ruler is put back to 'live'
  ok   the DECLARED default for honest confidence is OFF -- AMENDMENT 19 is a threshold change and may only be reached through --honest, against the bar in results/PREREG_honest.md (running now with False)
  ok   honest_tail reads a grid point exactly
  ok   and interpolates between two (0.0350)
  ok   and BEYOND the table it holds the last measured value rather than extrapolating to zero -- claiming a tail we never observed is the exact failure this amendment exists to fix
  ok   and below the table it holds the first
  ok   with --honest, conf_of reads the TABLE (0.95 at z=2)
  ok   which is STRICTLY LESS SURE than the Gaussian (0.9500 < 0.9772) -- this amendment can only ever tighten
  ok   and with it off, conf_of IS the Gaussian, bit for bit
  ok   fair() returns conf_of(z), not ND.cdf(z)
  ok   and in the working code ND.cdf appears ONLY inside conf_of -- no gate can read a different distribution from the one fair() uses (offenders: [])
  ok   a missing table loads as None, so main() can refuse rather than silently running a Gaussian under an honest label
  ok   the sweep limit is never BELOW the ask we saw (0.98 >= 0.952)
  ok   and never above PRICE_CEILING (0.98 <= 0.98)
  ok   at the limit the model edge still clears the floor (1.840c >= 0.300c)
  ok   and the measured-flip EV still clears its floor (0.960c >= 0.300c)
  ok   and it is the HIGHEST such price -- one tick more fails the ceiling, the edge floor or the EV floor
  ok   with no headroom the limit IS the ask -- the sweep invents none
  ok   the NO side sweeps on (1-fair), not fair (0.98)
  ok   --no-sweep makes the limit exactly the ask we saw, which is the behaviour every live fill before 2026-09-13 had
  ok   the live order path computes the sweep limit
  ok   and computes it BEFORE the order is sent
  ok   and pintake.take() is handed the LIMIT, never the ask we saw -- if this ever reverts, a lost race silently buys nothing again
  ok   and both prices are logged, so PREREG_sweep.md's bar is scorable
  ok   budget must be MAX_PER_CLOSE x SIZE = 136.0, got 136.0
  ok   budget x ceiling must equal worst_close_cost -- if these ever disagree, the --loss-abort band, pintake's stake cap and pinbank are all sized against a different bet than the one being placed
  ok   close_budget(size) must honour an explicit size
  ok   the per-close cap must read CONTRACTS, not the fill count
  ok   and `contracts` must come from the close's own record
  ok   and the old fill-count cap must survive behind CLOSE_BUDGET so the rule can be reverted without an edit
  ok   STRUCTURAL: take_n is trimmed to the remaining budget only AFTER the MIN_FILL_FRAC floor has been tested against the FULL size -- trimming first would relax the floor to the remainder
  ok   and the remainder is measured against close_budget()
  ok   the trim (line 902) must happen before the order is sent (line 1045), not after
  ok   the signal record must carry the resting age of the level we hit
  ok   and it must read the OPPOSITE side -- buying YES at p hits the NO bid at 1-p, and reading our own side would measure a level we are not trading against
  ok   at the complementary price, not at the price we pay
  ok   NOTHING may branch on the quote age yet ('if _lvl_age' found). The slices in RESULTS_select.md were chosen after seeing the tape and need a pre-registered live bar first; a filter deployed from them would be tuned on its own evidence.
  ok   NOTHING may branch on the quote age yet ('_lvl_age <' found). The slices in RESULTS_select.md were chosen after seeing the tape and need a pre-registered live bar first; a filter deployed from them would be tuned on its own evidence.
  ok   NOTHING may branch on the quote age yet ('_lvl_age >' found). The slices in RESULTS_select.md were chosen after seeing the tape and need a pre-registered live bar first; a filter deployed from them would be tuned on its own evidence.
  ok   NOTHING may branch on the quote age yet ('_lvl_age is not None and' found). The slices in RESULTS_select.md were chosen after seeing the tape and need a pre-registered live bar first; a filter deployed from them would be tuned on its own evidence.
  ok   livebook must expose level_age_ms
  ok   autosize_tick must be called in the trade loop
  ok   and it must come AFTER reconcile(), which is what drains open_pos of settled positions
  ok   and BEFORE risk_abort, so the loss bound is evaluated against the size we are about to trade, not the previous one
SELF-TEST PASSED
  MODE PAPER   tau<=30s  pin 0.995  edge>=0.3c net  loss abort $-60.00  SIZE 20
  log C:\kals-repo\results\pinrun-paper-20260914T054408Z.jsonl
  index up: 11 ticks, 11 feeds
  close 05:45Z: 0 looks, 0 decided, 0 decided-but-nothing-offered, 0 undecided
  SIGNAL KXSOL15M-26SEP140200-00 tau=14s buy YES @0.9580 fair 0.9954 edge +3.46c size 42.00 taking 20
  close 06:00Z: 4348 looks, best was KXSOL15M-26SEP140200-0 YES @0.9580 edge +3.46c (need +0.3c) -> FIRED
  SETTLED KXSOL15M-26SEP140200-00 yes vs yes -> +78.36c (run realised $+0.7836)
  close 06:15Z: 4508 looks, best was KXBNB15M-26SEP140215-1 YES @0.9960 edge +0.37c (need +0.3c) -> no trade
  SIGNAL KXDOGE15M-26SEP140230-30 tau=28s buy NO @0.9800 fair 0.0000 edge +1.86c size 55.00 taking 20
  close 06:30Z: 4008 looks, best was KXDOGE15M-26SEP140230- NO @0.9800 edge +1.86c (need +0.3c) -> FIRED
  SETTLED KXDOGE15M-26SEP140230-30 no vs no -> +37.25c (run realised $+1.1561)
  close 06:45Z: 4264 looks, best was KXXRP15M-26SEP140245-4 YES @0.9940 edge +0.56c (need +0.3c) -> no trade
  SIGNAL KXNEAR15M-26SEP140300-00 tau=25s buy YES @0.9800 fair 0.9951 edge +1.37c size 16.69 taking 16.69
  SIGNAL KXZEC15M-26SEP140300-00 tau=7s buy YES @0.9400 fair 0.9973 edge +5.34c size 21.18 taking 20
  close 07:00Z: 3826 looks, best was KXZEC15M-26SEP140300-0 YES @0.9400 edge +5.34c (need +0.3c) -> FIRED
  SETTLED KXNEAR15M-26SEP140300-00 yes vs yes -> +31.09c (run realised $+1.4670)
  SETTLED KXZEC15M-26SEP140300-00 yes vs yes -> +112.10c (run realised $+2.5880)
  SIGNAL KXZEC15M-26SEP140315-15 tau=29s buy YES @0.9780 fair 0.9974 edge +1.79c size 5.50 taking 5.5
  SIGNAL KXXRP15M-26SEP140315-15 tau=14s buy YES @0.9760 fair 0.9985 edge +2.09c size 93.00 taking 20
  SIGNAL KXDOGE15M-26SEP140315-15 tau=6s buy NO @0.8500 fair 0.0005 edge +14.06c size 150.00 taking 14.5
  close 07:15Z: 3309 looks, best was KXDOGE15M-26SEP140315- NO @0.8200 edge +16.92c (need +0.3c) -> FIRED
  SETTLED KXZEC15M-26SEP140315-15 yes vs yes -> +11.27c (run realised $+2.7007)
  SETTLED KXXRP15M-26SEP140315-15 yes vs yes -> +44.72c (run realised $+3.1479)
  SETTLED KXDOGE15M-26SEP140315-15 no vs no -> +204.55c (run realised $+5.1934)
  SIGNAL KXBNB15M-26SEP140330-30 tau=28s buy YES @0.9800 fair 0.9962 edge +1.49c size 47.86 taking 20
  close 07:30Z: 3732 looks, best was KXBNB15M-26SEP140330-3 YES @0.9800 edge +1.49c (need +0.3c) -> FIRED
  SETTLED KXBNB15M-26SEP140330-30 yes vs yes -> +37.25c (run realised $+5.5659)
  SIGNAL KXNEAR15M-26SEP140345-45 tau=15s buy NO @0.9710 fair 0.0041 edge +2.29c size 134.00 taking 20
  close 07:45Z: 4118 looks, best was KXNEAR15M-26SEP140345- NO @0.9710 edge +2.29c (need +0.3c) -> FIRED
  SETTLED KXNEAR15M-26SEP140345-45 no vs no -> +54.05c (run realised $+6.1064)
  close 08:00Z: 4290 looks, best was KXBNB15M-26SEP140400-0 YES @0.9950 edge +0.45c (need +0.3c) -> no trade
  close 08:15Z: 4377 looks, best was KXSOL15M-26SEP140415-1 NO @0.9960 edge +0.37c (need +0.3c) -> no trade
  close 08:30Z: 4262 looks, best was KXBTC15M-26SEP140430-3 YES @0.9920 edge +0.74c (need +0.3c) -> no trade
  SIGNAL KXDOGE15M-26SEP140445-45 tau=30s buy NO @0.9480 fair 0.0013 edge +4.72c size 114.82 taking 20
  SIGNAL KXNEAR15M-26SEP140445-45 tau=30s buy YES @0.9330 fair 0.9965 edge +5.92c size 8.50 taking 8.5
  SIGNAL KXNEAR15M-26SEP140445-45 tau=30s buy YES @0.9330 fair 0.9965 edge +5.92c size 8.50 taking 8.5
  SIGNAL KXZEC15M-26SEP140445-45 tau=8s buy NO @0.8800 fair 0.0028 edge +10.98c size 278.51 taking 3
  close 08:45Z: 2692 looks, best was KXZEC15M-26SEP140445-4 NO @0.8800 edge +10.98c (need +0.3c) -> FIRED
  SETTLED KXDOGE15M-26SEP140445-45 no vs no -> +97.09c (run realised $+7.0773)
  SETTLED KXNEAR15M-26SEP140445-45 yes vs yes -> +53.23c (run realised $+7.6096)
  SETTLED KXZEC15M-26SEP140445-45 no vs no -> +33.78c (run realised $+7.9474)
  close 09:00Z: 4331 looks, best was KXBTC15M-26SEP140500-0 NO @0.9940 edge +0.56c (need +0.3c) -> no trade
  SIGNAL KXBTC15M-26SEP140515-15 tau=11s buy NO @0.9580 fair 0.0021 edge +3.71c size 32.25 taking 20
  SIGNAL KXXRP15M-26SEP140515-15 tau=10s buy NO @0.8900 fair 0.0007 edge +10.24c size 10.00 taking 10
  close 09:15Z: 4051 looks, best was KXXRP15M-26SEP140515-1 NO @0.8900 edge +10.24c (need +0.3c) -> FIRED
  SETTLED KXBTC15M-26SEP140515-15 no vs no -> +78.36c (run realised $+8.7310)
  SETTLED KXXRP15M-26SEP140515-15 no vs no -> +103.14c (run realised $+9.7624)
  SIGNAL KXBTC15M-26SEP140530-30 tau=13s buy NO @0.9790 fair 0.0001 edge +1.95c size 114.02 taking 20
  close 09:30Z: 4155 looks, best was KXBTC15M-26SEP140530-3 NO @0.9790 edge +1.95c (need +0.3c) -> FIRED
  *** A LOSS. losing trades 1, losing CLOSES 1 (the brake counts closes) ***
  SETTLED KXBTC15M-26SEP140530-30 no vs yes -> -1960.88c (run realised $-9.8464)
  close 09:45Z: 4398 looks, best was KXNEAR15M-26SEP140545- YES @0.9980 edge +0.19c (need +0.3c) -> no trade
  close 10:00Z: 4401 looks, best was KXZEC15M-26SEP140600-0 YES @0.9990 edge +0.09c (need +0.3c) -> no trade
  close 10:15Z: 4266 looks, best was KXDOGE15M-26SEP140615- NO @0.9980 edge +0.19c (need +0.3c) -> no trade
  SIGNAL KXHYPE15M-26SEP140630-30 tau=23s buy NO @0.9750 fair 0.0009 edge +2.24c size 23.00 taking 20
  close 10:30Z: 3914 looks, best was KXHYPE15M-26SEP140630- NO @0.9750 edge +2.24c (need +0.3c) -> FIRED
  SETTLED KXHYPE15M-26SEP140630-30 no vs no -> +46.58c (run realised $-9.3806)
  SIGNAL KXBTC15M-26SEP140645-45 tau=24s buy YES @0.9620 fair 0.9951 edge +3.06c size 633.05 taking 20
  close 10:45Z: 3817 looks, best was KXBTC15M-26SEP140645-4 YES @0.9620 edge +3.06c (need +0.3c) -> FIRED
  SETTLED KXBTC15M-26SEP140645-45 yes vs yes -> +70.88c (run realised $-8.6718)
  close 11:00Z: 4205 looks, best was KXHYPE15M-26SEP140700- NO @0.9820 edge +1.67c (need +0.3c) -> no trade
  SIGNAL KXXRP15M-26SEP140715-15 tau=22s buy NO @0.9690 fair 0.0044 edge +2.45c size 16.00 taking 16
  close 11:15Z: 3946 looks, best was KXXRP15M-26SEP140715-1 NO @0.9690 edge +2.45c (need +0.3c) -> FIRED
  SETTLED KXXRP15M-26SEP140715-15 no vs no -> +46.23c (run realised $-8.2095)
  close 11:30Z: 4248 looks, best was KXZEC15M-26SEP140730-3 YES @0.9970 edge +0.28c (need +0.3c) -> no trade
  SIGNAL KXBNB15M-26SEP140745-45 tau=18s buy NO @0.9800 fair 0.0016 edge +1.70c size 62.76 taking 20
  close 11:45Z: 4035 looks, best was KXBNB15M-26SEP140745-4 NO @0.9800 edge +1.70c (need +0.3c) -> FIRED
  SETTLED KXBNB15M-26SEP140745-45 no vs no -> +37.25c (run realised $-7.8370)
  close 12:00Z: 4363 looks, best was KXZEC15M-26SEP140800-0 NO @0.9980 edge +0.19c (need +0.3c) -> no trade
  SIGNAL KXNEAR15M-26SEP140815-15 tau=15s buy YES @0.9590 fair 0.9995 edge +3.77c size 3.00 taking 3
  SIGNAL KXNEAR15M-26SEP140815-15 tau=15s buy YES @0.9640 fair 0.9995 edge +3.30c size 2.00 taking 2
  SIGNAL KXZEC15M-26SEP140815-15 tau=14s buy YES @0.9100 fair 0.9978 edge +8.20c size 16.70 taking 16.7
  close 12:15Z: 3924 looks, best was KXZEC15M-26SEP140815-1 YES @0.9100 edge +8.20c (need +0.3c) -> FIRED
  SETTLED KXNEAR15M-26SEP140815-15 yes vs yes -> +6.71c (run realised $-7.7699)
  SETTLED KXZEC15M-26SEP140815-15 yes vs yes -> +140.72c (run realised $-6.3627)
  close 12:30Z: 4363 looks, best was KXDOGE15M-26SEP140830- YES @0.9980 edge +0.19c (need +0.3c) -> no trade
  SIGNAL KXZEC15M-26SEP140845-45 tau=10s buy NO @0.9770 fair 0.0028 edge +1.86c size 131.11 taking 20
  close 12:45Z: 4139 looks, best was KXZEC15M-26SEP140845-4 NO @0.9770 edge +1.86c (need +0.3c) -> FIRED
  SETTLED KXZEC15M-26SEP140845-45 no vs no -> +42.85c (run realised $-5.9342)
  close 13:00Z: 4293 looks, best was KXDOGE15M-26SEP140900- NO @0.9990 edge +0.09c (need +0.3c) -> no trade
  SIGNAL KXBTC15M-26SEP140915-15 tau=22s buy YES @0.9370 fair 0.9951 edge +5.40c size 34.27 taking 20
  close 13:15Z: 4042 looks, best was KXBTC15M-26SEP140915-1 YES @0.9370 edge +5.40c (need +0.3c) -> FIRED
  SETTLED KXBTC15M-26SEP140915-15 yes vs yes -> +117.73c (run realised $-4.7569)
  SIGNAL KXSOL15M-26SEP140930-30 tau=5s buy YES @0.8800 fair 0.9995 edge +11.21c size 214.69 taking 20
  close 13:30Z: 4269 looks, best was KXSOL15M-26SEP140930-3 YES @0.8800 edge +11.21c (need +0.3c) -> FIRED
  SETTLED KXSOL15M-26SEP140930-30 yes vs yes -> +225.21c (run realised $-2.5048)
  close 13:45Z: 4326 looks, best was KXNEAR15M-26SEP140945- NO @0.9900 edge +0.90c (need +0.3c) -> no trade
  SIGNAL KXHYPE15M-26SEP141000-00 tau=6s buy NO @0.9790 fair 0.0020 edge +1.76c size 205.77 taking 20
  close 14:00Z: 4262 looks, best was KXHYPE15M-26SEP141000- NO @0.9790 edge +1.76c (need +0.3c) -> FIRED
  SETTLED KXHYPE15M-26SEP141000-00 no vs no -> +39.12c (run realised $-2.1136)
  close 14:15Z: 4288 looks, 4288 decided, 4288 decided-but-nothing-offered, 0 undecided
  SIGNAL KXXRP15M-26SEP141030-30 tau=28s buy NO @0.9480 fair 0.0037 edge +4.49c size 811.32 taking 20
  close 14:30Z: 3800 looks, best was KXXRP15M-26SEP141030-3 NO @0.9480 edge +4.49c (need +0.3c) -> FIRED
  SETTLED KXXRP15M-26SEP141030-30 no vs no -> +97.09c (run realised $-1.1427)
  close 14:45Z: 4102 looks, best was KXBTC15M-26SEP141045-4 NO @0.9940 edge +0.54c (need +0.3c) -> no trade
  close 15:00Z: 4179 looks, best was KXNEAR15M-26SEP141100- YES @0.9810 edge +1.56c (need +0.3c) -> no trade
  SIGNAL KXDOGE15M-26SEP141115-15 tau=6s buy YES @0.9260 fair 0.9957 edge +6.49c size 2.50 taking 2.5
  close 15:15Z: 4155 looks, best was KXDOGE15M-26SEP141115- YES @0.9260 edge +6.49c (need +0.3c) -> FIRED
  SETTLED KXDOGE15M-26SEP141115-15 yes vs yes -> +17.30c (run realised $-0.9697)
  SIGNAL KXNEAR15M-26SEP141130-30 tau=29s buy YES @0.9700 fair 0.9964 edge +2.44c size 7.00 taking 7
  SIGNAL KXNEAR15M-26SEP141130-30 tau=29s buy YES @0.9700 fair 0.9964 edge +2.44c size 7.00 taking 7
  SIGNAL KXBNB15M-26SEP141130-30 tau=28s buy NO @0.9690 fair 0.0019 edge +2.70c size 29.47 taking 20
  close 15:30Z: 3388 looks, best was KXBNB15M-26SEP141130-3 NO @0.9690 edge +2.70c (need +0.3c) -> FIRED
  SETTLED KXNEAR15M-26SEP141130-30 yes vs yes -> +19.57c (run realised $-0.7740)
  SETTLED KXBNB15M-26SEP141130-30 no vs no -> +57.79c (run realised $-0.1961)
  close 15:45Z: 4203 looks, 4203 decided, 4203 decided-but-nothing-offered, 0 undecided
  close 16:00Z: 4175 looks, best was KXBTC15M-26SEP141200-0 YES @0.9890 edge +0.93c (need +0.3c) -> no trade
  SIGNAL KXSOL15M-26SEP141215-15 tau=30s buy NO @0.9750 fair 0.0015 edge +2.18c size 7.00 taking 7
  SIGNAL KXETH15M-26SEP141215-15 tau=6s buy YES @0.9240 fair 0.9998 edge +7.09c size 6.53 taking 6.53
  close 16:15Z: 3784 looks, best was KXETH15M-26SEP141215-1 YES @0.9240 edge +7.09c (need +0.3c) -> FIRED
  SETTLED KXSOL15M-26SEP141215-15 no vs no -> +16.30c (run realised $-0.0331)
  SETTLED KXETH15M-26SEP141215-15 yes vs yes -> +46.42c (run realised $+0.4311)
  close 16:30Z: 4284 looks, 4284 decided, 4284 decided-but-nothing-offered, 0 undecided
  SIGNAL KXBNB15M-26SEP141245-45 tau=10s buy NO @0.8600 fair 0.0004 edge +13.12c size 60.00 taking 20
  close 16:45Z: 4231 looks, best was KXBNB15M-26SEP141245-4 NO @0.8600 edge +13.12c (need +0.3c) -> FIRED
  SETTLED KXBNB15M-26SEP141245-45 no vs no -> +263.14c (run realised $+3.0625)
  close 17:00Z: 4320 looks, 4320 decided, 4320 decided-but-nothing-offered, 0 undecided
  close 17:15Z: 4329 looks, best was KXBNB15M-26SEP141315-1 YES @0.9970 edge +0.28c (need +0.3c) -> no trade
  close 17:30Z: 4247 looks, best was KXSOL15M-26SEP141330-3 NO @0.9890 edge +0.94c (need +0.3c) -> no trade
  SIGNAL KXSOL15M-26SEP141345-45 tau=22s buy YES @0.9780 fair 0.9956 edge +1.60c size 48.50 taking 20
  SIGNAL KXDOGE15M-26SEP141345-45 tau=18s buy YES @0.9800 fair 0.9980 edge +1.66c size 146.33 taking 20
  close 17:45Z: 1844 looks, best was KXDOGE15M-26SEP141345- YES @0.9800 edge +1.66c (need +0.3c) -> FIRED
  SETTLED KXSOL15M-26SEP141345-45 yes vs yes -> +40.98c (run realised $+3.4723)
  SETTLED KXDOGE15M-26SEP141345-45 yes vs yes -> +37.25c (run realised $+3.8448)
  close 18:00Z: 4305 looks, best was KXXRP15M-26SEP141400-0 YES @0.9840 edge +1.32c (need +0.3c) -> no trade
  SIGNAL KXBNB15M-26SEP141415-15 tau=4s buy YES @0.9670 fair 1.0000 edge +3.08c size 7.00 taking 7
  close 18:15Z: 4285 looks, best was KXBNB15M-26SEP141415-1 YES @0.9670 edge +3.08c (need +0.3c) -> FIRED
  SETTLED KXBNB15M-26SEP141415-15 yes vs yes -> +21.53c (run realised $+4.0601)
  close 18:30Z: 4320 looks, 4320 decided, 4320 decided-but-nothing-offered, 0 undecided
  close 18:45Z: 4156 looks, best was KXDOGE15M-26SEP141445- YES @0.9900 edge +0.93c (need +0.3c) -> no trade
  close 19:00Z: 4210 looks, best was KXBTC15M-26SEP141500-0 YES @0.9830 edge +1.58c (need +0.3c) -> no trade
  close 19:15Z: 4229 looks, best was KXETH15M-26SEP141515-1 YES @0.9860 edge +1.20c (need +0.3c) -> no trade
  close 19:30Z: 4177 looks, best was KXXRP15M-26SEP141530-3 YES @0.9940 edge +0.46c (need +0.3c) -> no trade
  close 19:45Z: 4193 looks, best was KXZEC15M-26SEP141545-4 YES @0.9970 edge +0.27c (need +0.3c) -> no trade
  SIGNAL KXHYPE15M-26SEP141600-00 tau=30s buy NO @0.9500 fair 0.0038 edge +4.28c size 52.16 taking 20
  close 20:00Z: 3747 looks, best was KXHYPE15M-26SEP141600- NO @0.9500 edge +4.28c (need +0.3c) -> FIRED
  *** A LOSS. losing trades 2, losing CLOSES 2 (the brake counts closes) ***
  SETTLED KXHYPE15M-26SEP141600-00 no vs yes -> -1906.66c (run realised $-15.0065)
  close 20:15Z: 4176 looks, 4176 decided, 4176 decided-but-nothing-offered, 0 undecided
  close 20:30Z: 4293 looks, 4293 decided, 4293 decided-but-nothing-offered, 0 undecided
  close 20:45Z: 4302 looks, best was KXSOL15M-26SEP141645-4 YES @0.9970 edge +0.28c (need +0.3c) -> no trade
  close 21:00Z: 4356 looks, 4356 decided, 4356 decided-but-nothing-offered, 0 undecided
  close 21:15Z: 4311 looks, 4311 decided, 4311 decided-but-nothing-offered, 0 undecided
  SIGNAL KXXRP15M-26SEP141730-30 tau=27s buy YES @0.8600 fair 1.0000 edge +13.15c size 200.00 taking 20
  SIGNAL KXBNB15M-26SEP141730-30 tau=27s buy YES @0.9790 fair 1.0000 edge +1.96c size 1524.00 taking 20
  --- PAUSE (will resume): loss bound: realised $-15.01 with $36.78 still open; one more contract could take this run past $-60.00
  close 21:30Z: 630 looks, best was KXXRP15M-26SEP141730-3 YES @0.8600 edge +13.15c (need +0.3c) -> FIRED
  *** A LOSS. losing trades 3, losing CLOSES 3 (the brake counts closes) ***
  SETTLED KXXRP15M-26SEP141730-30 yes vs no -> -1736.86c (run realised $-32.3751)
  SETTLED KXBNB15M-26SEP141730-30 yes vs yes -> +39.12c (run realised $-31.9839)
  --- RESUMED
  *** HALT: loss COUNT brake: 3 losing trades this run >= 3; stop and re-measure the flip rate

  41 signals, 256091 evaluations
  ledger {'committed': 0.0, 'filled_contracts': 0.0, 'filled_dollars': 0.0, 'fees': 0.0, 'realised': -31.983919999999994, 'losses': 3, 'sends': 0, 'unknown': 0, 'rested': 0, 'anomalies': [], 'halt': None, 'positions': {}, 'takes': [{'kind': 'pnl', 'delta': 0.7836000000000007, 'note': 'KXSOL15M-26SEP140200-00 yes vs yes', 't': 1789365620.1167011}, {'kind': 'pnl', 'delta': 0.37250000000000033, 'note': 'KXDOGE15M-26SEP140230-30 no vs no', 't': 1789367420.1202753}, {'kind': 'pnl', 'delta': 0.31090000000000034, 'note': 'KXNEAR15M-26SEP140300-00 yes vs yes', 't': 1789369220.1361074}, {'kind': 'pnl', 'delta': 1.121000000000001, 'note': 'KXZEC15M-26SEP140300-00 yes vs yes', 't': 1789369220.2198122}, {'kind': 'pnl', 'delta': 0.1127000000000001, 'note': 'KXZEC15M-26SEP140315-15 yes vs yes', 't': 1789370120.0971048}, {'kind': 'pnl', 'delta': 0.44720000000000043, 'note': 'KXXRP15M-26SEP140315-15 yes vs yes', 't': 1789370120.179921}, {'kind': 'pnl', 'delta': 2.0455, 'note': 'KXDOGE15M-26SEP140315-15 no vs no', 't': 1789370120.2606237}, {'kind': 'pnl', 'delta': 0.37250000000000033, 'note': 'KXBNB15M-26SEP140330-30 yes vs yes', 't': 1789371020.094347}, {'kind': 'pnl', 'delta': 0.5405000000000005, 'note': 'KXNEAR15M-26SEP140345-45 no vs no', 't': 1789371920.1035626}, {'kind': 'pnl', 'delta': 0.970900000000001, 'note': 'KXDOGE15M-26SEP140445-45 no vs no', 't': 1789375520.0831993}, {'kind': 'pnl', 'delta': 0.5322999999999996, 'note': 'KXNEAR15M-26SEP140445-45 yes vs yes', 't': 1789375520.171793}, {'kind': 'pnl', 'delta': 0.3378, 'note': 'KXZEC15M-26SEP140445-45 no vs no', 't': 1789375520.2509134}, {'kind': 'pnl', 'delta': 0.7836000000000007, 'note': 'KXBTC15M-26SEP140515-15 no vs no', 't': 1789377320.101355}, {'kind': 'pnl', 'delta': 1.0313999999999999, 'note': 'KXXRP15M-26SEP140515-15 no vs no', 't': 1789377320.1821983}, {'kind': 'pnl', 'delta': -19.6088, 'note': 'KXBTC15M-26SEP140530-30 no vs yes', 't': 1789378220.1106107}, {'kind': 'pnl', 'delta': 0.46580000000000044, 'note': 'KXHYPE15M-26SEP140630-30 no vs no', 't': 1789381820.1069064}, {'kind': 'pnl', 'delta': 0.7088000000000007, 'note': 'KXBTC15M-26SEP140645-45 yes vs yes', 't': 1789382720.1037893}, {'kind': 'pnl', 'delta': 0.46230000000000043, 'note': 'KXXRP15M-26SEP140715-15 no vs no', 't': 1789384520.0995963}, {'kind': 'pnl', 'delta': 0.37250000000000033, 'note': 'KXBNB15M-26SEP140745-45 no vs no', 't': 1789386320.1212423}, {'kind': 'pnl', 'delta': 0.06710000000000006, 'note': 'KXNEAR15M-26SEP140815-15 yes vs yes', 't': 1789388120.763801}, {'kind': 'pnl', 'delta': 1.4071999999999996, 'note': 'KXZEC15M-26SEP140815-15 yes vs yes', 't': 1789388120.842896}, {'kind': 'pnl', 'delta': 0.42850000000000044, 'note': 'KXZEC15M-26SEP140845-45 no vs no', 't': 1789389920.1514962}, {'kind': 'pnl', 'delta': 1.177299999999999, 'note': 'KXBTC15M-26SEP140915-15 yes vs yes', 't': 1789391720.1502156}, {'kind': 'pnl', 'delta': 2.2521, 'note': 'KXSOL15M-26SEP140930-30 yes vs yes', 't': 1789392620.1179788}, {'kind': 'pnl', 'delta': 0.3912000000000004, 'note': 'KXHYPE15M-26SEP141000-00 no vs no', 't': 1789394420.146949}, {'kind': 'pnl', 'delta': 0.970900000000001, 'note': 'KXXRP15M-26SEP141030-30 no vs no', 't': 1789396220.0925546}, {'kind': 'pnl', 'delta': 0.17299999999999988, 'note': 'KXDOGE15M-26SEP141115-15 yes vs yes', 't': 1789398920.1425617}, {'kind': 'pnl', 'delta': 0.19570000000000018, 'note': 'KXNEAR15M-26SEP141130-30 yes vs yes', 't': 1789399820.1547592}, {'kind': 'pnl', 'delta': 0.5779000000000005, 'note': 'KXBNB15M-26SEP141130-30 no vs no', 't': 1789399820.2369497}, {'kind': 'pnl', 'delta': 0.16300000000000014, 'note': 'KXSOL15M-26SEP141215-15 no vs no', 't': 1789402520.1125371}, {'kind': 'pnl', 'delta': 0.4641799999999997, 'note': 'KXETH15M-26SEP141215-15 yes vs yes', 't': 1789402520.208484}, {'kind': 'pnl', 'delta': 2.6314, 'note': 'KXBNB15M-26SEP141245-45 no vs no', 't': 1789404320.1396172}, {'kind': 'pnl', 'delta': 0.4098000000000004, 'note': 'KXSOL15M-26SEP141345-45 yes vs yes', 't': 1789407920.270828}, {'kind': 'pnl', 'delta': 0.37250000000000033, 'note': 'KXDOGE15M-26SEP141345-45 yes vs yes', 't': 1789407920.5153}, {'kind': 'pnl', 'delta': 0.2153000000000002, 'note': 'KXBNB15M-26SEP141415-15 yes vs yes', 't': 1789409720.139534}, {'kind': 'pnl', 'delta': -19.0666, 'note': 'KXHYPE15M-26SEP141600-00 no vs yes', 't': 1789416020.0892587}, {'kind': 'pnl', 'delta': -17.3686, 'note': 'KXXRP15M-26SEP141730-30 yes vs no', 't': 1789421420.115097}, {'kind': 'pnl', 'delta': 0.3912000000000004, 'note': 'KXBNB15M-26SEP141730-30 yes vs yes', 't': 1789421420.2042449}]}
  log C:\kals-repo\results\pinrun-paper-20260914T054408Z.jsonl
