SELF-TEST -- pinrun
  ok   all 60 prints locked at now=close (remaining 0)
  ok   locked sum excludes tick@close and includes tick@close-60 (5900.0, expected 5900.0)
  ok   decided yes on the corrected window (fair 1.0)
  ok   old and new windows genuinely differ on this fixture
  ok   eff_strike(2492.82, d=2) == 2492.815
  ok   rounding-aware fair calls the real ETH market YES (1.0)
  ok   the un-rounded model calls it NO (0.0) -- the -90.91c loss
  ok   the locked window ends at the newest print HELD, not at now (remaining 3, locked 58596.0)
  ok   with the newest print in flight on a rising index the corrected model says YES (fair 1.0000); mean-imputation said NO (fair 0.0000) -- a wrong-side buy at ~99c
  ok   an interior gap takes the nearest print (6899.0, expected 6899.0; the window-mean rule would say 6914.2)
  ok   partial refuses a window missing more than 5% of its prints
  ok   EV is ~zero exactly at p = 1 - flip = 0.9910 (got -0.070c)
  ok   a trade at 99.6c is NEGATIVE EV (-0.53c) -- matches the 2026-09-08 live trades
  ok   a trade at 99.3c is NEGATIVE EV (-0.25c) -- matches the 2026-09-08 live trades
  ok   a trade at 99.2c is NEGATIVE EV (-0.16c) -- matches the 2026-09-08 live trades
  ok   a trade at 99.1c is NEGATIVE EV (-0.07c) -- matches the 2026-09-08 live trades
  ok   a trade at 97.9c is positive EV (+1.05c) -- matches the 2026-09-08 live trades
  ok   a trade at 94.7c is positive EV (+4.04c) -- matches the 2026-09-08 live trades
  ok   the EV floor puts the price ceiling between 98c and 99c
  ok   a higher flip rate makes even 95c negative (the gate tracks f)
  ok   net edge subtracts the taker fee (0.430c at p=0.99)
  ok   billed fee at p=0.95 is $0.0034, not the raw $0.003325 (0.0034)
  ok   the billed fee is never below the raw formula (conservative)
  ok   the billed fee on 0.01 contracts is the $0.0001 floor (0.0001)
  ok   at --size 0.01 a 0.9c gross edge is NEGATIVE once the order's own fee is charged (-0.100c), where the one-contract fee would have called it +0.83c
  ok   edge sign behaves at the boundary
  ok   NO-side edge is (1-fair) - price - fee
  ok   YES take is a bid at the seen price (bid 0.9910)
  ok   NO take at 0.989 is an ask at 0.0110 = the yes bid we hit (ask 0.0110)
  ok   a NO take at 0.989 costs $0.989, not $0.011 ($0.9890)
  ok   both bodies have post_only False -- pin must cross, never rest
  ok   tif never rests (immediate_or_cancel)
  ok   stale index reports its age (31s)
  ok   on_frame parses a real cfbenchmarks_value frame
  ok   junk and off-channel frames are counted, not fatal
  ok   pintake ledger has the key the abort reads: 'halt'
  ok   pintake ledger has the key the abort reads: 'realised'
  ok   pintake ledger has the key the abort reads: 'committed'
  ok   pintake ledger has the key the abort reads: 'positions'
  ok   every ledger key the abort reads exists (['committed', 'halt', 'positions', 'realised'])
  ok   abort fires on realised -3.00 vs limit -2.00 (loss abort: realised $-3.00 <= $-2.00)
  ok   abort fires at the stake cap (stake cap reached: $5.00 committed)
  ok   abort fires on a pintake halt (pintake halted: unknown order state)
  ok   abort fires FORWARD: $1.20 open plus one more contract would pass -$2.00 (loss bound: realised $+0.00 with $1.20 still open; one more contract could take this run past $-2.00)
  ok   $0.90 open still leaves room for one more contract (None)
  ok   abort fires on order-path errors, which the universe pass cannot reset (2 errors on the ORDER path)
  ok   a settled position releases its stake (committed 0.0000)
  ok   and its P&L is booked to realised, which the abort reads
  ok   risk_abort() runs before the first `continue` in the loop
  ok   no direct send path in this file (found [])
  ok   take() is called with the market's exchange_index, not the default 0
  ok   exchange_index is read from the market record in the universe pass
SELF-TEST PASSED
  MODE LIVE size 1   tau<=20s  pin 0.98  edge>=0.3c net  loss abort $-3.00  SIZE 1
  log C:\kals-repo\results\pinrun-live-20260908T114547Z.jsonl
  ARMED: https://api.elections.kalshi.com/trade-api/v2  key b48b406b...  stake cap $5.00
  index up: 11 ticks, 11 feeds
  SIGNAL KXBTC15M-26SEP080800-00 tau=19s buy NO @0.9500 fair 0.0156 edge +3.10c size 385.35
    ORDER -> status executed filled 1.0 @ 0.95 fee 0.0034
  close 12:00Z: 190 looks, best was KXBTC15M-26SEP080800-0 NO @0.9500 edge +3.10c (need +0.3c) -> FIRED
  SETTLED KXBTC15M-26SEP080800-00 no vs no -> +4.66c (run realised $+0.0466)
  close 12:15Z: 2943 looks, 2943 decided, 2943 decided-but-nothing-offered, 0 undecided
  SIGNAL KXBNB15M-26SEP080830-30 tau=15s buy NO @0.9500 fair 0.0182 edge +2.84c size 5.26
    ORDER -> status canceled filled 0.0 @ None fee None
  close 12:30Z: 888 looks, best was KXBNB15M-26SEP080830-3 NO @0.9500 edge +2.84c (need +0.3c) -> FIRED
  SIGNAL KXBNB15M-26SEP080845-45 tau=20s buy YES @0.9770 fair 0.9856 edge +0.70c size 26.00
    ORDER -> status executed filled 1.0 @ 0.977 fee 0.0016
  close 12:45Z: 6 looks, best was KXBNB15M-26SEP080845-4 YES @0.9770 edge +0.70c (need +0.3c) -> FIRED
  SETTLED KXBNB15M-26SEP080845-45 yes vs yes -> +2.14c (run realised $+0.0680)
  SIGNAL KXSOL15M-26SEP080900-00 tau=13s buy NO @0.9720 fair 0.0194 edge +0.66c size 10.00
    ORDER -> status canceled filled 0.0 @ None fee None
  close 13:00Z: 1218 looks, best was KXSOL15M-26SEP080900-0 NO @0.9720 edge +0.66c (need +0.3c) -> FIRED
  close 13:15Z: 2831 looks, best was KXETH15M-26SEP080915-1 YES @0.9980 edge +0.18c (need +0.3c) -> no trade
  SIGNAL KXDOGE15M-26SEP080930-30 tau=20s buy NO @0.9630 fair 0.0002 edge +3.43c size 581.44
    ORDER -> status executed filled 1.0 @ 0.963 fee 0.0025
  close 13:30Z: 86 looks, best was KXDOGE15M-26SEP080930- NO @0.9630 edge +3.43c (need +0.3c) -> FIRED
  SETTLED KXDOGE15M-26SEP080930-30 no vs no -> +3.45c (run realised $+0.1025)
  close 13:45Z: 2997 looks, 2997 decided, 2997 decided-but-nothing-offered, 0 undecided
  close 14:00Z: 2934 looks, 2934 decided, 2934 decided-but-nothing-offered, 0 undecided
  close 14:15Z: 2871 looks, 2871 decided, 2871 decided-but-nothing-offered, 0 undecided
  SIGNAL KXXRP15M-26SEP081030-30 tau=20s buy YES @0.9870 fair 1.0000 edge +1.21c size 125.00
    ORDER -> status executed filled 1.0 @ 0.987 fee 0.0009
  close 14:30Z: 4 looks, best was KXXRP15M-26SEP081030-3 YES @0.9870 edge +1.21c (need +0.3c) -> FIRED
  SETTLED KXXRP15M-26SEP081030-30 yes vs yes -> +1.21c (run realised $+0.1146)
