SELF-TEST -- pinrun
  ok   all 60 prints locked at now=close (remaining 0)
  ok   locked sum excludes tick@close and includes tick@close-60 (5900.0, expected 5900.0)
  ok   decided yes on the corrected window (fair 1.0)
  ok   old and new windows genuinely differ on this fixture
  ok   eff_strike(2492.82, d=2) == 2492.815
  ok   rounding-aware fair calls the real ETH market YES (1.0)
  ok   the un-rounded model calls it NO (0.0) -- the -90.91c loss
  ok   the locked window ends at the newest print HELD, not at now (remaining 3, locked 58596.0)
  ok   with the newest print in flight on a rising index the corrected model says YES (fair 1.0000); mean-imputation said NO (fair 0.0000) -- a wrong-side buy at ~99c
  ok   an interior gap takes the nearest print (6899.0, expected 6899.0; the window-mean rule would say 6914.2)
  ok   partial refuses a window missing more than 5% of its prints
  ok   buying YES at 98.3c and NO at 90.8c on ONE market pays 189.1c for a guaranteed $1.00 -- a locked 89.1c loss carrying NO directional risk
  ok   and EVERY price the rule can pay is above 50c, so a both-sides pair is ALWAYS a locked loss -- there is no price at which it is not
  ok   the side taken is recorded PER TICKER, so a second market is unaffected -- the guard must not block ordinary diversification
  ok   three losing trades on ONE close plus one on another is TWO losing closes, not four (2) -- tonight three fills on one NEAR market spent the whole 3-loss budget on a SINGLE draw
  ok   so one bad close can no longer exhaust a 3-close brake by itself, which is what 'three losses is roughly a 1% event' actually assumed
  ok   two fills on the SAME ticker occupy TWO entries -- keyed by order id, the second cannot overwrite the first
  ok   and open exposure is the SUM of both stakes ($36.82), not just the last
  ok   releasing ONE of them leaves the ticker still referenced, so the position record must NOT be dropped yet
  ok   and only when the last one goes is the ticker free -- the null, so a release cannot fire early
  ok   and NOTHING in the loop still keys open_pos by ticker
  ok   attempts (24) are capped ABOVE fills (2) -- separate budgets, because a lost race should cost a retry but not a fill slot
  ok   spam into ONE market is capped at 3 orders -- this is the bar that replaced `MAX_ATTEMPTS_PER_CLOSE < 20`, and it is tighter than that one was for the runaway it was written for
  ok   and the close cap is still bounded -- every coin twice plus a little (24), not unlimited
  ok   the attempt cap is actually READ in the loop, not merely defined
  ok   and so is the per-market cap -- a safety bar that is defined but never read is the exact defect risk_abort was once caught with
  ok   and it is incremented on every send, or it can never bind
  ok   and an attempt is counted BEFORE the order is sent, so a send that never returns still consumes one
  ok   a RETURNED refusal is counted as an order error -- take() does not raise, so nothing noticed 160 refusals in a row
  ok   pintake's own count rail is below its hard ceiling (10 <= 25)
  pintake rails raised: MAX_TAKE_COUNT 10 -> 15  (selftest)
  ok   set_limits RAISES the count rail so it can never be the thing that silently blocks a bigger size again
  ok   and it REFUSES to lower it
  ok   the fixture buys exactly MAX_PER_CLOSE times (2)
  ok   and every later buy is at least IMPROVE_BY cheaper -- so the marginal trade cap 3 adds is the CHEAPEST of the close, which is why it cannot degrade the average price paid
  ok   three fills commit $38.80, the sum of their stakes, not three times the first
  ok   and that is at or below the $40 worst case the deployment rail sizes the brake against -- the rail is conservative, as it must be
  ok   and releasing all three gives back EXACTLY what was committed
  ok   the forward loss bound tolerates all three open ($38.80 vs a $-90.00 brake)
  ok   --max-positions equal to the cap (2) REFUSES the last fill once a straggler is still open, which is why it must be at least MAX_PER_CLOSE + 1 (position cap: 2 open >= 2)
  ok   2 losses does NOT halt a run whose brake is 3
  ok   3 losses DOES halt it, on COUNT and not on dollars (loss COUNT brake: 3 losing trades this run >= 3; stop and re-measure the flip rate)
  ok   and max_losses=0 DISABLES it -- the null, so the brake cannot fire on a run that never asked for it
  ok   MIN_FILL_FRAC is a fraction (0.5)
  ok   a deep book fills the whole size we asked for
  ok   a 7-contract offer at size 10 is TAKEN as a partial, not thrown away -- the old dust gate refused it outright
  ok   but a 4-contract scrap at size 10 is still refused: below half, a tiny fill burns a scale-in slot and raises the improve bar, which measured WORSE than not trading
  ok   sub-contract dust is refused at every size (MIN_LEVEL)
  ok   a partial can only ever LOWER the contracts bought, never raise them, so this amendment cannot increase exposure
  ok   a filled buy books a slot and sets the improve bar
  ok   a second fill books the second slot and LOWERS the bar to the better price
  ok   and 2 FILLS still exhaust the close -- max exposure is UNCHANGED by this amendment, only wasted attempts are recovered
  ok   a market that already filled 1x is refused a repeat -- this is what turned one bad NEAR close into -$52.60
  ok   but a DIFFERENT market on the same close is still allowed, because MAX_PER_CLOSE governs that and rho ~ 0.8 is not rho = 1
  ok   and the first fill of a close is never blocked
  ok   one market can never stake more than the whole close is allowed to
  ok   A13 does not change the worst CLOSE ($2.00); it changes how much of it one market may be -- $1.00 instead of all of it
  ok   STRUCTURAL: the live slot is booked AFTER the order returns, so a zero-fill cannot burn it
  ok   and it is booked only inside the filled>0 branch
  ok   STRUCTURAL: the slot is booked only when the FILL is at least half our size; a scrap keeps its position and spends no slot
  ok   and a scrap is recorded, not silent
  ok   under CLOSE_BUDGET a scrap must book its CONTRACTS -- they are real exposure however small -- while still not raising the improve bar, which is the only thing A12's exemption was actually protecting
  ok   STRUCTURAL: scraps ACCUMULATE and spend a slot once they add up to a real fill -- without this, 8 scraps of 9.99 would double the worst-case close from $39.20 to $78.32
  ok   eight 0.02-contract crumbs spend NO slot (0.16 of 10) -- the case A12 exists for
  ok   scraps of 9.99: at most 39.96 contracts fill in one close, against the intended 40 -- bounded
  ok   scraps of 5: at most 20.00 contracts fill in one close, against the intended 40 -- bounded
  ok   scraps of 2: at most 20.00 contracts fill in one close, against the intended 40 -- bounded
  ok   scraps of 0.5: at most 20.00 contracts fill in one close, against the intended 40 -- bounded
  ok   within the 24-attempt cap, 0.02 crumbs spend no slot at all -- the case A12 exists for
  ok   while near-full scraps exhaust the slots inside the same cap
  ok   at size 20 the real-fill line is 10: the 2.0 and 0.02 fills of 2026-09-11 07:00 ET are scraps, a 10 is a fill
  ok   take() is called with take_n, the contracts actually available, not the raw SIZE
  ok   an EMPTY close reports NO depth rather than a zero -- a close where nothing was offered must not look like a close offering 0 contracts
  ok   depth percentiles come back sorted (median 30.0)
  ok   the size ladder counts moments that SURVIVE each size (4 at 5, 2 at 125)
  ok   at size 1 every offered moment survives -- the ladder's own null
  ok   a single 7-contract offer survives at size 5 but NOT at size 10, which is exactly the opportunity cost of scaling
  ok   EV is ~zero exactly at p = 1 - flip = 0.9910 (got -0.070c)
  ok   a trade at 99.6c is NEGATIVE EV (-0.53c) -- matches the 2026-09-08 live trades
  ok   a trade at 99.3c is NEGATIVE EV (-0.25c) -- matches the 2026-09-08 live trades
  ok   a trade at 99.2c is NEGATIVE EV (-0.16c) -- matches the 2026-09-08 live trades
  ok   a trade at 99.1c is NEGATIVE EV (-0.07c) -- matches the 2026-09-08 live trades
  ok   a trade at 97.9c is positive EV (+1.05c) -- matches the 2026-09-08 live trades
  ok   a trade at 94.7c is positive EV (+4.04c) -- matches the 2026-09-08 live trades
  ok   the EV floor puts the price ceiling between 98c and 99c
  ok   a higher flip rate makes even 95c negative (the gate tracks f)
  ok   net edge subtracts the taker fee (0.430c at p=0.99)
  ok   billed fee at p=0.95 is $0.0034, not the raw $0.003325 (0.0034)
  ok   the billed fee is never below the raw formula (conservative)
  ok   the billed fee on 0.01 contracts is the $0.0001 floor (0.0001)
  ok   at --size 0.01 a 0.9c gross edge is NEGATIVE once the order's own fee is charged (-0.100c), where the one-contract fee would have called it +0.83c
  ok   edge sign behaves at the boundary
  ok   NO-side edge is (1-fair) - price - fee
  ok   YES take is a bid at the seen price (bid 0.9910)
  ok   NO take at 0.989 is an ask at 0.0110 = the yes bid we hit (ask 0.0110)
  ok   a NO take at 0.989 costs $0.989, not $0.011 ($0.9890)
  ok   both bodies have post_only False -- pin must cross, never rest
  ok   tif never rests (immediate_or_cancel)
  ok   stale index reports its age (30s)
  ok   on_frame parses a real cfbenchmarks_value frame
  ok   junk and off-channel frames are counted, not fatal
  ok   pintake ledger has the key the abort reads: 'halt'
  ok   pintake ledger has the key the abort reads: 'realised'
  ok   pintake ledger has the key the abort reads: 'committed'
  ok   pintake ledger has the key the abort reads: 'positions'
  ok   every ledger key the abort reads exists (['committed', 'halt', 'losses', 'positions', 'realised'])
  ok   abort fires on realised -3.00 vs limit -2.00 (loss abort: realised $-3.00 <= $-2.00)
  ok   abort fires at the stake cap (stake cap reached: $60.00 committed)
  ok   abort fires on a pintake halt (pintake halted: unknown order state)
  ok   PAUSE (clears when positions settle): position cap: 3 open >= 3
  ok   PAUSE (clears when positions settle): loss bound: realised $+0.78 with $40.89 still 
  ok   PAUSE (clears when positions settle): stake cap reached: $60.00 committed
  ok   HALT (needs a human): already halted
  ok   HALT (needs a human): pintake halted: unknown order state
  ok   HALT (needs a human): loss abort: realised $-61.00 <= $-60.00
  ok   HALT (needs a human): loss COUNT brake: 3 losing trades this run >= 
  ok   HALT (needs a human): 2 errors on the ORDER path
  ok   HALT (needs a human): 5 consecutive errors
  ok   no halt at all is not a transient halt
  ok   the 02:00 halt that cost 23 minutes would now PAUSE
  ok   and so would the 03:29 one
  ok   the pause branch never sets state['halted'] -- that would be a terminal answer to a temporary question
  ok   and it continues the loop, so reconcile() keeps releasing the positions it is waiting on
  ok   before any hedge fill, the amount to hedge is the full original size, read from open_pos
  ok   AFTER a partial hedge fill, open_pos['orig'] is UNCHANGED -- still 11.0, the true size reconcile() must settle and feed to the loss brake, not the 10.0 the old code would have written there
  ok   the REMAINING-TO-HEDGE tracker, separately, correctly says 10 left
  ok   the second attempt reads the remaining amount (10), not the original (11) and not a re-read of a shrunk open_pos
  ok   once the remaining amount is fully filled, the tracker is cleared
  ok   and open_pos still reads 11.0 at the end -- reconcile() settles the true position size no matter how many hedge attempts it took
  ok   the live event hid $0.9646 of real loss from the ledger the loss-abort brake reads -- small tonight, same mechanism the brake depends on
  ok   belief below the 0.80 gate fires the hedge
  ok   belief at or above the gate does not
  ok   no belief at all never fires -- a missing number is not a collapse
  ok   and the threshold is a parameter, so the holdout can sweep it
  ok   the real NEAR tau16 collapse (40.6%) fires
  ok   the real BNB tau24 collapse (46.3%) fires
  ok   the real SOL-08:00 tau15 collapse (0.1%) fires
  ok   and the SOL-08:00 tau-16 reading (83.7%) does NOT fire at 0.80 -- the alarm comes one second later on that collapse, by design
  ok   and the SOL-08:00 ENTRY belief (99.76%) does not -- we hedge the collapse, not the buy
  ok   hedging 96c NO with 35c YES pays 131c for $1 -- a 31c loss that BEATS the 96c from holding: allowed
  ok   65c and 99c legs are allowed too -- any ask under $1 shrinks the loss
  ok   a $1.00 leg locks exactly the unhedged loss: REFUSED, and the fee makes it worse
  ok   zero and negative asks are not prices
  ok   garbage inputs refuse rather than pass
  ok   the EV diagnostic reads (1-belief)-ask: +5c when the market lags the collapse, -5c when we pay for variance reduction
  ok   NEAR hedged at 35c locks -$6.24 on 20 contracts instead of -$19.24
  ok   BNB hedged at 55c locks -$9.80 instead of -$18.80
  ok   at entry 0.900: a $1.00 leg locks exactly the unhedged loss and is refused; a 99c leg locks less and is allowed
  ok   at entry 0.960: a $1.00 leg locks exactly the unhedged loss and is refused; a 99c leg locks less and is allowed
  ok   at entry 0.979: a $1.00 leg locks exactly the unhedged loss and is refused; a 99c leg locks less and is allowed
  ok   the hedge pass never calls _book_slot -- so A8 still blocks any later ENTRY on the opposite side
  ok   and it calls hedge_ask_ok before every order
  ok   and places the hedge through the same take() path as every fill
  ok   every alarm, missing ask and refusal is recorded -- silence is not an outcome
  ok   retries are paced to ONE PER SECOND -- the first live alarm burned all five in ~250 ms and gave up inside the alarm second
  ok   retries are bounded (5) -- a runaway on the hedge path would be the 160-order incident again
  ok   abort fires FORWARD: $1.20 open plus one more contract would pass -$2.00 (loss bound: realised $+0.00 with $1.20 still open; one more contract could take this run past $-2.00)
  ok   $0.90 open still leaves room for one more contract (None)
  ok   abort fires on order-path errors, which the universe pass cannot reset (2 errors on the ORDER path)
  ok   a settled position releases its FULL stake at size 1 (committed 0.0000, was 0.9750)
  ok   a settled position releases its FULL stake at size 5 (committed 0.0000, was 4.8750)
  ok   a settled position releases its FULL stake at size 8 (committed 0.0000, was 7.8000)
  ok   a settled position releases its FULL stake at size 10 (committed 0.0000, was 9.7500)
  ok   a settled position releases its FULL stake at size 25 (committed 0.0000, was 24.3750)
  ok   and releasing only ONE contract at size 5 LEAKS $3.9000 -- the bug this test now catches, stated as a positive so it cannot pass vacuously
  ok   P&L is booked to realised, which the abort reads
  ok   every exit path releases the stake -- finalized, both give-ups, and the definition (4 references)
  ok   pintake ships a size-1 loss abort of $-2.00
  ok   ONE ordinary loss at size 5 is $-4.88, which is past that default -- so an unraised order path dies on the first loss
  pintake rails raised: LOSS_ABORT $-2.00 -> $-30.00  (selftest)
  ok   set_limits LOOSENS the order-path brake to match the run's own
  ok   and it REFUSES to tighten -- a hidden brake tighter than the operator's is not a brake, it is an outage
  ok   risk_abort() runs before the first `continue` in the loop
  ok   no direct send path in this file (found [])
  ok   take() is called with the market's exchange_index, not the default 0
  ok   exchange_index is read from the market record in the universe pass
  ok   zrough is ~1.0 on a feed whose roughness never changes (got 0.98)
  ok   a calm board reads X~0.92 with 0 coins moving
  ok   coin A's OWN volatility spike leaves A's cross index EXACTLY unchanged -- otherwise this is the refuted own-sigma filter under a new name
  ok   but A's OWN roughness does spike (10.9 vs 0.98)
  ok   and B DOES see it: X 0.92 -> 2.34, 1 coin(s) moving
  ok   tick retention (4000) covers the 3600s baseline the ratio is divided by
  ok   a revised print does not change how many seconds we hold, so (newest, count) alone cannot detect it
  ok   and it STILL busts the cache -- a revised print must not be served stale from a conditions read
  ok   while an identical duplicate does NOT bust it -- otherwise every repeated frame recomputes a 3600-second window on the order path
  ok   and the signal record actually carries the conditions columns
  ok   a 15c discount is >10x the 0.3c edge floor, so the honest edge can never trip it
  ok   XRP 04:59Z (fair 1.0, filled 82c, 18c disc, LOST -$16.61) refused
  ok   DOGE 22:14Z (fair 0.0, filled 10c, 90c disc, LOST -$2.12) refused
  ok   SOL 2026-09-11 12:30Z (99.508% sure, filled 59.1c, 40.4c disc, LOST -$12.16) IS refused now -- the 0.999 condition let it through
  ok   NEAR 09-09 (99.827% sure, 73c, 26.8c disc, LOST -$14.13) refused
  ok   BNB 89c (10.7c disc, WON +$2.06) is NOT refused -- the 5-15c band went 24-0 for +$32.20 and refusing it was the guard's worst error
  ok   SOL 91.9c (8.1c disc, WON) passes
  ok   a certainty at 97.8c (2.2c discount, WON) passes -- the normal edge
  ok   and a boundary fill at the ceiling passes untouched
  ok   the guard is wired into the trade loop and counted in the near-miss record, so refusals are visible rather than silent
  ok   AMENDMENT 10b: the guard is ON by operator decision (undeterminable EV, owner chose fewer losses); would-be outcomes are recorded
  ok   every refusal writes ONE `dumped` record per (close, market) with side, price, fair and tau, so the would-be P&L can be resolved later
  ok   and the record is written before the enable check, whether or not the trade is refused
  ok   and the count happens BEFORE the enable check, so the class is recorded whether or not it is refused
  ok   worst_close_cost(20) must be MAX_PER_CLOSE*20*PRICE_CEILING = 39.2, got 39.2
  ok   worst_close_cost must be EXACTLY linear in size -- that is the whole reason it replaced a sampled maximum, which was not
  ok   $192.15 / $5.88 (BANK_BRAKE 3.0 x MAX_PER_CLOSE 2 x ceiling 0.98) = 32, got 32
  ok   an empty or unreadable bank must fall to the floor, never to 0
  ok   the cap must bind, got 250
  ok   size_for_bank fell from -1 to 1 at bank $10 -- more money can never permit less
  ok   size_for_bank fell from 1 to 8 at bank $50 -- more money can never permit less
  ok   size_for_bank fell from 8 to 17 at bank $100 -- more money can never permit less
  ok   size_for_bank fell from 17 to 34 at bank $200 -- more money can never permit less
  ok   size_for_bank fell from 34 to 68 at bank $400 -- more money can never permit less
  ok   size_for_bank fell from 68 to 136 at bank $800 -- more money can never permit less
  ok   size_for_bank fell from 136 to 250 at bank $1600 -- more money can never permit less
  ok   a harsher brake must give a SMALLER size
  ok   cents and dollars agreeing must read $192.152, got 192.152
  ok   balance WITHOUT balance_dollars must be refused, not divided by 100 on faith -- the unit is read, never inferred
  ok   cents and dollars DISAGREEING must be refused; this is the 19215-read-as-dollars failure, which asks for size 6535
  ok   a non-200 must read as unknown
  ok   no credentials (paper mode) must read as unknown, never 0
  pintake rails raised: HARD_MAX 25 -> 90; MAX_TAKE_COUNT 10 -> 60; LOSS_ABORT $-2.00 -> $-240.00; MAX_RUN_STAKE $60.00 -> $370.00  (auto-size 1 -> 60: selftest)
  ok   apply_size must set SIZE, got 60.0 (size 1 -> 60 (selftest); abort $-240.00, stake cap $370.00, take count 60)
  ok   MAX_TAKE_COUNT must reach the new size or every order is refused in silence, got 60.0
  ok   MAX_RUN_STAKE must cover 3 worst closes at the new size, got 370.0
  ok   loss_abort -240.0 must land inside main()'s own [-480.0, -180.0] band, or the run halts on its first trade
  ok   a rail must NEVER move while a position is open
  pintake rails raised: HARD_MAX 25 -> 48; MAX_TAKE_COUNT 10 -> 32; LOSS_ABORT $-2.00 -> $-128.00; MAX_RUN_STAKE $60.00 -> $202.00  (auto-size 20 -> 32: bank $192.15)
  ok   with AUTO_SIZE_STEP_UP=None the bot goes STRAIGHT to the size the bank supports (32), got 32.0
  ok   a second adjustment inside AUTO_SIZE_EVERY_S must be refused
  pintake rails raised: MAX_TAKE_COUNT 32 -> 32; LOSS_ABORT $-128.00 -> $-128.00; MAX_RUN_STAKE $202.00 -> $202.00  (auto-size 20 -> 30: bank $192.15)
  ok   with damping at 1.5 the first step is 20 -> 30, got 30.0
  pintake rails raised: MAX_TAKE_COUNT 32 -> 32; LOSS_ABORT $-128.00 -> $-128.00; MAX_RUN_STAKE $202.00 -> $202.00  (auto-size 60 -> 5: bank $30.00)
  ok   a FALL is immediate and undamped -- $30 supports 5, got 5.0
  ok   an unreadable bank must leave SIZE exactly where it was
  ok   --no-auto-size must pin SIZE to --size
  ok   paper mode must never auto-size
  pintake rails raised: HARD_MAX 48 -> 180; MAX_TAKE_COUNT 32 -> 120; LOSS_ABORT $-128.00 -> $-480.00; MAX_RUN_STAKE $202.00 -> $730.00  (auto-size 1 -> 120: loosen the rails first)
  pintake rails raised: MAX_TAKE_COUNT 120 -> 120; LOSS_ABORT $-480.00 -> $-480.00; MAX_RUN_STAKE $730.00 -> $730.00  (auto-size 120 -> 10: bank $60.00)
  ok   after the rails were loosened for size 120, a $60 bank must still shrink SIZE to 10, got 10.0
  ok   and the brake must stay at its loosest high-water mark, not be tightened on the way down, got -480.0
  ok   the DECLARED default improve scope is 'close' -- A22 is reached only through --improve-scope (running now with 'market')
  ok   a _DEFAULT_SIGMA_RULER exists to assert against, so its guard can never become a refusal to start
  ok   and nothing asserts `SIGMA_RULER ==` against a LITERAL -- that shape has stopped this bot from starting four times today, once per flag added ([])
  ok   a _DEFAULT_IMPROVE_SCOPE exists to assert against, so its guard can never become a refusal to start
  ok   and nothing asserts `IMPROVE_SCOPE ==` against a LITERAL -- that shape has stopped this bot from starting four times today, once per flag added ([])
  ok   a _DEFAULT_HONEST_CONF exists to assert against, so its guard can never become a refusal to start
  ok   and nothing asserts `HONEST_CONF ==` against a LITERAL -- that shape has stopped this bot from starting four times today, once per flag added ([])
  ok   a _DEFAULT_PIN exists to assert against, so its guard can never become a refusal to start
  ok   and nothing asserts `PIN ==` against a LITERAL -- that shape has stopped this bot from starting four times today, once per flag added ([])
  ok   a _DEFAULT_MAX_PER_MARKET exists to assert against, so its guard can never become a refusal to start
  ok   and nothing asserts `MAX_PER_MARKET ==` against a LITERAL -- that shape has stopped this bot from starting four times today, once per flag added ([])
  ok   a _DEFAULT_IMPROVE_MAX exists to assert against, so its guard can never become a refusal to start
  ok   and nothing asserts `IMPROVE_MAX ==` against a LITERAL -- that shape has stopped this bot from starting four times today, once per flag added ([])
  ok   a _DEFAULT_PICK exists to assert against, so its guard can never become a refusal to start
  ok   and nothing asserts `PICK ==` against a LITERAL -- that shape has stopped this bot from starting four times today, once per flag added ([])
  ok   the DECLARED default MAX_PER_MARKET is 1 (AMENDMENT 13), which is WHY the improve-by rule is obsolete: the same-market re-buy it was written to stop is already impossible by default (running now with 1)
  ok   under scope 'close' a second coin at 0.977 IS refused after a fill at 0.980, because 0.977 is not below 0.975 -- this is the live 19:15Z refusal, reproduced from the constants
  ok   the trade loop branches on IMPROVE_SCOPE, so scope 'market' really does skip the refusal rather than merely being accepted as a flag
  ok   the close budget is CONTRACTS (94), so two coins at 47 is the same worst case as one coin at 94 -- A22 changes which markets are bought, never how much can be lost
  ok   the DECLARED default IMPROVE_MAX is 1.0c (running now with 0.0100)
  ok   the band has width: at most 0.010 cheaper is above at least 0.005 cheaper, so some second buy can qualify
  ok   with nothing yet bought in the close there is no re-buy to judge
  ok   a DIFFERENT market is not a re-buy -- AMENDMENT 22 governs that, and A23 must not quietly re-impose a cross-market bar
  ok   0.2c cheaper is refused: AMENDMENT 3's floor still binds
  ok   0.5c cheaper is allowed -- exactly IMPROVE_BY, the edge of the band, which is where an off-by-one would hide
  ok   1.0c cheaper is allowed -- exactly IMPROVE_MAX, the other edge
  ok   1.1c cheaper is REFUSED. THIS IS THE WHOLE AMENDMENT: measured over 398 markets that offered a second buy, 0.5-1c cheaper lost 0.70% and paid +3.08c/contract, while 5-10c cheaper lost 26.09% and cost -11.45c. Break-even is 3.58%.
  ok   and a 66c collapse is refused rather than treated as a bargain
  ok   the band is measured against the cheapest price paid in THIS market (0.950), not against the close's overall best (0.940) -- the latter would compare a BTC re-buy to a price paid on ETH
  ok   and the trade loop actually calls rebuy_ok, so the band is live logic rather than a function nothing reaches
  ok   a fill records the price paid per market, which is the input the band needs -- without it rebuy_ok silently allows everything
  ok   the DECLARED per-market attempt cap is 3 (running 3)
  ok   the per-CLOSE attempt cap is at least 24 -- twelve coins settle on the same second, so a cap of 8 could not try them all once and the bot could run out of attempts before reaching a market whose ask was still there (running 24)
  ok   and the close cap leaves room for more than two markets to be tried to their own limit, or the per-market cap is decorative
  ok   the 2026-09-08 runaway -- 160 orders into ONE market in one second -- now sends 3, not 160 and not 8. The per-market cap stops it at its actual source.
  ok   and with every one of twelve coins offering something, all twelve are reached (12) -- under the old cap of 8 the last four could never be tried, which is exactly 'if that one is sold out keep checking the others'
  ok   the scan loop contains no shallow `break`, so an order on one market is always followed by the next market in the pass -- and since AMENDMENT 24 sorted the pass, the next market is the next best one
  ok   every _gate() call is followed by a `continue` within 12 lines, so a gate can only ever record a refusal it actually made ([])
  ok   no gate name is used at two different places -- a duplicated name silently merges two unrelated refusals into one row ([])
  ok   at least fifteen decision points are instrumented, got 19: ['attempts_cap', 'book_stale', 'book_suspect', 'both_sides', 'close_budget', 'confidence', 'depth_floor', 'dump_guard', 'edge_floor', 'ev_floor', 'improve_by', 'index_stale', 'market_attempts', 'max_per_close', 'max_per_market', 'no_offer', 'no_sigma', 'price_ceiling', 'rebuy_band']
  ok   research/pinattrib.py names every instrumented gate, so none is silently missing from the report ([])
  ok   a gate is recorded ONCE per (close, market) -- the loop runs at 20Hz over every watched market and one close produced 4,446 looks on 2026-09-13, so one line per look would swamp the log the settlement reader shares
  ok   the DECLARED default scan order is 'first' -- A24 is a measured improvement that has not yet been through a what-if, so it must be opt-in (running now with 'first')
  ok   the scan visits the biggest previous-pass edge first (B 4.0c, C 2.5c, A 1.0c), got ['B', 'C', 'A', 'D', 'E']
  ok   and a market with NO edge yet (E) or an edge left over from ANOTHER close (D, whose 90c edge was measured on close 1800) sorts last rather than jumping the queue -- a stale edge from a settled close would otherwise dominate every pass
  ok   the loop records each pass's edge, which is the only input the ordering has
  ok   and it really re-orders the scan rather than accepting the flag and ignoring it
  ok   the sort happens BEFORE the scan it orders
  ok   the DECLARED default PIN is 0.995 (running now with 0.9950)
  ok   and the running PIN is never ABOVE the declared default -- a tighter gate is the change that silently halves the trade count, so it needs a code change and a version entry, not a flag (running 0.9950)
  ok   --pin moves the gate
  ok   a decision at z=2.40 clears 0.990 (0.99180) ...
  ok   ... and does NOT clear 0.995 (0.99180) -- the flag is the whole difference between a trade and no trade
  ok   the DECLARED default ruler is 'live' -- AMENDMENT 20 is a model change and may only be reached through --sigma-ruler, against the bar in results/PREREG_ruler.md (running now with 'live')
  ok   both rulers measure on the same series
  ok   after a quiet patch the HOUR reads wider than the five minutes (11.7361 vs 0.0000) -- which is the whole finding
  ok   'live' reproduces the 300s ruler exactly, bit for bit
  ok   'max3600' is never shorter than either input (11.7361)
  ok   '1800' reads wider than the live ruler here (11.1822)
  ok   'maxdown' returns a positive ruler (42.4264)
  ok   a series that only ever rises has NO down moves, so the downside estimator refuses rather than returning zero
  ok   and sigma() falls back to the two-sided ruler there -- a None would skip the market silently, indistinguishable from a thin book
  ok   and the ruler is put back to 'live'
  ok   the DECLARED default for honest confidence is OFF -- AMENDMENT 19 is a threshold change and may only be reached through --honest, against the bar in results/PREREG_honest.md (running now with False)
  ok   honest_tail reads a grid point exactly
  ok   and interpolates between two (0.0350)
  ok   and BEYOND the table it holds the last measured value rather than extrapolating to zero -- claiming a tail we never observed is the exact failure this amendment exists to fix
  ok   and below the table it holds the first
  ok   with --honest, conf_of reads the TABLE (0.95 at z=2)
  ok   which is STRICTLY LESS SURE than the Gaussian (0.9500 < 0.9772) -- this amendment can only ever tighten
  ok   and with it off, conf_of IS the Gaussian, bit for bit
  ok   fair() returns conf_of(z), not ND.cdf(z)
  ok   and in the working code ND.cdf appears ONLY inside conf_of -- no gate can read a different distribution from the one fair() uses (offenders: [])
  ok   a missing table loads as None, so main() can refuse rather than silently running a Gaussian under an honest label
  ok   the sweep limit is never BELOW the ask we saw (0.98 >= 0.952)
  ok   and never above PRICE_CEILING (0.98 <= 0.98)
  ok   at the limit the model edge still clears the floor (1.840c >= 0.300c)
  ok   and the measured-flip EV still clears its floor (0.960c >= 0.300c)
  ok   and it is the HIGHEST such price -- one tick more fails the ceiling, the edge floor or the EV floor
  ok   with no headroom the limit IS the ask -- the sweep invents none
  ok   the NO side sweeps on (1-fair), not fair (0.98)
  ok   --no-sweep makes the limit exactly the ask we saw, which is the behaviour every live fill before 2026-09-13 had
  ok   the live order path computes the sweep limit
  ok   and computes it BEFORE the order is sent
  ok   and pintake.take() is handed the LIMIT, never the ask we saw -- if this ever reverts, a lost race silently buys nothing again
  ok   and both prices are logged, so PREREG_sweep.md's bar is scorable
  ok   budget must be MAX_PER_CLOSE x SIZE = 136.0, got 136.0
  ok   budget x ceiling must equal worst_close_cost -- if these ever disagree, the --loss-abort band, pintake's stake cap and pinbank are all sized against a different bet than the one being placed
  ok   close_budget(size) must honour an explicit size
  ok   the per-close cap must read CONTRACTS, not the fill count
  ok   and `contracts` must come from the close's own record
  ok   and the old fill-count cap must survive behind CLOSE_BUDGET so the rule can be reverted without an edit
  ok   STRUCTURAL: take_n is trimmed to the remaining budget only AFTER the MIN_FILL_FRAC floor has been tested against the FULL size -- trimming first would relax the floor to the remainder
  ok   and the remainder is measured against close_budget()
  ok   the trim (line 881) must happen before the order is sent (line 1018), not after
  ok   the signal record must carry the resting age of the level we hit
  ok   and it must read the OPPOSITE side -- buying YES at p hits the NO bid at 1-p, and reading our own side would measure a level we are not trading against
  ok   at the complementary price, not at the price we pay
  ok   NOTHING may branch on the quote age yet ('if _lvl_age' found). The slices in RESULTS_select.md were chosen after seeing the tape and need a pre-registered live bar first; a filter deployed from them would be tuned on its own evidence.
  ok   NOTHING may branch on the quote age yet ('_lvl_age <' found). The slices in RESULTS_select.md were chosen after seeing the tape and need a pre-registered live bar first; a filter deployed from them would be tuned on its own evidence.
  ok   NOTHING may branch on the quote age yet ('_lvl_age >' found). The slices in RESULTS_select.md were chosen after seeing the tape and need a pre-registered live bar first; a filter deployed from them would be tuned on its own evidence.
  ok   NOTHING may branch on the quote age yet ('_lvl_age is not None and' found). The slices in RESULTS_select.md were chosen after seeing the tape and need a pre-registered live bar first; a filter deployed from them would be tuned on its own evidence.
  ok   livebook must expose level_age_ms
  ok   autosize_tick must be called in the trade loop
  ok   and it must come AFTER reconcile(), which is what drains open_pos of settled positions
  ok   and BEFORE risk_abort, so the loss bound is evaluated against the size we are about to trade, not the previous one
SELF-TEST PASSED
  MODE PAPER   tau<=30s  pin 0.995  edge>=0.3c net  loss abort $-60.00  SIZE 20
  log C:\kals-repo\results\pinrun-paper-20260914T003036Z.jsonl
  index up: 11 ticks, 11 feeds
  close 00:45Z: 4707 looks, 4707 decided, 4707 decided-but-nothing-offered, 0 undecided
  SIGNAL KXHYPE15M-26SEP132100-00 tau=30s buy NO @0.9590 fair 0.0000 edge +3.82c size 22.00 taking 20
  SIGNAL KXSOL15M-26SEP132100-00 tau=25s buy NO @0.9630 fair 0.0024 edge +3.21c size 177.00 taking 20
  close 01:00Z: 767 looks, best was KXHYPE15M-26SEP132100- NO @0.9590 edge +3.82c (need +0.3c) -> FIRED
  SETTLED KXHYPE15M-26SEP132100-00 no vs no -> +76.49c (run realised $+0.7649)
  SETTLED KXSOL15M-26SEP132100-00 no vs no -> +69.01c (run realised $+1.4550)
  close 01:15Z: 4490 looks, best was KXHYPE15M-26SEP132115- NO @0.9820 edge +1.68c (need +0.3c) -> no trade
  close 01:30Z: 4442 looks, best was KXXRP15M-26SEP132130-3 NO @0.9840 edge +1.49c (need +0.3c) -> no trade
  SIGNAL KXZEC15M-26SEP132145-45 tau=29s buy YES @0.9550 fair 0.9959 edge +3.79c size 18.53 taking 18.53
  close 01:45Z: 3947 looks, best was KXZEC15M-26SEP132145-4 YES @0.9550 edge +3.79c (need +0.3c) -> FIRED
  SETTLED KXZEC15M-26SEP132145-45 yes vs yes -> +77.81c (run realised $+2.2331)
  close 02:00Z: 4464 looks, 4464 decided, 4464 decided-but-nothing-offered, 0 undecided
  close 02:15Z: 4446 looks, 4446 decided, 4446 decided-but-nothing-offered, 0 undecided
  close 02:30Z: 4441 looks, best was KXZEC15M-26SEP132230-3 YES @0.9990 edge +0.09c (need +0.3c) -> no trade
  close 02:45Z: 4388 looks, best was KXETH15M-26SEP132245-4 NO @0.9960 edge +0.37c (need +0.3c) -> no trade
  close 03:00Z: 4436 looks, 4436 decided, 4436 decided-but-nothing-offered, 0 undecided
  close 03:15Z: 4401 looks, 4401 decided, 4401 decided-but-nothing-offered, 0 undecided
  close 03:30Z: 4191 looks, best was KXXRP15M-26SEP132330-3 YES @0.9980 edge +0.19c (need +0.3c) -> no trade
  close 03:45Z: 4248 looks, best was KXXRP15M-26SEP132345-4 NO @0.9990 edge +0.09c (need +0.3c) -> no trade
  close 04:00Z: 4294 looks, best was KXBTC15M-26SEP140000-0 YES @0.9910 edge +0.84c (need +0.3c) -> no trade
  SIGNAL KXXRP15M-26SEP140015-15 tau=23s buy YES @0.9510 fair 0.9979 edge +4.37c size 199.95 taking 20
  SIGNAL KXETH15M-26SEP140015-15 tau=13s buy NO @0.9720 fair 0.0006 edge +2.55c size 304.00 taking 20
  close 04:15Z: 2448 looks, best was KXXRP15M-26SEP140015-1 YES @0.9510 edge +4.37c (need +0.3c) -> FIRED
  SETTLED KXXRP15M-26SEP140015-15 yes vs yes -> +91.47c (run realised $+3.1478)
  SETTLED KXETH15M-26SEP140015-15 no vs no -> +52.18c (run realised $+3.6696)
  SIGNAL KXHYPE15M-26SEP140030-30 tau=30s buy NO @0.9800 fair 0.0000 edge +1.86c size 245.21 taking 20
  close 04:30Z: 3697 looks, best was KXHYPE15M-26SEP140030- NO @0.9800 edge +1.86c (need +0.3c) -> FIRED
  SETTLED KXHYPE15M-26SEP140030-30 no vs no -> +37.25c (run realised $+4.0421)
  SIGNAL KXBTC15M-26SEP140045-45 tau=30s buy YES @0.8500 fair 1.0000 edge +14.11c size 1506.96 taking 20
  close 04:45Z: 3895 looks, best was KXBTC15M-26SEP140045-4 YES @0.8200 edge +16.96c (need +0.3c) -> FIRED
  SETTLED KXBTC15M-26SEP140045-45 yes vs yes -> +282.14c (run realised $+6.8635)
  SIGNAL KXXRP15M-26SEP140100-00 tau=29s buy YES @0.9780 fair 1.0000 edge +2.05c size 50.00 taking 20
  close 05:00Z: 3899 looks, best was KXXRP15M-26SEP140100-0 YES @0.9780 edge +2.05c (need +0.3c) -> FIRED
  SETTLED KXXRP15M-26SEP140100-00 yes vs yes -> +40.98c (run realised $+7.2733)
  SIGNAL KXBTC15M-26SEP140115-15 tau=30s buy NO @0.9760 fair 0.0000 edge +2.24c size 708.75 taking 20
  SIGNAL KXSOL15M-26SEP140115-15 tau=30s buy YES @0.9800 fair 1.0000 edge +1.86c size 6945.87 taking 20
  close 05:15Z: 3 looks, best was KXBTC15M-26SEP140115-1 NO @0.9760 edge +2.24c (need +0.3c) -> FIRED
  SETTLED KXBTC15M-26SEP140115-15 no vs no -> +44.72c (run realised $+7.7205)
  SETTLED KXSOL15M-26SEP140115-15 yes vs yes -> +37.25c (run realised $+8.0930)
  close 05:30Z: 4373 looks, best was KXBNB15M-26SEP140130-3 NO @0.9970 edge +0.28c (need +0.3c) -> no trade
  SIGNAL KXDOGE15M-26SEP140145-45 tau=13s buy NO @0.9640 fair 0.0027 edge +3.08c size 61.00 taking 20
  close 05:45Z: 4191 looks, best was KXDOGE15M-26SEP140145- NO @0.9640 edge +3.08c (need +0.3c) -> FIRED
  SETTLED KXDOGE15M-26SEP140145-45 no vs no -> +67.14c (run realised $+8.7644)
  SIGNAL KXSOL15M-26SEP140200-00 tau=14s buy YES @0.9580 fair 0.9954 edge +3.46c size 42.00 taking 20
  close 06:00Z: 4199 looks, best was KXSOL15M-26SEP140200-0 YES @0.9580 edge +3.46c (need +0.3c) -> FIRED
  SETTLED KXSOL15M-26SEP140200-00 yes vs yes -> +78.36c (run realised $+9.5480)
  close 06:15Z: 4383 looks, best was KXBNB15M-26SEP140215-1 YES @0.9970 edge +0.28c (need +0.3c) -> no trade
  SIGNAL KXDOGE15M-26SEP140230-30 tau=28s buy NO @0.9800 fair 0.0000 edge +1.86c size 55.00 taking 20
  close 06:30Z: 3961 looks, best was KXDOGE15M-26SEP140230- NO @0.9800 edge +1.86c (need +0.3c) -> FIRED
  SETTLED KXDOGE15M-26SEP140230-30 no vs no -> +37.25c (run realised $+9.9205)
  close 06:45Z: 4122 looks, best was KXXRP15M-26SEP140245-4 YES @0.9940 edge +0.56c (need +0.3c) -> no trade
  SIGNAL KXNEAR15M-26SEP140300-00 tau=25s buy YES @0.9720 fair 0.9951 edge +2.12c size 19.00 taking 19
  SIGNAL KXZEC15M-26SEP140300-00 tau=7s buy YES @0.9400 fair 0.9973 edge +5.34c size 21.18 taking 20
  close 07:00Z: 3761 looks, best was KXZEC15M-26SEP140300-0 YES @0.9400 edge +5.34c (need +0.3c) -> FIRED
  SETTLED KXNEAR15M-26SEP140300-00 yes vs yes -> +49.58c (run realised $+10.4163)
  SETTLED KXZEC15M-26SEP140300-00 yes vs yes -> +112.10c (run realised $+11.5373)
  SIGNAL KXZEC15M-26SEP140315-15 tau=29s buy YES @0.9570 fair 0.9974 edge +3.75c size 60.00 taking 20
  SIGNAL KXXRP15M-26SEP140315-15 tau=14s buy YES @0.9760 fair 0.9985 edge +2.09c size 93.00 taking 20
  close 07:15Z: 2210 looks, best was KXZEC15M-26SEP140315-1 YES @0.9570 edge +3.75c (need +0.3c) -> FIRED
  SETTLED KXZEC15M-26SEP140315-15 yes vs yes -> +80.23c (run realised $+12.3396)
  SETTLED KXXRP15M-26SEP140315-15 yes vs yes -> +44.72c (run realised $+12.7868)
  SIGNAL KXDOGE15M-26SEP140330-30 tau=30s buy NO @0.9780 fair 0.0000 edge +2.05c size 148.00 taking 20
  SIGNAL KXBNB15M-26SEP140330-30 tau=28s buy YES @0.9800 fair 0.9962 edge +1.49c size 47.86 taking 20
  close 07:30Z: 298 looks, best was KXDOGE15M-26SEP140330- NO @0.9780 edge +2.05c (need +0.3c) -> FIRED
  SETTLED KXDOGE15M-26SEP140330-30 no vs no -> +40.98c (run realised $+13.1966)
  SETTLED KXBNB15M-26SEP140330-30 yes vs yes -> +37.25c (run realised $+13.5691)
  SIGNAL KXNEAR15M-26SEP140345-45 tau=15s buy NO @0.9710 fair 0.0041 edge +2.29c size 134.00 taking 20
  close 07:45Z: 3931 looks, best was KXNEAR15M-26SEP140345- NO @0.9710 edge +2.29c (need +0.3c) -> FIRED
  SETTLED KXNEAR15M-26SEP140345-45 no vs no -> +54.05c (run realised $+14.1096)
  close 08:00Z: 4091 looks, best was KXBNB15M-26SEP140400-0 YES @0.9950 edge +0.45c (need +0.3c) -> no trade
  close 08:15Z: 4129 looks, best was KXSOL15M-26SEP140415-1 NO @0.9960 edge +0.37c (need +0.3c) -> no trade
  close 08:30Z: 4163 looks, best was KXSOL15M-26SEP140430-3 NO @0.9870 edge +0.95c (need +0.3c) -> no trade
  SIGNAL KXDOGE15M-26SEP140445-45 tau=30s buy NO @0.9480 fair 0.0013 edge +4.72c size 114.82 taking 20
  SIGNAL KXNEAR15M-26SEP140445-45 tau=30s buy YES @0.9560 fair 0.9965 edge +3.76c size 62.00 taking 20
  close 08:45Z: 108 looks, best was KXDOGE15M-26SEP140445- NO @0.9480 edge +4.72c (need +0.3c) -> FIRED
  SETTLED KXDOGE15M-26SEP140445-45 no vs no -> +97.09c (run realised $+15.0805)
  SETTLED KXNEAR15M-26SEP140445-45 yes vs yes -> +82.11c (run realised $+15.9016)
  close 09:00Z: 4299 looks, best was KXBTC15M-26SEP140500-0 NO @0.9940 edge +0.56c (need +0.3c) -> no trade
  SIGNAL KXBTC15M-26SEP140515-15 tau=11s buy NO @0.9600 fair 0.0020 edge +3.53c size 10.74 taking 10.74
  SIGNAL KXXRP15M-26SEP140515-15 tau=10s buy NO @0.8900 fair 0.0006 edge +10.25c size 10.00 taking 10
  close 09:15Z: 4052 looks, best was KXXRP15M-26SEP140515-1 NO @0.8900 edge +10.25c (need +0.3c) -> FIRED
  SETTLED KXBTC15M-26SEP140515-15 no vs no -> +40.07c (run realised $+16.3023)
  SETTLED KXXRP15M-26SEP140515-15 no vs no -> +103.14c (run realised $+17.3337)
  SIGNAL KXBTC15M-26SEP140530-30 tau=13s buy NO @0.9790 fair 0.0001 edge +1.95c size 12690.02 taking 20
  close 09:30Z: 3920 looks, best was KXBTC15M-26SEP140530-3 NO @0.9790 edge +1.95c (need +0.3c) -> FIRED
  *** A LOSS. losing trades 1, losing CLOSES 1 (the brake counts closes) ***
  SETTLED KXBTC15M-26SEP140530-30 no vs yes -> -1960.88c (run realised $-2.2751)
  close 09:45Z: 4371 looks, best was KXNEAR15M-26SEP140545- YES @0.9980 edge +0.19c (need +0.3c) -> no trade
  close 10:00Z: 4374 looks, best was KXZEC15M-26SEP140600-0 YES @0.9990 edge +0.09c (need +0.3c) -> no trade
  close 10:15Z: 4329 looks, best was KXDOGE15M-26SEP140615- NO @0.9980 edge +0.19c (need +0.3c) -> no trade
  SIGNAL KXHYPE15M-26SEP140630-30 tau=23s buy NO @0.9750 fair 0.0009 edge +2.24c size 23.00 taking 20
  close 10:30Z: 3856 looks, best was KXHYPE15M-26SEP140630- NO @0.9750 edge +2.24c (need +0.3c) -> FIRED
  SETTLED KXHYPE15M-26SEP140630-30 no vs no -> +46.58c (run realised $-1.8093)
  SIGNAL KXBTC15M-26SEP140645-45 tau=24s buy YES @0.9620 fair 0.9951 edge +3.06c size 633.05 taking 20
  close 10:45Z: 3849 looks, best was KXBTC15M-26SEP140645-4 YES @0.9620 edge +3.06c (need +0.3c) -> FIRED
  SETTLED KXBTC15M-26SEP140645-45 yes vs yes -> +70.88c (run realised $-1.1005)
  close 11:00Z: 4097 looks, best was KXHYPE15M-26SEP140700- NO @0.9870 edge +1.19c (need +0.3c) -> no trade
  SIGNAL KXXRP15M-26SEP140715-15 tau=22s buy NO @0.9690 fair 0.0043 edge +2.46c size 16.00 taking 16
  close 11:15Z: 3894 looks, best was KXXRP15M-26SEP140715-1 NO @0.9690 edge +2.46c (need +0.3c) -> FIRED
  SETTLED KXXRP15M-26SEP140715-15 no vs no -> +46.23c (run realised $-0.6382)
  close 11:30Z: 4203 looks, best was KXZEC15M-26SEP140730-3 YES @0.9970 edge +0.28c (need +0.3c) -> no trade
  SIGNAL KXBNB15M-26SEP140745-45 tau=18s buy NO @0.9800 fair 0.0016 edge +1.70c size 62.76 taking 20
  close 11:45Z: 4004 looks, best was KXBNB15M-26SEP140745-4 NO @0.9800 edge +1.70c (need +0.3c) -> FIRED
  SETTLED KXBNB15M-26SEP140745-45 no vs no -> +37.25c (run realised $-0.2657)
  close 12:00Z: 4204 looks, best was KXZEC15M-26SEP140800-0 NO @0.9980 edge +0.19c (need +0.3c) -> no trade
  SIGNAL KXNEAR15M-26SEP140815-15 tau=15s buy YES @0.9710 fair 0.9995 edge +2.65c size 44.00 taking 20
  SIGNAL KXZEC15M-26SEP140815-15 tau=14s buy YES @0.9480 fair 0.9978 edge +4.63c size 25.00 taking 20
  close 12:15Z: 2423 looks, best was KXZEC15M-26SEP140815-1 YES @0.9480 edge +4.63c (need +0.3c) -> FIRED
  SETTLED KXNEAR15M-26SEP140815-15 yes vs yes -> +54.05c (run realised $+0.2748)
  SETTLED KXZEC15M-26SEP140815-15 yes vs yes -> +97.09c (run realised $+1.2457)
  close 12:30Z: 4228 looks, best was KXDOGE15M-26SEP140830- YES @0.9980 edge +0.19c (need +0.3c) -> no trade
  SIGNAL KXZEC15M-26SEP140845-45 tau=10s buy NO @0.9770 fair 0.0028 edge +1.86c size 131.11 taking 20
  close 12:45Z: 4117 looks, best was KXZEC15M-26SEP140845-4 NO @0.9770 edge +1.86c (need +0.3c) -> FIRED
  SETTLED KXZEC15M-26SEP140845-45 no vs no -> +42.85c (run realised $+1.6742)
  close 13:00Z: 4302 looks, best was KXDOGE15M-26SEP140900- NO @0.9990 edge +0.09c (need +0.3c) -> no trade
  SIGNAL KXBTC15M-26SEP140915-15 tau=22s buy YES @0.9330 fair 0.9951 edge +5.77c size 472.02 taking 20
  close 13:15Z: 4027 looks, best was KXBTC15M-26SEP140915-1 YES @0.9330 edge +5.77c (need +0.3c) -> FIRED
  SETTLED KXBTC15M-26SEP140915-15 yes vs yes -> +125.24c (run realised $+2.9266)
  SIGNAL KXSOL15M-26SEP140930-30 tau=5s buy YES @0.9180 fair 0.9995 edge +7.62c size 226.00 taking 20
  close 13:30Z: 4251 looks, best was KXSOL15M-26SEP140930-3 YES @0.9180 edge +7.62c (need +0.3c) -> FIRED
  SETTLED KXSOL15M-26SEP140930-30 yes vs yes -> +153.46c (run realised $+4.4612)
  close 13:45Z: 4295 looks, best was KXNEAR15M-26SEP140945- NO @0.9900 edge +0.87c (need +0.3c) -> no trade
  SIGNAL KXHYPE15M-26SEP141000-00 tau=6s buy NO @0.9800 fair 0.0020 edge +1.67c size 101.97 taking 20
  close 14:00Z: 4207 looks, best was KXHYPE15M-26SEP141000- NO @0.9800 edge +1.67c (need +0.3c) -> FIRED
  SETTLED KXHYPE15M-26SEP141000-00 no vs no -> +37.25c (run realised $+4.8337)
  close 14:15Z: 4298 looks, 4298 decided, 4298 decided-but-nothing-offered, 0 undecided
  SIGNAL KXXRP15M-26SEP141030-30 tau=28s buy NO @0.9480 fair 0.0037 edge +4.49c size 851.00 taking 20
  close 14:30Z: 3939 looks, best was KXXRP15M-26SEP141030-3 NO @0.9480 edge +4.49c (need +0.3c) -> FIRED
  SETTLED KXXRP15M-26SEP141030-30 no vs no -> +97.09c (run realised $+5.8046)
  close 14:45Z: 4223 looks, best was KXBTC15M-26SEP141045-4 NO @0.9940 edge +0.54c (need +0.3c) -> no trade
  close 15:00Z: 4213 looks, best was KXNEAR15M-26SEP141100- YES @0.9880 edge +1.02c (need +0.3c) -> no trade
  SIGNAL KXDOGE15M-26SEP141115-15 tau=6s buy YES @0.9140 fair 0.9957 edge +7.62c size 92.02 taking 20
  close 15:15Z: 4089 looks, best was KXDOGE15M-26SEP141115- YES @0.9140 edge +7.62c (need +0.3c) -> FIRED
  SETTLED KXDOGE15M-26SEP141115-15 yes vs yes -> +160.99c (run realised $+7.4145)
  SIGNAL KXBNB15M-26SEP141130-30 tau=28s buy NO @0.9690 fair 0.0019 edge +2.70c size 29.47 taking 20
  close 15:30Z: 3787 looks, best was KXBNB15M-26SEP141130-3 NO @0.9690 edge +2.70c (need +0.3c) -> FIRED
  SETTLED KXBNB15M-26SEP141130-30 no vs no -> +57.79c (run realised $+7.9924)
  close 15:45Z: 4230 looks, 4230 decided, 4230 decided-but-nothing-offered, 0 undecided
  close 16:00Z: 4163 looks, best was KXBTC15M-26SEP141200-0 YES @0.9890 edge +0.93c (need +0.3c) -> no trade
  SIGNAL KXSOL15M-26SEP141215-15 tau=30s buy NO @0.9780 fair 0.0015 edge +1.90c size 50.00 taking 20
  SIGNAL KXETH15M-26SEP141215-15 tau=6s buy YES @0.9240 fair 0.9998 edge +7.09c size 157.82 taking 20
  close 16:15Z: 3289 looks, best was KXETH15M-26SEP141215-1 YES @0.9240 edge +7.09c (need +0.3c) -> FIRED
  SETTLED KXSOL15M-26SEP141215-15 no vs no -> +40.98c (run realised $+8.4022)
  SETTLED KXETH15M-26SEP141215-15 yes vs yes -> +142.16c (run realised $+9.8238)
  close 16:30Z: 4149 looks, 4149 decided, 4149 decided-but-nothing-offered, 0 undecided
  SIGNAL KXBNB15M-26SEP141245-45 tau=10s buy NO @0.8800 fair 0.0004 edge +11.22c size 66.81 taking 20
  close 16:45Z: 4076 looks, best was KXBNB15M-26SEP141245-4 NO @0.8800 edge +11.22c (need +0.3c) -> FIRED
  SETTLED KXBNB15M-26SEP141245-45 no vs no -> +225.21c (run realised $+12.0759)
  close 17:00Z: 4239 looks, 4239 decided, 4239 decided-but-nothing-offered, 0 undecided
  close 17:15Z: 4310 looks, best was KXBNB15M-26SEP141315-1 YES @0.9970 edge +0.28c (need +0.3c) -> no trade
  close 17:30Z: 4089 looks, best was KXNEAR15M-26SEP141330- YES @0.9920 edge +0.74c (need +0.3c) -> no trade
  SIGNAL KXSOL15M-26SEP141345-45 tau=22s buy YES @0.9780 fair 0.9956 edge +1.60c size 48.50 taking 20
  SIGNAL KXDOGE15M-26SEP141345-45 tau=19s buy YES @0.9800 fair 0.9959 edge +1.46c size 256.50 taking 20
  close 17:45Z: 1665 looks, best was KXSOL15M-26SEP141345-4 YES @0.9780 edge +1.60c (need +0.3c) -> FIRED
  SETTLED KXSOL15M-26SEP141345-45 yes vs yes -> +40.98c (run realised $+12.4857)
  SETTLED KXDOGE15M-26SEP141345-45 yes vs yes -> +37.25c (run realised $+12.8582)
  close 18:00Z: 4296 looks, best was KXXRP15M-26SEP141400-0 YES @0.9840 edge +1.32c (need +0.3c) -> no trade
  SIGNAL KXBNB15M-26SEP141415-15 tau=4s buy YES @0.9750 fair 1.0000 edge +2.33c size 51.19 taking 20
  close 18:15Z: 4238 looks, best was KXBNB15M-26SEP141415-1 YES @0.9750 edge +2.33c (need +0.3c) -> FIRED
  SETTLED KXBNB15M-26SEP141415-15 yes vs yes -> +46.58c (run realised $+13.3240)
  close 18:30Z: 4347 looks, 4347 decided, 4347 decided-but-nothing-offered, 0 undecided
  close 18:45Z: 4205 looks, best was KXDOGE15M-26SEP141445- YES @0.9900 edge +0.93c (need +0.3c) -> no trade
  close 19:00Z: 4277 looks, best was KXBTC15M-26SEP141500-0 YES @0.9830 edge +1.58c (need +0.3c) -> no trade
  close 19:15Z: 4292 looks, best was KXETH15M-26SEP141515-1 YES @0.9890 edge +0.92c (need +0.3c) -> no trade
  close 19:30Z: 4271 looks, best was KXXRP15M-26SEP141530-3 YES @0.9940 edge +0.46c (need +0.3c) -> no trade
  close 19:45Z: 4148 looks, best was KXBNB15M-26SEP141545-4 NO @0.9980 edge +0.19c (need +0.3c) -> no trade
  SIGNAL KXHYPE15M-26SEP141600-00 tau=30s buy NO @0.9500 fair 0.0038 edge +4.28c size 52.16 taking 20
  close 20:00Z: 3694 looks, best was KXHYPE15M-26SEP141600- NO @0.9500 edge +4.28c (need +0.3c) -> FIRED
  *** A LOSS. losing trades 2, losing CLOSES 2 (the brake counts closes) ***
  SETTLED KXHYPE15M-26SEP141600-00 no vs yes -> -1906.66c (run realised $-5.7426)
  close 20:15Z: 4194 looks, 4194 decided, 4194 decided-but-nothing-offered, 0 undecided
  close 20:30Z: 4221 looks, 4221 decided, 4221 decided-but-nothing-offered, 0 undecided
  close 20:45Z: 4104 looks, best was KXSOL15M-26SEP141645-4 YES @0.9970 edge +0.28c (need +0.3c) -> no trade
  close 21:00Z: 4185 looks, 4185 decided, 4185 decided-but-nothing-offered, 0 undecided
  close 21:15Z: 4167 looks, 4167 decided, 4167 decided-but-nothing-offered, 0 undecided
  SIGNAL KXBNB15M-26SEP141730-30 tau=27s buy YES @0.9520 fair 1.0000 edge +4.48c size 60.00 taking 20
  SIGNAL KXXRP15M-26SEP141730-30 tau=24s buy NO @0.9580 fair 0.0001 edge +3.91c size 155.50 taking 20
  --- PAUSE (will resume): loss bound: realised $-5.74 with $38.20 still open; one more contract could take this run past $-60.00
  close 21:30Z: 945 looks, best was KXXRP15M-26SEP141730-3 YES @0.0710 edge +92.43c (need +0.3c) -> FIRED
  SETTLED KXBNB15M-26SEP141730-30 yes vs yes -> +89.60c (run realised $-4.8466)
  SETTLED KXXRP15M-26SEP141730-30 no vs no -> +78.36c (run realised $-4.0630)
  --- RESUMED
  close 21:45Z: 4347 looks, best was KXBNB15M-26SEP141745-4 NO @0.9980 edge +0.19c (need +0.3c) -> no trade
  SIGNAL KXHYPE15M-26SEP141800-00 tau=30s buy NO @0.9710 fair 0.0000 edge +2.70c size 175.00 taking 20
  close 22:00Z: 3925 looks, best was KXHYPE15M-26SEP141800- NO @0.9710 edge +2.70c (need +0.3c) -> FIRED
  SETTLED KXHYPE15M-26SEP141800-00 no vs no -> +54.05c (run realised $-3.5225)
  SIGNAL KXHYPE15M-26SEP141815-15 tau=27s buy NO @0.9600 fair 0.0014 edge +3.59c size 225.00 taking 20
  close 22:15Z: 3952 looks, best was KXHYPE15M-26SEP141815- NO @0.9600 edge +3.59c (need +0.3c) -> FIRED
  SETTLED KXHYPE15M-26SEP141815-15 no vs no -> +74.62c (run realised $-2.7763)
  close 22:30Z: 4365 looks, 4365 decided, 4365 decided-but-nothing-offered, 0 undecided
  close 22:45Z: 3548 looks, best was KXSOL15M-26SEP141845-4 NO @0.9970 edge +0.28c (need +0.3c) -> no trade
  close 23:00Z: 4275 looks, 4275 decided, 4275 decided-but-nothing-offered, 0 undecided
  SIGNAL KXHYPE15M-26SEP141915-15 tau=20s buy YES @0.9340 fair 0.9976 edge +5.93c size 152.00 taking 20
  close 23:15Z: 4077 looks, best was KXHYPE15M-26SEP141915- YES @0.9340 edge +5.93c (need +0.3c) -> FIRED
  SETTLED KXHYPE15M-26SEP141915-15 yes vs yes -> +123.36c (run realised $-1.5427)
  SIGNAL KXBTC15M-26SEP141930-30 tau=28s buy NO @0.9480 fair 0.0049 edge +4.37c size 1000.00 taking 20
  SIGNAL KXDOGE15M-26SEP141930-30 tau=28s buy NO @0.9790 fair 0.0022 edge +1.74c size 37.00 taking 20
  --- PAUSE (will resume): loss bound: realised $-1.54 with $38.54 still open; one more contract could take this run past $-60.00
  close 23:30Z: 291 looks, best was KXBTC15M-26SEP141930-3 NO @0.9480 edge +4.37c (need +0.3c) -> FIRED
  SETTLED KXBTC15M-26SEP141930-30 no vs no -> +97.09c (run realised $-0.5718)
  SETTLED KXDOGE15M-26SEP141930-30 no vs no -> +39.12c (run realised $-0.1806)
  --- RESUMED
  SIGNAL KXHYPE15M-26SEP141945-45 tau=30s buy YES @0.9800 fair 0.9982 edge +1.69c size 274.19 taking 20
  close 23:45Z: 3911 looks, best was KXHYPE15M-26SEP141945- YES @0.9800 edge +1.69c (need +0.3c) -> FIRED
  SETTLED KXHYPE15M-26SEP141945-45 yes vs yes -> +37.25c (run realised $+0.1919)
  close 00:00Z: 4314 looks, best was KXHYPE15M-26SEP142000- YES @0.9910 edge +0.84c (need +0.3c) -> no trade
  SIGNAL KXXRP15M-26SEP142015-15 tau=28s buy NO @0.9750 fair 0.0026 edge +2.07c size 55.97 taking 20
  SIGNAL KXZEC15M-26SEP142015-15 tau=9s buy YES @0.9670 fair 0.9969 edge +2.76c size 60.00 taking 20
  close 00:15Z: 2880 looks, best was KXZEC15M-26SEP142015-1 YES @0.9670 edge +2.76c (need +0.3c) -> FIRED
  SETTLED KXXRP15M-26SEP142015-15 no vs no -> +46.58c (run realised $+0.6577)
  SETTLED KXZEC15M-26SEP142015-15 yes vs yes -> +61.53c (run realised $+1.2730)
  close 00:30Z: 4172 looks, best was KXDOGE15M-26SEP142030- NO @0.9890 edge +1.02c (need +0.3c) -> no trade
  SIGNAL KXDOGE15M-26SEP142045-45 tau=10s buy YES @0.9760 fair 0.9951 edge +1.74c size 15.00 taking 15
  SIGNAL KXZEC15M-26SEP142045-45 tau=3s buy YES @0.9470 fair 0.9983 edge +4.78c size 174.89 taking 20
  close 00:45Z: 4119 looks, best was KXZEC15M-26SEP142045-4 YES @0.9470 edge +4.78c (need +0.3c) -> FIRED
  SETTLED KXDOGE15M-26SEP142045-45 yes vs yes -> +33.54c (run realised $+1.6084)
  SETTLED KXZEC15M-26SEP142045-45 yes vs yes -> +98.97c (run realised $+2.5981)
  SIGNAL KXBNB15M-26SEP142100-00 tau=11s buy YES @0.9460 fair 0.9977 edge +4.81c size 86.04 taking 20
  close 01:00Z: 4127 looks, best was KXBNB15M-26SEP142100-0 YES @0.9460 edge +4.81c (need +0.3c) -> FIRED
  SETTLED KXBNB15M-26SEP142100-00 yes vs yes -> +100.84c (run realised $+3.6065)
  close 01:15Z: 4373 looks, best was KXDOGE15M-26SEP142115- NO @0.9990 edge +0.09c (need +0.3c) -> no trade
  SIGNAL KXDOGE15M-26SEP142130-30 tau=26s buy YES @0.9800 fair 0.9992 edge +1.78c size 274.00 taking 20
  SIGNAL KXBNB15M-26SEP142130-30 tau=6s buy YES @0.9580 fair 0.9976 edge +3.68c size 54.90 taking 20
  close 01:30Z: 3162 looks, best was KXBNB15M-26SEP142130-3 YES @0.9580 edge +3.68c (need +0.3c) -> FIRED
  SETTLED KXDOGE15M-26SEP142130-30 yes vs yes -> +37.25c (run realised $+3.9790)
  SETTLED KXBNB15M-26SEP142130-30 yes vs yes -> +78.36c (run realised $+4.7626)
  close 01:45Z: 4048 looks, best was KXNEAR15M-26SEP142145- YES @0.9810 edge +1.76c (need +0.3c) -> no trade
  SIGNAL KXBNB15M-26SEP142200-00 tau=12s buy YES @0.9640 fair 0.9971 edge +3.06c size 1454.87 taking 20
  close 02:00Z: 4043 looks, best was KXBNB15M-26SEP142200-0 YES @0.9640 edge +3.06c (need +0.3c) -> FIRED
  SETTLED KXBNB15M-26SEP142200-00 yes vs yes -> +67.14c (run realised $+5.4340)
  SIGNAL KXSOL15M-26SEP142215-15 tau=29s buy YES @0.9790 fair 0.9962 edge +1.58c size 67.02 taking 20
  SIGNAL KXHYPE15M-26SEP142215-15 tau=25s buy NO @0.9090 fair 0.0029 edge +8.23c size 28.40 taking 20
  close 02:15Z: 472 looks, best was KXHYPE15M-26SEP142215- NO @0.9090 edge +8.23c (need +0.3c) -> FIRED
  SETTLED KXSOL15M-26SEP142215-15 yes vs yes -> +39.12c (run realised $+5.8252)
  SETTLED KXHYPE15M-26SEP142215-15 no vs no -> +170.41c (run realised $+7.5293)
  SIGNAL KXSOL15M-26SEP142230-30 tau=29s buy YES @0.9750 fair 0.9959 edge +1.92c size 25.69 taking 20
  SIGNAL KXNEAR15M-26SEP142230-30 tau=24s buy NO @0.9500 fair 0.0000 edge +4.67c size 60.00 taking 20
  close 02:30Z: 725 looks, best was KXNEAR15M-26SEP142230- NO @0.9500 edge +4.67c (need +0.3c) -> FIRED
  SETTLED KXSOL15M-26SEP142230-30 yes vs yes -> +46.58c (run realised $+7.9951)
  SETTLED KXNEAR15M-26SEP142230-30 no vs no -> +93.34c (run realised $+8.9285)
  close 02:45Z: 4050 looks, best was KXBNB15M-26SEP142245-4 NO @0.9900 edge +0.93c (need +0.3c) -> no trade
  SIGNAL KXDOGE15M-26SEP142300-00 tau=5s buy NO @0.9480 fair 0.0011 edge +4.74c size 688.98 taking 20
  close 03:00Z: 4128 looks, best was KXDOGE15M-26SEP142300- NO @0.9480 edge +4.74c (need +0.3c) -> FIRED
  SETTLED KXDOGE15M-26SEP142300-00 no vs no -> +97.09c (run realised $+9.8994)
  close 03:15Z: 4257 looks, 4257 decided, 4257 decided-but-nothing-offered, 0 undecided
  close 03:30Z: 4363 looks, best was KXNEAR15M-26SEP142330- YES @0.9920 edge +0.74c (need +0.3c) -> no trade
  close 03:45Z: 4341 looks, best was KXHYPE15M-26SEP142345- YES @0.9950 edge +0.46c (need +0.3c) -> no trade
  close 04:00Z: 4356 looks, best was KXZEC15M-26SEP150000-0 NO @0.9980 edge +0.19c (need +0.3c) -> no trade
  SIGNAL KXBTC15M-26SEP150015-15 tau=12s buy NO @0.9730 fair 0.0007 edge +2.45c size 104.01 taking 20
  close 04:15Z: 4113 looks, best was KXBTC15M-26SEP150015-1 NO @0.9730 edge +2.45c (need +0.3c) -> FIRED
  SETTLED KXBTC15M-26SEP150015-15 no vs no -> +50.32c (run realised $+10.4026)
  SIGNAL KXSOL15M-26SEP150030-30 tau=15s buy NO @0.9580 fair 0.0000 edge +3.92c size 130.90 taking 20
  close 04:30Z: 4007 looks, best was KXSOL15M-26SEP150030-3 NO @0.9580 edge +3.92c (need +0.3c) -> FIRED
  SETTLED KXSOL15M-26SEP150030-30 no vs no -> +78.36c (run realised $+11.1862)
  SIGNAL KXBTC15M-26SEP150045-45 tau=20s buy YES @0.9620 fair 0.9968 edge +3.22c size 1000.00 taking 20
  SIGNAL KXETH15M-26SEP150045-45 tau=6s buy YES @0.9700 fair 0.9998 edge +2.77c size 19.00 taking 19
  close 04:45Z: 3897 looks, best was KXBTC15M-26SEP150045-4 YES @0.9620 edge +3.22c (need +0.3c) -> FIRED
  SETTLED KXBTC15M-26SEP150045-45 yes vs yes -> +70.88c (run realised $+11.8950)
  SETTLED KXETH15M-26SEP150045-45 yes vs yes -> +53.12c (run realised $+12.4262)
  SIGNAL KXXRP15M-26SEP150100-00 tau=30s buy YES @0.9470 fair 0.9999 edge +4.94c size 270.00 taking 20
  SIGNAL KXDOGE15M-26SEP150100-00 tau=27s buy YES @0.9800 fair 1.0000 edge +1.86c size 128.91 taking 20
  close 05:00Z: 385 looks, best was KXXRP15M-26SEP150100-0 YES @0.9470 edge +4.94c (need +0.3c) -> FIRED
  SETTLED KXXRP15M-26SEP150100-00 yes vs yes -> +98.97c (run realised $+13.4159)
  SETTLED KXDOGE15M-26SEP150100-00 yes vs yes -> +37.25c (run realised $+13.7884)
  close 05:15Z: 4247 looks, best was KXDOGE15M-26SEP150115- NO @0.9980 edge +0.19c (need +0.3c) -> no trade
  SIGNAL KXHYPE15M-26SEP150130-30 tau=27s buy YES @0.9270 fair 0.9955 edge +6.38c size 225.00 taking 20
  SIGNAL KXSOL15M-26SEP150130-30 tau=20s buy YES @0.9590 fair 0.9964 edge +3.47c size 200.00 taking 20
  close 05:30Z: 1474 looks, best was KXHYPE15M-26SEP150130- YES @0.9270 edge +6.38c (need +0.3c) -> FIRED
  SETTLED KXHYPE15M-26SEP150130-30 yes vs yes -> +136.52c (run realised $+15.1536)
  SETTLED KXSOL15M-26SEP150130-30 yes vs yes -> +76.49c (run realised $+15.9185)
  SIGNAL KXXRP15M-26SEP150145-45 tau=30s buy NO @0.9790 fair 0.0007 edge +1.89c size 34.00 taking 20
  SIGNAL KXBTC15M-26SEP150145-45 tau=28s buy YES @0.9730 fair 0.9953 edge +2.05c size 169.00 taking 20
  close 05:45Z: 282 looks, best was KXBTC15M-26SEP150145-4 YES @0.9730 edge +2.05c (need +0.3c) -> FIRED
  SETTLED KXXRP15M-26SEP150145-45 no vs no -> +39.12c (run realised $+16.3097)
  SETTLED KXBTC15M-26SEP150145-45 yes vs yes -> +50.32c (run realised $+16.8129)
  close 06:00Z: 4266 looks, 4266 decided, 4266 decided-but-nothing-offered, 0 undecided
  SIGNAL KXSOL15M-26SEP150215-15 tau=26s buy YES @0.9770 fair 0.9960 edge +1.74c size 53.00 taking 20
  SIGNAL KXETH15M-26SEP150215-15 tau=7s buy YES @0.9050 fair 0.9997 edge +8.87c size 19.00 taking 19
  close 06:15Z: 3635 looks, best was KXETH15M-26SEP150215-1 YES @0.9050 edge +8.87c (need +0.3c) -> FIRED
  SETTLED KXSOL15M-26SEP150215-15 yes vs yes -> +42.85c (run realised $+17.2414)
  SETTLED KXETH15M-26SEP150215-15 yes vs yes -> +169.06c (run realised $+18.9320)
  close 06:30Z: 4104 looks, best was KXDOGE15M-26SEP150230- NO @0.9980 edge +0.19c (need +0.3c) -> no trade
  close 06:45Z: 4088 looks, best was KXBTC15M-26SEP150245-4 YES @0.9840 edge +1.49c (need +0.3c) -> no trade
  close 07:00Z: 4014 looks, best was KXHYPE15M-26SEP150300- NO @0.9930 edge +0.65c (need +0.3c) -> no trade
  close 07:15Z: 4113 looks, best was KXXRP15M-26SEP150315-1 YES @0.9820 edge +1.62c (need +0.3c) -> no trade
  SIGNAL KXSOL15M-26SEP150330-30 tau=29s buy YES @0.9800 fair 1.0000 edge +1.86c size 162.45 taking 20
  close 07:30Z: 3788 looks, best was KXSOL15M-26SEP150330-3 YES @0.9800 edge +1.86c (need +0.3c) -> FIRED
  SETTLED KXSOL15M-26SEP150330-30 yes vs yes -> +37.25c (run realised $+19.3045)
  close 07:45Z: 4176 looks, 4176 decided, 4176 decided-but-nothing-offered, 0 undecided
  close 08:00Z: 4235 looks, 4235 decided, 4235 decided-but-nothing-offered, 0 undecided
  SIGNAL KXBNB15M-26SEP150415-15 tau=27s buy YES @0.9730 fair 0.9999 edge +2.50c size 29.00 taking 20
  close 08:15Z: 3897 looks, best was KXBNB15M-26SEP150415-1 YES @0.9730 edge +2.50c (need +0.3c) -> FIRED
  SETTLED KXBNB15M-26SEP150415-15 yes vs yes -> +50.32c (run realised $+19.8077)
  SIGNAL KXHYPE15M-26SEP150430-30 tau=21s buy YES @0.9780 fair 0.9951 edge +1.56c size 72.50 taking 20
  close 08:30Z: 3868 looks, best was KXHYPE15M-26SEP150430- YES @0.9780 edge +1.56c (need +0.3c) -> FIRED
  SETTLED KXHYPE15M-26SEP150430-30 yes vs yes -> +40.98c (run realised $+20.2175)
  SIGNAL KXBTC15M-26SEP150445-45 tau=30s buy NO @0.9000 fair 0.0032 edge +9.05c size 542.79 taking 20
  close 08:45Z: 3663 looks, best was KXBTC15M-26SEP150445-4 NO @0.9000 edge +9.05c (need +0.3c) -> FIRED
  SETTLED KXBTC15M-26SEP150445-45 no vs no -> +187.40c (run realised $+22.0915)
  close 09:00Z: 4356 looks, best was KXBNB15M-26SEP150500-0 YES @0.9990 edge +0.09c (need +0.3c) -> no trade
  SIGNAL KXXRP15M-26SEP150515-15 tau=26s buy NO @0.9740 fair 0.0012 edge +2.31c size 200.00 taking 20
  close 09:15Z: 3949 looks, best was KXXRP15M-26SEP150515-1 NO @0.9740 edge +2.31c (need +0.3c) -> FIRED
  SETTLED KXXRP15M-26SEP150515-15 no vs no -> +48.45c (run realised $+22.5760)
  close 09:30Z: 4044 looks, best was KXBTC15M-26SEP150530-3 YES @0.9880 edge +1.07c (need +0.3c) -> no trade
  SIGNAL KXNEAR15M-26SEP150545-45 tau=14s buy NO @0.9790 fair 0.0028 edge +1.68c size 94.00 taking 20
  SIGNAL KXZEC15M-26SEP150545-45 tau=3s buy YES @0.9400 fair 0.9999 edge +5.59c size 15.53 taking 15.53
  close 09:45Z: 4033 looks, best was KXZEC15M-26SEP150545-4 YES @0.9400 edge +5.59c (need +0.3c) -> FIRED
  SETTLED KXNEAR15M-26SEP150545-45 no vs no -> +39.12c (run realised $+22.9672)
  SETTLED KXZEC15M-26SEP150545-45 yes vs yes -> +87.04c (run realised $+23.8376)
  SIGNAL KXSOL15M-26SEP150600-00 tau=22s buy NO @0.9590 fair 0.0040 edge +3.42c size 197.00 taking 20
  SIGNAL KXZEC15M-26SEP150600-00 tau=7s buy NO @0.9770 fair 0.0018 edge +1.97c size 134.21 taking 20
  close 10:00Z: 2997 looks, best was KXSOL15M-26SEP150600-0 NO @0.9590 edge +3.42c (need +0.3c) -> FIRED
  SETTLED KXSOL15M-26SEP150600-00 no vs no -> +76.49c (run realised $+24.6025)
  SETTLED KXZEC15M-26SEP150600-00 no vs no -> +42.85c (run realised $+25.0310)
  SIGNAL KXHYPE15M-26SEP150615-15 tau=18s buy YES @0.9370 fair 0.9966 edge +5.55c size 18.00 taking 18
  close 10:15Z: 3884 looks, best was KXHYPE15M-26SEP150615- YES @0.9370 edge +5.55c (need +0.3c) -> FIRED
  SETTLED KXHYPE15M-26SEP150615-15 yes vs yes -> +105.96c (run realised $+26.0906)
  close 10:30Z: 4103 looks, best was KXETH15M-26SEP150630-3 NO @0.9860 edge +1.21c (need +0.3c) -> no trade
  SIGNAL KXNEAR15M-26SEP150645-45 tau=30s buy YES @0.9730 fair 1.0000 edge +2.52c size 33.00 taking 20
  close 10:45Z: 3713 looks, best was KXNEAR15M-26SEP150645- YES @0.9730 edge +2.52c (need +0.3c) -> FIRED
  SETTLED KXNEAR15M-26SEP150645-45 yes vs yes -> +50.32c (run realised $+26.5938)
  close 11:00Z: 4127 looks, best was KXHYPE15M-26SEP150700- YES @0.9930 edge +0.61c (need +0.3c) -> no trade
  SIGNAL KXDOGE15M-26SEP150715-15 tau=23s buy NO @0.9190 fair 0.0048 edge +7.10c size 22.00 taking 20
  close 11:15Z: 3698 looks, best was KXDOGE15M-26SEP150715- NO @0.9190 edge +7.10c (need +0.3c) -> FIRED
  SETTLED KXDOGE15M-26SEP150715-15 no vs no -> +151.57c (run realised $+28.1095)
  close 11:30Z: 4188 looks, best was KXBTC15M-26SEP150730-3 NO @0.9930 edge +0.65c (need +0.3c) -> no trade
  close 11:45Z: 4154 looks, best was KXDOGE15M-26SEP150745- NO @0.9980 edge +0.19c (need +0.3c) -> no trade
  close 12:00Z: 4001 looks, best was KXBTC15M-26SEP150800-0 YES @0.9960 edge +0.37c (need +0.3c) -> no trade
  close 12:15Z: 4226 looks, best was KXBTC15M-26SEP150815-1 NO @0.9930 edge +0.65c (need +0.3c) -> no trade
  SIGNAL KXXRP15M-26SEP150830-30 tau=18s buy YES @0.9800 fair 0.9965 edge +1.51c size 255.00 taking 20
  SIGNAL KXHYPE15M-26SEP150830-30 tau=16s buy YES @0.9800 fair 0.9964 edge +1.50c size 221.50 taking 20
  close 12:30Z: 1895 looks, best was KXXRP15M-26SEP150830-3 YES @0.9800 edge +1.51c (need +0.3c) -> FIRED
  SETTLED KXXRP15M-26SEP150830-30 yes vs yes -> +37.25c (run realised $+28.4820)
  SETTLED KXHYPE15M-26SEP150830-30 yes vs yes -> +37.25c (run realised $+28.8545)
  SIGNAL KXZEC15M-26SEP150845-45 tau=5s buy NO @0.9500 fair 0.0024 edge +4.43c size 100.00 taking 20
  close 12:45Z: 4212 looks, best was KXZEC15M-26SEP150845-4 NO @0.9500 edge +4.43c (need +0.3c) -> FIRED
  SETTLED KXZEC15M-26SEP150845-45 no vs no -> +93.34c (run realised $+29.7879)
  SIGNAL KXBTC15M-26SEP150900-00 tau=7s buy YES @0.9750 fair 0.9986 edge +2.19c size 899.00 taking 20
  close 13:00Z: 4067 looks, best was KXBTC15M-26SEP150900-0 YES @0.9750 edge +2.19c (need +0.3c) -> FIRED
  SETTLED KXBTC15M-26SEP150900-00 yes vs yes -> +46.58c (run realised $+30.2537)
  SIGNAL KXBNB15M-26SEP150915-15 tau=30s buy YES @0.9590 fair 0.9994 edge +3.76c size 1171.00 taking 20
  SIGNAL KXHYPE15M-26SEP150915-15 tau=28s buy YES @0.9790 fair 0.9983 edge +1.78c size 173.10 taking 20
  close 13:15Z: 308 looks, best was KXBNB15M-26SEP150915-1 YES @0.9590 edge +3.76c (need +0.3c) -> FIRED
  SETTLED KXBNB15M-26SEP150915-15 yes vs yes -> +76.49c (run realised $+31.0186)
  SETTLED KXHYPE15M-26SEP150915-15 yes vs yes -> +39.12c (run realised $+31.4098)
