  16,258 settled markets on file; newest settlement 2026-09-12T18:00Z
  240 book hours 20260902T09 .. 20260912T17; PIN=0.995 ceiling=0.98 tau [3,30]
    20260902T09  36 mkts, 1,002 certain market-seconds [1/240] 0.4 min, ~87 min left
    20260902T10  36 mkts, 960 certain market-seconds [2/240] 0.8 min, ~94 min left
    20260902T11  36 mkts, 944 certain market-seconds [3/240] 1.2 min, ~91 min left
    20260902T12  36 mkts, 977 certain market-seconds [4/240] 1.5 min, ~90 min left
    20260902T13  36 mkts, 1,008 certain market-seconds [5/240] 2.0 min, ~93 min left
    20260902T14  36 mkts, 926 certain market-seconds [6/240] 2.5 min, ~98 min left
    20260902T15  36 mkts, 1,008 certain market-seconds [7/240] 3.0 min, ~99 min left
    20260902T16  36 mkts, 969 certain market-seconds [8/240] 3.4 min, ~98 min left
    20260902T17  36 mkts, 1,008 certain market-seconds [9/240] 3.8 min, ~98 min left
    20260902T18  36 mkts, 974 certain market-seconds [10/240] 4.2 min, ~97 min left
    20260902T19  36 mkts, 953 certain market-seconds [11/240] 4.7 min, ~97 min left
    20260902T20  36 mkts, 989 certain market-seconds [12/240] 5.1 min, ~96 min left
    20260902T21  9 mkts, 247 certain market-seconds [13/240] 5.2 min, ~90 min left
    20260902T22  36 mkts, 0 certain market-seconds [14/240] 5.4 min, ~87 min left
    20260902T23  no index ticks -- skipped
    20260903T00  no index ticks -- skipped
    20260903T01  no index ticks -- skipped
    20260903T02  0 mkts, 0 certain market-seconds [18/240] 5.7 min, ~71 min left
    20260903T03  8 mkts, 0 certain market-seconds [19/240] 6.0 min, ~70 min left
    20260903T04  8 mkts, 0 certain market-seconds [20/240] 6.3 min, ~69 min left
    20260903T05  0 mkts, 0 certain market-seconds [21/240] 6.5 min, ~68 min left
    20260903T06  36 mkts, 995 certain market-seconds [22/240] 6.9 min, ~68 min left
    20260903T07  9 mkts, 9 certain market-seconds [23/240] 6.9 min, ~65 min left
    20260903T09  36 mkts, 989 certain market-seconds [24/240] 7.2 min, ~65 min left
    20260903T10  36 mkts, 985 certain market-seconds [25/240] 7.6 min, ~65 min left
    20260903T11  36 mkts, 955 certain market-seconds [26/240] 8.0 min, ~66 min left
    20260903T12  36 mkts, 1,003 certain market-seconds [27/240] 8.4 min, ~66 min left
    20260903T13  36 mkts, 991 certain market-seconds [28/240] 8.9 min, ~67 min left
    20260903T14  36 mkts, 1,008 certain market-seconds [29/240] 9.4 min, ~69 min left
    20260903T15  36 mkts, 931 certain market-seconds [30/240] 10.0 min, ~70 min left
    20260903T16  36 mkts, 971 certain market-seconds [31/240] 10.5 min, ~71 min left
    20260903T17  36 mkts, 944 certain market-seconds [32/240] 11.1 min, ~72 min left
    20260903T18  36 mkts, 980 certain market-seconds [33/240] 11.5 min, ~72 min left
    20260903T19  36 mkts, 934 certain market-seconds [34/240] 12.0 min, ~73 min left
    20260903T20  36 mkts, 939 certain market-seconds [35/240] 12.4 min, ~73 min left
    20260903T21  36 mkts, 954 certain market-seconds [36/240] 12.9 min, ~73 min left
    20260903T22  36 mkts, 1,008 certain market-seconds [37/240] 13.3 min, ~73 min left
    20260903T23  36 mkts, 908 certain market-seconds [38/240] 13.8 min, ~73 min left
    20260904T00  36 mkts, 959 certain market-seconds [39/240] 14.2 min, ~73 min left
    20260904T01  36 mkts, 1,001 certain market-seconds [40/240] 14.6 min, ~73 min left
    20260904T02  36 mkts, 1,007 certain market-seconds [41/240] 14.9 min, ~73 min left
    20260904T03  36 mkts, 978 certain market-seconds [42/240] 15.3 min, ~72 min left
    20260904T04  36 mkts, 985 certain market-seconds [43/240] 15.7 min, ~72 min left
    20260904T05  36 mkts, 932 certain market-seconds [44/240] 16.1 min, ~72 min left
    20260904T06  36 mkts, 1,003 certain market-seconds [45/240] 16.5 min, ~71 min left
    20260904T07  18 mkts, 504 certain market-seconds [46/240] 16.7 min, ~70 min left
    20260904T08  36 mkts, 986 certain market-seconds [47/240] 17.1 min, ~70 min left
    20260904T09  36 mkts, 989 certain market-seconds [48/240] 17.5 min, ~70 min left
    20260904T10  36 mkts, 968 certain market-seconds [49/240] 17.9 min, ~70 min left
    20260904T11  36 mkts, 994 certain market-seconds [50/240] 18.2 min, ~69 min left
    20260904T12  27 mkts, 725 certain market-seconds [51/240] 18.6 min, ~69 min left
    20260904T13  36 mkts, 985 certain market-seconds [52/240] 19.2 min, ~69 min left
    20260904T14  36 mkts, 958 certain market-seconds [53/240] 19.8 min, ~70 min left
    20260904T15  36 mkts, 1,008 certain market-seconds [54/240] 20.2 min, ~70 min left
    20260904T16  36 mkts, 968 certain market-seconds [55/240] 20.6 min, ~69 min left
    20260904T17  36 mkts, 1,006 certain market-seconds [56/240] 21.0 min, ~69 min left
    20260904T18  36 mkts, 938 certain market-seconds [57/240] 21.4 min, ~69 min left
    20260904T19  36 mkts, 965 certain market-seconds [58/240] 21.7 min, ~68 min left
    20260904T20  36 mkts, 923 certain market-seconds [59/240] 22.1 min, ~68 min left
    20260904T21  36 mkts, 916 certain market-seconds [60/240] 22.4 min, ~67 min left
    20260904T22  36 mkts, 1,007 certain market-seconds [61/240] 22.7 min, ~67 min left
    20260904T23  36 mkts, 1,004 certain market-seconds [62/240] 23.0 min, ~66 min left
    20260905T00  36 mkts, 984 certain market-seconds [63/240] 23.3 min, ~65 min left
    20260905T01  36 mkts, 955 certain market-seconds [64/240] 23.5 min, ~65 min left
    20260905T02  36 mkts, 940 certain market-seconds [65/240] 23.8 min, ~64 min left
    20260905T03  36 mkts, 984 certain market-seconds [66/240] 24.1 min, ~63 min left
    20260905T04  36 mkts, 976 certain market-seconds [67/240] 24.3 min, ~63 min left
    20260905T05  36 mkts, 932 certain market-seconds [68/240] 24.6 min, ~62 min left
    20260905T06  36 mkts, 982 certain market-seconds [69/240] 24.9 min, ~62 min left
    20260905T07  36 mkts, 993 certain market-seconds [70/240] 25.2 min, ~61 min left
    20260905T08  36 mkts, 935 certain market-seconds [71/240] 25.5 min, ~61 min left
    20260905T09  36 mkts, 1,007 certain market-seconds [72/240] 25.7 min, ~60 min left
    20260905T10  36 mkts, 945 certain market-seconds [73/240] 26.0 min, ~59 min left
    20260905T11  36 mkts, 925 certain market-seconds [74/240] 26.2 min, ~59 min left
    20260905T12  36 mkts, 944 certain market-seconds [75/240] 26.5 min, ~58 min left
    20260905T13  36 mkts, 963 certain market-seconds [76/240] 26.8 min, ~58 min left
    20260905T14  36 mkts, 990 certain market-seconds [77/240] 27.1 min, ~57 min left
    20260905T15  36 mkts, 965 certain market-seconds [78/240] 27.4 min, ~57 min left
    20260905T16  36 mkts, 916 certain market-seconds [79/240] 27.7 min, ~56 min left
    20260905T17  36 mkts, 953 certain market-seconds [80/240] 28.0 min, ~56 min left
    20260905T18  36 mkts, 939 certain market-seconds [81/240] 28.4 min, ~56 min left
    20260905T19  36 mkts, 984 certain market-seconds [82/240] 28.7 min, ~55 min left
    20260905T20  36 mkts, 980 certain market-seconds [83/240] 29.0 min, ~55 min left
    20260905T21  36 mkts, 997 certain market-seconds [84/240] 29.3 min, ~54 min left
    20260905T22  36 mkts, 917 certain market-seconds [85/240] 29.6 min, ~54 min left
    20260905T23  36 mkts, 927 certain market-seconds [86/240] 29.9 min, ~53 min left
    20260906T00  36 mkts, 951 certain market-seconds [87/240] 30.2 min, ~53 min left
    20260906T01  36 mkts, 986 certain market-seconds [88/240] 30.5 min, ~53 min left
    20260906T02  36 mkts, 978 certain market-seconds [89/240] 30.8 min, ~52 min left
    20260906T03  36 mkts, 971 certain market-seconds [90/240] 31.1 min, ~52 min left
    20260906T04  36 mkts, 998 certain market-seconds [91/240] 31.4 min, ~51 min left
    20260906T05  36 mkts, 1,008 certain market-seconds [92/240] 31.7 min, ~51 min left
    20260906T06  36 mkts, 1,008 certain market-seconds [93/240] 32.0 min, ~51 min left
    20260906T07  27 mkts, 733 certain market-seconds [94/240] 32.3 min, ~50 min left
    20260906T08  36 mkts, 995 certain market-seconds [95/240] 32.5 min, ~50 min left
    20260906T09  36 mkts, 990 certain market-seconds [96/240] 32.8 min, ~49 min left
    20260906T10  36 mkts, 967 certain market-seconds [97/240] 33.1 min, ~49 min left
    20260906T11  36 mkts, 957 certain market-seconds [98/240] 33.4 min, ~48 min left
    20260906T12  36 mkts, 931 certain market-seconds [99/240] 33.7 min, ~48 min left
    20260906T13  36 mkts, 965 certain market-seconds [100/240] 34.0 min, ~48 min left
    20260906T14  27 mkts, 730 certain market-seconds [101/240] 34.3 min, ~47 min left
    20260906T15  36 mkts, 988 certain market-seconds [102/240] 34.6 min, ~47 min left
    20260906T16  36 mkts, 935 certain market-seconds [103/240] 34.9 min, ~46 min left
    20260906T17  36 mkts, 963 certain market-seconds [104/240] 35.3 min, ~46 min left
    20260906T18  36 mkts, 981 certain market-seconds [105/240] 35.6 min, ~46 min left
    20260906T19  36 mkts, 982 certain market-seconds [106/240] 35.9 min, ~45 min left
    20260906T20  36 mkts, 992 certain market-seconds [107/240] 36.2 min, ~45 min left
    20260906T21  36 mkts, 963 certain market-seconds [108/240] 36.5 min, ~45 min left
    20260906T22  36 mkts, 997 certain market-seconds [109/240] 36.9 min, ~44 min left
    20260906T23  36 mkts, 995 certain market-seconds [110/240] 37.3 min, ~44 min left
    20260907T00  36 mkts, 974 certain market-seconds [111/240] 37.8 min, ~44 min left
    20260907T01  36 mkts, 991 certain market-seconds [112/240] 38.3 min, ~44 min left
    20260907T02  36 mkts, 1,008 certain market-seconds [113/240] 38.7 min, ~43 min left
    20260907T03  36 mkts, 983 certain market-seconds [114/240] 39.1 min, ~43 min left
    20260907T04  36 mkts, 932 certain market-seconds [115/240] 39.6 min, ~43 min left
    20260907T05  27 mkts, 727 certain market-seconds [116/240] 40.0 min, ~43 min left
    20260907T06  36 mkts, 972 certain market-seconds [117/240] 40.4 min, ~43 min left
    20260907T07  27 mkts, 737 certain market-seconds [118/240] 40.8 min, ~42 min left
    20260907T08  18 mkts, 432 certain market-seconds [119/240] 41.0 min, ~42 min left
    20260907T09  36 mkts, 990 certain market-seconds [120/240] 41.4 min, ~41 min left
    20260907T10  36 mkts, 990 certain market-seconds [121/240] 41.7 min, ~41 min left
    20260907T11  36 mkts, 912 certain market-seconds [122/240] 42.1 min, ~41 min left
    20260907T12  36 mkts, 1,005 certain market-seconds [123/240] 42.5 min, ~40 min left
    20260907T13  36 mkts, 934 certain market-seconds [124/240] 43.0 min, ~40 min left
    20260907T14  36 mkts, 979 certain market-seconds [125/240] 43.5 min, ~40 min left
    20260907T15  36 mkts, 977 certain market-seconds [126/240] 44.0 min, ~40 min left
    20260907T16  36 mkts, 953 certain market-seconds [127/240] 44.4 min, ~39 min left
    20260907T17  36 mkts, 955 certain market-seconds [128/240] 44.8 min, ~39 min left
    20260907T18  36 mkts, 985 certain market-seconds [129/240] 45.3 min, ~39 min left
    20260907T19  36 mkts, 973 certain market-seconds [130/240] 45.7 min, ~39 min left
    20260907T20  36 mkts, 969 certain market-seconds [131/240] 46.2 min, ~38 min left
    20260907T21  36 mkts, 897 certain market-seconds [132/240] 46.6 min, ~38 min left
    20260907T22  36 mkts, 989 certain market-seconds [133/240] 47.1 min, ~38 min left
    20260907T23  36 mkts, 946 certain market-seconds [134/240] 47.5 min, ~38 min left
    20260908T00  36 mkts, 953 certain market-seconds [135/240] 48.0 min, ~37 min left
    20260908T01  36 mkts, 1,006 certain market-seconds [136/240] 48.5 min, ~37 min left
    20260908T02  36 mkts, 1,008 certain market-seconds [137/240] 48.9 min, ~37 min left
    20260908T03  36 mkts, 966 certain market-seconds [138/240] 49.4 min, ~37 min left
    20260908T04  36 mkts, 930 certain market-seconds [139/240] 49.9 min, ~36 min left
    20260908T05  36 mkts, 960 certain market-seconds [140/240] 50.5 min, ~36 min left
    20260908T06  36 mkts, 966 certain market-seconds [141/240] 51.1 min, ~36 min left
    20260908T07  36 mkts, 975 certain market-seconds [142/240] 51.6 min, ~36 min left
    20260908T08  36 mkts, 989 certain market-seconds [143/240] 52.2 min, ~35 min left
    20260908T09  36 mkts, 952 certain market-seconds [144/240] 52.7 min, ~35 min left
    20260908T10  36 mkts, 957 certain market-seconds [145/240] 53.0 min, ~35 min left
    20260908T11  36 mkts, 932 certain market-seconds [146/240] 53.5 min, ~34 min left
    20260908T12  36 mkts, 952 certain market-seconds [147/240] 53.9 min, ~34 min left
    20260908T13  36 mkts, 971 certain market-seconds [148/240] 54.6 min, ~34 min left
    20260908T14  36 mkts, 938 certain market-seconds [149/240] 55.4 min, ~34 min left
    20260908T15  36 mkts, 950 certain market-seconds [150/240] 56.1 min, ~34 min left
    20260908T16  36 mkts, 961 certain market-seconds [151/240] 56.7 min, ~33 min left
    20260908T17  36 mkts, 971 certain market-seconds [152/240] 57.3 min, ~33 min left
    20260908T18  36 mkts, 972 certain market-seconds [153/240] 57.8 min, ~33 min left
    20260908T19  36 mkts, 916 certain market-seconds [154/240] 58.5 min, ~33 min left
    20260908T20  36 mkts, 979 certain market-seconds [155/240] 59.0 min, ~32 min left
    20260908T21  36 mkts, 875 certain market-seconds [156/240] 59.4 min, ~32 min left
    20260908T22  36 mkts, 932 certain market-seconds [157/240] 59.9 min, ~32 min left
    20260908T23  36 mkts, 903 certain market-seconds [158/240] 60.4 min, ~31 min left
    20260909T00  36 mkts, 962 certain market-seconds [159/240] 60.9 min, ~31 min left
    20260909T01  36 mkts, 937 certain market-seconds [160/240] 61.5 min, ~31 min left
    20260909T02  36 mkts, 961 certain market-seconds [161/240] 62.1 min, ~30 min left
    20260909T03  36 mkts, 981 certain market-seconds [162/240] 62.6 min, ~30 min left
    20260909T04  36 mkts, 1,008 certain market-seconds [163/240] 63.1 min, ~30 min left
    20260909T05  27 mkts, 710 certain market-seconds [164/240] 63.6 min, ~29 min left
    20260909T06  36 mkts, 978 certain market-seconds [165/240] 64.1 min, ~29 min left
    20260909T07  27 mkts, 720 certain market-seconds [166/240] 64.5 min, ~29 min left
    20260909T08  36 mkts, 960 certain market-seconds [167/240] 65.0 min, ~28 min left
    20260909T09  36 mkts, 982 certain market-seconds [168/240] 65.5 min, ~28 min left
    20260909T10  36 mkts, 852 certain market-seconds [169/240] 65.9 min, ~28 min left
    20260909T11  36 mkts, 959 certain market-seconds [170/240] 66.3 min, ~27 min left
    20260909T12  36 mkts, 908 certain market-seconds [171/240] 66.8 min, ~27 min left
    20260909T13  18 mkts, 324 certain market-seconds [172/240] 67.1 min, ~27 min left
    20260909T21  18 mkts, 504 certain market-seconds [173/240] 67.3 min, ~26 min left
    20260909T22  36 mkts, 1,003 certain market-seconds [174/240] 67.8 min, ~26 min left
    20260909T23  36 mkts, 977 certain market-seconds [175/240] 68.3 min, ~25 min left
    20260910T00  36 mkts, 932 certain market-seconds [176/240] 68.9 min, ~25 min left
    20260910T01  36 mkts, 1,008 certain market-seconds [177/240] 69.5 min, ~25 min left
    20260910T02  36 mkts, 966 certain market-seconds [178/240] 70.1 min, ~24 min left
    20260910T03  36 mkts, 954 certain market-seconds [179/240] 70.7 min, ~24 min left
    20260910T04  36 mkts, 966 certain market-seconds [180/240] 71.2 min, ~24 min left
    20260910T05  36 mkts, 956 certain market-seconds [181/240] 71.7 min, ~23 min left
    20260910T06  36 mkts, 998 certain market-seconds [182/240] 72.3 min, ~23 min left
    20260910T07  0 mkts, 0 certain market-seconds [183/240] 72.4 min, ~23 min left
    20260910T09  36 mkts, 908 certain market-seconds [184/240] 72.8 min, ~22 min left
    20260910T10  27 mkts, 756 certain market-seconds [185/240] 73.2 min, ~22 min left
    20260910T11  36 mkts, 914 certain market-seconds [186/240] 73.7 min, ~21 min left
    20260910T12  36 mkts, 963 certain market-seconds [187/240] 74.2 min, ~21 min left
    20260910T13  36 mkts, 984 certain market-seconds [188/240] 75.0 min, ~21 min left
    20260910T14  36 mkts, 974 certain market-seconds [189/240] 75.8 min, ~20 min left
    20260910T15  36 mkts, 898 certain market-seconds [190/240] 76.4 min, ~20 min left
    20260910T16  36 mkts, 1,002 certain market-seconds [191/240] 77.1 min, ~20 min left
    20260910T17  36 mkts, 951 certain market-seconds [192/240] 77.8 min, ~19 min left
    20260910T18  36 mkts, 1,008 certain market-seconds [193/240] 78.4 min, ~19 min left
    20260910T19  36 mkts, 981 certain market-seconds [194/240] 79.0 min, ~19 min left
    20260910T20  36 mkts, 941 certain market-seconds [195/240] 79.5 min, ~18 min left
    20260910T21  36 mkts, 985 certain market-seconds [196/240] 80.0 min, ~18 min left
    20260910T22  36 mkts, 963 certain market-seconds [197/240] 80.5 min, ~18 min left
    20260910T23  36 mkts, 991 certain market-seconds [198/240] 81.2 min, ~17 min left
    20260911T00  36 mkts, 979 certain market-seconds [199/240] 81.8 min, ~17 min left
    20260911T01  36 mkts, 965 certain market-seconds [200/240] 82.5 min, ~16 min left
    20260911T02  36 mkts, 1,002 certain market-seconds [201/240] 83.1 min, ~16 min left
    20260911T03  36 mkts, 951 certain market-seconds [202/240] 83.8 min, ~16 min left
    20260911T04  36 mkts, 986 certain market-seconds [203/240] 84.3 min, ~15 min left
    20260911T05  27 mkts, 705 certain market-seconds [204/240] 84.9 min, ~15 min left
    20260911T06  36 mkts, 982 certain market-seconds [205/240] 85.3 min, ~15 min left
    20260911T07  27 mkts, 739 certain market-seconds [206/240] 85.7 min, ~14 min left
    20260911T08  36 mkts, 983 certain market-seconds [207/240] 86.1 min, ~14 min left
    20260911T09  36 mkts, 999 certain market-seconds [208/240] 86.5 min, ~13 min left
    20260911T10  36 mkts, 973 certain market-seconds [209/240] 86.9 min, ~13 min left
    20260911T11  36 mkts, 979 certain market-seconds [210/240] 87.4 min, ~12 min left
    20260911T12  27 mkts, 734 certain market-seconds [211/240] 87.9 min, ~12 min left
    20260911T13  36 mkts, 1,005 certain market-seconds [212/240] 88.5 min, ~12 min left
    20260911T14  36 mkts, 986 certain market-seconds [213/240] 89.3 min, ~11 min left
    20260911T15  45 mkts, 973 certain market-seconds [214/240] 90.0 min, ~11 min left
    20260911T16  36 mkts, 963 certain market-seconds [215/240] 90.8 min, ~11 min left
    20260911T17  36 mkts, 1,006 certain market-seconds [216/240] 91.5 min, ~10 min left
    20260911T18  36 mkts, 988 certain market-seconds [217/240] 92.2 min, ~10 min left
    20260911T19  36 mkts, 981 certain market-seconds [218/240] 92.8 min, ~9 min left
    20260911T20  36 mkts, 975 certain market-seconds [219/240] 93.3 min, ~9 min left
    20260911T21  45 mkts, 989 certain market-seconds [220/240] 93.8 min, ~9 min left
    20260911T22  36 mkts, 954 certain market-seconds [221/240] 94.4 min, ~8 min left
    20260911T23  27 mkts, 724 certain market-seconds [222/240] 94.8 min, ~8 min left
    20260912T00  36 mkts, 985 certain market-seconds [223/240] 95.3 min, ~7 min left
    20260912T01  36 mkts, 990 certain market-seconds [224/240] 95.7 min, ~7 min left
    20260912T02  36 mkts, 932 certain market-seconds [225/240] 96.2 min, ~6 min left
    20260912T03  36 mkts, 948 certain market-seconds [226/240] 96.6 min, ~6 min left
    20260912T04  36 mkts, 966 certain market-seconds [227/240] 97.0 min, ~6 min left
    20260912T05  36 mkts, 938 certain market-seconds [228/240] 97.4 min, ~5 min left
    20260912T06  27 mkts, 724 certain market-seconds [229/240] 97.6 min, ~5 min left
    20260912T07  27 mkts, 711 certain market-seconds [230/240] 98.0 min, ~4 min left
    20260912T08  36 mkts, 947 certain market-seconds [231/240] 98.3 min, ~4 min left
    20260912T09  36 mkts, 898 certain market-seconds [232/240] 98.6 min, ~3 min left
    20260912T10  36 mkts, 966 certain market-seconds [233/240] 98.9 min, ~3 min left
    20260912T11  27 mkts, 753 certain market-seconds [234/240] 99.2 min, ~3 min left
    20260912T12  36 mkts, 920 certain market-seconds [235/240] 99.5 min, ~2 min left
    20260912T13  36 mkts, 970 certain market-seconds [236/240] 99.8 min, ~2 min left
    20260912T14  36 mkts, 973 certain market-seconds [237/240] 100.1 min, ~1 min left
    20260912T15  45 mkts, 903 certain market-seconds [238/240] 100.5 min, ~1 min left
    20260912T16  36 mkts, 941 certain market-seconds [239/240] 100.8 min, ~0 min left
    20260912T17  36 mkts, 975 certain market-seconds [240/240] 101.2 min, ~0 min left
PASS1_EXIT=0
