SELF-TEST -- pintail
  ok   fair >= 0.98 is exactly |mu-K| >= 2.0537 sd, so the flip probability the gate implies is the tail beyond it
  ok   and a two-sided Gaussian puts 4.00% beyond it, 2.00% on the losing side -- the model's own claim, which live experience contradicts
  ok   one second before the window opens, all 60 prints are unpublished
  ok   at the last second r = 0 and the locked mean IS the settlement mean
  ok   with 15s to go, 14 prints remain unpublished (got r=14)
  ok   sigma recovers a planted 0.25 per second (0.242)
  ok   a planted state-dependent fat tail IS found (lift +21.63pp, p=0.0007)
  ok   across 40 worlds with a CONSTANT tail, only 0 came out significant at 5% (expect ~2, allow 6)
SELF-TEST PASSED

  10,796 settled markets with a settlement LEVEL, 08-24 16:30Z -> 09-06 08:30Z
  loading index tape ...
  11 feeds, 275 files, 10,063,752 prints (73s)

  RECONCILIATION: our locked mean at r=0 vs the exchange's settle
    4,000 fully-covered markets: median relative error 3.80e-07, p95 2.33e-05, worst 3.58e-05
    -> the settlement model reconciles; mu is comparable to settle

  building the cross-market roughness index ...
  done (14s)
  scoring every market at tau = 15s ...
  9,159 markets scored; skipped {'no_spot': 1628, 'no_index': 9}

  ========================================================================
  THE LIVE SIGMA vs THE BACKTEST SIGMA -- same seconds, 9,159 markets
  ========================================================================
    live/tape sigma ratio: median 1.0008, 5th 0.9938, 95th 1.0017
    loss-tail using the TAPE sigma (RMS)    2.58%  [2.26, 2.92]
    loss-tail using the LIVE sigma (sd)     2.57%  [2.25, 2.91]
    the live estimator's gate is 1.00x as dangerous as the one the backtest scores
    live sigma is the SMALLER number in 35.9% of markets
    -- I predicted 100% here, and I was WRONG: removing the mean shrinks the live
       number but dividing by (n-1) instead of n inflates it by sqrt(300/299), and
       at this drift the two effects very nearly cancel. THE SIGMA HYPOTHESIS IS DEAD.

  ========================================================================
  THE HEADLINE, at tau = 15s over 9,159 markets / 1,019 closes
  ========================================================================
    mean |surprise|                          0.657 sd (a correct model gives 0.798)
    P(surprise beyond the gate, either way)  5.23%   model says 4.00%
    P(surprise past it the LOSING way)       2.58%   model says 2.00%
    exact 95% CI on that                     [2.26%, 2.92%]
    ratio to the model's own claim           1.29x

    THIS IS AN UPPER BOUND on the gate's flip rate: it counts every market
    as if it sat exactly on the 0.98 boundary, and most sit deeper.

  BY CROSS-MARKET ROUGHNESS X -- the traded coin EXCLUDED
             band  markets  closes  mean|z|  P(z<-2.05)              95% CI  vs model
   0.00-0.70          4681     626    0.619       1.94%        [1.57, 2.38]      1.0x
   0.70-0.90          2157     363    0.663       3.01%        [2.33, 3.82]      1.5x
   0.90-1.10          1193     200    0.733       3.44%        [2.48, 4.63]      1.7x
   1.10-1.40           609     103    0.713       1.64%        [0.79, 3.00]      0.8x
   1.40-2.00           347      49    0.770       6.63%        [4.25, 9.78]      3.3x
   2.00-99.00          172      21    0.699       3.49%        [1.29, 7.44]      1.7x

  BY THE TRADED COIN'S OWN fast/slow ROUGHNESS (a regime ratio, NOT the refuted sigma level)
             band  markets  closes  mean|z|  P(z<-2.05)              95% CI  vs model
   0.00-0.70          5028     925    0.637       2.27%        [1.87, 2.72]      1.1x
   0.70-0.90          1589     780    0.635       2.45%        [1.75, 3.34]      1.2x
   0.90-1.10           988     561    0.701       3.04%        [2.06, 4.31]      1.5x
   1.10-1.40           683     421    0.679       3.07%        [1.91, 4.66]      1.5x
   1.40-2.00           554     332    0.745       3.61%        [2.22, 5.52]      1.8x
   2.00-99.00          317     168    0.760       3.79%        [1.97, 6.52]      1.9x

  BY HOW MANY OTHER COINS ARE MOVING (z > 2)
             band  markets  closes  mean|z|  P(z<-2.05)              95% CI  vs model
   0.00-1.00          7561     933    0.646       2.22%        [1.90, 2.58]      1.1x
   1.00-2.00          1072     158    0.694       3.92%        [2.84, 5.26]      2.0x
   2.00-3.00           268      42    0.786       5.22%        [2.89, 8.61]      2.6x
   3.00-5.00           106      16    0.787       6.60%       [2.70, 13.13]      3.3x
   5.00-99.00          152      19    0.673       3.29%        [1.08, 7.51]      1.6x

  PERMUTATION TESTS -- shuffled over 1,019 CLOSES, 4000 draws
  statistic                                 top-quartile lift        p
  loss-tail on cross-market roughness X                 1.10pp   0.0677
  mean|z|  on cross-market roughness X                 0.094sd   0.0070
  loss-tail on own fast/slow roughness                  1.39pp   0.0297
  mean|z|  on own fast/slow roughness                  0.089sd   0.0097
  loss-tail on how many other coins are moving              1.85pp   0.0250
  mean|z|  on how many other coins are moving             0.077sd   0.0512

  CONTROL (X shuffled across closes, must show nothing): lift +0.11pp, p=0.4356

  MULTIPLE LOOKS: 6 permutation tests are printed above. At 6 looks the
  5% threshold is 0.0083, not 0.05. Read every p against that number.

  ========================================================================
  THE ACTUAL MODEL GATE (fair >= 0.98 on the exact strike), tau = 15s
  ========================================================================
    8,951 of 9,159 markets pass it, over 1,019 closes
    4 flipped, in 4 closes: 0.04%  [0.01, 0.11]
    (this is NOT an upper bound; it is the gate's own loss rate on every market
     the model would have called, whether or not anyone offered a price)

  BY COIN
           group   gated  closes  flips    rate            95% CI
             BNB     986     986      0   0.00%      [0.00, 0.37]
             BTC     989     989      0   0.00%      [0.00, 0.37]
            DOGE     997     997      1   0.10%      [0.00, 0.56]
             ETH     982     982      0   0.00%      [0.00, 0.37]
            HYPE    1003    1003      1   0.10%      [0.00, 0.55]
            NEAR     998     998      1   0.10%      [0.00, 0.56]
             SOL    1000    1000      1   0.10%      [0.00, 0.56]
             XRP     999     999      0   0.00%      [0.00, 0.37]
             ZEC     997     997      0   0.00%      [0.00, 0.37]

  BY HOW MANY OTHER COINS ARE MOVING
           group   gated  closes  flips    rate            95% CI
             0-1    7385     930      2   0.03%      [0.00, 0.10]
             1-2    1052     158      1   0.10%      [0.00, 0.53]
             2-3     262      42      1   0.38%      [0.01, 2.11]
            3-99     252      31      0   0.00%      [0.00, 1.45]

  BY CROSS-MARKET ROUGHNESS X
           group   gated  closes  flips    rate            95% CI
           0-0.7    4574     625      0   0.00%      [0.00, 0.08]
         0.7-0.9    2111     361      1   0.05%      [0.00, 0.26]
         0.9-1.1    1162     199      3   0.26%      [0.05, 0.75]
         1.1-1.4     595     103      0   0.00%      [0.00, 0.62]
          1.4-99     509      65      0   0.00%      [0.00, 0.72]

  BY HOW DEEP INSIDE THE GATE (margin in sd)
           group   gated  closes  flips    rate            95% CI
        2.05-2.5      47      46      2   4.26%     [0.52, 14.54]
           2.5-3      48      46      0   0.00%      [0.00, 7.40]
             3-4     103     100      2   1.94%      [0.24, 6.84]
             4-6     228     189      0   0.00%      [0.00, 1.60]
         6-1e+09    8525    1019      0   0.00%      [0.00, 0.04]

  PERMUTATION over 1,019 closes on REAL gate flips
    top-quartile X: lift +0.12pp  p=0.0225
    top-quartile N: lift +0.12pp  p=0.0155

  GATES ON REAL FLIPS, at 96c: FIT 6,266 / HOLDOUT 2,685 gated markets. Numbers are cents of expected profit per 100 opportunities.
  refuse when                kept  FIT loss   FIT $  HOLD loss  HOLD $   ungated $ fit/hold
  N >= 1                    82.2%     0.04%   303.4      0.00%   310.7      366.7 / 373.1  
  N >= 2                    94.4%     0.05%   347.5      0.00%   350.3      366.7 / 373.1  
  N >= 3                    97.1%     0.07%   356.0      0.00%   363.1      366.7 / 373.1  
  X >= 1.4                  94.3%     0.07%   345.4      0.00%   352.1      366.7 / 373.1  
  own >= 1.4                90.7%     0.04%   335.3      0.00%   337.5      366.7 / 373.1  
  own >= 1.1                83.3%     0.04%   307.6      0.00%   310.7      366.7 / 373.1  
  N >= 2 or own >= 1.4      88.1%     0.04%   325.7      0.00%   326.1      366.7 / 373.1  
  N >= 1 or own >= 1.4      77.8%     0.02%   288.5      0.00%   293.5      366.7 / 373.1  
  N >= 3 or own >= 2.0      95.1%     0.03%   351.5      0.00%   356.0      366.7 / 373.1  
