SELF-TEST -- pintail
  ok   fair >= 0.98 is exactly |mu-K| >= 2.0537 sd, so the flip probability the gate implies is the tail beyond it
  ok   and a two-sided Gaussian puts 4.00% beyond it, 2.00% on the losing side -- the model's own claim, which live experience contradicts
  ok   one second before the window opens, all 60 prints are unpublished
  ok   at the last second r = 0 and the locked mean IS the settlement mean
  ok   with 15s to go, 14 prints remain unpublished (got r=14)
  ok   sigma recovers a planted 0.25 per second (0.242)
  ok   a planted state-dependent fat tail IS found (lift +21.63pp, p=0.0007)
  ok   across 40 worlds with a CONSTANT tail, only 0 came out significant at 5% (expect ~2, allow 6)
SELF-TEST PASSED

  10,796 settled markets with a settlement LEVEL, 08-24 16:30Z -> 09-06 08:30Z
  loading index tape ...
  11 feeds, 275 files, 10,063,752 prints (77s)

  RECONCILIATION: our locked mean at r=0 vs the exchange's settle
    4,000 fully-covered markets: median relative error 3.80e-07, p95 2.33e-05, worst 3.58e-05
    -> the settlement model reconciles; mu is comparable to settle

  building the cross-market roughness index ...
  done (14s)
  scoring every market at tau = 30s ...
  9,159 markets scored; skipped {'no_spot': 1628, 'no_index': 9}

  ========================================================================
  THE LIVE SIGMA vs THE BACKTEST SIGMA -- same seconds, 9,159 markets
  ========================================================================
    live/tape sigma ratio: median 1.0008, 5th 0.9939, 95th 1.0017
    loss-tail using the TAPE sigma (RMS)    2.92%  [2.58, 3.28]
    loss-tail using the LIVE sigma (sd)     2.92%  [2.58, 3.28]
    the live estimator's gate is 1.00x as dangerous as the one the backtest scores
    live sigma is the SMALLER number in 35.6% of markets
    -- I predicted 100% here, and I was WRONG: removing the mean shrinks the live
       number but dividing by (n-1) instead of n inflates it by sqrt(300/299), and
       at this drift the two effects very nearly cancel. THE SIGMA HYPOTHESIS IS DEAD.

  ========================================================================
  THE HEADLINE, at tau = 30s over 9,159 markets / 1,019 closes
  ========================================================================
    mean |surprise|                          0.717 sd (a correct model gives 0.798)
    P(surprise beyond the gate, either way)  5.60%   model says 4.00%
    P(surprise past it the LOSING way)       2.92%   model says 2.00%
    exact 95% CI on that                     [2.58%, 3.28%]
    ratio to the model's own claim           1.46x

    THIS IS AN UPPER BOUND on the gate's flip rate: it counts every market
    as if it sat exactly on the 0.98 boundary, and most sit deeper.

  BY CROSS-MARKET ROUGHNESS X -- the traded coin EXCLUDED
             band  markets  closes  mean|z|  P(z<-2.05)              95% CI  vs model
   0.00-0.70          4097     558    0.645       2.49%        [2.03, 3.01]      1.2x
   0.70-0.90          2532     412    0.759       3.28%        [2.62, 4.05]      1.6x
   0.90-1.10          1221     227    0.769       2.62%        [1.80, 3.68]      1.3x
   1.10-1.40           728     122    0.754       3.98%        [2.68, 5.67]      2.0x
   1.40-2.00           454      67    0.876       4.19%        [2.54, 6.46]      2.1x
   2.00-99.00          127      16    0.910       1.57%        [0.19, 5.57]      0.8x

  BY THE TRADED COIN'S OWN fast/slow ROUGHNESS (a regime ratio, NOT the refuted sigma level)
             band  markets  closes  mean|z|  P(z<-2.05)              95% CI  vs model
   0.00-0.70          4646     912    0.679       2.67%        [2.22, 3.17]      1.3x
   0.70-0.90          1687     782    0.733       2.90%        [2.16, 3.82]      1.5x
   0.90-1.10          1064     610    0.711       2.26%        [1.45, 3.34]      1.1x
   1.10-1.40           840     488    0.757       4.29%        [3.02, 5.88]      2.1x
   1.40-2.00           604     350    0.849       4.30%        [2.83, 6.24]      2.2x
   2.00-99.00          318     176    0.840       2.52%        [1.09, 4.90]      1.3x

  BY HOW MANY OTHER COINS ARE MOVING (z > 2)
             band  markets  closes  mean|z|  P(z<-2.05)              95% CI  vs model
   0.00-1.00          7474     926    0.698       2.73%        [2.37, 3.12]      1.4x
   1.00-2.00          1119     166    0.839       5.09%        [3.88, 6.55]      2.5x
   2.00-3.00           290      45    0.665       1.03%        [0.21, 2.99]      0.5x
   3.00-5.00           148      23    0.683       0.68%        [0.02, 3.71]      0.3x
   5.00-99.00          128      18    0.913       1.56%        [0.19, 5.53]      0.8x

  PERMUTATION TESTS -- shuffled over 1,019 CLOSES, 4000 draws
  statistic                                 top-quartile lift        p
  loss-tail on cross-market roughness X                 0.82pp   0.1497
  mean|z|  on cross-market roughness X                 0.100sd   0.0065
  loss-tail on own fast/slow roughness                  0.35pp   0.3217
  mean|z|  on own fast/slow roughness                  0.086sd   0.0140
  loss-tail on how many other coins are moving              0.82pp   0.1442
  mean|z|  on how many other coins are moving             0.118sd   0.0067

  CONTROL (X shuffled across closes, must show nothing): lift -0.23pp, p=0.6286

  MULTIPLE LOOKS: 6 permutation tests are printed above. At 6 looks the
  5% threshold is 0.0083, not 0.05. Read every p against that number.

  ========================================================================
  THE ACTUAL MODEL GATE (fair >= 0.98 on the exact strike), tau = 30s
  ========================================================================
    8,515 of 9,159 markets pass it, over 1,019 closes
    5 flipped, in 5 closes: 0.06%  [0.02, 0.14]
    (this is NOT an upper bound; it is the gate's own loss rate on every market
     the model would have called, whether or not anyone offered a price)

  BY COIN
           group   gated  closes  flips    rate            95% CI
             BNB     933     933      0   0.00%      [0.00, 0.39]
             BTC     934     934      0   0.00%      [0.00, 0.39]
            DOGE     941     941      0   0.00%      [0.00, 0.39]
             ETH     934     934      1   0.11%      [0.00, 0.60]
            HYPE     965     965      1   0.10%      [0.00, 0.58]
            NEAR     961     961      0   0.00%      [0.00, 0.38]
             SOL     944     944      0   0.00%      [0.00, 0.39]
             XRP     952     952      2   0.21%      [0.03, 0.76]
             ZEC     951     951      1   0.11%      [0.00, 0.58]

  BY HOW MANY OTHER COINS ARE MOVING
           group   gated  closes  flips    rate            95% CI
             0-1    6949     911      4   0.06%      [0.02, 0.15]
             1-2    1038     164      1   0.10%      [0.00, 0.54]
             2-3     275      45      0   0.00%      [0.00, 1.33]
            3-99     253      33      0   0.00%      [0.00, 1.45]

  BY CROSS-MARKET ROUGHNESS X
           group   gated  closes  flips    rate            95% CI
           0-0.7    3806     550      3   0.08%      [0.02, 0.23]
         0.7-0.9    2358     410      1   0.04%      [0.00, 0.24]
         0.9-1.1    1136     223      1   0.09%      [0.00, 0.49]
         1.1-1.4     679     121      0   0.00%      [0.00, 0.54]
          1.4-99     536      76      0   0.00%      [0.00, 0.69]

  BY HOW DEEP INSIDE THE GATE (margin in sd)
           group   gated  closes  flips    rate            95% CI
        2.05-2.5     127     117      1   0.79%      [0.02, 4.31]
           2.5-3     169     150      2   1.18%      [0.14, 4.21]
             3-4     368     299      2   0.54%      [0.07, 1.95]
             4-6     636     435      0   0.00%      [0.00, 0.58]
         6-1e+09    7215    1019      0   0.00%      [0.00, 0.05]

  PERMUTATION over 1,019 closes on REAL gate flips
    top-quartile X: lift -0.08pp  p=0.8123
    top-quartile N: lift -0.02pp  p=0.3817

  GATES ON REAL FLIPS, at 96c: FIT 5,965 / HOLDOUT 2,550 gated markets. Numbers are cents of expected profit per 100 opportunities.
  refuse when                kept  FIT loss   FIT $  HOLD loss  HOLD $   ungated $ fit/hold
  N >= 1                    82.4%     0.08%   300.7      0.00%   297.7      364.7 / 373.1  
  N >= 2                    94.4%     0.09%   343.6      0.00%   345.2      364.7 / 373.1  
  N >= 3                    97.1%     0.09%   353.8      0.00%   361.5      364.7 / 373.1  
  X >= 1.4                  93.6%     0.09%   340.9      0.00%   350.4      364.7 / 373.1  
  own >= 1.4                90.6%     0.09%   329.6      0.00%   334.2      364.7 / 373.1  
  own >= 1.1                81.6%     0.10%   296.2      0.00%   301.3      364.7 / 373.1  
  N >= 2 or own >= 1.4      87.8%     0.10%   319.2      0.00%   320.4      364.7 / 373.1  
  N >= 1 or own >= 1.4      77.8%     0.09%   283.6      0.00%   280.3      364.7 / 373.1  
  N >= 3 or own >= 2.0      95.1%     0.09%   346.6      0.00%   354.4      364.7 / 373.1  
