**********************
Windows PowerShell transcript start
Start time: 20260915032112
Username: LAPTOP-2L9Q5JAM\Joe
RunAs User: LAPTOP-2L9Q5JAM\Joe
Configuration Name: 
Machine: LAPTOP-2L9Q5JAM (Microsoft Windows NT 10.0.26200.0)
Host Application: C:\Windows\System32\WindowsPowerShell\v1.0\powershell.exe -ExecutionPolicy Bypass -File C:\kals-repo\restart_bot.ps1
Process ID: 1716660
PSVersion: 5.1.26100.9444
PSEdition: Desktop
PSCompatibleVersions: 1.0, 2.0, 3.0, 4.0, 5.0, 5.1.26100.9444
BuildVersion: 10.0.26100.9444
CLRVersion: 4.0.30319.42000
WSManStackVersion: 3.0
PSRemotingProtocolVersion: 2.3
SerializationVersion: 1.1.0.1
**********************
restart_bot.ps1 starting 2026-09-15T03:21:12.2526072-04:00
newest log: pinrun-live-20260915T051913Z.jsonl -- 5 filled orders, 5 settled
stopping live pinrun pid 1691816
pinrun running: pid 1718788
kalshi_data -- last full hour 155584923 bytes across 8 channels; 8 open now
feed_data -- last full hour 9607342 bytes across 5 channels; 5 open now
both recorders are writing
flags now live: "C:\Python314\python.exe" -u C:\kals-repo\research\pinrun.py --live --size 20 --minutes 4320 --loss-abort -60.00 --max-positions 3 --max-losses 2 --improve-scope market --pick best --max-per-market 2 --improve-max 0.010 --min-fill-frac 0 --sweep-depth --depth-ladder --jump-gate
restart_bot.ps1 done 2026-09-15T03:21:41.4671649-04:00
**********************
Windows PowerShell transcript end
End time: 20260915032141
**********************
