SELF-TEST -- pinrun
  ok   all 60 prints locked at now=close (remaining 0)
  ok   locked sum excludes tick@close and includes tick@close-60 (5900.0, expected 5900.0)
  ok   decided yes on the corrected window (fair 1.0)
  ok   old and new windows genuinely differ on this fixture
  ok   eff_strike(2492.82, d=2) == 2492.815
  ok   rounding-aware fair calls the real ETH market YES (1.0)
  ok   the un-rounded model calls it NO (0.0) -- the -90.91c loss
  ok   the locked window ends at the newest print HELD, not at now (remaining 3, locked 58596.0)
  ok   with the newest print in flight on a rising index the corrected model says YES (fair 1.0000); mean-imputation said NO (fair 0.0000) -- a wrong-side buy at ~99c
  ok   an interior gap takes the nearest print (6899.0, expected 6899.0; the window-mean rule would say 6914.2)
  ok   partial refuses a window missing more than 5% of its prints
  ok   buying YES at 98.3c and NO at 90.8c on ONE market pays 189.1c for a guaranteed $1.00 -- a locked 89.1c loss carrying NO directional risk
  ok   and EVERY price the rule can pay is above 50c, so a both-sides pair is ALWAYS a locked loss -- there is no price at which it is not
  ok   the side taken is recorded PER TICKER, so a second market is unaffected -- the guard must not block ordinary diversification
  ok   three losing trades on ONE close plus one on another is TWO losing closes, not four (2) -- tonight three fills on one NEAR market spent the whole 3-loss budget on a SINGLE draw
  ok   so one bad close can no longer exhaust a 3-close brake by itself, which is what 'three losses is roughly a 1% event' actually assumed
  ok   two fills on the SAME ticker occupy TWO entries -- keyed by order id, the second cannot overwrite the first
  ok   and open exposure is the SUM of both stakes ($36.82), not just the last
  ok   releasing ONE of them leaves the ticker still referenced, so the position record must NOT be dropped yet
  ok   and only when the last one goes is the ticker free -- the null, so a release cannot fire early
  ok   and NOTHING in the loop still keys open_pos by ticker
  ok   attempts (24) are capped ABOVE fills (2) -- separate budgets, because a lost race should cost a retry but not a fill slot
  ok   spam into ONE market is capped at 3 orders -- this is the bar that replaced `MAX_ATTEMPTS_PER_CLOSE < 20`, and it is tighter than that one was for the runaway it was written for
  ok   and the close cap is still bounded -- every coin twice plus a little (24), not unlimited
  ok   the attempt cap is actually READ in the loop, not merely defined
  ok   and so is the per-market cap -- a safety bar that is defined but never read is the exact defect risk_abort was once caught with
  ok   and it is incremented on every send, or it can never bind
  ok   and an attempt is counted BEFORE the order is sent, so a send that never returns still consumes one
  ok   a RETURNED refusal is counted as an order error -- take() does not raise, so nothing noticed 160 refusals in a row
  ok   pintake's own count rail is below its hard ceiling (10 <= 25)
  pintake rails raised: MAX_TAKE_COUNT 10 -> 15  (selftest)
  ok   set_limits RAISES the count rail so it can never be the thing that silently blocks a bigger size again
  ok   and it REFUSES to lower it
  ok   the fixture buys exactly MAX_PER_CLOSE times (2)
  ok   and every later buy is at least IMPROVE_BY cheaper -- so the marginal trade cap 3 adds is the CHEAPEST of the close, which is why it cannot degrade the average price paid
  ok   three fills commit $38.80, the sum of their stakes, not three times the first
  ok   and that is at or below the $40 worst case the deployment rail sizes the brake against -- the rail is conservative, as it must be
  ok   and releasing all three gives back EXACTLY what was committed
  ok   the forward loss bound tolerates all three open ($38.80 vs a $-90.00 brake)
  ok   the fixture holds two full sizes (2 contracts), or the test below would prove nothing
  ok   a cap of 2 x size refuses the next fill while a straggler from the previous close is STILL OPEN, which is why --max-positions must leave room for one (open cap: 2 contracts held >= 2 (2 x size 1))
  ok   and a cap of 3 x size lets that fill through -- the live setting
  ok   2 losses does NOT halt a run whose brake is 3
  ok   3 losses DOES halt it, on COUNT and not on dollars (loss COUNT brake: 3 losing trades this run >= 3; stop and re-measure the flip rate)
  ok   and max_losses=0 DISABLES it -- the null, so the brake cannot fire on a run that never asked for it
  ok   the DECLARED depth floor is a fraction (0.5)
  ok   and the running floor sits in [0, 0.5] -- zero means MIN_LEVEL is the only floor, which is the operator's 'no 10%' (running 0.0)
  ok   a deep book fills the whole size we asked for
  ok   a 7-contract offer at size 10 is TAKEN as a partial, not thrown away -- the old dust gate refused it outright
  ok   at the DECLARED floor of half, a 4-contract scrap at size 10 is refused -- the behaviour AMENDMENT 6 shipped
  ok   and at a floor of 0.10 the same scrap is TAKEN, which is what AMENDMENT 28 puts in a what-if: the same bet at the same gate, on fewer contracts
  ok   sub-contract dust is refused at EVERY floor -- MIN_LEVEL is the backstop and --min-fill-frac cannot get underneath it
  ok   a partial can only ever LOWER the contracts bought, never raise them, so this amendment cannot increase exposure
  ok   a filled buy books a slot and sets the improve bar
  ok   a second fill books the second slot and LOWERS the bar to the better price
  ok   and 2 FILLS still exhaust the close -- max exposure is UNCHANGED by this amendment, only wasted attempts are recovered
  ok   a market that already filled 2x is refused a repeat -- this is what turned one bad NEAR close into -$52.60
  ok   but a DIFFERENT market on the same close is still allowed, because MAX_PER_CLOSE governs that and rho ~ 0.8 is not rho = 1
  ok   and the first fill of a close is never blocked
  ok   one market can never stake more than the whole close is allowed to
  ok   A13 does not change the worst CLOSE ($2.00); it changes how much of it one market may be -- $2.00 instead of all of it
  ok   STRUCTURAL: the live slot is booked AFTER the order returns, so a zero-fill cannot burn it
  ok   and it is booked only inside the filled>0 branch
  ok   STRUCTURAL: the slot is booked only when the FILL is at least half our size; a scrap keeps its position and spends no slot
  ok   and a scrap is recorded, not silent
  ok   under CLOSE_BUDGET a scrap must book its CONTRACTS -- they are real exposure however small -- while still not raising the improve bar, which is the only thing A12's exemption was actually protecting
  ok   STRUCTURAL: scraps ACCUMULATE and spend a slot once they add up to a real fill -- without this, 8 scraps of 9.99 would double the worst-case close from $39.20 to $78.32
  ok   eight 0.02-contract crumbs spend NO slot (0.16 of 10) -- the case A12 exists for
  ok   scraps of 9.99: at most 19.98 contracts fill in one close, against the intended 40 -- bounded
  ok   scraps of 5: at most 10.00 contracts fill in one close, against the intended 40 -- bounded
  ok   scraps of 2: at most 4.00 contracts fill in one close, against the intended 40 -- bounded
  ok   scraps of 0.5: at most 2.00 contracts fill in one close, against the intended 40 -- bounded
  ok   within the 24-attempt cap, 0.02 crumbs spend no slot at all -- the case A12 exists for
  ok   while near-full scraps exhaust the slots inside the same cap
  ok   at size 20 the real-fill line is 10: the 2.0 and 0.02 fills of 2026-09-11 07:00 ET are scraps, a 10 is a fill
  ok   take() is called with take_n, the contracts actually available, not the raw SIZE
  ok   an EMPTY close reports NO depth rather than a zero -- a close where nothing was offered must not look like a close offering 0 contracts
  ok   depth percentiles come back sorted (median 30.0)
  ok   the size ladder counts moments that SURVIVE each size (4 at 5, 2 at 125)
  ok   at size 1 every offered moment survives -- the ladder's own null
  ok   a single 7-contract offer survives at size 5 but NOT at size 10, which is exactly the opportunity cost of scaling
  ok   EV is ~zero exactly at p = 1 - flip = 0.9910 (got -0.070c)
  ok   a trade at 99.6c is NEGATIVE EV (-0.53c) -- matches the 2026-09-08 live trades
  ok   a trade at 99.3c is NEGATIVE EV (-0.25c) -- matches the 2026-09-08 live trades
  ok   a trade at 99.2c is NEGATIVE EV (-0.16c) -- matches the 2026-09-08 live trades
  ok   a trade at 99.1c is NEGATIVE EV (-0.07c) -- matches the 2026-09-08 live trades
  ok   a trade at 97.9c is positive EV (+1.05c) -- matches the 2026-09-08 live trades
  ok   a trade at 94.7c is positive EV (+4.04c) -- matches the 2026-09-08 live trades
  ok   the EV floor puts the price ceiling between 98c and 99c
  ok   a higher flip rate makes even 95c negative (the gate tracks f)
  ok   net edge subtracts the taker fee (0.430c at p=0.99)
  ok   billed fee at p=0.95 is $0.0034, not the raw $0.003325 (0.0034)
  ok   the billed fee is never below the raw formula (conservative)
  ok   the billed fee on 0.01 contracts is the $0.0001 floor (0.0001)
  ok   at --size 0.01 a 0.9c gross edge is NEGATIVE once the order's own fee is charged (-0.100c), where the one-contract fee would have called it +0.83c
  ok   edge sign behaves at the boundary
  ok   NO-side edge is (1-fair) - price - fee
  ok   YES take is a bid at the seen price (bid 0.9910)
  ok   NO take at 0.989 is an ask at 0.0110 = the yes bid we hit (ask 0.0110)
  ok   a NO take at 0.989 costs $0.989, not $0.011 ($0.9890)
  ok   both bodies have post_only False -- pin must cross, never rest
  ok   tif never rests (immediate_or_cancel)
  ok   stale index reports its age (30s)
  ok   on_frame parses a real cfbenchmarks_value frame
  ok   junk and off-channel frames are counted, not fatal
  ok   pintake ledger has the key the abort reads: 'halt'
  ok   pintake ledger has the key the abort reads: 'realised'
  ok   pintake ledger has the key the abort reads: 'committed'
  ok   pintake ledger has the key the abort reads: 'positions'
  ok   every ledger key the abort reads exists (['committed', 'halt', 'losses', 'realised'])
  ok   abort fires on realised -3.00 vs limit -2.00 (loss abort: realised $-3.00 <= $-2.00)
  ok   abort fires at the stake cap (stake cap reached: $60.00 committed)
  ok   abort fires on a pintake halt (pintake halted: unknown order state)
  ok   PAUSE (clears when positions settle): position cap: 3 open >= 3
  ok   PAUSE (clears when positions settle): loss bound: realised $+0.78 with $40.89 still 
  ok   PAUSE (clears when positions settle): stake cap reached: $60.00 committed
  ok   HALT (needs a human): already halted
  ok   HALT (needs a human): pintake halted: unknown order state
  ok   HALT (needs a human): loss abort: realised $-61.00 <= $-60.00
  ok   HALT (needs a human): loss COUNT brake: 3 losing trades this run >= 
  ok   HALT (needs a human): 2 errors on the ORDER path
  ok   HALT (needs a human): 5 consecutive errors
  ok   no halt at all is not a transient halt
  ok   the 02:00 halt that cost 23 minutes would now PAUSE
  ok   and so would the 03:29 one
  ok   the pause branch never sets state['halted'] -- that would be a terminal answer to a temporary question
  ok   and it continues the loop, so reconcile() keeps releasing the positions it is waiting on
  ok   before any hedge fill, the amount to hedge is the full original size, read from open_pos
  ok   AFTER a partial hedge fill, open_pos['orig'] is UNCHANGED -- still 11.0, the true size reconcile() must settle and feed to the loss brake, not the 10.0 the old code would have written there
  ok   the REMAINING-TO-HEDGE tracker, separately, correctly says 10 left
  ok   the second attempt reads the remaining amount (10), not the original (11) and not a re-read of a shrunk open_pos
  ok   once the remaining amount is fully filled, the tracker is cleared
  ok   and open_pos still reads 11.0 at the end -- reconcile() settles the true position size no matter how many hedge attempts it took
  ok   the live event hid $0.9646 of real loss from the ledger the loss-abort brake reads -- small tonight, same mechanism the brake depends on
  ok   belief below the 0.60 gate fires the hedge
  ok   belief at or above the gate does not
  ok   no belief at all never fires -- a missing number is not a collapse
  ok   and the threshold is a parameter, so the holdout can sweep it
  ok   at the DECLARED 0.80 trigger the real NEAR tau16 collapse (40.6%) fires
  ok   at the DECLARED 0.80 trigger the real BNB tau24 collapse (46.3%) fires
  ok   at the DECLARED 0.80 trigger the real SOL-08:00 tau15 collapse (0.1%) fires
  ok   the SOL-08:00 collapse to 0.05% fires even at a 0.10 trigger -- a late trigger gives up none of the real rescues
  ok   while a shallow drop to 40.6% does NOT, which is the point: 37 of the 38 false alarms at 0.90 look like that one
  ok   and the SOL-08:00 tau-16 reading (83.7%) does NOT fire at 0.80 -- the alarm comes one second later on that collapse, by design
  ok   and the SOL-08:00 ENTRY belief (99.76%) does not -- we hedge the collapse, not the buy
  ok   hedging 96c NO with 35c YES pays 131c for $1 -- a 31c loss that BEATS the 96c from holding: allowed
  ok   65c and 99c legs are allowed too -- any ask under $1 shrinks the loss
  ok   a $1.00 leg locks exactly the unhedged loss: REFUSED, and the fee makes it worse
  ok   zero and negative asks are not prices
  ok   garbage inputs refuse rather than pass
  ok   the EV diagnostic reads (1-belief)-ask: +5c when the market lags the collapse, -5c when we pay for variance reduction
  ok   NEAR hedged at 35c locks -$6.24 on 20 contracts instead of -$19.24
  ok   BNB hedged at 55c locks -$9.80 instead of -$18.80
  ok   at entry 0.900: a $1.00 leg locks exactly the unhedged loss and is refused; a 99c leg locks less and is allowed
  ok   at entry 0.960: a $1.00 leg locks exactly the unhedged loss and is refused; a 99c leg locks less and is allowed
  ok   at entry 0.979: a $1.00 leg locks exactly the unhedged loss and is refused; a 99c leg locks less and is allowed
  ok   the hedge pass never calls _book_slot -- so A8 still blocks any later ENTRY on the opposite side
  ok   and it calls hedge_ask_ok before every order
  ok   and places the hedge through the same take() path as every fill
  ok   every alarm, missing ask and refusal is recorded -- silence is not an outcome
  ok   retries are paced to ONE PER SECOND -- the first live alarm burned all five in ~250 ms and gave up inside the alarm second
  ok   retries are bounded (5) -- a runaway on the hedge path would be the 160-order incident again
  ok   abort fires FORWARD: $1.20 open plus one more contract would pass -$2.00 (loss bound: realised $+0.00 with $1.20 still open; one more contract could take this run past $-2.00)
  ok   $0.90 open still leaves room for one more contract (None)
  ok   abort fires on order-path errors, which the universe pass cannot reset (2 errors on the ORDER path)
  ok   a settled position releases its FULL stake at size 1 (committed 0.0000, was 0.9750)
  ok   a settled position releases its FULL stake at size 5 (committed 0.0000, was 4.8750)
  ok   a settled position releases its FULL stake at size 8 (committed 0.0000, was 7.8000)
  ok   a settled position releases its FULL stake at size 10 (committed 0.0000, was 9.7500)
  ok   a settled position releases its FULL stake at size 25 (committed 0.0000, was 24.3750)
  ok   and releasing only ONE contract at size 5 LEAKS $3.9000 -- the bug this test now catches, stated as a positive so it cannot pass vacuously
  ok   P&L is booked to realised, which the abort reads
  ok   every exit path releases the stake -- finalized, both give-ups, and the definition (4 references)
  ok   pintake ships a size-1 loss abort of $-2.00
  ok   ONE ordinary loss at size 5 is $-4.88, which is past that default -- so an unraised order path dies on the first loss
  pintake rails raised: LOSS_ABORT $-2.00 -> $-30.00  (selftest)
  ok   set_limits LOOSENS the order-path brake to match the run's own
  ok   and it REFUSES to tighten -- a hidden brake tighter than the operator's is not a brake, it is an outage
  ok   risk_abort() runs before the first `continue` in the loop
  ok   no direct send path in this file (found [])
  ok   take() is called with the market's exchange_index, not the default 0
  ok   exchange_index is read from the market record in the universe pass
  ok   zrough is ~1.0 on a feed whose roughness never changes (got 0.98)
  ok   a calm board reads X~0.92 with 0 coins moving
  ok   coin A's OWN volatility spike leaves A's cross index EXACTLY unchanged -- otherwise this is the refuted own-sigma filter under a new name
  ok   but A's OWN roughness does spike (10.9 vs 0.98)
  ok   and B DOES see it: X 0.92 -> 2.34, 1 coin(s) moving
  ok   tick retention (4000) covers the 3600s baseline the ratio is divided by
  ok   a revised print does not change how many seconds we hold, so (newest, count) alone cannot detect it
  ok   and it STILL busts the cache -- a revised print must not be served stale from a conditions read
  ok   while an identical duplicate does NOT bust it -- otherwise every repeated frame recomputes a 3600-second window on the order path
  ok   and the signal record actually carries the conditions columns
  ok   a 15c discount is >10x the 0.3c edge floor, so the honest edge can never trip it
  ok   XRP 04:59Z (fair 1.0, filled 82c, 18c disc, LOST -$16.61) refused
  ok   DOGE 22:14Z (fair 0.0, filled 10c, 90c disc, LOST -$2.12) refused
  ok   SOL 2026-09-11 12:30Z (99.508% sure, filled 59.1c, 40.4c disc, LOST -$12.16) IS refused now -- the 0.999 condition let it through
  ok   NEAR 09-09 (99.827% sure, 73c, 26.8c disc, LOST -$14.13) refused
  ok   BNB 89c (10.7c disc, WON +$2.06) is NOT refused -- the 5-15c band went 24-0 for +$32.20 and refusing it was the guard's worst error
  ok   SOL 91.9c (8.1c disc, WON) passes
  ok   a certainty at 97.8c (2.2c discount, WON) passes -- the normal edge
  ok   and a boundary fill at the ceiling passes untouched
  ok   the guard is wired into the trade loop and counted in the near-miss record, so refusals are visible rather than silent
  ok   AMENDMENT 10b: the guard is ON by operator decision (undeterminable EV, owner chose fewer losses); would-be outcomes are recorded
  ok   every refusal writes ONE `dumped` record per (close, market) with side, price, fair and tau, so the would-be P&L can be resolved later
  ok   and the record is written before the enable check, whether or not the trade is refused
  ok   and the count happens BEFORE the enable check, so the class is recorded whether or not it is refused
  ok   worst_close_cost(20) must be MAX_PER_CLOSE*20*PRICE_CEILING = 39.2, got 39.2
  ok   worst_close_cost must be EXACTLY linear in size -- that is the whole reason it replaced a sampled maximum, which was not
  ok   $192.15 / $5.88 (BANK_BRAKE 3.0 x MAX_PER_CLOSE 2 x ceiling 0.98) = 32, got 32
  ok   an empty or unreadable bank must fall to the floor, never to 0
  ok   the cap must bind, got 250
  ok   size_for_bank fell from -1 to 1 at bank $10 -- more money can never permit less
  ok   size_for_bank fell from 1 to 8 at bank $50 -- more money can never permit less
  ok   size_for_bank fell from 8 to 17 at bank $100 -- more money can never permit less
  ok   size_for_bank fell from 17 to 34 at bank $200 -- more money can never permit less
  ok   size_for_bank fell from 34 to 68 at bank $400 -- more money can never permit less
  ok   size_for_bank fell from 68 to 136 at bank $800 -- more money can never permit less
  ok   size_for_bank fell from 136 to 250 at bank $1600 -- more money can never permit less
  ok   a harsher brake must give a SMALLER size
  ok   cents and dollars agreeing must read $192.152, got 192.152
  ok   balance WITHOUT balance_dollars must be refused, not divided by 100 on faith -- the unit is read, never inferred
  ok   cents and dollars DISAGREEING must be refused; this is the 19215-read-as-dollars failure, which asks for size 6535
  ok   a non-200 must read as unknown
  ok   no credentials (paper mode) must read as unknown, never 0
  pintake rails raised: HARD_MAX 25 -> 90; MAX_TAKE_COUNT 10 -> 60; LOSS_ABORT $-2.00 -> $-240.00; MAX_RUN_STAKE $60.00 -> $370.00  (auto-size 1 -> 60: selftest)
  ok   apply_size must set SIZE, got 60.0 (size 1 -> 60 (selftest); abort $-240.00, stake cap $370.00, take count 60)
  ok   MAX_TAKE_COUNT must reach the new size or every order is refused in silence, got 60.0
  ok   MAX_RUN_STAKE must cover 3 worst closes at the new size, got 370.0
  ok   loss_abort -240.0 must land inside main()'s own [-480.0, -180.0] band, or the run halts on its first trade
  ok   a rail must NEVER move while a position is open
  pintake rails raised: HARD_MAX 25 -> 48; MAX_TAKE_COUNT 10 -> 32; LOSS_ABORT $-2.00 -> $-128.00; MAX_RUN_STAKE $60.00 -> $202.00  (auto-size 20 -> 32: bank $192.15)
  ok   with AUTO_SIZE_STEP_UP=None the bot goes STRAIGHT to the size the bank supports (32), got 32.0
  ok   a second adjustment inside AUTO_SIZE_EVERY_S must be refused
  pintake rails raised: MAX_TAKE_COUNT 32 -> 32; LOSS_ABORT $-128.00 -> $-128.00; MAX_RUN_STAKE $202.00 -> $202.00  (auto-size 20 -> 30: bank $192.15)
  ok   with damping at 1.5 the first step is 20 -> 30, got 30.0
  pintake rails raised: MAX_TAKE_COUNT 32 -> 32; LOSS_ABORT $-128.00 -> $-128.00; MAX_RUN_STAKE $202.00 -> $202.00  (auto-size 60 -> 5: bank $30.00)
  ok   a FALL is immediate and undamped -- $30 supports 5, got 5.0
  ok   an unreadable bank must leave SIZE exactly where it was
  ok   --no-auto-size must pin SIZE to --size
  pintake rails raised: HARD_MAX 48 -> 375; MAX_TAKE_COUNT 32 -> 250; LOSS_ABORT $-128.00 -> $-1000.00; MAX_RUN_STAKE $202.00 -> $1510.00  (auto-size 20 -> 250: bank $1000000.00)
  ok   a PAPER arm auto-sizes exactly as live does, or its dollars cannot be compared with live's and the arm is worthless
  ok   and --no-auto-size still pins it, in paper as in live
  pintake rails raised: MAX_TAKE_COUNT 250 -> 250; LOSS_ABORT $-1000.00 -> $-1000.00; MAX_RUN_STAKE $1510.00 -> $1510.00  (auto-size 1 -> 120: loosen the rails first)
  pintake rails raised: MAX_TAKE_COUNT 250 -> 250; LOSS_ABORT $-1000.00 -> $-1000.00; MAX_RUN_STAKE $1510.00 -> $1510.00  (auto-size 120 -> 10: bank $60.00)
  ok   after the rails were loosened for size 120, a $60 bank must still shrink SIZE to 10, got 10.0
  ok   and the brake must stay at its loosest high-water mark, not be tightened on the way down, got -1000.0
  ok   the DECLARED default improve scope is 'close' -- A22 is reached only through --improve-scope (running now with 'market')
  ok   a _DEFAULT_SIGMA_RULER exists to assert against, so its guard can never become a refusal to start
  ok   and nothing asserts `SIGMA_RULER ==` against a LITERAL -- that shape has stopped this bot from starting four times today, once per flag added ([])
  ok   a _DEFAULT_IMPROVE_SCOPE exists to assert against, so its guard can never become a refusal to start
  ok   and nothing asserts `IMPROVE_SCOPE ==` against a LITERAL -- that shape has stopped this bot from starting four times today, once per flag added ([])
  ok   a _DEFAULT_HONEST_CONF exists to assert against, so its guard can never become a refusal to start
  ok   and nothing asserts `HONEST_CONF ==` against a LITERAL -- that shape has stopped this bot from starting four times today, once per flag added ([])
  ok   a _DEFAULT_PIN exists to assert against, so its guard can never become a refusal to start
  ok   and nothing asserts `PIN ==` against a LITERAL -- that shape has stopped this bot from starting four times today, once per flag added ([])
  ok   a _DEFAULT_MAX_PER_MARKET exists to assert against, so its guard can never become a refusal to start
  ok   and nothing asserts `MAX_PER_MARKET ==` against a LITERAL -- that shape has stopped this bot from starting four times today, once per flag added ([])
  ok   a _DEFAULT_IMPROVE_MAX exists to assert against, so its guard can never become a refusal to start
  ok   and nothing asserts `IMPROVE_MAX ==` against a LITERAL -- that shape has stopped this bot from starting four times today, once per flag added ([])
  ok   a _DEFAULT_PICK exists to assert against, so its guard can never become a refusal to start
  ok   and nothing asserts `PICK ==` against a LITERAL -- that shape has stopped this bot from starting four times today, once per flag added ([])
  ok   a _DEFAULT_MIN_FILL_FRAC exists to assert against, so its guard can never become a refusal to start
  ok   and nothing asserts `MIN_FILL_FRAC ==` against a LITERAL -- that shape has stopped this bot from starting four times today, once per flag added ([])
  ok   a _DEFAULT_HEDGE_BELIEF exists to assert against, so its guard can never become a refusal to start
  ok   and nothing asserts `HEDGE_BELIEF ==` against a LITERAL -- that shape has stopped this bot from starting four times today, once per flag added ([])
  ok   a _DEFAULT_SWEEP_DEPTH exists to assert against, so its guard can never become a refusal to start
  ok   and nothing asserts `SWEEP_DEPTH ==` against a LITERAL -- that shape has stopped this bot from starting four times today, once per flag added ([])
  ok   the DECLARED default MAX_PER_MARKET is 1 (AMENDMENT 13), which is WHY the improve-by rule is obsolete: the same-market re-buy it was written to stop is already impossible by default (running now with 2)
  ok   under scope 'close' a second coin at 0.977 IS refused after a fill at 0.980, because 0.977 is not below 0.975 -- this is the live 19:15Z refusal, reproduced from the constants
  ok   the trade loop branches on IMPROVE_SCOPE, so scope 'market' really does skip the refusal rather than merely being accepted as a flag
  ok   the close budget is CONTRACTS (94), so two coins at 47 is the same worst case as one coin at 94 -- A22 changes which markets are bought, never how much can be lost
  ok   the DECLARED default IMPROVE_MAX is 1.0c (running now with 0.0100)
  ok   the band has width: at most 0.010 cheaper is above at least 0.005 cheaper, so some second buy can qualify
  ok   with nothing yet bought in the close there is no re-buy to judge
  ok   a DIFFERENT market is not a re-buy -- AMENDMENT 22 governs that, and A23 must not quietly re-impose a cross-market bar
  ok   0.2c cheaper is refused: AMENDMENT 3's floor still binds
  ok   0.5c cheaper is allowed -- exactly IMPROVE_BY, the edge of the band, which is where an off-by-one would hide
  ok   1.0c cheaper is allowed -- exactly IMPROVE_MAX, the other edge
  ok   1.1c cheaper is REFUSED. THIS IS THE WHOLE AMENDMENT: measured over 398 markets that offered a second buy, 0.5-1c cheaper lost 0.70% and paid +3.08c/contract, while 5-10c cheaper lost 26.09% and cost -11.45c. Break-even is 3.58%.
  ok   and a 66c collapse is refused rather than treated as a bargain
  ok   holding 5 of the 50 we wanted, MORE AT THE SAME PRICE is taken. A3's improve rule was written against 'doubling the risk without lowering the average paid', which describes a FULL position, not one that is 10% filled -- this is finishing the order, not scaling in
  ok   and a top-up at a slightly WORSE price is still taken, because every other gate -- ceiling, edge, expected value, dump guard -- has already passed on it at that price
  ok   but once the full 50 are held, the same price is refused again -- the band is back in force the moment the position is complete
  ok   and 'full' is measured against the size we are RUNNING, not a literal: those same 5 contracts ARE a complete position at size 5, so the band applies and the same price is refused
  ok   the loop passes the RUNNING size, or every position looks unfinished and the band never applies at all
  ok   and a fill adds its CONTRACTS to the per-market count, which is the only input that separates a top-up from a scale-in
  ok   the band is measured against the cheapest price paid in THIS market (0.950), not against the close's overall best (0.940) -- the latter would compare a BTC re-buy to a price paid on ETH
  ok   and the trade loop actually calls rebuy_ok, so the band is live logic rather than a function nothing reaches
  ok   a fill records the price paid per market, which is the input the band needs -- without it rebuy_ok silently allows everything
  ok   ladder sizing is OFF by default -- it buys MORE per fill, which is the one change that moves exposure rather than merely which market is bought (running True)
  ok   at the touch price only the touch size is buyable (6)
  ok   but up to the 98c limit the ladder holds 217 -- THE WHOLE AMENDMENT. Live on 2026-09-14 the bot asked for 6 of them and made $0.21 while the rest sat one cent away
  ok   and buying the OTHER side reads the OTHER book -- summing the wrong one reports the depth of the people we trade AGAINST
  ok   an unknown market is zero, never an exception in the order path
  ok   at --min-fill-frac 0 the only floor left is MIN_LEVEL, ONE contract -- the percentage floor is gone, not merely small
  ok   and it stays one contract at SIZE 250. THIS IS THE POINT: a 10%% floor GROWS with the bank -- 6 contracts at SIZE 58, 25 at SIZE 250 -- so it refuses MORE of the book exactly as we scale in
  ok   for contrast, the old 10%% floor at SIZE 58 refused anything under 5.8 contracts at the best price
  ok   and zero is never TIGHTER than the floor it replaces -- this flag may only ever loosen
  ok   at least 100 levels are stored -- the tick is 0.1c above 90c, so the 88-98c band we trade is about a hundred prices and 8 covered a fifth of the book on the BTC 05:30 loss (running 150)
  ok   the signal reads LADDER_LEVELS deep, not a literal 8
  ok   and records ladder_under -- what we could actually BUY at or under the ceiling, which is the number every capacity question wants
  ok   the read sits on the SIGNAL path, which fires a few dozen times a day, not in the 20 Hz scan loop
  ok   ladder_under counts 100+200+50 = 350 at or under the 98c ceiling and EXCLUDES the 9,999 sitting at 99c, which we may never buy
  ok   ladder_total is the whole book (10,349) and is always at least ladder_under -- reporting the total as capacity is how a 99c wall gets counted as something we could take
  ok   the kept curve reaches 250 -- it used to stop at 250, the exact number the operator wants to see past
  ok   the kept curve reaches 500 -- it used to stop at 250, the exact number the operator wants to see past
  ok   the kept curve reaches 750 -- it used to stop at 250, the exact number the operator wants to see past
  ok   the kept curve reaches 1000 -- it used to stop at 250, the exact number the operator wants to see past
  ok   the kept curve reaches 2000 -- it used to stop at 250, the exact number the operator wants to see past
  ok   and it counts correctly out there (3 moments hold 500+, 1 holds 1000+, 1 holds 2000+)
  ok   the curve is monotonically non-increasing -- a bigger order can never be fillable at more moments than a smaller one
  ok   a fresh close carries a ladder sample and a per-market seen set
  ok   and an empty ladder list reports None rather than a fake zero
  ok   the ladder is sampled ONCE PER MARKET per close, not per look -- per look would put a book walk inside a 20 Hz loop
  ok   and BOTH close_summary emitters carry it, or half the closes would silently have no ladder trend
  ok   A43 declared defaults: $1.00 floor, detection ON (running 1.00 / True)
  ok   a $100 fall fully explained by $100 of realised losses is TRADING
  ok   a $500 fall with NO realised loss is a WITHDRAWAL of $500
  ok   losing $100 AND withdrawing $400 reports the WITHDRAWAL as $400 -- the loss is still charged to trading
  ok   the operator's stated policy -- win $200, take $200 out, bank flat -- reads as a $200 withdrawal, not as a mysterious zero
  ok   money appearing with no trade is a DEPOSIT
  ok   an unexplained $+0.00 is inside the floor and stays TRADING -- fees and settlement timing must not read as cash movements
  ok   an unexplained $+0.40 is inside the floor and stays TRADING -- fees and settlement timing must not read as cash movements
  ok   an unexplained $-0.99 is inside the floor and stays TRADING -- fees and settlement timing must not read as cash movements
  ok   an unexplained $+0.99 is inside the floor and stays TRADING -- fees and settlement timing must not read as cash movements
  ok   the FIRST tick of a run never classifies -- a restart resets the realised counter while the bank carries over, so without this every restart would look like a withdrawal of the whole run
  ok   and an unreadable balance never classifies either
  ok   withdrawing $500 from a $1500 high-water mark leaves it at $1000, so the brake measures trading and not the withdrawal
  ok   and it is written to disk
  ok   a bank of $1000 against the shifted mark is ZERO drawdown -- the brake does not fire. Before A43 this was a 33% drawdown and halted the bot
  ok   the mark never goes negative
  ok   a missing mark is left missing, never invented
  pintake rails raised: HARD_MAX 25 -> 375; MAX_TAKE_COUNT 10 -> 250; LOSS_ABORT $-2.00 -> $-1000.00; MAX_RUN_STAKE $60.00 -> $1510.00  (auto-size 1 -> 250: bank $1500.00)
  *** WITHDRAWAL of $500.00 detected -- not a trading loss. High-water mark moved to $1000.00; the drawdown brake keeps measuring trading only. ***
  pintake rails raised: MAX_TAKE_COUNT 250 -> 250; LOSS_ABORT $-1000.00 -> $-1000.00; MAX_RUN_STAKE $1510.00 -> $1510.00  (auto-size 250 -> 170: bank $1000.00)
  ok   autosize_tick END TO END: $500 vanishing with no realised loss logs ONE external record saying withdrawal, -500
  ok   and it does NOT pass `kind` as a keyword -- rec(kind, **kw) takes it positionally, and rec('external', kind=...) raises TypeError. That crashed the live bot on 2026-09-15 at 04:29:30Z and the isolated tests all passed through it
  ok   and the high-water mark really moved on disk, so the next tick sees zero drawdown instead of 33%
  ok   the classifier runs BEFORE the drawdown is computed -- after it, the brake would already have tripped on the operator's own cash
  ok   and only when FLAT, so collateral on an open position is never mistaken for a withdrawal
  ok   A41 declared defaults: x2.0, 5 s window, OFF (running 2.0 / 5 / False)
  ok   with the flag OFF the factor is exactly 1.0 even on a jump, either side -- the flag is the whole switch
  ok   with the flag ON, the +22.25 move (5.5 sd) is AGAINST a NO holder and doubles sigma
  ok   and the SAME jump is in a YES holder's favour, so it widens by 1.5, not 2.0 -- the operator's question, and the measured answer
  ok   a favourable jump is ALWAYS less cautious than an adverse one
  ok   but never 1.0: the reversal tail after a favourable jump is still 2.6x calm, so a favourable jump is not a calm market
  ok   with NO side given, the CAUTIOUS branch is taken -- a caller that forgets the side must never get the looser number
  ok   a missing sigma or a missing market never widens -- a feed hiccup must not make the model humbler by accident
  ok   on the BTC 05:30 shape, doubling sigma lowers confidence in NO from 0.99861 to 0.93267 -- the widened model is humbler exactly where the unwidened one was 99.99% sure and wrong
  ok   a jump seven seconds ago is outside the 5 s window and does not widen, on either side
  ok   NULL: sub-sd wobbles never widen, on either side
  ok   the ENTRY decision takes the lean from the UNWIDENED price, then re-prices widened -- `want` does not exist yet at that point and passing it raised UnboundLocalError on every market that reached the line
  ok   and the unwidened price is computed BEFORE the widen factor, which is the only order in which the lean is knowable
  ok   and so does the HEDGE's belief -- both places the model prices a position, or a held position would be priced by a different model than the one that bought it
  ok   and every signal records whether it was priced widened, so the paper arm's effect is auditable
  ok   A40 declared defaults: 3 sd, 3 s lookback, OFF (running 3.0 / 3 / True)
  ok   BTC 05:30 ET: buying NO, the +18.53 move the second before entry is 4.55 sd AGAINST us
  ok   and buying YES in that same market every one of those moves is in our FAVOUR -- the sign flips with the side (the fill test first had this backwards and called the dangerous bucket our safest)
  ok   a DOWN move of the same size is against a YES holder by the same amount
  ok   with the gate ON, the BTC 05:30 entry is REFUSED (4.55 sd >= 3)
  ok   HYPE 16:00 ET (worst move +0.3 sd) is NOT refused -- this gate catches the jump losses, not the no-warning ones
  ok   2.9 sd is under the bar; the threshold is >= 3.0, fixed before the fill test was run
  ok   big moves in OUR FAVOUR never block
  ok   NULL: sub-sd wobbles never block, either side
  ok   unmeasurable inputs never block -- missing data is not a jump
  ok   and read as None, never as a number
  ok   with the gate OFF (the default) even the BTC entry passes -- the flag is the whole switch
  ok   A40 runs AFTER A38
  ok   and BEFORE the dump guard, so the three refusals stay separable
  ok   every refusal records the moves and sigma it saw, so the rule can be scored instead of trusted
  ok   IndexWS.recent_moves exists and reads the tick dict under the lock
  ok   A38 declared defaults: 1.0 sigma past the strike AND under 2c (running 1.00 / 0.020 / True)
  ok   buying NO with spot 4 above the strike and a 2-unit move is 2.0 AGAINST us
  ok   buying YES in that same market is 2.0 in our FAVOUR -- the sign must flip with the side
  ok   and NO with spot below the strike is in our favour
  ok   A38 refuses NEAR 09-09 00:29, won 41c
  ok   A38 refuses ZEC 09-09 05:29, won 47c
  ok   A38 refuses ZEC 09-09 07:29, won 56c
  ok   A38 refuses BNB 09-10 09:29, won 37c
  ok   A38 refuses BTC 09-14 05:30, LOST $58.43
  ok   the SAME 05:30 book with a 2.5c edge is NOT refused -- a price running against us is fine when we are paid enough for it
  ok   and the SAME thin 1.9c edge with spot on OUR side is NOT refused -- 31%% of everything we trade is under 2c and blocking it all costs 34 winners per loss avoided
  ok   half a sigma past the strike is under the 1.0 threshold
  ok   unmeasurable input (None, 1.0, 1.0) reads as None, never as a number
  ok   and never blocks -- missing data is not evidence the price is against us
  ok   unmeasurable input (1.0, None, 1.0) reads as None, never as a number
  ok   and never blocks -- missing data is not evidence the price is against us
  ok   unmeasurable input (1.0, 1.0, None) reads as None, never as a number
  ok   and never blocks -- missing data is not evidence the price is against us
  ok   unmeasurable input (1.0, 1.0, 0.0) reads as None, never as a number
  ok   and never blocks -- missing data is not evidence the price is against us
  ok   a missing edge never blocks either
  ok   the A38 gate runs AFTER the edge floor -- it is the same question with one more fact, and a market the edge floor already refuses must be attributed to the edge floor
  ok   and BEFORE the dump guard, so the two refusals stay separable in the gate audit
  ok   and every refusal is recorded, so the rule can be scored instead of trusted -- it was deployed on FIVE events
  ok   A39 reads the high-water mark BEFORE write_hwm raises it -- reading after would make EVERY tick look like a recovery and the brake would never hold
  ok   and it clears BOTH the ledger count the brake reads and the set of losing closes -- clearing one and not the other would let the next loss on an old close fail to count
  ok   the trigger is the bank reaching the level it fell FROM, which is the operator's own words and the same event the drawdown brake treats as recovery
  ok   the ladder-aware depth floor is OFF by default -- it lets the bot trade markets it used to refuse outright, which is new exposure, not merely a bigger fill (running True)
  ok   at SIZE 58 and a tenth-size floor, a 3-contract touch IS refused today -- the floor is 5.8
  ok   the touch alone holds 3, which is what the floor sees today
  ok   but the ladder up to a 98c sweep limit holds a full 58 -- so the refusal is thrown away on a number that does not describe what we could buy
  ok   A THIN LADDER STILL FAILS THE FLOOR (4 < 5.8). Without this the amendment would be indistinguishable from removing the floor, which RESULTS_levels.md measured as costing 30% of the money
  ok   the floor consults the ladder ONLY with both flags on -- passing on ladder depth while the ORDER still sizes from the touch buys the scrap fill AMENDMENT 6 added the floor to prevent
  ok   the block under test is the real one in trade_loop, not this file's own description of it
  ok   and it NEVER reassigns take_n -- every downstream user keeps the touch number and the A35 order block does the widening, so this change decides only whether to REFUSE
  ok   the reach is still capped by SIZE, so the worst close is unchanged
  ok   and a refusal records what the ladder held, so the next session can measure this instead of re-deriving it
  ok   the ladder check still runs BEFORE the edge floor, so every market it lets through is judged by edge, dump guard, ceiling and EV exactly as before -- nothing is waved past them
  ok   it only reaches for depth when the limit is ABOVE the touch -- with no sweep there is no extra ladder to take
  ok   and the enlarged order is still capped by SIZE and by what is left of the close's contract budget, so exposure per close cannot grow
  ok   the DECLARED drawdown limit is a fifth of the high-water bank -- the operator's number, 2026-09-14 (running 0.200)
  ok   a bank of $80 against a high of $100 is a 20%% drawdown
  ok   and a bank ABOVE its previous high is not a drawdown at all
  ok   a failed balance read or a missing high-water file reads as ZERO drawdown, never as a trip -- a brake that fires whenever the API hiccups would stop the bot on a network blip, and one that fires on a missing file would stop it on its very first run
  ok   no file yet means no high-water mark
  ok   the first bank sets the mark
  ok   a new high raises it
  ok   but a FALL NEVER LOWERS IT. This is the whole amendment: if the mark tracked the bank down, the drawdown would always read zero and the brake could never fire
  ok   and it survives being re-read
  ok   so $120 against a $150 high is exactly the 20%% limit
  ok   a failed balance read does not disturb the mark
  ok   risk_abort actually reads the drawdown, rather than it being computed and discarded
  ok   and a settled LOSS clears the sizer's timer, so the bet shrinks on the next pass instead of up to five minutes later -- the operator's 'if we lose it should immediately recalculate'
  ok   the dollar stop TIGHTENS as well as loosens. It used to ratchet one way, so a stop set when the bank was $310 stayed at -$208 even after the bank halved
  ok   while the self-test runs, HWM_FILE points at a sandbox and NOT at results/pinrun-hwm.json -- currently 'C:\\Users\\Joe\\AppData\\Local\\Temp\\pinhwm-_w6jasmr\\hwm.json'
  ok   and not anywhere else in results/ either
  ok   a test CAN move the sandboxed mark freely
  ok   and the REAL file is untouched by that (526.88) -- if this ever fails, the live bot's next start will see a false drawdown and halt
  ok   open contracts are summed across markets (20)
  ok   and an empty ledger holds nothing
  ok   a position that is NOT the dict shape contributes zero rather than a wrong number -- the first version indexed it positionally and would have summed zero for every real position, removing the rail instead of converting it
  ok   three fills of 52 and eighteen of 8.7 are the SAME exposure (156 vs 156.6), so they now hit the cap together -- under the old position count the eighteen would have halted the bot after three
  ok   and risk_abort uses it
  ok   the DECLARED depth floor is half of SIZE (running 0.00)
  ok   and the running floor is never ABOVE the declared default -- this flag exists to LOWER it; raising it cuts trading and needs a code change and a version entry, not a flag (running 0.000)
  ok   and it is refused on --live: A6's measurement against a lower floor predates the contract budget (A17) and the scrap exemption (A12), so it has to be re-measured before it ships
  ok   taking min(SIZE, offered) on a 7-contract book buys 7, not 50 -- a smaller fill can only LOWER exposure, never raise it, which is why lowering the floor cannot raise the loss rate
  ok   the liveness test says THIS process is alive -- if it cannot see itself it can see nothing, and the guard is decorative
  ok   and asking twice more does not kill it -- os.kill(pid, 0) on Windows TERMINATES rather than tests, which is why this function uses OpenProcess(SYNCHRONIZE) there and never os.kill
  ok   and the Windows branch is taken BEFORE os.kill is ever reached
  ok   and a nonsense pid is not alive
  ok   a pid that is not running reads as dead (999999), so a stale pid file from a crashed run does not lock the bot out permanently
  ok   a pid file belonging to ANOTHER process is never deleted -- deleting it would let a third bot start behind the second
  ok   and our own is cleared on exit, so the next restart is not blocked by a file we left behind
  ok   and main() actually refuses a second LIVE start rather than merely warning -- on 2026-09-14 two live bots traded the same account for 24 minutes because a shell script's process lookup came back empty and it started a second one anyway
  ok   no CODE in this file reads a process command line to decide anything. Windows returns that field EMPTY to a caller which cannot open the process, and a guard that silently sees nothing is how two live bots ended up on one account
  ok   the DECLARED per-market attempt cap is 3 (running 3)
  ok   the per-CLOSE attempt cap is at least 24 -- twelve coins settle on the same second, so a cap of 8 could not try them all once and the bot could run out of attempts before reaching a market whose ask was still there (running 24)
  ok   and the close cap leaves room for more than two markets to be tried to their own limit, or the per-market cap is decorative
  ok   the 2026-09-08 runaway -- 160 orders into ONE market in one second -- now sends 3, not 160 and not 8. The per-market cap stops it at its actual source.
  ok   and with every one of twelve coins offering something, all twelve are reached (12) -- under the old cap of 8 the last four could never be tried, which is exactly 'if that one is sold out keep checking the others'
  ok   the scan loop contains no shallow `break`, so an order on one market is always followed by the next market in the pass -- and since AMENDMENT 24 sorted the pass, the next market is the next best one
  ok   every _gate() call is followed by a `continue` within 12 lines, so a gate can only ever record a refusal it actually made ([])
  ok   no gate name is used at two different places -- a duplicated name silently merges two unrelated refusals into one row ([])
  ok   at least fifteen decision points are instrumented, got 21: ['against_thin', 'attempts_cap', 'book_stale', 'book_suspect', 'both_sides', 'close_budget', 'confidence', 'depth_floor', 'dump_guard', 'edge_floor', 'ev_floor', 'improve_by', 'index_stale', 'jump_against', 'market_attempts', 'max_per_close', 'max_per_market', 'no_offer', 'no_sigma', 'price_ceiling', 'rebuy_band']
  ok   research/pinattrib.py names every instrumented gate, so none is silently missing from the report ([])
  ok   a gate is recorded ONCE per (close, market) -- the loop runs at 20Hz over every watched market and one close produced 4,446 looks on 2026-09-13, so one line per look would swamp the log the settlement reader shares
  ok   the DECLARED default scan order is 'first' -- A24 is a measured improvement that has not yet been through a what-if, so it must be opt-in (running now with 'best')
  ok   the scan visits the biggest previous-pass edge first (B 4.0c, C 2.5c, A 1.0c), got ['B', 'C', 'A', 'D', 'E']
  ok   and a market with NO edge yet (E) or an edge left over from ANOTHER close (D, whose 90c edge was measured on close 1800) sorts last rather than jumping the queue -- a stale edge from a settled close would otherwise dominate every pass
  ok   the loop records each pass's edge, which is the only input the ordering has
  ok   and it really re-orders the scan rather than accepting the flag and ignoring it
  ok   the sort happens BEFORE the scan it orders
  ok   the DECLARED default PIN is 0.995 (running now with 0.9950)
  ok   and the running PIN is never ABOVE the declared default -- a tighter gate is the change that silently halves the trade count, so it needs a code change and a version entry, not a flag (running 0.9950)
  ok   --pin moves the gate
  ok   a decision at z=2.40 clears 0.990 (0.99180) ...
  ok   ... and does NOT clear 0.995 (0.99180) -- the flag is the whole difference between a trade and no trade
  ok   the DECLARED default ruler is 'live' -- AMENDMENT 20 is a model change and may only be reached through --sigma-ruler, against the bar in results/PREREG_ruler.md (running now with 'live')
  ok   both rulers measure on the same series
  ok   after a quiet patch the HOUR reads wider than the five minutes (11.7361 vs 0.0000) -- which is the whole finding
  ok   'live' reproduces the 300s ruler exactly, bit for bit
  ok   'max3600' is never shorter than either input (11.7361)
  ok   '1800' reads wider than the live ruler here (11.1822)
  ok   'maxdown' returns a positive ruler (42.4264)
  ok   a series that only ever rises has NO down moves, so the downside estimator refuses rather than returning zero
  ok   and sigma() falls back to the two-sided ruler there -- a None would skip the market silently, indistinguishable from a thin book
  ok   and the ruler is put back to 'live'
  ok   the DECLARED default for honest confidence is OFF -- AMENDMENT 19 is a threshold change and may only be reached through --honest, against the bar in results/PREREG_honest.md (running now with False)
  ok   honest_tail reads a grid point exactly
  ok   and interpolates between two (0.0350)
  ok   and BEYOND the table it holds the last measured value rather than extrapolating to zero -- claiming a tail we never observed is the exact failure this amendment exists to fix
  ok   and below the table it holds the first
  ok   with --honest, conf_of reads the TABLE (0.95 at z=2)
  ok   which is STRICTLY LESS SURE than the Gaussian (0.9500 < 0.9772) -- this amendment can only ever tighten
  ok   and with it off, conf_of IS the Gaussian, bit for bit
  ok   fair() returns conf_of(z), not ND.cdf(z)
  ok   and in the working code ND.cdf appears ONLY inside conf_of -- no gate can read a different distribution from the one fair() uses (offenders: [])
  ok   a missing table loads as None, so main() can refuse rather than silently running a Gaussian under an honest label
  ok   the sweep limit is never BELOW the ask we saw (0.98 >= 0.952)
  ok   and never above PRICE_CEILING (0.98 <= 0.98)
  ok   at the limit the model edge still clears the floor (1.840c >= 0.300c)
  ok   and the measured-flip EV still clears its floor (0.960c >= 0.300c)
  ok   and it is the HIGHEST such price -- one tick more fails the ceiling, the edge floor or the EV floor
  ok   with no headroom the limit IS the ask -- the sweep invents none
  ok   the NO side sweeps on (1-fair), not fair (0.98)
  ok   --no-sweep makes the limit exactly the ask we saw, which is the behaviour every live fill before 2026-09-13 had
  ok   the live order path computes the sweep limit
  ok   and computes it BEFORE the order is sent
  ok   and pintake.take() is handed the LIMIT, never the ask we saw -- if this ever reverts, a lost race silently buys nothing again
  ok   and both prices are logged, so PREREG_sweep.md's bar is scorable
  ok   budget must be MAX_PER_CLOSE x SIZE = 136.0, got 136.0
  ok   budget x ceiling must equal worst_close_cost -- if these ever disagree, the --loss-abort band, pintake's stake cap and pinbank are all sized against a different bet than the one being placed
  ok   close_budget(size) must honour an explicit size
  ok   the per-close cap must read CONTRACTS, not the fill count
  ok   and `contracts` must come from the close's own record
  ok   and the old fill-count cap must survive behind CLOSE_BUDGET so the rule can be reverted without an edit
  ok   STRUCTURAL: take_n is trimmed to the remaining budget only AFTER the MIN_FILL_FRAC floor has been tested against the FULL size -- trimming first would relax the floor to the remainder
  ok   and the floor is still measured against FULL SIZE, never the remainder -- the operator's own condition (A17)
  ok   and the remainder is measured against close_budget()
  ok   the trim (line 985) must happen before the order is sent (line 1209), not after
  ok   the signal record must carry the resting age of the level we hit
  ok   and it must read the OPPOSITE side -- buying YES at p hits the NO bid at 1-p, and reading our own side would measure a level we are not trading against
  ok   at the complementary price, not at the price we pay
  ok   NOTHING may branch on the quote age yet ('if _lvl_age' found). The slices in RESULTS_select.md were chosen after seeing the tape and need a pre-registered live bar first; a filter deployed from them would be tuned on its own evidence.
  ok   NOTHING may branch on the quote age yet ('_lvl_age <' found). The slices in RESULTS_select.md were chosen after seeing the tape and need a pre-registered live bar first; a filter deployed from them would be tuned on its own evidence.
  ok   NOTHING may branch on the quote age yet ('_lvl_age >' found). The slices in RESULTS_select.md were chosen after seeing the tape and need a pre-registered live bar first; a filter deployed from them would be tuned on its own evidence.
  ok   NOTHING may branch on the quote age yet ('_lvl_age is not None and' found). The slices in RESULTS_select.md were chosen after seeing the tape and need a pre-registered live bar first; a filter deployed from them would be tuned on its own evidence.
  ok   livebook must expose level_age_ms
  ok   autosize_tick must be called in the trade loop
  ok   and it must come AFTER reconcile(), which is what drains open_pos of settled positions
  ok   and BEFORE risk_abort, so the loss bound is evaluated against the size we are about to trade, not the previous one
SELF-TEST PASSED
  MODE PAPER   tau<=30s  pin 0.995  edge>=0.3c net  loss abort $-60.00  SIZE 20
  log C:\kals-repo\results\pinrun-paper-20260916T204602Z.jsonl
  index up: 11 ticks, 11 feeds
  close 21:00Z: 4719 looks, best was KXXRP15M-26SEP161700-0 YES @0.9990 edge +0.09c (need +0.3c) -> no trade
  SIGNAL KXNEAR15M-26SEP161715-15 tau=27s buy YES @0.9800 fair 0.9965 edge +1.51c size 32.59 taking 20
  close 21:15Z: 4213 looks, best was KXNEAR15M-26SEP161715- YES @0.9800 edge +1.51c (need +0.3c) -> FIRED
  SETTLED KXNEAR15M-26SEP161715-15 yes vs yes -> +37.25c (run realised $+0.3725)
  SIGNAL KXDOGE15M-26SEP161730-30 tau=6s buy YES @0.9690 fair 0.9978 edge +2.67c size 41.00 taking 20
  close 21:30Z: 4525 looks, best was KXDOGE15M-26SEP161730- YES @0.9690 edge +2.67c (need +0.3c) -> FIRED
  SETTLED KXDOGE15M-26SEP161730-30 yes vs yes -> +57.79c (run realised $+0.9504)
  close 21:45Z: 4527 looks, best was KXBNB15M-26SEP161745-4 NO @0.9980 edge +0.19c (need +0.3c) -> no trade
  close 22:00Z: 4396 looks, best was KXBNB15M-26SEP161800-0 YES @0.9990 edge +0.09c (need +0.3c) -> no trade
  SIGNAL KXZEC15M-26SEP161815-15 tau=29s buy NO @0.9630 fair 0.0002 edge +3.43c size 24.00 taking 20
  close 22:15Z: 3844 looks, best was KXZEC15M-26SEP161815-1 NO @0.9630 edge +3.43c (need +0.3c) -> FIRED
  SETTLED KXZEC15M-26SEP161815-15 no vs no -> +69.01c (run realised $+1.6405)
  close 22:30Z: 4248 looks, best was KXBNB15M-26SEP161830-3 YES @0.9900 edge +0.93c (need +0.3c) -> no trade
  SIGNAL KXBNB15M-26SEP161845-45 tau=30s buy NO @0.9770 fair 0.0003 edge +2.11c size 28.00 taking 20
  close 22:45Z: 3825 looks, best was KXBNB15M-26SEP161845-4 NO @0.9770 edge +2.11c (need +0.3c) -> FIRED
  SETTLED KXBNB15M-26SEP161845-45 no vs no -> +42.85c (run realised $+2.0690)
  close 23:00Z: 4277 looks, best was KXSOL15M-26SEP161900-0 NO @0.9980 edge +0.19c (need +0.3c) -> no trade
  close 23:15Z: 4293 looks, 4293 decided, 4293 decided-but-nothing-offered, 0 undecided
  close 23:30Z: 4266 looks, 4266 decided, 4266 decided-but-nothing-offered, 0 undecided
  close 23:45Z: 4284 looks, 4284 decided, 4284 decided-but-nothing-offered, 0 undecided
  SIGNAL KXBTC15M-26SEP162000-00 tau=11s buy NO @0.9800 fair 0.0048 edge +1.38c size 270.33 taking 20
  close 00:00Z: 4165 looks, best was KXBTC15M-26SEP162000-0 NO @0.9800 edge +1.38c (need +0.3c) -> FIRED
  SETTLED KXBTC15M-26SEP162000-00 no vs no -> +37.25c (run realised $+2.4415)
  SIGNAL KXBNB15M-26SEP162015-15 tau=6s buy YES @0.9800 fair 0.9985 edge +1.71c size 4.00 taking 4
  close 00:15Z: 4340 looks, best was KXBNB15M-26SEP162015-1 YES @0.9800 edge +1.71c (need +0.3c) -> FIRED
  SETTLED KXBNB15M-26SEP162015-15 yes vs yes -> +7.45c (run realised $+2.5160)
  close 00:30Z: 4401 looks, best was KXSOL15M-26SEP162030-3 NO @0.9920 edge +0.72c (need +0.3c) -> no trade
  SIGNAL KXNEAR15M-26SEP162045-45 tau=28s buy NO @0.9640 fair 0.0043 edge +2.93c size 34.00 taking 20
  close 00:45Z: 3962 looks, best was KXNEAR15M-26SEP162045- NO @0.9640 edge +2.93c (need +0.3c) -> FIRED
  SETTLED KXNEAR15M-26SEP162045-45 no vs no -> +67.14c (run realised $+3.1874)
  close 01:00Z: 4401 looks, 4401 decided, 4401 decided-but-nothing-offered, 0 undecided
  SIGNAL KXHYPE15M-26SEP162115-15 tau=30s buy YES @0.9730 fair 1.0000 edge +2.51c size 2.00 taking 2
  SIGNAL KXBNB15M-26SEP162115-15 tau=14s buy NO @0.9190 fair 0.0016 edge +7.42c size 22.00 taking 20
  close 01:15Z: 3717 looks, best was KXBNB15M-26SEP162115-1 NO @0.9190 edge +7.42c (need +0.3c) -> FIRED
  SETTLED KXHYPE15M-26SEP162115-15 yes vs yes -> +5.03c (run realised $+3.2377)
  SETTLED KXBNB15M-26SEP162115-15 no vs no -> +151.57c (run realised $+4.7534)
  close 01:30Z: 4401 looks, 4401 decided, 4401 decided-but-nothing-offered, 0 undecided
  SIGNAL KXBTC15M-26SEP162145-45 tau=23s buy NO @0.9760 fair 0.0046 edge +1.77c size 2082.82 taking 20
  SIGNAL KXSOL15M-26SEP162145-45 tau=21s buy YES @0.9700 fair 0.9964 edge +2.44c size 32.31 taking 20
  close 01:45Z: 1433 looks, best was KXSOL15M-26SEP162145-4 YES @0.9700 edge +2.44c (need +0.3c) -> FIRED
  SETTLED KXBTC15M-26SEP162145-45 no vs no -> +44.72c (run realised $+5.2006)
  SETTLED KXSOL15M-26SEP162145-45 yes vs yes -> +55.92c (run realised $+5.7598)
  close 02:00Z: 4321 looks, best was KXZEC15M-26SEP162200-0 NO @0.9940 edge +0.55c (need +0.3c) -> no trade
  close 02:15Z: 4347 looks, best was KXZEC15M-26SEP162215-1 NO @0.9980 edge +0.19c (need +0.3c) -> no trade
  close 02:30Z: 4004 looks, best was KXBTC15M-26SEP162230-3 NO @0.9880 edge +0.79c (need +0.3c) -> no trade
  close 02:45Z: 4239 looks, 4239 decided, 4239 decided-but-nothing-offered, 0 undecided
  close 03:00Z: 3978 looks, 3978 decided, 3978 decided-but-nothing-offered, 0 undecided
  close 03:15Z: 4146 looks, best was KXDOGE15M-26SEP162315- YES @0.9980 edge +0.19c (need +0.3c) -> no trade
  SIGNAL KXHYPE15M-26SEP162330-30 tau=22s buy NO @0.9800 fair 0.0038 edge +1.48c size 26.00 taking 20
  close 03:30Z: 3843 looks, best was KXHYPE15M-26SEP162330- NO @0.9800 edge +1.48c (need +0.3c) -> FIRED
  SETTLED KXHYPE15M-26SEP162330-30 no vs no -> +37.25c (run realised $+6.1323)
  close 03:45Z: 4122 looks, best was KXDOGE15M-26SEP162345- NO @0.9890 edge +1.02c (need +0.3c) -> no trade
  SIGNAL KXXRP15M-26SEP170000-00 tau=25s buy YES @0.9800 fair 0.9962 edge +1.48c size 104.04 taking 20
  close 04:00Z: 3787 looks, best was KXXRP15M-26SEP170000-0 YES @0.9800 edge +1.48c (need +0.3c) -> FIRED
  SETTLED KXXRP15M-26SEP170000-00 yes vs yes -> +37.25c (run realised $+6.5048)
  close 04:15Z: 4203 looks, best was KXHYPE15M-26SEP170015- NO @0.9940 edge +0.56c (need +0.3c) -> no trade
  close 04:30Z: 4365 looks, best was KXDOGE15M-26SEP170030- NO @0.9990 edge +0.09c (need +0.3c) -> no trade
  close 04:45Z: 4419 looks, 4419 decided, 4419 decided-but-nothing-offered, 0 undecided
  close 05:00Z: 4410 looks, best was KXHYPE15M-26SEP170100- NO @0.9860 edge +1.30c (need +0.3c) -> no trade
  close 05:15Z: 4383 looks, 4383 decided, 4383 decided-but-nothing-offered, 0 undecided
  close 05:30Z: 4363 looks, best was KXHYPE15M-26SEP170130- YES @0.9870 edge +1.18c (need +0.3c) -> no trade
  close 05:45Z: 4374 looks, best was KXSOL15M-26SEP170145-4 NO @0.9980 edge +0.19c (need +0.3c) -> no trade
  SIGNAL KXBNB15M-26SEP170200-00 tau=19s buy NO @0.9580 fair 0.0007 edge +3.85c size 534.00 taking 20
  SIGNAL KXHYPE15M-26SEP170200-00 tau=11s buy YES @0.9600 fair 0.9975 edge +3.48c size 2.23 taking 2.23
  close 06:00Z: 3949 looks, best was KXBNB15M-26SEP170200-0 NO @0.9580 edge +3.85c (need +0.3c) -> FIRED
  SETTLED KXBNB15M-26SEP170200-00 no vs no -> +78.36c (run realised $+7.2884)
  SETTLED KXHYPE15M-26SEP170200-00 yes vs yes -> +8.32c (run realised $+7.3716)
  close 06:15Z: 4400 looks, best was KXDOGE15M-26SEP170215- YES @0.9980 edge +0.19c (need +0.3c) -> no trade
  SIGNAL KXHYPE15M-26SEP170230-30 tau=30s buy YES @0.9770 fair 0.9988 edge +2.02c size 2.00 taking 2
  close 06:30Z: 3937 looks, best was KXHYPE15M-26SEP170230- YES @0.9770 edge +2.02c (need +0.3c) -> FIRED
  SETTLED KXHYPE15M-26SEP170230-30 yes vs yes -> +4.28c (run realised $+7.4144)
  close 06:45Z: 4392 looks, best was KXNEAR15M-26SEP170245- YES @0.9990 edge +0.09c (need +0.3c) -> no trade
  close 07:00Z: 4361 looks, best was KXXRP15M-26SEP170300-0 NO @0.9950 edge +0.47c (need +0.3c) -> no trade
  close 09:15Z: 4328 looks, best was KXDOGE15M-26SEP170515- NO @0.9890 edge +1.02c (need +0.3c) -> no trade
  SIGNAL KXXRP15M-26SEP170530-30 tau=12s buy YES @0.9760 fair 0.9970 edge +1.93c size 5.50 taking 5.5
  close 09:30Z: 4205 looks, best was KXXRP15M-26SEP170530-3 YES @0.9760 edge +1.93c (need +0.3c) -> FIRED
  SETTLED KXXRP15M-26SEP170530-30 yes vs yes -> +12.29c (run realised $+7.5373)
  SIGNAL KXZEC15M-26SEP170545-45 tau=3s buy YES @0.9020 fair 0.9996 edge +9.14c size 0.63 taking 0.63
  close 09:45Z: 4342 looks, best was KXZEC15M-26SEP170545-4 YES @0.9020 edge +9.14c (need +0.3c) -> FIRED
  SETTLED KXZEC15M-26SEP170545-45 yes vs yes -> +5.78c (run realised $+7.5951)
  close 10:00Z: 4394 looks, best was KXBNB15M-26SEP170600-0 NO @0.9990 edge +0.09c (need +0.3c) -> no trade
  close 10:15Z: 4398 looks, best was KXHYPE15M-26SEP170615- YES @0.9970 edge +0.28c (need +0.3c) -> no trade
  SIGNAL KXXRP15M-26SEP170630-30 tau=17s buy NO @0.9470 fair 0.0027 edge +4.68c size 16.00 taking 16
  close 10:30Z: 4148 looks, best was KXXRP15M-26SEP170630-3 NO @0.9470 edge +4.68c (need +0.3c) -> FIRED
  SETTLED KXXRP15M-26SEP170630-30 no vs no -> +79.17c (run realised $+8.3868)
  close 10:45Z: 4315 looks, best was KXBNB15M-26SEP170645-4 NO @0.9900 edge +0.90c (need +0.3c) -> no trade
  close 11:00Z: 4383 looks, best was KXHYPE15M-26SEP170700- YES @0.9850 edge +1.33c (need +0.3c) -> no trade
  close 11:15Z: 4371 looks, best was KXBTC15M-26SEP170715-1 YES @0.9950 edge +0.46c (need +0.3c) -> no trade
  SIGNAL KXZEC15M-26SEP170730-30 tau=18s buy YES @0.9460 fair 0.9957 edge +4.61c size 29.77 taking 20
  close 11:30Z: 4108 looks, best was KXZEC15M-26SEP170730-3 YES @0.9460 edge +4.61c (need +0.3c) -> FIRED
  SETTLED KXZEC15M-26SEP170730-30 yes vs yes -> +100.84c (run realised $+9.3952)
  close 11:45Z: 4275 looks, best was KXNEAR15M-26SEP170745- NO @0.9970 edge +0.28c (need +0.3c) -> no trade
  close 12:00Z: 4266 looks, 4266 decided, 4266 decided-but-nothing-offered, 0 undecided
  close 12:15Z: 4274 looks, 4274 decided, 4274 decided-but-nothing-offered, 0 undecided
  close 12:30Z: 4266 looks, best was KXNEAR15M-26SEP170830- NO @0.9990 edge +0.09c (need +0.3c) -> no trade
  close 12:45Z: 4135 looks, best was KXZEC15M-26SEP170845-4 NO @0.9980 edge +0.19c (need +0.3c) -> no trade
  close 13:00Z: 4128 looks, best was KXBNB15M-26SEP170900-0 YES @0.9910 edge +0.84c (need +0.3c) -> no trade
  close 13:15Z: 4203 looks, best was KXNEAR15M-26SEP170915- NO @0.9810 edge +1.68c (need +0.3c) -> no trade
  close 13:30Z: 4128 looks, best was KXDOGE15M-26SEP170930- YES @0.9770 edge +1.85c (need +0.3c) -> no trade
  close 13:45Z: 4350 looks, 3865 decided, 3865 decided-but-nothing-offered, 485 undecided
  close 14:00Z: 4266 looks, best was KXHYPE15M-26SEP171000- NO @0.9810 edge +1.76c (need +0.3c) -> no trade
  close 14:15Z: 4204 looks, best was KXNEAR15M-26SEP171015- YES @0.9950 edge +0.36c (need +0.3c) -> no trade
  close 14:30Z: 4312 looks, best was KXBNB15M-26SEP171030-3 YES @0.9950 edge +0.20c (need +0.3c) -> no trade
  close 14:45Z: 4264 looks, 4264 decided, 4264 decided-but-nothing-offered, 0 undecided
  close 15:00Z: 4320 looks, best was KXSOL15M-26SEP171100-0 NO @0.9940 edge +0.56c (need +0.3c) -> no trade
  close 15:15Z: 4286 looks, best was KXBNB15M-26SEP171115-1 NO @0.9980 edge +0.19c (need +0.3c) -> no trade
  close 15:30Z: 4299 looks, best was KXSOL15M-26SEP171130-3 NO @0.9850 edge +1.33c (need +0.3c) -> no trade
  close 15:45Z: 4356 looks, 4356 decided, 4356 decided-but-nothing-offered, 0 undecided
  close 16:00Z: 4278 looks, best was KXBTC15M-26SEP171200-0 NO @0.9850 edge +1.28c (need +0.3c) -> no trade
  SIGNAL KXXRP15M-26SEP171215-15 tau=11s buy YES @0.9170 fair 0.9983 edge +7.60c size 0.48 taking 0.48
  close 16:15Z: 4029 looks, best was KXXRP15M-26SEP171215-1 YES @0.9170 edge +7.60c (need +0.3c) -> FIRED
  SETTLED KXXRP15M-26SEP171215-15 yes vs yes -> +3.72c (run realised $+9.4325)
  close 16:30Z: 4160 looks, best was KXBTC15M-26SEP171230-3 NO @0.9960 edge +0.37c (need +0.3c) -> no trade
  SIGNAL KXSOL15M-26SEP171245-45 tau=8s buy YES @0.9740 fair 0.9998 edge +2.41c size 400.00 taking 20
  close 16:45Z: 4092 looks, best was KXSOL15M-26SEP171245-4 YES @0.9740 edge +2.41c (need +0.3c) -> FIRED
  SETTLED KXSOL15M-26SEP171245-45 yes vs yes -> +48.45c (run realised $+9.9170)
  close 17:00Z: 4159 looks, best was KXBNB15M-26SEP171300-0 YES @0.9990 edge +0.09c (need +0.3c) -> no trade
  close 17:15Z: 4193 looks, best was KXHYPE15M-26SEP171315- NO @0.9900 edge +0.93c (need +0.3c) -> no trade
  close 17:30Z: 4176 looks, best was KXBNB15M-26SEP171330-3 YES @0.9980 edge +0.19c (need +0.3c) -> no trade
  close 17:45Z: 4299 looks, best was KXHYPE15M-26SEP171345- NO @0.9980 edge +0.19c (need +0.3c) -> no trade
  SIGNAL KXHYPE15M-26SEP171400-00 tau=26s buy NO @0.8600 fair 0.0000 edge +13.16c size 199.00 taking 20
  close 18:00Z: 3915 looks, best was KXHYPE15M-26SEP171400- NO @0.8600 edge +13.16c (need +0.3c) -> FIRED
  SETTLED KXHYPE15M-26SEP171400-00 no vs no -> +263.14c (run realised $+12.5484)
  SIGNAL KXSOL15M-26SEP171415-15 tau=29s buy NO @0.9500 fair 0.0038 edge +4.28c size 45.67 taking 20
  SIGNAL KXETH15M-26SEP171415-15 tau=29s buy NO @0.9800 fair 0.0044 edge +1.42c size 12.00 taking 12
  close 18:15Z: 3294 looks, best was KXSOL15M-26SEP171415-1 NO @0.9500 edge +4.28c (need +0.3c) -> FIRED
  SETTLED KXSOL15M-26SEP171415-15 no vs no -> +93.34c (run realised $+13.4818)
  SETTLED KXETH15M-26SEP171415-15 no vs no -> +22.35c (run realised $+13.7053)
  SIGNAL KXXRP15M-26SEP171430-30 tau=30s buy NO @0.9770 fair 0.0004 edge +2.10c size 5.00 taking 5
  SIGNAL KXDOGE15M-26SEP171430-30 tau=23s buy YES @0.9600 fair 0.9998 edge +3.71c size 24.00 taking 20
  close 18:30Z: 3557 looks, best was KXDOGE15M-26SEP171430- YES @0.9600 edge +3.71c (need +0.3c) -> FIRED
  SETTLED KXXRP15M-26SEP171430-30 no vs no -> +10.71c (run realised $+13.8124)
  SETTLED KXDOGE15M-26SEP171430-30 yes vs yes -> +74.62c (run realised $+14.5586)
  close 18:45Z: 4356 looks, best was KXBNB15M-26SEP171445-4 NO @0.9990 edge +0.09c (need +0.3c) -> no trade
  SIGNAL KXBNB15M-26SEP171500-00 tau=24s buy YES @0.9050 fair 0.9988 edge +8.78c size 60.00 taking 20
  close 19:00Z: 3952 looks, best was KXBNB15M-26SEP171500-0 YES @0.9050 edge +8.78c (need +0.3c) -> FIRED
  SETTLED KXBNB15M-26SEP171500-00 yes vs yes -> +177.96c (run realised $+16.3382)
  SIGNAL KXDOGE15M-26SEP171515-15 tau=30s buy YES @0.9750 fair 0.9994 edge +2.27c size 42.35 taking 20
  SIGNAL KXETH15M-26SEP171515-15 tau=27s buy NO @0.9800 fair 0.0034 edge +1.52c size 326.72 taking 20
  close 19:15Z: 434 looks, best was KXDOGE15M-26SEP171515- YES @0.9750 edge +2.27c (need +0.3c) -> FIRED
  SETTLED KXDOGE15M-26SEP171515-15 yes vs yes -> +46.58c (run realised $+16.8040)
  SETTLED KXETH15M-26SEP171515-15 no vs no -> +37.25c (run realised $+17.1765)
  close 19:30Z: 4211 looks, best was KXNEAR15M-26SEP171530- YES @0.9920 edge +0.62c (need +0.3c) -> no trade
  SIGNAL KXXRP15M-26SEP171545-45 tau=16s buy NO @0.9660 fair 0.0020 edge +2.97c size 200.00 taking 20
  close 19:45Z: 4116 looks, best was KXXRP15M-26SEP171545-4 NO @0.9660 edge +2.97c (need +0.3c) -> FIRED
  SETTLED KXXRP15M-26SEP171545-45 no vs no -> +63.40c (run realised $+17.8105)
  SIGNAL KXETH15M-26SEP171600-00 tau=26s buy YES @0.9640 fair 0.9987 edge +3.23c size 400.00 taking 20
  SIGNAL KXSOL15M-26SEP171600-00 tau=24s buy NO @0.9800 fair 0.0039 edge +1.48c size 108.00 taking 20
  close 20:00Z: 913 looks, best was KXETH15M-26SEP171600-0 YES @0.9640 edge +3.23c (need +0.3c) -> FIRED
  SETTLED KXETH15M-26SEP171600-00 yes vs yes -> +67.14c (run realised $+18.4819)
  SETTLED KXSOL15M-26SEP171600-00 no vs no -> +37.25c (run realised $+18.8544)
  close 20:15Z: 4215 looks, best was KXBNB15M-26SEP171615-1 YES @0.9980 edge +0.19c (need +0.3c) -> no trade
  SIGNAL KXHYPE15M-26SEP171630-30 tau=13s buy NO @0.9240 fair 0.0019 edge +6.92c size 14.00 taking 14
  close 20:30Z: 3858 looks, best was KXHYPE15M-26SEP171630- NO @0.9240 edge +6.92c (need +0.3c) -> FIRED
  SETTLED KXHYPE15M-26SEP171630-30 no vs no -> +99.51c (run realised $+19.8495)
  close 20:45Z: 4170 looks, best was KXNEAR15M-26SEP171645- YES @0.9940 edge +0.56c (need +0.3c) -> no trade
  close 21:00Z: 4095 looks, best was KXNEAR15M-26SEP171700- NO @0.9900 edge +0.63c (need +0.3c) -> no trade
  SIGNAL KXNEAR15M-26SEP171715-15 tau=11s buy NO @0.9800 fair 0.0038 edge +1.48c size 36.54 taking 20
  close 21:15Z: 4053 looks, best was KXNEAR15M-26SEP171715- NO @0.9800 edge +1.48c (need +0.3c) -> FIRED
  SETTLED KXNEAR15M-26SEP171715-15 no vs no -> +37.25c (run realised $+20.2220)
  close 21:30Z: 4168 looks, best was KXXRP15M-26SEP171730-3 NO @0.9850 edge +1.39c (need +0.3c) -> no trade
  SIGNAL KXXRP15M-26SEP171745-45 tau=26s buy NO @0.9790 fair 0.0041 edge +1.54c size 12.21 taking 12.21
  SIGNAL KXHYPE15M-26SEP171745-45 tau=21s buy YES @0.9800 fair 0.9963 edge +1.49c size 113.76 taking 20
  close 21:45Z: 3395 looks, best was KXXRP15M-26SEP171745-4 NO @0.9790 edge +1.54c (need +0.3c) -> FIRED
  SETTLED KXXRP15M-26SEP171745-45 no vs no -> +23.88c (run realised $+20.4608)
  SETTLED KXHYPE15M-26SEP171745-45 yes vs yes -> +37.25c (run realised $+20.8333)
  close 22:00Z: 4241 looks, best was KXBNB15M-26SEP171800-0 NO @0.9980 edge +0.19c (need +0.3c) -> no trade
  close 22:15Z: 4266 looks, best was KXXRP15M-26SEP171815-1 YES @0.9930 edge +0.65c (need +0.3c) -> no trade
  SIGNAL KXZEC15M-26SEP171830-30 tau=29s buy YES @0.9770 fair 0.9962 edge +1.76c size 22.00 taking 20
  close 22:30Z: 3895 looks, best was KXZEC15M-26SEP171830-3 YES @0.9770 edge +1.76c (need +0.3c) -> FIRED
  SETTLED KXZEC15M-26SEP171830-30 yes vs yes -> +42.85c (run realised $+21.2618)
  close 22:45Z: 4320 looks, 4320 decided, 4320 decided-but-nothing-offered, 0 undecided
  close 23:00Z: 4126 looks, best was KXZEC15M-26SEP171900-0 NO @0.9900 edge +0.93c (need +0.3c) -> no trade
  close 23:15Z: 4293 looks, best was KXDOGE15M-26SEP171915- YES @0.9990 edge +0.09c (need +0.3c) -> no trade
  SIGNAL KXXRP15M-26SEP171930-30 tau=30s buy YES @0.9470 fair 1.0000 edge +4.95c size 173.75 taking 20
  SIGNAL KXBTC15M-26SEP171930-30 tau=30s buy NO @0.9770 fair 0.0003 edge +2.11c size 1000.00 taking 20
  close 23:30Z: 29 looks, best was KXXRP15M-26SEP171930-3 YES @0.9470 edge +4.95c (need +0.3c) -> FIRED
  SETTLED KXXRP15M-26SEP171930-30 yes vs yes -> +98.97c (run realised $+22.2515)
  SETTLED KXBTC15M-26SEP171930-30 no vs no -> +42.85c (run realised $+22.6800)
  close 23:45Z: 4185 looks, best was KXXRP15M-26SEP171945-4 NO @0.9940 edge +0.55c (need +0.3c) -> no trade
  close 00:00Z: 4288 looks, best was KXXRP15M-26SEP172000-0 YES @0.9900 edge +0.93c (need +0.3c) -> no trade
  close 00:15Z: 4203 looks, best was KXNEAR15M-26SEP172015- NO @0.9880 edge +1.03c (need +0.3c) -> no trade
  close 00:30Z: 4311 looks, 4311 decided, 4311 decided-but-nothing-offered, 0 undecided
  close 00:45Z: 4095 looks, best was KXDOGE15M-26SEP172045- YES @0.9990 edge +0.09c (need +0.3c) -> no trade
  close 01:00Z: 4149 looks, 4149 decided, 4149 decided-but-nothing-offered, 0 undecided
  SIGNAL KXBTC15M-26SEP172115-15 tau=26s buy NO @0.9640 fair 0.0049 edge +2.86c size 75.00 taking 20
  SIGNAL KXZEC15M-26SEP172115-15 tau=24s buy YES @0.9780 fair 0.9955 edge +1.60c size 4.00 taking 4
  close 01:15Z: 3260 looks, best was KXBTC15M-26SEP172115-1 NO @0.9640 edge +2.86c (need +0.3c) -> FIRED
  SETTLED KXBTC15M-26SEP172115-15 no vs no -> +67.14c (run realised $+23.3514)
  SETTLED KXZEC15M-26SEP172115-15 yes vs yes -> +8.19c (run realised $+23.4333)
  SIGNAL KXETH15M-26SEP172130-30 tau=22s buy YES @0.9800 fair 0.9965 edge +1.51c size 374.81 taking 20
  close 01:30Z: 3759 looks, best was KXETH15M-26SEP172130-3 YES @0.9800 edge +1.51c (need +0.3c) -> FIRED
  SETTLED KXETH15M-26SEP172130-30 yes vs yes -> +37.25c (run realised $+23.8058)
  close 01:45Z: 4162 looks, best was KXHYPE15M-26SEP172145- NO @0.9960 edge +0.37c (need +0.3c) -> no trade
  close 02:00Z: 4101 looks, best was KXBNB15M-26SEP172200-0 NO @0.9870 edge +0.80c (need +0.3c) -> no trade
  SIGNAL KXSOL15M-26SEP172215-15 tau=5s buy YES @0.9530 fair 0.9992 edge +4.30c size 200.00 taking 20
  close 02:15Z: 4010 looks, best was KXSOL15M-26SEP172215-1 YES @0.9530 edge +4.30c (need +0.3c) -> FIRED
  SETTLED KXSOL15M-26SEP172215-15 yes vs yes -> +87.72c (run realised $+24.6830)
  close 02:30Z: 4283 looks, best was KXSOL15M-26SEP172230-3 YES @0.9850 edge +0.90c (need +0.3c) -> no trade
  SIGNAL KXNEAR15M-26SEP172245-45 tau=25s buy NO @0.9790 fair 0.0023 edge +1.73c size 1.00 taking 1
  SIGNAL KXBNB15M-26SEP172245-45 tau=25s buy NO @0.9750 fair 0.0042 edge +1.91c size 195.50 taking 20
  close 02:45Z: 3570 looks, best was KXBNB15M-26SEP172245-4 NO @0.9750 edge +1.91c (need +0.3c) -> FIRED
  SETTLED KXNEAR15M-26SEP172245-45 no vs no -> +1.95c (run realised $+24.7025)
  SETTLED KXBNB15M-26SEP172245-45 no vs no -> +46.58c (run realised $+25.1683)
  SIGNAL KXXRP15M-26SEP172300-00 tau=30s buy NO @0.9280 fair 0.0029 edge +6.44c size 199.33 taking 20
  close 03:00Z: 3770 looks, best was KXXRP15M-26SEP172300-0 NO @0.9280 edge +6.44c (need +0.3c) -> FIRED
  SETTLED KXXRP15M-26SEP172300-00 no vs no -> +134.64c (run realised $+26.5147)
  close 03:15Z: 4203 looks, 4203 decided, 4203 decided-but-nothing-offered, 0 undecided
  SIGNAL KXHYPE15M-26SEP172330-30 tau=20s buy NO @0.9190 fair 0.0001 edge +7.56c size 86.29 taking 20
  close 03:30Z: 4025 looks, best was KXHYPE15M-26SEP172330- NO @0.9190 edge +7.56c (need +0.3c) -> FIRED
  SETTLED KXHYPE15M-26SEP172330-30 no vs no -> +151.57c (run realised $+28.0304)
  SIGNAL KXNEAR15M-26SEP172345-45 tau=14s buy NO @0.9800 fair 0.0021 edge +1.65c size 4.00 taking 4
  close 03:45Z: 4035 looks, best was KXSOL15M-26SEP172345-4 NO @0.9810 edge +1.77c (need +0.3c) -> FIRED
  SETTLED KXNEAR15M-26SEP172345-45 no vs no -> +7.45c (run realised $+28.1049)
  close 04:00Z: 4320 looks, best was KXBNB15M-26SEP180000-0 YES @0.9980 edge +0.19c (need +0.3c) -> no trade
  close 04:15Z: 4302 looks, best was KXDOGE15M-26SEP180015- NO @0.9890 edge +1.01c (need +0.3c) -> no trade
  SIGNAL KXSOL15M-26SEP180030-30 tau=25s buy YES @0.9750 fair 0.9971 edge +2.04c size 3.00 taking 3
  close 04:30Z: 3844 looks, best was KXSOL15M-26SEP180030-3 YES @0.9750 edge +2.04c (need +0.3c) -> FIRED
  SETTLED KXSOL15M-26SEP180030-30 yes vs yes -> +6.98c (run realised $+28.1747)
  close 04:45Z: 4279 looks, best was KXXRP15M-26SEP180045-4 YES @0.9900 edge +0.93c (need +0.3c) -> no trade
  close 05:00Z: 4307 looks, best was KXBNB15M-26SEP180100-0 NO @0.9970 edge +0.28c (need +0.3c) -> no trade
  close 05:15Z: 4072 looks, best was KXBTC15M-26SEP180115-1 YES @0.9870 edge +1.15c (need +0.3c) -> no trade
  close 05:30Z: 4096 looks, best was KXBTC15M-26SEP180130-3 YES @0.9830 edge +1.58c (need +0.3c) -> no trade
  SIGNAL KXETH15M-26SEP180145-45 tau=30s buy NO @0.9660 fair 0.0002 edge +3.15c size 208.13 taking 20
  SIGNAL KXHYPE15M-26SEP180145-45 tau=30s buy YES @0.9800 fair 0.9971 edge +1.57c size 222.00 taking 20
  close 05:45Z: 16 looks, best was KXETH15M-26SEP180145-4 NO @0.9660 edge +3.15c (need +0.3c) -> FIRED
  SETTLED KXETH15M-26SEP180145-45 no vs no -> +63.40c (run realised $+28.8087)
  SETTLED KXHYPE15M-26SEP180145-45 yes vs yes -> +37.25c (run realised $+29.1812)
  close 06:00Z: 4121 looks, best was KXZEC15M-26SEP180200-0 YES @0.9890 edge +0.78c (need +0.3c) -> no trade
  SIGNAL KXBTC15M-26SEP180215-15 tau=14s buy YES @0.9800 fair 1.0000 edge +1.86c size 2577.54 taking 20
  close 06:15Z: 3932 looks, best was KXBTC15M-26SEP180215-1 YES @0.9800 edge +1.86c (need +0.3c) -> FIRED
  SETTLED KXBTC15M-26SEP180215-15 yes vs yes -> +37.25c (run realised $+29.5537)
  close 06:30Z: 4103 looks, best was KXDOGE15M-26SEP180230- NO @0.9890 edge +1.02c (need +0.3c) -> no trade
  SIGNAL KXZEC15M-26SEP180245-45 tau=30s buy YES @0.9790 fair 0.9965 edge +1.60c size 50.00 taking 20
  close 06:45Z: 3764 looks, best was KXZEC15M-26SEP180245-4 YES @0.9790 edge +1.60c (need +0.3c) -> FIRED
  SETTLED KXZEC15M-26SEP180245-45 yes vs yes -> +39.12c (run realised $+29.9449)
  close 07:00Z: 4271 looks, best was KXSOL15M-26SEP180300-0 NO @0.9930 edge +0.54c (need +0.3c) -> no trade
  close 07:15Z: 4218 looks, best was KXHYPE15M-26SEP180315- NO @0.9940 edge +0.56c (need +0.3c) -> no trade
  close 07:30Z: 4291 looks, best was KXSOL15M-26SEP180330-3 YES @0.9950 edge +0.46c (need +0.3c) -> no trade
  close 07:45Z: 4246 looks, best was KXBTC15M-26SEP180345-4 YES @0.9900 edge +0.93c (need +0.3c) -> no trade
  SIGNAL KXHYPE15M-26SEP180400-00 tau=23s buy NO @0.9790 fair 0.0032 edge +1.64c size 2.00 taking 2
  close 08:00Z: 3975 looks, best was KXHYPE15M-26SEP180400- NO @0.9790 edge +1.64c (need +0.3c) -> FIRED
  SETTLED KXHYPE15M-26SEP180400-00 no vs no -> +3.91c (run realised $+29.9840)
  close 08:15Z: 4218 looks, best was KXBTC15M-26SEP180415-1 YES @0.9920 edge +0.74c (need +0.3c) -> no trade
  SIGNAL KXNEAR15M-26SEP180430-30 tau=12s buy NO @0.9620 fair 0.0037 edge +3.17c size 172.00 taking 20
  close 08:30Z: 3938 looks, best was KXNEAR15M-26SEP180430- NO @0.9620 edge +3.17c (need +0.3c) -> FIRED
  SETTLED KXNEAR15M-26SEP180430-30 no vs no -> +70.88c (run realised $+30.6928)
  SIGNAL KXBTC15M-26SEP180445-45 tau=27s buy YES @0.9770 fair 0.9979 edge +1.94c size 24.00 taking 20
  SIGNAL KXBNB15M-26SEP180445-45 tau=20s buy YES @0.9800 fair 0.9966 edge +1.52c size 58.65 taking 20
  close 08:45Z: 1454 looks, best was KXBTC15M-26SEP180445-4 YES @0.9770 edge +1.94c (need +0.3c) -> FIRED
  SETTLED KXBTC15M-26SEP180445-45 yes vs yes -> +42.85c (run realised $+31.1213)
  SETTLED KXBNB15M-26SEP180445-45 yes vs yes -> +37.25c (run realised $+31.4938)
  close 09:00Z: 4296 looks, best was KXDOGE15M-26SEP180500- YES @0.9990 edge +0.09c (need +0.3c) -> no trade
  SIGNAL KXXRP15M-26SEP180515-15 tau=16s buy YES @0.9600 fair 0.9956 edge +3.29c size 23.46 taking 20
  close 09:15Z: 4069 looks, best was KXXRP15M-26SEP180515-1 YES @0.9600 edge +3.29c (need +0.3c) -> FIRED
  SETTLED KXXRP15M-26SEP180515-15 yes vs yes -> +74.62c (run realised $+32.2400)
  close 09:30Z: 4289 looks, best was KXDOGE15M-26SEP180530- YES @0.9950 edge +0.46c (need +0.3c) -> no trade
  SIGNAL KXSOL15M-26SEP180545-45 tau=21s buy YES @0.9740 fair 0.9989 edge +2.31c size 0.45 taking 0.45
  close 09:45Z: 3868 looks, best was KXSOL15M-26SEP180545-4 YES @0.9740 edge +2.31c (need +0.3c) -> FIRED
  SETTLED KXSOL15M-26SEP180545-45 yes vs yes -> +1.09c (run realised $+32.2509)
  close 10:00Z: 4176 looks, best was KXXRP15M-26SEP180600-0 YES @0.9990 edge +0.09c (need +0.3c) -> no trade
  close 10:15Z: 4185 looks, best was KXNEAR15M-26SEP180615- NO @0.9950 edge +0.46c (need +0.3c) -> no trade
  close 10:30Z: 4194 looks, 4194 decided, 4194 decided-but-nothing-offered, 0 undecided
  close 10:45Z: 4146 looks, best was KXSOL15M-26SEP180645-4 NO @0.9980 edge +0.19c (need +0.3c) -> no trade
  close 11:00Z: 4176 looks, best was KXBNB15M-26SEP180700-0 YES @0.9980 edge +0.16c (need +0.3c) -> no trade
  close 11:15Z: 3402 looks, best was KXZEC15M-26SEP180715-1 NO @0.9990 edge +0.09c (need +0.3c) -> no trade
  SIGNAL KXXRP15M-26SEP180730-30 tau=30s buy NO @0.9750 fair 0.0006 edge +2.27c size 25.17 taking 20
  close 11:30Z: 3845 looks, best was KXXRP15M-26SEP180730-3 NO @0.9750 edge +2.27c (need +0.3c) -> FIRED
  SETTLED KXXRP15M-26SEP180730-30 no vs no -> +46.58c (run realised $+32.7167)
  SIGNAL KXZEC15M-26SEP180745-45 tau=27s buy YES @0.8900 fair 0.9998 edge +10.30c size 170.00 taking 20
  close 11:45Z: 3917 looks, best was KXZEC15M-26SEP180745-4 YES @0.8900 edge +10.30c (need +0.3c) -> FIRED
  SETTLED KXZEC15M-26SEP180745-45 yes vs yes -> +206.29c (run realised $+34.7796)
  close 12:00Z: 4293 looks, best was KXHYPE15M-26SEP180800- NO @0.9900 edge +0.93c (need +0.3c) -> no trade
  close 12:15Z: 4254 looks, best was KXBTC15M-26SEP180815-1 YES @0.9890 edge +1.02c (need +0.3c) -> no trade
  close 12:30Z: 4229 looks, best was KXETH15M-26SEP180830-3 YES @0.9870 edge +0.74c (need +0.3c) -> no trade
  close 12:45Z: 4210 looks, best was KXETH15M-26SEP180845-4 YES @0.9970 edge +0.28c (need +0.3c) -> no trade
  SIGNAL KXBNB15M-26SEP180900-00 tau=16s buy NO @0.9460 fair 0.0019 edge +4.86c size 6.00 taking 6
  close 13:00Z: 4102 looks, best was KXBNB15M-26SEP180900-0 NO @0.9460 edge +4.86c (need +0.3c) -> FIRED
  SETTLED KXBNB15M-26SEP180900-00 no vs no -> +30.25c (run realised $+35.0821)
  close 13:15Z: 4262 looks, best was KXBTC15M-26SEP180915-1 NO @0.9920 edge +0.73c (need +0.3c) -> no trade
  close 13:30Z: 4301 looks, 4301 decided, 4301 decided-but-nothing-offered, 0 undecided
  close 13:45Z: 4148 looks, best was KXHYPE15M-26SEP180945- YES @0.9980 edge +0.19c (need +0.3c) -> no trade
  close 14:00Z: 4124 looks, best was KXBNB15M-26SEP181000-0 YES @0.9920 edge +0.74c (need +0.3c) -> no trade
  close 14:15Z: 4173 looks, best was KXBNB15M-26SEP181015-1 NO @0.9900 edge +0.76c (need +0.3c) -> no trade
  close 14:30Z: 4104 looks, best was KXNEAR15M-26SEP181030- NO @0.9960 edge +0.37c (need +0.3c) -> no trade
  close 14:45Z: 4005 looks, best was KXDOGE15M-26SEP181045- YES @0.9950 edge +0.46c (need +0.3c) -> no trade
  close 15:00Z: 4122 looks, best was KXZEC15M-26SEP181100-0 NO @0.9990 edge +0.09c (need +0.3c) -> no trade
  SIGNAL KXZEC15M-26SEP181115-15 tau=9s buy YES @0.9260 fair 1.0000 edge +6.92c size 89.00 taking 20
  close 15:15Z: 4069 looks, best was KXZEC15M-26SEP181115-1 YES @0.9260 edge +6.92c (need +0.3c) -> FIRED
  SETTLED KXZEC15M-26SEP181115-15 yes vs yes -> +138.40c (run realised $+36.4661)
  close 15:30Z: 4152 looks, best was KXXRP15M-26SEP181130-3 NO @0.9900 edge +0.93c (need +0.3c) -> no trade
  close 15:45Z: 4202 looks, best was KXSOL15M-26SEP181145-4 NO @0.9940 edge +0.56c (need +0.3c) -> no trade
  close 16:00Z: 3971 looks, best was KXBTC15M-26SEP181200-0 YES @0.9920 edge +0.63c (need +0.3c) -> no trade
  close 16:15Z: 4239 looks, best was KXDOGE15M-26SEP181215- YES @0.9980 edge +0.18c (need +0.3c) -> no trade
